Component: ARM Compiler 5.06 update 7 (build 960) Tool: armlink [4d3601]

==============================================================================

Section Cross References

    system_stm32f10x.o(i.SetSysClock) refers to system_stm32f10x.o(i.SetSysClockTo72) for SetSysClockTo72
    system_stm32f10x.o(i.SystemCoreClockUpdate) refers to system_stm32f10x.o(.data) for SystemCoreClock
    system_stm32f10x.o(i.SystemInit) refers to system_stm32f10x.o(i.SetSysClock) for SetSysClock
    startup_stm32f10x_cl.o(RESET) refers to startup_stm32f10x_cl.o(STACK) for __initial_sp
    startup_stm32f10x_cl.o(RESET) refers to startup_stm32f10x_cl.o(.text) for Reset_Handler
    startup_stm32f10x_cl.o(RESET) refers to candemo.o(i.SysTick_Handler) for SysTick_Handler
    startup_stm32f10x_cl.o(RESET) refers to app.o(i.EXTI0_IRQHandler) for EXTI0_IRQHandler
    startup_stm32f10x_cl.o(RESET) refers to can.o(i.CAN1_RX0_IRQHandler) for CAN1_RX0_IRQHandler
    startup_stm32f10x_cl.o(RESET) refers to can.o(i.CAN1_SCE_IRQHandler) for CAN1_SCE_IRQHandler
    startup_stm32f10x_cl.o(RESET) refers to candemo.o(i.USART2_IRQHandler) for USART2_IRQHandler
    startup_stm32f10x_cl.o(RESET) refers to can.o(i.CAN2_RX0_IRQHandler) for CAN2_RX0_IRQHandler
    startup_stm32f10x_cl.o(RESET) refers to can.o(i.CAN2_SCE_IRQHandler) for CAN2_SCE_IRQHandler
    startup_stm32f10x_cl.o(.text) refers to system_stm32f10x.o(i.SystemInit) for SystemInit
    startup_stm32f10x_cl.o(.text) refers to entry.o(.ARM.Collect$$$$00000000) for __main
    app.o(i.APP_CANFDSPI_Init) refers to drv_canfdspi_api.o(i.DRV_CANFDSPI_Reset) for DRV_CANFDSPI_Reset
    app.o(i.APP_CANFDSPI_Init) refers to drv_canfdspi_api.o(i.DRV_CANFDSPI_EccEnable) for DRV_CANFDSPI_EccEnable
    app.o(i.APP_CANFDSPI_Init) refers to drv_canfdspi_api.o(i.DRV_CANFDSPI_RamInit) for DRV_CANFDSPI_RamInit
    app.o(i.APP_CANFDSPI_Init) refers to drv_canfdspi_api.o(i.DRV_CANFDSPI_ConfigureObjectReset) for DRV_CANFDSPI_ConfigureObjectReset
    app.o(i.APP_CANFDSPI_Init) refers to drv_canfdspi_api.o(i.DRV_CANFDSPI_Configure) for DRV_CANFDSPI_Configure
    app.o(i.APP_CANFDSPI_Init) refers to drv_canfdspi_api.o(i.DRV_CANFDSPI_TransmitChannelConfigureObjectReset) for DRV_CANFDSPI_TransmitChannelConfigureObjectReset
    app.o(i.APP_CANFDSPI_Init) refers to drv_canfdspi_api.o(i.DRV_CANFDSPI_TransmitChannelConfigure) for DRV_CANFDSPI_TransmitChannelConfigure
    app.o(i.APP_CANFDSPI_Init) refers to drv_canfdspi_api.o(i.DRV_CANFDSPI_ReceiveChannelConfigureObjectReset) for DRV_CANFDSPI_ReceiveChannelConfigureObjectReset
    app.o(i.APP_CANFDSPI_Init) refers to drv_canfdspi_api.o(i.DRV_CANFDSPI_ReceiveChannelConfigure) for DRV_CANFDSPI_ReceiveChannelConfigure
    app.o(i.APP_CANFDSPI_Init) refers to drv_canfdspi_api.o(i.DRV_CANFDSPI_FilterObjectConfigure) for DRV_CANFDSPI_FilterObjectConfigure
    app.o(i.APP_CANFDSPI_Init) refers to drv_canfdspi_api.o(i.DRV_CANFDSPI_FilterMaskConfigure) for DRV_CANFDSPI_FilterMaskConfigure
    app.o(i.APP_CANFDSPI_Init) refers to drv_canfdspi_api.o(i.DRV_CANFDSPI_FilterToFifoLink) for DRV_CANFDSPI_FilterToFifoLink
    app.o(i.APP_CANFDSPI_Init) refers to drv_canfdspi_api.o(i.DRV_CANFDSPI_BitTimeConfigure) for DRV_CANFDSPI_BitTimeConfigure
    app.o(i.APP_CANFDSPI_Init) refers to drv_canfdspi_api.o(i.DRV_CANFDSPI_GpioModeConfigure) for DRV_CANFDSPI_GpioModeConfigure
    app.o(i.APP_CANFDSPI_Init) refers to drv_canfdspi_api.o(i.DRV_CANFDSPI_ReceiveChannelEventEnable) for DRV_CANFDSPI_ReceiveChannelEventEnable
    app.o(i.APP_CANFDSPI_Init) refers to drv_canfdspi_api.o(i.DRV_CANFDSPI_ModuleEventEnable) for DRV_CANFDSPI_ModuleEventEnable
    app.o(i.APP_CANFDSPI_Init) refers to drv_canfdspi_api.o(i.DRV_CANFDSPI_OperationModeSelect) for DRV_CANFDSPI_OperationModeSelect
    app.o(i.APP_CANFDSPI_Init) refers to app.o(.data) for config
    app.o(i.APP_Initialize) refers to drv_spi.o(i.DRV_SPI_Initialize) for DRV_SPI_Initialize
    app.o(i.APP_Initialize) refers to stm32f10x_rcc.o(i.RCC_APB2PeriphClockCmd) for RCC_APB2PeriphClockCmd
    app.o(i.APP_Initialize) refers to stm32f10x_gpio.o(i.GPIO_PinRemapConfig) for GPIO_PinRemapConfig
    app.o(i.APP_Initialize) refers to stm32f10x_gpio.o(i.GPIO_Init) for GPIO_Init
    app.o(i.APP_Initialize) refers to app.o(i.EXTI_Configuration) for EXTI_Configuration
    app.o(i.APP_Initialize) refers to app.o(.data) for lastSwitchState
    app.o(i.APP_LED_Clear) refers to stm32f10x_gpio.o(i.GPIO_SetBits) for GPIO_SetBits
    app.o(i.APP_LED_Set) refers to stm32f10x_gpio.o(i.GPIO_ResetBits) for GPIO_ResetBits
    app.o(i.APP_LED_Write) refers to app.o(i.APP_LED_Set) for APP_LED_Set
    app.o(i.APP_LED_Write) refers to app.o(i.APP_LED_Clear) for APP_LED_Clear
    app.o(i.APP_LED_Write) refers to app.o(.data) for i
    app.o(i.APP_TransmitMessageQueue) refers to app.o(i.APP_LED_Set) for APP_LED_Set
    app.o(i.APP_TransmitMessageQueue) refers to drv_canfdspi_api.o(i.DRV_CANFDSPI_TransmitChannelEventGet) for DRV_CANFDSPI_TransmitChannelEventGet
[...]
    printf5.o(i.__0vsprintf$5) refers to printf5.o(i._sputc) for _sputc
    printf5.o(i._printf_core) refers to uldiv.o(.text) for __aeabi_uldivmod
    printf6.o(i.__0fprintf$6) refers to printf6.o(i._printf_core) for _printf_core
    printf6.o(i.__0fprintf$6) refers to candemo.o(i.fputc) for fputc
    printf6.o(i.__0printf$6) refers to printf6.o(i._printf_core) for _printf_core
    printf6.o(i.__0printf$6) refers to candemo.o(i.fputc) for fputc
    printf6.o(i.__0printf$6) refers to stdout.o(.data) for __stdout
    printf6.o(i.__0snprintf$6) refers to printf6.o(i._printf_core) for _printf_core
    printf6.o(i.__0snprintf$6) refers to printf6.o(i._snputc) for _snputc
    printf6.o(i.__0sprintf$6) refers to printf6.o(i._printf_core) for _printf_core
    printf6.o(i.__0sprintf$6) refers to printf6.o(i._sputc) for _sputc
    printf6.o(i.__0vfprintf$6) refers to printf6.o(i._printf_core) for _printf_core
    printf6.o(i.__0vfprintf$6) refers to candemo.o(i.fputc) for fputc
    printf6.o(i.__0vprintf$6) refers to printf6.o(i._printf_core) for _printf_core
    printf6.o(i.__0vprintf$6) refers to candemo.o(i.fputc) for fputc
    printf6.o(i.__0vprintf$6) refers to stdout.o(.data) for __stdout
    printf6.o(i.__0vsnprintf$6) refers to printf6.o(i._printf_core) for _printf_core
    printf6.o(i.__0vsnprintf$6) refers to printf6.o(i._snputc) for _snputc
    printf6.o(i.__0vsprintf$6) refers to printf6.o(i._printf_core) for _printf_core
    printf6.o(i.__0vsprintf$6) refers to printf6.o(i._sputc) for _sputc
    printf6.o(i._printf_core) refers to printf6.o(i._printf_pre_padding) for _printf_pre_padding
    printf6.o(i._printf_core) refers to uidiv.o(.text) for __aeabi_uidivmod
    printf6.o(i._printf_core) refers to printf6.o(i._printf_post_padding) for _printf_post_padding
    printf7.o(i.__0fprintf$7) refers to printf7.o(i._printf_core) for _printf_core
    printf7.o(i.__0fprintf$7) refers to candemo.o(i.fputc) for fputc
    printf7.o(i.__0printf$7) refers to printf7.o(i._printf_core) for _printf_core
    printf7.o(i.__0printf$7) refers to candemo.o(i.fputc) for fputc
    printf7.o(i.__0printf$7) refers to stdout.o(.data) for __stdout
    printf7.o(i.__0snprintf$7) refers to printf7.o(i._printf_core) for _printf_core
    printf7.o(i.__0snprintf$7) refers to printf7.o(i._snputc) for _snputc
    printf7.o(i.__0sprintf$7) refers to printf7.o(i._printf_core) for _printf_core
    printf7.o(i.__0sprintf$7) refers to printf7.o(i._sputc) for _sputc
    printf7.o(i.__0vfprintf$7) refers to printf7.o(i._printf_core) for _printf_core
    printf7.o(i.__0vfprintf$7) refers to candemo.o(i.fputc) for fputc
    printf7.o(i.__0vprintf$7) refers to printf7.o(i._printf_core) for _printf_core
    printf7.o(i.__0vprintf$7) refers to candemo.o(i.fputc) for fputc
    printf7.o(i.__0vprintf$7) refers to stdout.o(.data) for __stdout
    printf7.o(i.__0vsnprintf$7) refers to printf7.o(i._printf_core) for _printf_core
    printf7.o(i.__0vsnprintf$7) refers to printf7.o(i._snputc) for _snputc
    printf7.o(i.__0vsprintf$7) refers to printf7.o(i._printf_core) for _printf_core
    printf7.o(i.__0vsprintf$7) refers to printf7.o(i._sputc) for _sputc
    printf7.o(i._printf_core) refers to printf7.o(i._printf_pre_padding) for _printf_pre_padding
    printf7.o(i._printf_core) refers to uldiv.o(.text) for __aeabi_uldivmod
    printf7.o(i._printf_core) refers to printf7.o(i._printf_post_padding) for _printf_post_padding
    printf8.o(i.__0fprintf$8) refers to printf8.o(i._printf_core) for _printf_core
    printf8.o(i.__0fprintf$8) refers to candemo.o(i.fputc) for fputc
    printf8.o(i.__0printf$8) refers to printf8.o(i._printf_core) for _printf_core
    printf8.o(i.__0printf$8) refers to candemo.o(i.fputc) for fputc
    printf8.o(i.__0printf$8) refers to stdout.o(.data) for __stdout
    printf8.o(i.__0snprintf$8) refers to printf8.o(i._printf_core) for _printf_core
    printf8.o(i.__0snprintf$8) refers to printf8.o(i._snputc) for _snputc
    printf8.o(i.__0sprintf$8) refers to printf8.o(i._printf_core) for _printf_core
    printf8.o(i.__0sprintf$8) refers to printf8.o(i._sputc) for _sputc
    printf8.o(i.__0vfprintf$8) refers to printf8.o(i._printf_core) for _printf_core
    printf8.o(i.__0vfprintf$8) refers to candemo.o(i.fputc) for fputc
    printf8.o(i.__0vprintf$8) refers to printf8.o(i._printf_core) for _printf_core
    printf8.o(i.__0vprintf$8) refers to candemo.o(i.fputc) for fputc
    printf8.o(i.__0vprintf$8) refers to stdout.o(.data) for __stdout
    printf8.o(i.__0vsnprintf$8) refers to printf8.o(i._printf_core) for _printf_core
    printf8.o(i.__0vsnprintf$8) refers to printf8.o(i._snputc) for _snputc
    printf8.o(i.__0vsprintf$8) refers to printf8.o(i._printf_core) for _printf_core
    printf8.o(i.__0vsprintf$8) refers to printf8.o(i._sputc) for _sputc
    printf8.o(i._printf_core) refers to printf8.o(i._printf_pre_padding) for _printf_pre_padding
    printf8.o(i._printf_core) refers to uldiv.o(.text) for __aeabi_uldivmod
    printf8.o(i._printf_core) refers to printf8.o(i._printf_post_padding) for _printf_post_padding
    printfa.o(i.__0fprintf) refers (Special) to iusefp.o(.text) for __I$use$fp
    printfa.o(i.__0fprintf) refers to printfa.o(i._printf_core) for _printf_core
    printfa.o(i.__0fprintf) refers to candemo.o(i.fputc) for fputc
    printfa.o(i.__0printf) refers (Special) to iusefp.o(.text) for __I$use$fp
    printfa.o(i.__0printf) refers to printfa.o(i._printf_core) for _printf_core
    printfa.o(i.__0printf) refers to candemo.o(i.fputc) for fputc
    printfa.o(i.__0printf) refers to stdout.o(.data) for __stdout
    printfa.o(i.__0snprintf) refers (Special) to iusefp.o(.text) for __I$use$fp
    printfa.o(i.__0snprintf) refers to printfa.o(i._printf_core) for _printf_core
    printfa.o(i.__0snprintf) refers to printfa.o(i._snputc) for _snputc
    printfa.o(i.__0sprintf) refers (Special) to iusefp.o(.text) for __I$use$fp
    printfa.o(i.__0sprintf) refers to printfa.o(i._printf_core) for _printf_core
    printfa.o(i.__0sprintf) refers to printfa.o(i._sputc) for _sputc
    printfa.o(i.__0vfprintf) refers (Special) to iusefp.o(.text) for __I$use$fp
    printfa.o(i.__0vfprintf) refers to printfa.o(i._printf_core) for _printf_core
    printfa.o(i.__0vfprintf) refers to candemo.o(i.fputc) for fputc
    printfa.o(i.__0vprintf) refers (Special) to iusefp.o(.text) for __I$use$fp
    printfa.o(i.__0vprintf) refers to printfa.o(i._printf_core) for _printf_core
    printfa.o(i.__0vprintf) refers to candemo.o(i.fputc) for fputc
    printfa.o(i.__0vprintf) refers to stdout.o(.data) for __stdout
    printfa.o(i.__0vsnprintf) refers (Special) to iusefp.o(.text) for __I$use$fp
    printfa.o(i.__0vsnprintf) refers to printfa.o(i._printf_core) for _printf_core
    printfa.o(i.__0vsnprintf) refers to printfa.o(i._snputc) for _snputc
    printfa.o(i.__0vsprintf) refers (Special) to iusefp.o(.text) for __I$use$fp
    printfa.o(i.__0vsprintf) refers to printfa.o(i._printf_core) for _printf_core
    printfa.o(i.__0vsprintf) refers to printfa.o(i._sputc) for _sputc
    printfa.o(i._fp_digits) refers (Special) to iusefp.o(.text) for __I$use$fp
    printfa.o(i._fp_digits) refers to dmul.o(.text) for __aeabi_dmul
    printfa.o(i._fp_digits) refers to ddiv.o(.text) for __aeabi_ddiv
    printfa.o(i._fp_digits) refers to cdrcmple.o(.text) for __aeabi_cdrcmple
    printfa.o(i._fp_digits) refers to dadd.o(.text) for __aeabi_dadd
    printfa.o(i._fp_digits) refers to dfixul.o(.text) for __aeabi_d2ulz
    printfa.o(i._fp_digits) refers to uldiv.o(.text) for __aeabi_uldivmod
    printfa.o(i._printf_core) refers (Special) to iusefp.o(.text) for __I$use$fp
    printfa.o(i._printf_core) refers to printfa.o(i._printf_pre_padding) for _printf_pre_padding
    printfa.o(i._printf_core) refers to uldiv.o(.text) for __aeabi_uldivmod
    printfa.o(i._printf_core) refers to printfa.o(i._printf_post_padding) for _printf_post_padding
    printfa.o(i._printf_core) refers to printfa.o(i._fp_digits) for _fp_digits
    printfa.o(i._printf_core) refers to uidiv.o(.text) for __aeabi_uidivmod
    printfa.o(i._printf_post_padding) refers (Special) to iusefp.o(.text) for __I$use$fp
    printfa.o(i._printf_pre_padding) refers (Special) to iusefp.o(.text) for __I$use$fp
    printfa.o(i._snputc) refers (Special) to iusefp.o(.text) for __I$use$fp
    printfa.o(i._sputc) refers (Special) to iusefp.o(.text) for __I$use$fp
    entry2.o(.ARM.Collect$$$$00000001) refers to entry2.o(.ARM.Collect$$$$00002712) for __lit__00000000
    entry2.o(.ARM.Collect$$$$00002712) refers to startup_stm32f10x_cl.o(STACK) for __initial_sp
    entry2.o(__vectab_stack_and_reset_area) refers to startup_stm32f10x_cl.o(STACK) for __initial_sp
    entry2.o(__vectab_stack_and_reset_area) refers to entry.o(.ARM.Collect$$$$00000000) for __main
    entry5.o(.ARM.Collect$$$$00000004) refers to init.o(.text) for __scatterload
    entry9a.o(.ARM.Collect$$$$0000000B) refers to candemo.o(i.main) for main
    entry9b.o(.ARM.Collect$$$$0000000C) refers to candemo.o(i.main) for main
    uldiv.o(.text) refers to llushr.o(.text) for __aeabi_llsr
    uldiv.o(.text) refers to llshl.o(.text) for __aeabi_llsl
    dadd.o(.text) refers to llshl.o(.text) for __aeabi_llsl
    dadd.o(.text) refers to llsshr.o(.text) for __aeabi_lasr
    dadd.o(.text) refers to depilogue.o(.text) for _double_epilogue
    dmul.o(.text) refers to depilogue.o(.text) for _double_epilogue
    ddiv.o(.text) refers to depilogue.o(.text) for _double_round
    dfixul.o(.text) refers to llushr.o(.text) for __aeabi_llsr
    dfixul.o(.text) refers to llshl.o(.text) for __aeabi_llsl
    init.o(.text) refers to entry5.o(.ARM.Collect$$$$00000004) for __main_after_scatterload
    depilogue.o(.text) refers to llshl.o(.text) for __aeabi_llsl
    depilogue.o(.text) refers to llushr.o(.text) for __aeabi_llsr
    drv_spi.o(i.spi_master_init) refers to stm32f10x_rcc.o(i.RCC_APB2PeriphClockCmd) for RCC_APB2PeriphClockCmd
    drv_spi.o(i.spi_master_init) refers to stm32f10x_gpio.o(i.GPIO_Init) for GPIO_Init
    drv_spi.o(i.spi_master_init) refers to stm32f10x_gpio.o(i.GPIO_SetBits) for GPIO_SetBits
    drv_spi.o(i.spi_master_init) refers to stm32f10x_spi.o(i.SPI_Init) for SPI_Init
    drv_spi.o(i.spi_master_init) refers to stm32f10x_spi.o(i.SPI_Cmd) for SPI_Cmd
    drv_spi.o(i.spi_master_transfer) refers to stm32f10x_gpio.o(i.GPIO_ResetBits) for GPIO_ResetBits
    drv_spi.o(i.spi_master_transfer) refers to stm32f10x_spi.o(i.SPI_I2S_GetFlagStatus) for SPI_I2S_GetFlagStatus
    drv_spi.o(i.spi_master_transfer) refers to stm32f10x_spi.o(i.SPI_I2S_SendData) for SPI_I2S_SendData
    drv_spi.o(i.spi_master_transfer) refers to stm32f10x_spi.o(i.SPI_I2S_ReceiveData) for SPI_I2S_ReceiveData
    drv_spi.o(i.spi_master_transfer) refers to stm32f10x_gpio.o(i.GPIO_SetBits) for GPIO_SetBits


==============================================================================

Removing Unused input sections from the image.

    Removing system_stm32f10x.o(i.SystemCoreClockUpdate), (252 bytes).
    Removing system_stm32f10x.o(.data), (20 bytes).
    Removing startup_stm32f10x_cl.o(HEAP), (2048 bytes).
    Removing app.o(i.APP_LED_Write), (72 bytes).
    Removing app.o(.constdata), (120 bytes).
    Removing drv_canfdspi_api.o(i.DRV_CANFDSPI_BusDiagnosticsClear), (34 bytes).
    Removing drv_canfdspi_api.o(i.DRV_CANFDSPI_BusDiagnosticsGet), (72 bytes).
    Removing drv_canfdspi_api.o(i.DRV_CANFDSPI_CalculateCRC16), (64 bytes).
    Removing drv_canfdspi_api.o(i.DRV_CANFDSPI_CrcEventClear), (72 bytes).
    Removing drv_canfdspi_api.o(i.DRV_CANFDSPI_CrcEventDisable), (72 bytes).
    Removing drv_canfdspi_api.o(i.DRV_CANFDSPI_CrcEventEnable), (72 bytes).
    Removing drv_canfdspi_api.o(i.DRV_CANFDSPI_CrcEventGet), (48 bytes).
    Removing drv_canfdspi_api.o(i.DRV_CANFDSPI_CrcValueGet), (26 bytes).
    Removing drv_canfdspi_api.o(i.DRV_CANFDSPI_DataBytesToDlc), (76 bytes).
    Removing drv_canfdspi_api.o(i.DRV_CANFDSPI_DeviceNetFilterCountSet), (76 bytes).
    Removing drv_canfdspi_api.o(i.DRV_CANFDSPI_EccDisable), (70 bytes).
    Removing drv_canfdspi_api.o(i.DRV_CANFDSPI_EccErrorAddressGet), (42 bytes).
    Removing drv_canfdspi_api.o(i.DRV_CANFDSPI_EccEventClear), (76 bytes).
    Removing drv_canfdspi_api.o(i.DRV_CANFDSPI_EccEventDisable), (76 bytes).
    Removing drv_canfdspi_api.o(i.DRV_CANFDSPI_EccEventEnable), (76 bytes).
    Removing drv_canfdspi_api.o(i.DRV_CANFDSPI_EccEventGet), (52 bytes).
    Removing drv_canfdspi_api.o(i.DRV_CANFDSPI_EccParityGet), (26 bytes).
    Removing drv_canfdspi_api.o(i.DRV_CANFDSPI_EccParitySet), (26 bytes).
    Removing drv_canfdspi_api.o(i.DRV_CANFDSPI_ErrorCountReceiveGet), (32 bytes).
    Removing drv_canfdspi_api.o(i.DRV_CANFDSPI_ErrorCountTransmitGet), (32 bytes).
    Removing drv_canfdspi_api.o(i.DRV_CANFDSPI_ErrorStateGet), (50 bytes).
    Removing drv_canfdspi_api.o(i.DRV_CANFDSPI_FifoIndexGet), (68 bytes).
    Removing drv_canfdspi_api.o(i.DRV_CANFDSPI_FilterDisable), (66 bytes).
    Removing drv_canfdspi_api.o(i.DRV_CANFDSPI_FilterEnable), (68 bytes).
    Removing drv_canfdspi_api.o(i.DRV_CANFDSPI_GpioClockOutputConfigure), (74 bytes).
    Removing drv_canfdspi_api.o(i.DRV_CANFDSPI_GpioDirectionConfigure), (86 bytes).
    Removing drv_canfdspi_api.o(i.DRV_CANFDSPI_GpioInterruptPinsOpenDrainConfigure), (74 bytes).
    Removing drv_canfdspi_api.o(i.DRV_CANFDSPI_GpioPinRead), (86 bytes).
    Removing drv_canfdspi_api.o(i.DRV_CANFDSPI_GpioPinSet), (108 bytes).
    Removing drv_canfdspi_api.o(i.DRV_CANFDSPI_GpioStandbyControlDisable), (70 bytes).
    Removing drv_canfdspi_api.o(i.DRV_CANFDSPI_GpioStandbyControlEnable), (72 bytes).
    Removing drv_canfdspi_api.o(i.DRV_CANFDSPI_GpioTransmitPinOpenDrainConfigure), (74 bytes).
    Removing drv_canfdspi_api.o(i.DRV_CANFDSPI_LowPowerModeDisable), (12 bytes).
    Removing drv_canfdspi_api.o(i.DRV_CANFDSPI_LowPowerModeEnable), (12 bytes).
    Removing drv_canfdspi_api.o(i.DRV_CANFDSPI_ModuleEventClear), (62 bytes).
    Removing drv_canfdspi_api.o(i.DRV_CANFDSPI_ModuleEventDisable), (80 bytes).
    Removing drv_canfdspi_api.o(i.DRV_CANFDSPI_ModuleEventFilterHitGet), (46 bytes).
    Removing drv_canfdspi_api.o(i.DRV_CANFDSPI_ModuleEventGet), (50 bytes).
    Removing drv_canfdspi_api.o(i.DRV_CANFDSPI_ModuleEventIcodeGet), (76 bytes).
    Removing drv_canfdspi_api.o(i.DRV_CANFDSPI_ModuleEventRxCodeGet), (68 bytes).
    Removing drv_canfdspi_api.o(i.DRV_CANFDSPI_ModuleEventTxCodeGet), (68 bytes).
    Removing drv_canfdspi_api.o(i.DRV_CANFDSPI_OperationModeGet), (100 bytes).
    Removing drv_canfdspi_api.o(i.DRV_CANFDSPI_OscillatorControlObjectReset), (64 bytes).
    Removing drv_canfdspi_api.o(i.DRV_CANFDSPI_OscillatorControlSet), (78 bytes).
    Removing drv_canfdspi_api.o(i.DRV_CANFDSPI_OscillatorEnable), (70 bytes).
    Removing drv_canfdspi_api.o(i.DRV_CANFDSPI_OscillatorStatusGet), (80 bytes).
    Removing drv_canfdspi_api.o(i.DRV_CANFDSPI_ReadByteArrayWithCRC), (216 bytes).
    Removing drv_canfdspi_api.o(i.DRV_CANFDSPI_ReceiveChannelEventDisable), (98 bytes).
    Removing drv_canfdspi_api.o(i.DRV_CANFDSPI_ReceiveChannelEventGet), (72 bytes).
    Removing drv_canfdspi_api.o(i.DRV_CANFDSPI_ReceiveChannelEventOverflowClear), (90 bytes).
    Removing drv_canfdspi_api.o(i.DRV_CANFDSPI_ReceiveChannelIndexGet), (20 bytes).
    Removing drv_canfdspi_api.o(i.DRV_CANFDSPI_ReceiveChannelReset), (56 bytes).
    Removing drv_canfdspi_api.o(i.DRV_CANFDSPI_ReceiveChannelStatusGet), (62 bytes).
    Removing drv_canfdspi_api.o(i.DRV_CANFDSPI_ReceiveEventGet), (24 bytes).
    Removing drv_canfdspi_api.o(i.DRV_CANFDSPI_ReceiveEventOverflowGet), (24 bytes).
    Removing drv_canfdspi_api.o(i.DRV_CANFDSPI_TefConfigure), (56 bytes).
    Removing drv_canfdspi_api.o(i.DRV_CANFDSPI_TefConfigureObjectReset), (44 bytes).
    Removing drv_canfdspi_api.o(i.DRV_CANFDSPI_TefEventDisable), (76 bytes).
    Removing drv_canfdspi_api.o(i.DRV_CANFDSPI_TefEventEnable), (76 bytes).
    Removing drv_canfdspi_api.o(i.DRV_CANFDSPI_TefEventGet), (50 bytes).
    Removing drv_canfdspi_api.o(i.DRV_CANFDSPI_TefEventOverflowClear), (72 bytes).
    Removing drv_canfdspi_api.o(i.DRV_CANFDSPI_TefMessageGet), (242 bytes).
    Removing drv_canfdspi_api.o(i.DRV_CANFDSPI_TefReset), (44 bytes).
    Removing drv_canfdspi_api.o(i.DRV_CANFDSPI_TefStatusGet), (50 bytes).
    Removing drv_canfdspi_api.o(i.DRV_CANFDSPI_TefUpdate), (44 bytes).
    Removing drv_canfdspi_api.o(i.DRV_CANFDSPI_TimeStampDisable), (66 bytes).
    Removing drv_canfdspi_api.o(i.DRV_CANFDSPI_TimeStampEnable), (66 bytes).
    Removing drv_canfdspi_api.o(i.DRV_CANFDSPI_TimeStampGet), (24 bytes).
    Removing drv_canfdspi_api.o(i.DRV_CANFDSPI_TimeStampModeConfigure), (80 bytes).
    Removing drv_canfdspi_api.o(i.DRV_CANFDSPI_TimeStampPrescalerSet), (24 bytes).
    Removing drv_canfdspi_api.o(i.DRV_CANFDSPI_TimeStampSet), (24 bytes).
    Removing drv_canfdspi_api.o(i.DRV_CANFDSPI_TransmitAbortAll), (62 bytes).
    Removing drv_canfdspi_api.o(i.DRV_CANFDSPI_TransmitBandWidthSharingSet), (80 bytes).
    Removing drv_canfdspi_api.o(i.DRV_CANFDSPI_TransmitChannelAbort), (46 bytes).
    Removing drv_canfdspi_api.o(i.DRV_CANFDSPI_TransmitChannelEventAttemptClear), (82 bytes).
    Removing drv_canfdspi_api.o(i.DRV_CANFDSPI_TransmitChannelEventDisable), (90 bytes).
    Removing drv_canfdspi_api.o(i.DRV_CANFDSPI_TransmitChannelEventEnable), (90 bytes).
    Removing drv_canfdspi_api.o(i.DRV_CANFDSPI_TransmitChannelFlush), (48 bytes).
    Removing drv_canfdspi_api.o(i.DRV_CANFDSPI_TransmitChannelIndexGet), (62 bytes).
    Removing drv_canfdspi_api.o(i.DRV_CANFDSPI_TransmitChannelReset), (16 bytes).
    Removing drv_canfdspi_api.o(i.DRV_CANFDSPI_TransmitChannelStatusGet), (88 bytes).
    Removing drv_canfdspi_api.o(i.DRV_CANFDSPI_TransmitEventAttemptGet), (24 bytes).
    Removing drv_canfdspi_api.o(i.DRV_CANFDSPI_TransmitEventGet), (24 bytes).
    Removing drv_canfdspi_api.o(i.DRV_CANFDSPI_TransmitQueueConfigure), (96 bytes).
    Removing drv_canfdspi_api.o(i.DRV_CANFDSPI_TransmitQueueConfigureObjectReset), (68 bytes).
    Removing drv_canfdspi_api.o(i.DRV_CANFDSPI_TransmitRequestGet), (24 bytes).
    Removing drv_canfdspi_api.o(i.DRV_CANFDSPI_TransmitRequestSet), (30 bytes).
    Removing drv_canfdspi_api.o(i.DRV_CANFDSPI_WriteByteArrayWithCRC), (136 bytes).
    Removing drv_canfdspi_api.o(i.DRV_CANFDSPI_WriteByteSafe), (76 bytes).
    Removing drv_canfdspi_api.o(i.DRV_CANFDSPI_WriteWordArray), (120 bytes).
    Removing drv_canfdspi_api.o(i.DRV_CANFDSPI_WriteWordSafe), (100 bytes).
    Removing can.o(i.CAN2_Config), (216 bytes).
    Removing can.o(i.CAN2_Filter_Config), (92 bytes).
    Removing can.o(i.CAN2_wrMsg), (64 bytes).
    Removing can.o(.constdata), (120 bytes).
    Removing candemo.o(i.Delay_Ms), (28 bytes).
    Removing candemo.o(i.USART2_Send), (44 bytes).
    Removing candemo.o(.constdata), (120 bytes).
    Removing misc.o(i.NVIC_SetVectorTable), (20 bytes).
    Removing misc.o(i.NVIC_SystemLPConfig), (32 bytes).
    Removing misc.o(i.SysTick_CLKSourceConfig), (40 bytes).
    Removing stm32f10x_gpio.o(i.GPIO_AFIODeInit), (20 bytes).
    Removing stm32f10x_gpio.o(i.GPIO_DeInit), (200 bytes).
    Removing stm32f10x_gpio.o(i.GPIO_ETH_MediaInterfaceConfig), (12 bytes).
    Removing stm32f10x_gpio.o(i.GPIO_EventOutputCmd), (12 bytes).
    Removing stm32f10x_gpio.o(i.GPIO_EventOutputConfig), (32 bytes).
    Removing stm32f10x_gpio.o(i.GPIO_PinLockConfig), (18 bytes).
    Removing stm32f10x_gpio.o(i.GPIO_ReadInputData), (8 bytes).
    Removing stm32f10x_gpio.o(i.GPIO_ReadOutputData), (8 bytes).
    Removing stm32f10x_gpio.o(i.GPIO_ReadOutputDataBit), (18 bytes).
    Removing stm32f10x_gpio.o(i.GPIO_StructInit), (16 bytes).
    Removing stm32f10x_gpio.o(i.GPIO_Write), (4 bytes).
    Removing stm32f10x_gpio.o(i.GPIO_WriteBit), (10 bytes).
    Removing stm32f10x_rcc.o(i.RCC_ADCCLKConfig), (24 bytes).
    Removing stm32f10x_rcc.o(i.RCC_AHBPeriphClockCmd), (32 bytes).
    Removing stm32f10x_rcc.o(i.RCC_AHBPeriphResetCmd), (32 bytes).
    Removing stm32f10x_rcc.o(i.RCC_APB2PeriphResetCmd), (32 bytes).
    Removing stm32f10x_rcc.o(i.RCC_AdjustHSICalibrationValue), (24 bytes).
    Removing stm32f10x_rcc.o(i.RCC_BackupResetCmd), (12 bytes).
    Removing stm32f10x_rcc.o(i.RCC_ClearFlag), (20 bytes).
    Removing stm32f10x_rcc.o(i.RCC_ClearITPendingBit), (12 bytes).
    Removing stm32f10x_rcc.o(i.RCC_ClockSecuritySystemCmd), (12 bytes).
    Removing stm32f10x_rcc.o(i.RCC_DeInit), (92 bytes).
    Removing stm32f10x_rcc.o(i.RCC_GetFlagStatus), (60 bytes).
    Removing stm32f10x_rcc.o(i.RCC_GetITStatus), (24 bytes).
    Removing stm32f10x_rcc.o(i.RCC_GetSYSCLKSource), (16 bytes).
    Removing stm32f10x_rcc.o(i.RCC_HCLKConfig), (24 bytes).
    Removing stm32f10x_rcc.o(i.RCC_HSEConfig), (76 bytes).
    Removing stm32f10x_rcc.o(i.RCC_HSICmd), (12 bytes).
    Removing stm32f10x_rcc.o(i.RCC_I2S2CLKConfig), (12 bytes).
    Removing stm32f10x_rcc.o(i.RCC_I2S3CLKConfig), (12 bytes).
    Removing stm32f10x_rcc.o(i.RCC_ITConfig), (32 bytes).
    Removing stm32f10x_rcc.o(i.RCC_LSEConfig), (52 bytes).
    Removing stm32f10x_rcc.o(i.RCC_LSICmd), (12 bytes).
    Removing stm32f10x_rcc.o(i.RCC_MCOConfig), (12 bytes).
    Removing stm32f10x_rcc.o(i.RCC_OTGFSCLKConfig), (12 bytes).
    Removing stm32f10x_rcc.o(i.RCC_PCLK1Config), (24 bytes).
    Removing stm32f10x_rcc.o(i.RCC_PCLK2Config), (24 bytes).
    Removing stm32f10x_rcc.o(i.RCC_PLL2Cmd), (12 bytes).
    Removing stm32f10x_rcc.o(i.RCC_PLL2Config), (24 bytes).
    Removing stm32f10x_rcc.o(i.RCC_PLL3Cmd), (12 bytes).
    Removing stm32f10x_rcc.o(i.RCC_PLL3Config), (24 bytes).
    Removing stm32f10x_rcc.o(i.RCC_PLLCmd), (12 bytes).
    Removing stm32f10x_rcc.o(i.RCC_PLLConfig), (28 bytes).
    Removing stm32f10x_rcc.o(i.RCC_PREDIV1Config), (32 bytes).
    Removing stm32f10x_rcc.o(i.RCC_PREDIV2Config), (24 bytes).
    Removing stm32f10x_rcc.o(i.RCC_RTCCLKCmd), (12 bytes).
    Removing stm32f10x_rcc.o(i.RCC_RTCCLKConfig), (16 bytes).
    Removing stm32f10x_rcc.o(i.RCC_SYSCLKConfig), (24 bytes).
    Removing stm32f10x_rcc.o(i.RCC_WaitForHSEStartUp), (56 bytes).
    Removing stm32f10x_spi.o(i.I2S_Cmd), (24 bytes).
    Removing stm32f10x_spi.o(i.I2S_Init), (304 bytes).
    Removing stm32f10x_spi.o(i.I2S_StructInit), (20 bytes).
    Removing stm32f10x_spi.o(i.SPI_BiDirectionalLineConfig), (28 bytes).
    Removing stm32f10x_spi.o(i.SPI_CalculateCRC), (24 bytes).
    Removing stm32f10x_spi.o(i.SPI_DataSizeConfig), (18 bytes).
    Removing stm32f10x_spi.o(i.SPI_GetCRC), (16 bytes).
    Removing stm32f10x_spi.o(i.SPI_GetCRCPolynomial), (6 bytes).
    Removing stm32f10x_spi.o(i.SPI_I2S_ClearFlag), (6 bytes).
    Removing stm32f10x_spi.o(i.SPI_I2S_ClearITPendingBit), (20 bytes).
    Removing stm32f10x_spi.o(i.SPI_I2S_DMACmd), (18 bytes).
    Removing stm32f10x_spi.o(i.SPI_I2S_DeInit), (88 bytes).
    Removing stm32f10x_spi.o(i.SPI_I2S_GetITStatus), (52 bytes).
    Removing stm32f10x_spi.o(i.SPI_I2S_ITConfig), (32 bytes).
    Removing stm32f10x_spi.o(i.SPI_NSSInternalSoftwareConfig), (30 bytes).
    Removing stm32f10x_spi.o(i.SPI_SSOutputCmd), (24 bytes).
    Removing stm32f10x_spi.o(i.SPI_StructInit), (24 bytes).
    Removing stm32f10x_spi.o(i.SPI_TransmitCRC), (10 bytes).
    Removing stm32f10x_exti.o(i.EXTI_ClearFlag), (12 bytes).
    Removing stm32f10x_exti.o(i.EXTI_DeInit), (36 bytes).
    Removing stm32f10x_exti.o(i.EXTI_GenerateSWInterrupt), (16 bytes).
    Removing stm32f10x_exti.o(i.EXTI_GetFlagStatus), (24 bytes).
    Removing stm32f10x_exti.o(i.EXTI_StructInit), (16 bytes).
    Removing stm32f10x_can.o(i.CAN_CancelTransmit), (48 bytes).
    Removing stm32f10x_can.o(i.CAN_ClearFlag), (56 bytes).
    Removing stm32f10x_can.o(i.CAN_DBGFreeze), (22 bytes).
    Removing stm32f10x_can.o(i.CAN_FIFORelease), (22 bytes).
    Removing stm32f10x_can.o(i.CAN_GetFlagStatus), (120 bytes).
    Removing stm32f10x_can.o(i.CAN_GetITStatus), (288 bytes).
    Removing stm32f10x_can.o(i.CAN_GetLSBTransmitErrorCounter), (12 bytes).
    Removing stm32f10x_can.o(i.CAN_GetLastErrorCode), (12 bytes).
    Removing stm32f10x_can.o(i.CAN_GetReceiveErrorCounter), (10 bytes).
    Removing stm32f10x_can.o(i.CAN_MessagePending), (30 bytes).
    Removing stm32f10x_can.o(i.CAN_OperatingModeRequest), (162 bytes).
    Removing stm32f10x_can.o(i.CAN_SlaveStartBank), (52 bytes).
    Removing stm32f10x_can.o(i.CAN_Sleep), (30 bytes).
    Removing stm32f10x_can.o(i.CAN_StructInit), (32 bytes).
    Removing stm32f10x_can.o(i.CAN_TTComModeCmd), (118 bytes).
    Removing stm32f10x_can.o(i.CAN_WakeUp), (48 bytes).
    Removing stm32f10x_can.o(i.CheckITStatus), (18 bytes).
    Removing stm32f10x_usart.o(i.USART_ClearITPendingBit), (30 bytes).
    Removing stm32f10x_usart.o(i.USART_ClockInit), (34 bytes).
    Removing stm32f10x_usart.o(i.USART_ClockStructInit), (12 bytes).
    Removing stm32f10x_usart.o(i.USART_DMACmd), (18 bytes).
    Removing stm32f10x_usart.o(i.USART_DeInit), (156 bytes).
    Removing stm32f10x_usart.o(i.USART_HalfDuplexCmd), (24 bytes).
    Removing stm32f10x_usart.o(i.USART_IrDACmd), (24 bytes).
    Removing stm32f10x_usart.o(i.USART_IrDAConfig), (18 bytes).
    Removing stm32f10x_usart.o(i.USART_LINBreakDetectLengthConfig), (18 bytes).
    Removing stm32f10x_usart.o(i.USART_LINCmd), (24 bytes).
    Removing stm32f10x_usart.o(i.USART_OneBitMethodCmd), (24 bytes).
    Removing stm32f10x_usart.o(i.USART_OverSampling8Cmd), (22 bytes).
    Removing stm32f10x_usart.o(i.USART_ReceiveData), (10 bytes).
    Removing stm32f10x_usart.o(i.USART_ReceiverWakeUpCmd), (24 bytes).
    Removing stm32f10x_usart.o(i.USART_SendBreak), (10 bytes).
    Removing stm32f10x_usart.o(i.USART_SetAddress), (18 bytes).
    Removing stm32f10x_usart.o(i.USART_SetGuardTime), (16 bytes).
    Removing stm32f10x_usart.o(i.USART_SetPrescaler), (16 bytes).
    Removing stm32f10x_usart.o(i.USART_SmartCardCmd), (24 bytes).
    Removing stm32f10x_usart.o(i.USART_SmartCardNACKCmd), (24 bytes).
    Removing stm32f10x_usart.o(i.USART_StructInit), (24 bytes).
    Removing stm32f10x_usart.o(i.USART_WakeUpConfig), (18 bytes).
    Removing dadd.o(.text), (334 bytes).
    Removing dmul.o(.text), (228 bytes).
    Removing ddiv.o(.text), (222 bytes).
    Removing dfixul.o(.text), (48 bytes).
    Removing cdrcmple.o(.text), (48 bytes).
    Removing depilogue.o(.text), (186 bytes).

223 unused section(s) (total 14144 bytes) removed from the image.

==============================================================================

Image Symbol Table

    Local Symbols

    Symbol Name                              Value     Ov Type        Size  Object(Section)

    ../clib/microlib/division.c              0x00000000   Number         0  uldiv.o ABSOLUTE
    ../clib/microlib/division.c              0x00000000   Number         0  uidiv.o ABSOLUTE
    ../clib/microlib/init/entry.s            0x00000000   Number         0  entry12a.o ABSOLUTE
    ../clib/microlib/init/entry.s            0x00000000   Number         0  entry11b.o ABSOLUTE
    ../clib/microlib/init/entry.s            0x00000000   Number         0  entry9a.o ABSOLUTE
    ../clib/microlib/init/entry.s            0x00000000   Number         0  entry10b.o ABSOLUTE
    ../clib/microlib/init/entry.s            0x00000000   Number         0  entry9b.o ABSOLUTE
    ../clib/microlib/init/entry.s            0x00000000   Number         0  entry.o ABSOLUTE
    ../clib/microlib/init/entry.s            0x00000000   Number         0  entry2.o ABSOLUTE
    ../clib/microlib/init/entry.s            0x00000000   Number         0  entry5.o ABSOLUTE
    ../clib/microlib/init/entry.s            0x00000000   Number         0  entry11a.o ABSOLUTE
    ../clib/microlib/init/entry.s            0x00000000   Number         0  entry7a.o ABSOLUTE
    ../clib/microlib/init/entry.s            0x00000000   Number         0  entry7b.o ABSOLUTE
    ../clib/microlib/init/entry.s            0x00000000   Number         0  entry8a.o ABSOLUTE
    ../clib/microlib/init/entry.s            0x00000000   Number         0  entry10a.o ABSOLUTE
    ../clib/microlib/init/entry.s            0x00000000   Number         0  entry8b.o ABSOLUTE
    ../clib/microlib/init/entry.s            0x00000000   Number         0  entry12b.o ABSOLUTE
    ../clib/microlib/longlong.c              0x00000000   Number         0  llushr.o ABSOLUTE
    ../clib/microlib/longlong.c              0x00000000   Number         0  llsshr.o ABSOLUTE
    ../clib/microlib/longlong.c              0x00000000   Number         0  llshl.o ABSOLUTE
    ../clib/microlib/printf/printf.c         0x00000000   Number         0  printfa.o ABSOLUTE
    ../clib/microlib/printf/printf.c         0x00000000   Number         0  printf3.o ABSOLUTE
    ../clib/microlib/printf/printf.c         0x00000000   Number         0  printfb.o ABSOLUTE
    ../clib/microlib/printf/printf.c         0x00000000   Number         0  printf0.o ABSOLUTE
    ../clib/microlib/printf/printf.c         0x00000000   Number         0  printf1.o ABSOLUTE
    ../clib/microlib/printf/printf.c         0x00000000   Number         0  printf2.o ABSOLUTE
    ../clib/microlib/printf/printf.c         0x00000000   Number         0  printf4.o ABSOLUTE
    ../clib/microlib/printf/printf.c         0x00000000   Number         0  printf5.o ABSOLUTE
    ../clib/microlib/printf/printf.c         0x00000000   Number         0  printf6.o ABSOLUTE
    ../clib/microlib/printf/printf.c         0x00000000   Number         0  printf7.o ABSOLUTE
    ../clib/microlib/printf/printf.c         0x00000000   Number         0  printf8.o ABSOLUTE
    ../clib/microlib/stdio/streams.c         0x00000000   Number         0  stdout.o ABSOLUTE
    ../clib/microlib/string/memcpy.c         0x00000000   Number         0  memcpya.o ABSOLUTE
    ../clib/microlib/string/memcpy.c         0x00000000   Number         0  memcpyb.o ABSOLUTE
    ../clib/microlib/stubs.s                 0x00000000   Number         0  iusefp.o ABSOLUTE
    ../fplib/microlib/fpadd.c                0x00000000   Number         0  dadd.o ABSOLUTE
    ../fplib/microlib/fpdiv.c                0x00000000   Number         0  ddiv.o ABSOLUTE
    ../fplib/microlib/fpepilogue.c           0x00000000   Number         0  depilogue.o ABSOLUTE
    ../fplib/microlib/fpfix.c                0x00000000   Number         0  dfixul.o ABSOLUTE
    ../fplib/microlib/fpmul.c                0x00000000   Number         0  dmul.o ABSOLUTE
    ..\Libraries\CMSIS\CM3\DeviceSupport\ST\STM32F10x\startup\arm\startup_stm32f10x_cl.s 0x00000000   Number         0  startup_stm32f10x_cl.o ABSOLUTE
    ..\Libraries\CMSIS\CM3\DeviceSupport\ST\STM32F10x\system_stm32f10x.c 0x00000000   Number         0  system_stm32f10x.o ABSOLUTE
    ..\Libraries\STM32F10x_StdPeriph_Driver\src\misc.c 0x00000000   Number         0  misc.o ABSOLUTE
    ..\Libraries\STM32F10x_StdPeriph_Driver\src\stm32f10x_can.c 0x00000000   Number         0  stm32f10x_can.o ABSOLUTE
    ..\Libraries\STM32F10x_StdPeriph_Driver\src\stm32f10x_exti.c 0x00000000   Number         0  stm32f10x_exti.o ABSOLUTE
    ..\Libraries\STM32F10x_StdPeriph_Driver\src\stm32f10x_gpio.c 0x00000000   Number         0  stm32f10x_gpio.o ABSOLUTE
    ..\Libraries\STM32F10x_StdPeriph_Driver\src\stm32f10x_rcc.c 0x00000000   Number         0  stm32f10x_rcc.o ABSOLUTE
    ..\Libraries\STM32F10x_StdPeriph_Driver\src\stm32f10x_spi.c 0x00000000   Number         0  stm32f10x_spi.o ABSOLUTE
    ..\Libraries\STM32F10x_StdPeriph_Driver\src\stm32f10x_usart.c 0x00000000   Number         0  stm32f10x_usart.o ABSOLUTE
    User\CAN.c                               0x00000000   Number         0  can.o ABSOLUTE
    User\CanDemo.c                           0x00000000   Number         0  candemo.o ABSOLUTE
    User\app\app.c                           0x00000000   Number         0  app.o ABSOLUTE
    User\canfdspi\drv_canfdspi_api.c         0x00000000   Number         0  drv_canfdspi_api.o ABSOLUTE
    User\spi\drv_spi.c                       0x00000000   Number         0  drv_spi.o ABSOLUTE
    cdrcmple.s                               0x00000000   Number         0  cdrcmple.o ABSOLUTE
    dc.s                                     0x00000000   Number         0  dc.o ABSOLUTE
    handlers.s                               0x00000000   Number         0  handlers.o ABSOLUTE
    init.s                                   0x00000000   Number         0  init.o ABSOLUTE
    RESET                                    0x08000000   Section      336  startup_stm32f10x_cl.o(RESET)
    .ARM.Collect$$$$00000000                 0x08000150   Section        0  entry.o(.ARM.Collect$$$$00000000)
    .ARM.Collect$$$$00000001                 0x08000150   Section        4  entry2.o(.ARM.Collect$$$$00000001)
    .ARM.Collect$$$$00000004                 0x08000154   Section        4  entry5.o(.ARM.Collect$$$$00000004)
    .ARM.Collect$$$$00000008                 0x08000158   Section        0  entry7b.o(.ARM.Collect$$$$00000008)
    .ARM.Collect$$$$0000000A                 0x08000158   Section        0  entry8b.o(.ARM.Collect$$$$0000000A)
    .ARM.Collect$$$$0000000B                 0x08000158   Section        8  entry9a.o(.ARM.Collect$$$$0000000B)
    .ARM.Collect$$$$0000000E                 0x08000160   Section        4  entry12b.o(.ARM.Collect$$$$0000000E)
    .ARM.Collect$$$$0000000F                 0x08000164   Section        0  entry10a.o(.ARM.Collect$$$$0000000F)
    .ARM.Collect$$$$00000011                 0x08000164   Section        0  entry11a.o(.ARM.Collect$$$$00000011)
    .ARM.Collect$$$$00002712                 0x08000164   Section        4  entry2.o(.ARM.Collect$$$$00002712)
    __lit__00000000                          0x08000164   Data           4  entry2.o(.ARM.Collect$$$$00002712)
    .text                                    0x08000168   Section       36  startup_stm32f10x_cl.o(.text)
    .text                                    0x0800018c   Section        0  memcpya.o(.text)
    .text                                    0x080001b0   Section       36  init.o(.text)
    i.APP_CANFDSPI_Init                      0x080001d4   Section        0  app.o(i.APP_CANFDSPI_Init)
    i.APP_Initialize                         0x0800032c   Section        0  app.o(i.APP_Initialize)
    i.APP_LED_Clear                          0x080003fc   Section        0  app.o(i.APP_LED_Clear)
    i.APP_LED_Set                            0x08000418   Section        0  app.o(i.APP_LED_Set)
    i.APP_TransmitMessageQueue               0x08000434   Section        0  app.o(i.APP_TransmitMessageQueue)
    i.CAN1_Config                            0x080004b0   Section        0  can.o(i.CAN1_Config)
    i.CAN1_Filter_Config                     0x08000580   Section        0  can.o(i.CAN1_Filter_Config)
    i.CAN1_RX0_IRQHandler                    0x080005d8   Section        0  can.o(i.CAN1_RX0_IRQHandler)
    i.CAN1_SCE_IRQHandler                    0x0800061c   Section        0  can.o(i.CAN1_SCE_IRQHandler)
    i.CAN1_wrMsg                             0x08000630   Section        0  can.o(i.CAN1_wrMsg)
    i.CAN2_RX0_IRQHandler                    0x08000670   Section        0  can.o(i.CAN2_RX0_IRQHandler)
    i.CAN2_SCE_IRQHandler                    0x08000690   Section        0  can.o(i.CAN2_SCE_IRQHandler)
    i.CAN_ClearITPendingBit                  0x080006a4   Section        0  stm32f10x_can.o(i.CAN_ClearITPendingBit)
    i.CAN_DeInit                             0x0800074c   Section        0  stm32f10x_can.o(i.CAN_DeInit)
    i.CAN_FilterInit                         0x08000784   Section        0  stm32f10x_can.o(i.CAN_FilterInit)
    i.CAN_Frame_Get                          0x0800088c   Section        0  app.o(i.CAN_Frame_Get)
    i.CAN_GPIO_Config                        0x080008f4   Section        0  can.o(i.CAN_GPIO_Config)
    i.CAN_ITConfig                           0x08000950   Section        0  stm32f10x_can.o(i.CAN_ITConfig)
    i.CAN_Init                               0x08000962   Section        0  stm32f10x_can.o(i.CAN_Init)
    i.CAN_Receive                            0x08000a76   Section        0  stm32f10x_can.o(i.CAN_Receive)
    i.CAN_Transmit                           0x08000b66   Section        0  stm32f10x_can.o(i.CAN_Transmit)
    i.CAN_TransmitStatus                     0x08000c8c   Section        0  stm32f10x_can.o(i.CAN_TransmitStatus)
    i.DRV_CANFDSPI_BitTimeConfigure          0x08000d2c   Section        0  drv_canfdspi_api.o(i.DRV_CANFDSPI_BitTimeConfigure)
    i.DRV_CANFDSPI_BitTimeConfigureData10MHz 0x08000db0   Section        0  drv_canfdspi_api.o(i.DRV_CANFDSPI_BitTimeConfigureData10MHz)
    i.DRV_CANFDSPI_BitTimeConfigureData20MHz 0x08000fd0   Section        0  drv_canfdspi_api.o(i.DRV_CANFDSPI_BitTimeConfigureData20MHz)
    i.DRV_CANFDSPI_BitTimeConfigureData40MHz 0x080012e8   Section        0  drv_canfdspi_api.o(i.DRV_CANFDSPI_BitTimeConfigureData40MHz)
    i.DRV_CANFDSPI_BitTimeConfigureNominal10MHz 0x08001748   Section        0  drv_canfdspi_api.o(i.DRV_CANFDSPI_BitTimeConfigureNominal10MHz)
    i.DRV_CANFDSPI_BitTimeConfigureNominal20MHz 0x08001860   Section        0  drv_canfdspi_api.o(i.DRV_CANFDSPI_BitTimeConfigureNominal20MHz)
    i.DRV_CANFDSPI_BitTimeConfigureNominal40MHz 0x08001978   Section        0  drv_canfdspi_api.o(i.DRV_CANFDSPI_BitTimeConfigureNominal40MHz)
    i.DRV_CANFDSPI_Configure                 0x08001a8c   Section        0  drv_canfdspi_api.o(i.DRV_CANFDSPI_Configure)
    i.DRV_CANFDSPI_ConfigureObjectReset      0x08001b44   Section        0  drv_canfdspi_api.o(i.DRV_CANFDSPI_ConfigureObjectReset)
    i.DRV_CANFDSPI_DlcToDataBytes            0x08001be4   Section        0  drv_canfdspi_api.o(i.DRV_CANFDSPI_DlcToDataBytes)
    i.DRV_CANFDSPI_EccEnable                 0x08001c2a   Section        0  drv_canfdspi_api.o(i.DRV_CANFDSPI_EccEnable)
    i.DRV_CANFDSPI_ErrorCountStateGet        0x08001c70   Section        0  drv_canfdspi_api.o(i.DRV_CANFDSPI_ErrorCountStateGet)
    i.DRV_CANFDSPI_FilterMaskConfigure       0x08001cb8   Section        0  drv_canfdspi_api.o(i.DRV_CANFDSPI_FilterMaskConfigure)
    i.DRV_CANFDSPI_FilterObjectConfigure     0x08001ce8   Section        0  drv_canfdspi_api.o(i.DRV_CANFDSPI_FilterObjectConfigure)
    i.DRV_CANFDSPI_FilterToFifoLink          0x08001d18   Section        0  drv_canfdspi_api.o(i.DRV_CANFDSPI_FilterToFifoLink)
    i.DRV_CANFDSPI_GpioModeConfigure         0x08001d5e   Section        0  drv_canfdspi_api.o(i.DRV_CANFDSPI_GpioModeConfigure)
    i.DRV_CANFDSPI_ModuleEventEnable         0x08001db6   Section        0  drv_canfdspi_api.o(i.DRV_CANFDSPI_ModuleEventEnable)
    i.DRV_CANFDSPI_OperationModeSelect       0x08001e06   Section        0  drv_canfdspi_api.o(i.DRV_CANFDSPI_OperationModeSelect)
    i.DRV_CANFDSPI_RamInit                   0x08001e52   Section        0  drv_canfdspi_api.o(i.DRV_CANFDSPI_RamInit)
    i.DRV_CANFDSPI_ReadByte                  0x08001ea0   Section        0  drv_canfdspi_api.o(i.DRV_CANFDSPI_ReadByte)
    i.DRV_CANFDSPI_ReadByteArray             0x08001ee0   Section        0  drv_canfdspi_api.o(i.DRV_CANFDSPI_ReadByteArray)
    i.DRV_CANFDSPI_ReadHalfWord              0x08001f44   Section        0  drv_canfdspi_api.o(i.DRV_CANFDSPI_ReadHalfWord)
    i.DRV_CANFDSPI_ReadWord                  0x08001fa8   Section        0  drv_canfdspi_api.o(i.DRV_CANFDSPI_ReadWord)
    i.DRV_CANFDSPI_ReadWordArray             0x0800200c   Section        0  drv_canfdspi_api.o(i.DRV_CANFDSPI_ReadWordArray)
    i.DRV_CANFDSPI_ReceiveChannelConfigure   0x080020a4   Section        0  drv_canfdspi_api.o(i.DRV_CANFDSPI_ReceiveChannelConfigure)
    i.DRV_CANFDSPI_ReceiveChannelConfigureObjectReset 0x0800210c   Section        0  drv_canfdspi_api.o(i.DRV_CANFDSPI_ReceiveChannelConfigureObjectReset)
    i.DRV_CANFDSPI_ReceiveChannelEventEnable 0x08002144   Section        0  drv_canfdspi_api.o(i.DRV_CANFDSPI_ReceiveChannelEventEnable)
    i.DRV_CANFDSPI_ReceiveChannelUpdate      0x080021a6   Section        0  drv_canfdspi_api.o(i.DRV_CANFDSPI_ReceiveChannelUpdate)
    i.DRV_CANFDSPI_ReceiveMessageGet         0x080021de   Section        0  drv_canfdspi_api.o(i.DRV_CANFDSPI_ReceiveMessageGet)
    i.DRV_CANFDSPI_Reset                     0x0800234c   Section        0  drv_canfdspi_api.o(i.DRV_CANFDSPI_Reset)
    i.DRV_CANFDSPI_TransmitChannelConfigure  0x08002374   Section        0  drv_canfdspi_api.o(i.DRV_CANFDSPI_TransmitChannelConfigure)
    i.DRV_CANFDSPI_TransmitChannelConfigureObjectReset 0x080023ec   Section        0  drv_canfdspi_api.o(i.DRV_CANFDSPI_TransmitChannelConfigureObjectReset)
    i.DRV_CANFDSPI_TransmitChannelEventGet   0x0800243c   Section        0  drv_canfdspi_api.o(i.DRV_CANFDSPI_TransmitChannelEventGet)
    i.DRV_CANFDSPI_TransmitChannelLoad       0x0800247c   Section        0  drv_canfdspi_api.o(i.DRV_CANFDSPI_TransmitChannelLoad)
    i.DRV_CANFDSPI_TransmitChannelUpdate     0x080025a2   Section        0  drv_canfdspi_api.o(i.DRV_CANFDSPI_TransmitChannelUpdate)
    i.DRV_CANFDSPI_WriteByte                 0x080025f8   Section        0  drv_canfdspi_api.o(i.DRV_CANFDSPI_WriteByte)
    i.DRV_CANFDSPI_WriteByteArray            0x08002634   Section        0  drv_canfdspi_api.o(i.DRV_CANFDSPI_WriteByteArray)
    i.DRV_CANFDSPI_WriteHalfWord             0x08002688   Section        0  drv_canfdspi_api.o(i.DRV_CANFDSPI_WriteHalfWord)
    i.DRV_CANFDSPI_WriteWord                 0x080026dc   Section        0  drv_canfdspi_api.o(i.DRV_CANFDSPI_WriteWord)
    i.DRV_SPI_Initialize                     0x08002730   Section        0  drv_spi.o(i.DRV_SPI_Initialize)
    i.DRV_SPI_TransferData                   0x08002738   Section        0  drv_spi.o(i.DRV_SPI_TransferData)
    i.EXTI0_IRQHandler                       0x08002752   Section        0  app.o(i.EXTI0_IRQHandler)
    i.EXTI_ClearITPendingBit                 0x08002768   Section        0  stm32f10x_exti.o(i.EXTI_ClearITPendingBit)
    i.EXTI_Configuration                     0x08002774   Section        0  app.o(i.EXTI_Configuration)
    i.EXTI_GetITStatus                       0x080027d0   Section        0  stm32f10x_exti.o(i.EXTI_GetITStatus)
    i.EXTI_Init                              0x080027f8   Section        0  stm32f10x_exti.o(i.EXTI_Init)
    i.GPIO_Configuration                     0x0800288c   Section        0  candemo.o(i.GPIO_Configuration)
    i.GPIO_EXTILineConfig                    0x080029f4   Section        0  stm32f10x_gpio.o(i.GPIO_EXTILineConfig)
    i.GPIO_Init                              0x08002a34   Section        0  stm32f10x_gpio.o(i.GPIO_Init)
    i.GPIO_PinRemapConfig                    0x08002b4c   Section        0  stm32f10x_gpio.o(i.GPIO_PinRemapConfig)
    i.GPIO_ReadInputDataBit                  0x08002bdc   Section        0  stm32f10x_gpio.o(i.GPIO_ReadInputDataBit)
    i.GPIO_ResetBits                         0x08002bee   Section        0  stm32f10x_gpio.o(i.GPIO_ResetBits)
    i.GPIO_SetBits                           0x08002bf2   Section        0  stm32f10x_gpio.o(i.GPIO_SetBits)
    i.NVIC_Config                            0x08002bf8   Section        0  can.o(i.NVIC_Config)
    i.NVIC_Init                              0x08002c54   Section        0  misc.o(i.NVIC_Init)
    i.NVIC_PriorityGroupConfig               0x08002cc4   Section        0  misc.o(i.NVIC_PriorityGroupConfig)
    i.RCC_APB1PeriphClockCmd                 0x08002cd8   Section        0  stm32f10x_rcc.o(i.RCC_APB1PeriphClockCmd)
    i.RCC_APB1PeriphResetCmd                 0x08002cf8   Section        0  stm32f10x_rcc.o(i.RCC_APB1PeriphResetCmd)
    i.RCC_APB2PeriphClockCmd                 0x08002d18   Section        0  stm32f10x_rcc.o(i.RCC_APB2PeriphClockCmd)
    i.RCC_GetClocksFreq                      0x08002d38   Section        0  stm32f10x_rcc.o(i.RCC_GetClocksFreq)
    i.SPI_Cmd                                0x08002ec4   Section        0  stm32f10x_spi.o(i.SPI_Cmd)
    i.SPI_I2S_GetFlagStatus                  0x08002edc   Section        0  stm32f10x_spi.o(i.SPI_I2S_GetFlagStatus)
    i.SPI_I2S_ReceiveData                    0x08002eee   Section        0  stm32f10x_spi.o(i.SPI_I2S_ReceiveData)
    i.SPI_I2S_SendData                       0x08002ef4   Section        0  stm32f10x_spi.o(i.SPI_I2S_SendData)
    i.SPI_Init                               0x08002ef8   Section        0  stm32f10x_spi.o(i.SPI_Init)
    i.SetSysClock                            0x08002f34   Section        0  system_stm32f10x.o(i.SetSysClock)
    SetSysClock                              0x08002f35   Thumb Code     8  system_stm32f10x.o(i.SetSysClock)
    i.SetSysClockTo72                        0x08002f3c   Section        0  system_stm32f10x.o(i.SetSysClockTo72)
    SetSysClockTo72                          0x08002f3d   Thumb Code   264  system_stm32f10x.o(i.SetSysClockTo72)
    i.SysTick_Handler                        0x08003054   Section        0  candemo.o(i.SysTick_Handler)
    i.SystemInit                             0x08003064   Section        0  system_stm32f10x.o(i.SystemInit)
    i.USART2_IRQHandler                      0x080030d0   Section        0  candemo.o(i.USART2_IRQHandler)
    i.USART_ClearFlag                        0x080030ec   Section        0  stm32f10x_usart.o(i.USART_ClearFlag)
    i.USART_Cmd                              0x080030fe   Section        0  stm32f10x_usart.o(i.USART_Cmd)
    i.USART_GetFlagStatus                    0x08003116   Section        0  stm32f10x_usart.o(i.USART_GetFlagStatus)
    i.USART_GetITStatus                      0x08003130   Section        0  stm32f10x_usart.o(i.USART_GetITStatus)
    i.USART_ITConfig                         0x08003184   Section        0  stm32f10x_usart.o(i.USART_ITConfig)
    i.USART_Init                             0x080031d0   Section        0  stm32f10x_usart.o(i.USART_Init)
    i.USART_SendData                         0x080032a8   Section        0  stm32f10x_usart.o(i.USART_SendData)
    i.Uart2_Init                             0x080032b0   Section        0  candemo.o(i.Uart2_Init)
    i.__0printf$bare                         0x0800336c   Section        0  printfb.o(i.__0printf$bare)
    i.__scatterload_copy                     0x0800337c   Section       14  handlers.o(i.__scatterload_copy)
    i.__scatterload_null                     0x0800338a   Section        2  handlers.o(i.__scatterload_null)
    i.__scatterload_zeroinit                 0x0800338c   Section       14  handlers.o(i.__scatterload_zeroinit)
    i._printf_core                           0x0800339a   Section        0  printfb.o(i._printf_core)
    _printf_core                             0x0800339b   Thumb Code    34  printfb.o(i._printf_core)
    i.fputc                                  0x080033bc   Section        0  candemo.o(i.fputc)
    i.main                                   0x080033e0   Section        0  candemo.o(i.main)
    i.spi_master_init                        0x080037ac   Section        0  drv_spi.o(i.spi_master_init)
    i.spi_master_transfer                    0x08003854   Section        0  drv_spi.o(i.spi_master_transfer)
    .constdata                               0x080038b4   Section      888  drv_canfdspi_api.o(.constdata)
    canControlResetValues                    0x080038b4   Data          80  drv_canfdspi_api.o(.constdata)
    canFifoResetValues                       0x08003904   Data          12  drv_canfdspi_api.o(.constdata)
    canFilterObjectResetValues               0x08003910   Data           8  drv_canfdspi_api.o(.constdata)
    mcp25xxfdControlResetValues              0x08003918   Data          20  drv_canfdspi_api.o(.constdata)
    .data                                    0x20000000   Section       57  app.o(.data)
    .data                                    0x20000039   Section        2  can.o(.data)
    .data                                    0x2000003c   Section       12  candemo.o(.data)
    .data                                    0x20000048   Section       20  stm32f10x_rcc.o(.data)
    APBAHBPrescTable                         0x20000048   Data          16  stm32f10x_rcc.o(.data)
    ADCPrescTable                            0x20000058   Data           4  stm32f10x_rcc.o(.data)
    .data                                    0x2000005c   Section        4  stdout.o(.data)
    .bss                                     0x20000060   Section     7688  app.o(.bss)
    .bss                                     0x20001e68   Section      192  drv_canfdspi_api.o(.bss)
    .bss                                     0x20001f28   Section     2088  can.o(.bss)
    STACK                                    0x20002750   Section     2048  startup_stm32f10x_cl.o(STACK)

    Global Symbols

    Symbol Name                              Value     Ov Type        Size  Object(Section)

    BuildAttributes$$THM_ISAv4$P$D$K$B$S$PE$A:L22UL41UL21$X:L11$S22US41US21$IEEE1$IW$USESV6$~STKCKD$USESV7$~SHL$OSPACE$ROPI$EBA8$MICROLIB$REQ8$PRES8$EABIv2 0x00000000   Number         0  anon$$obj.o ABSOLUTE
    __ARM_use_no_argv                        0x00000000   Number         0  candemo.o ABSOLUTE
    __arm_fini_                               - Undefined Weak Reference
    __cpp_initialize__aeabi_                  - Undefined Weak Reference
    __cxa_finalize                            - Undefined Weak Reference
    __decompress                              - Undefined Weak Reference
    _clock_init                               - Undefined Weak Reference
    _microlib_exit                            - Undefined Weak Reference
    __Vectors_Size                           0x00000150   Number         0  startup_stm32f10x_cl.o ABSOLUTE
    __Vectors                                0x08000000   Data           4  startup_stm32f10x_cl.o(RESET)
    __Vectors_End                            0x08000150   Data           0  startup_stm32f10x_cl.o(RESET)
    __main                                   0x08000151   Thumb Code     0  entry.o(.ARM.Collect$$$$00000000)
    _main_stk                                0x08000151   Thumb Code     0  entry2.o(.ARM.Collect$$$$00000001)
    _main_scatterload                        0x08000155   Thumb Code     0  entry5.o(.ARM.Collect$$$$00000004)
    __main_after_scatterload                 0x08000159   Thumb Code     0  entry5.o(.ARM.Collect$$$$00000004)
    _main_clock                              0x08000159   Thumb Code     0  entry7b.o(.ARM.Collect$$$$00000008)
    _main_cpp_init                           0x08000159   Thumb Code     0  entry8b.o(.ARM.Collect$$$$0000000A)
    _main_init                               0x08000159   Thumb Code     0  entry9a.o(.ARM.Collect$$$$0000000B)
    __rt_lib_shutdown_fini                   0x08000161   Thumb Code     0  entry12b.o(.ARM.Collect$$$$0000000E)
    __rt_final_cpp                           0x08000165   Thumb Code     0  entry10a.o(.ARM.Collect$$$$0000000F)
    __rt_final_exit                          0x08000165   Thumb Code     0  entry11a.o(.ARM.Collect$$$$00000011)
    Reset_Handler                            0x08000169   Thumb Code     8  startup_stm32f10x_cl.o(.text)
    NMI_Handler                              0x08000171   Thumb Code     2  startup_stm32f10x_cl.o(.text)
    HardFault_Handler                        0x08000173   Thumb Code     2  startup_stm32f10x_cl.o(.text)
    MemManage_Handler                        0x08000175   Thumb Code     2  startup_stm32f10x_cl.o(.text)
    BusFault_Handler                         0x08000177   Thumb Code     2  startup_stm32f10x_cl.o(.text)
    UsageFault_Handler                       0x08000179   Thumb Code     2  startup_stm32f10x_cl.o(.text)
    SVC_Handler                              0x0800017b   Thumb Code     2  startup_stm32f10x_cl.o(.text)
    DebugMon_Handler                         0x0800017d   Thumb Code     2  startup_stm32f10x_cl.o(.text)
    PendSV_Handler                           0x0800017f   Thumb Code     2  startup_stm32f10x_cl.o(.text)
    ADC1_2_IRQHandler                        0x08000183   Thumb Code     0  startup_stm32f10x_cl.o(.text)
    CAN1_RX1_IRQHandler                      0x08000183   Thumb Code     0  startup_stm32f10x_cl.o(.text)
    CAN1_TX_IRQHandler                       0x08000183   Thumb Code     0  startup_stm32f10x_cl.o(.text)
    CAN2_RX1_IRQHandler                      0x08000183   Thumb Code     0  startup_stm32f10x_cl.o(.text)
    CAN2_TX_IRQHandler                       0x08000183   Thumb Code     0  startup_stm32f10x_cl.o(.text)
    DMA1_Channel1_IRQHandler                 0x08000183   Thumb Code     0  startup_stm32f10x_cl.o(.text)
    DMA1_Channel2_IRQHandler                 0x08000183   Thumb Code     0  startup_stm32f10x_cl.o(.text)
    DMA1_Channel3_IRQHandler                 0x08000183   Thumb Code     0  startup_stm32f10x_cl.o(.text)
    DMA1_Channel4_IRQHandler                 0x08000183   Thumb Code     0  startup_stm32f10x_cl.o(.text)
    DMA1_Channel5_IRQHandler                 0x08000183   Thumb Code     0  startup_stm32f10x_cl.o(.text)
    DMA1_Channel6_IRQHandler                 0x08000183   Thumb Code     0  startup_stm32f10x_cl.o(.text)
    DMA1_Channel7_IRQHandler                 0x08000183   Thumb Code     0  startup_stm32f10x_cl.o(.text)
    DMA2_Channel1_IRQHandler                 0x08000183   Thumb Code     0  startup_stm32f10x_cl.o(.text)
    DMA2_Channel2_IRQHandler                 0x08000183   Thumb Code     0  startup_stm32f10x_cl.o(.text)
    DMA2_Channel3_IRQHandler                 0x08000183   Thumb Code     0  startup_stm32f10x_cl.o(.text)
    DMA2_Channel4_IRQHandler                 0x08000183   Thumb Code     0  startup_stm32f10x_cl.o(.text)
    DMA2_Channel5_IRQHandler                 0x08000183   Thumb Code     0  startup_stm32f10x_cl.o(.text)
    ETH_IRQHandler                           0x08000183   Thumb Code     0  startup_stm32f10x_cl.o(.text)
    ETH_WKUP_IRQHandler                      0x08000183   Thumb Code     0  startup_stm32f10x_cl.o(.text)
    EXTI15_10_IRQHandler                     0x08000183   Thumb Code     0  startup_stm32f10x_cl.o(.text)
    EXTI1_IRQHandler                         0x08000183   Thumb Code     0  startup_stm32f10x_cl.o(.text)
    EXTI2_IRQHandler                         0x08000183   Thumb Code     0  startup_stm32f10x_cl.o(.text)
    EXTI3_IRQHandler                         0x08000183   Thumb Code     0  startup_stm32f10x_cl.o(.text)
    EXTI4_IRQHandler                         0x08000183   Thumb Code     0  startup_stm32f10x_cl.o(.text)
    EXTI9_5_IRQHandler                       0x08000183   Thumb Code     0  startup_stm32f10x_cl.o(.text)
    FLASH_IRQHandler                         0x08000183   Thumb Code     0  startup_stm32f10x_cl.o(.text)
    I2C1_ER_IRQHandler                       0x08000183   Thumb Code     0  startup_stm32f10x_cl.o(.text)
    I2C1_EV_IRQHandler                       0x08000183   Thumb Code     0  startup_stm32f10x_cl.o(.text)
    I2C2_ER_IRQHandler                       0x08000183   Thumb Code     0  startup_stm32f10x_cl.o(.text)
    I2C2_EV_IRQHandler                       0x08000183   Thumb Code     0  startup_stm32f10x_cl.o(.text)
    OTG_FS_IRQHandler                        0x08000183   Thumb Code     0  startup_stm32f10x_cl.o(.text)
    OTG_FS_WKUP_IRQHandler                   0x08000183   Thumb Code     0  startup_stm32f10x_cl.o(.text)
    PVD_IRQHandler                           0x08000183   Thumb Code     0  startup_stm32f10x_cl.o(.text)
    RCC_IRQHandler                           0x08000183   Thumb Code     0  startup_stm32f10x_cl.o(.text)
    RTCAlarm_IRQHandler                      0x08000183   Thumb Code     0  startup_stm32f10x_cl.o(.text)
    RTC_IRQHandler                           0x08000183   Thumb Code     0  startup_stm32f10x_cl.o(.text)
    SPI1_IRQHandler                          0x08000183   Thumb Code     0  startup_stm32f10x_cl.o(.text)
    SPI2_IRQHandler                          0x08000183   Thumb Code     0  startup_stm32f10x_cl.o(.text)
    SPI3_IRQHandler                          0x08000183   Thumb Code     0  startup_stm32f10x_cl.o(.text)
    TAMPER_IRQHandler                        0x08000183   Thumb Code     0  startup_stm32f10x_cl.o(.text)
    TIM1_BRK_IRQHandler                      0x08000183   Thumb Code     0  startup_stm32f10x_cl.o(.text)
    TIM1_CC_IRQHandler                       0x08000183   Thumb Code     0  startup_stm32f10x_cl.o(.text)
    TIM1_TRG_COM_IRQHandler                  0x08000183   Thumb Code     0  startup_stm32f10x_cl.o(.text)
    TIM1_UP_IRQHandler                       0x08000183   Thumb Code     0  startup_stm32f10x_cl.o(.text)
    TIM2_IRQHandler                          0x08000183   Thumb Code     0  startup_stm32f10x_cl.o(.text)
    TIM3_IRQHandler                          0x08000183   Thumb Code     0  startup_stm32f10x_cl.o(.text)
    TIM4_IRQHandler                          0x08000183   Thumb Code     0  startup_stm32f10x_cl.o(.text)
    TIM5_IRQHandler                          0x08000183   Thumb Code     0  startup_stm32f10x_cl.o(.text)
    TIM6_IRQHandler                          0x08000183   Thumb Code     0  startup_stm32f10x_cl.o(.text)
    TIM7_IRQHandler                          0x08000183   Thumb Code     0  startup_stm32f10x_cl.o(.text)
    UART4_IRQHandler                         0x08000183   Thumb Code     0  startup_stm32f10x_cl.o(.text)
    UART5_IRQHandler                         0x08000183   Thumb Code     0  startup_stm32f10x_cl.o(.text)
    USART1_IRQHandler                        0x08000183   Thumb Code     0  startup_stm32f10x_cl.o(.text)
    USART3_IRQHandler                        0x08000183   Thumb Code     0  startup_stm32f10x_cl.o(.text)
    WWDG_IRQHandler                          0x08000183   Thumb Code     0  startup_stm32f10x_cl.o(.text)
    __aeabi_memcpy                           0x0800018d   Thumb Code    36  memcpya.o(.text)
    __aeabi_memcpy4                          0x0800018d   Thumb Code     0  memcpya.o(.text)
    __aeabi_memcpy8                          0x0800018d   Thumb Code     0  memcpya.o(.text)
    __scatterload                            0x080001b1   Thumb Code    28  init.o(.text)
    __scatterload_rt2                        0x080001b1   Thumb Code     0  init.o(.text)
    APP_CANFDSPI_Init                        0x080001d5   Thumb Code   324  app.o(i.APP_CANFDSPI_Init)
    APP_Initialize                           0x0800032d   Thumb Code   182  app.o(i.APP_Initialize)
    APP_LED_Clear                            0x080003fd   Thumb Code    24  app.o(i.APP_LED_Clear)
    APP_LED_Set                              0x08000419   Thumb Code    24  app.o(i.APP_LED_Set)
    APP_TransmitMessageQueue                 0x08000435   Thumb Code   100  app.o(i.APP_TransmitMessageQueue)
    CAN1_Config                              0x080004b1   Thumb Code   200  can.o(i.CAN1_Config)
    CAN1_Filter_Config                       0x08000581   Thumb Code    82  can.o(i.CAN1_Filter_Config)
    CAN1_RX0_IRQHandler                      0x080005d9   Thumb Code    56  can.o(i.CAN1_RX0_IRQHandler)
    CAN1_SCE_IRQHandler                      0x0800061d   Thumb Code    14  can.o(i.CAN1_SCE_IRQHandler)
    CAN1_wrMsg                               0x08000631   Thumb Code    56  can.o(i.CAN1_wrMsg)
    CAN2_RX0_IRQHandler                      0x08000671   Thumb Code    22  can.o(i.CAN2_RX0_IRQHandler)
    CAN2_SCE_IRQHandler                      0x08000691   Thumb Code    14  can.o(i.CAN2_SCE_IRQHandler)
    CAN_ClearITPendingBit                    0x080006a5   Thumb Code   162  stm32f10x_can.o(i.CAN_ClearITPendingBit)
    CAN_DeInit                               0x0800074d   Thumb Code    50  stm32f10x_can.o(i.CAN_DeInit)
    CAN_FilterInit                           0x08000785   Thumb Code   258  stm32f10x_can.o(i.CAN_FilterInit)
    CAN_Frame_Get                            0x0800088d   Thumb Code    86  app.o(i.CAN_Frame_Get)
    CAN_GPIO_Config                          0x080008f5   Thumb Code    88  can.o(i.CAN_GPIO_Config)
    CAN_ITConfig                             0x08000951   Thumb Code    18  stm32f10x_can.o(i.CAN_ITConfig)
    CAN_Init                                 0x08000963   Thumb Code   276  stm32f10x_can.o(i.CAN_Init)
    CAN_Receive                              0x08000a77   Thumb Code   240  stm32f10x_can.o(i.CAN_Receive)
    CAN_Transmit                             0x08000b67   Thumb Code   294  stm32f10x_can.o(i.CAN_Transmit)
    CAN_TransmitStatus                       0x08000c8d   Thumb Code   138  stm32f10x_can.o(i.CAN_TransmitStatus)
    DRV_CANFDSPI_BitTimeConfigure            0x08000d2d   Thumb Code   130  drv_canfdspi_api.o(i.DRV_CANFDSPI_BitTimeConfigure)
    DRV_CANFDSPI_BitTimeConfigureData10MHz   0x08000db1   Thumb Code   540  drv_canfdspi_api.o(i.DRV_CANFDSPI_BitTimeConfigureData10MHz)
    DRV_CANFDSPI_BitTimeConfigureData20MHz   0x08000fd1   Thumb Code   788  drv_canfdspi_api.o(i.DRV_CANFDSPI_BitTimeConfigureData20MHz)
    DRV_CANFDSPI_BitTimeConfigureData40MHz   0x080012e9   Thumb Code  1120  drv_canfdspi_api.o(i.DRV_CANFDSPI_BitTimeConfigureData40MHz)
    DRV_CANFDSPI_BitTimeConfigureNominal10MHz 0x08001749   Thumb Code   276  drv_canfdspi_api.o(i.DRV_CANFDSPI_BitTimeConfigureNominal10MHz)
    DRV_CANFDSPI_BitTimeConfigureNominal20MHz 0x08001861   Thumb Code   276  drv_canfdspi_api.o(i.DRV_CANFDSPI_BitTimeConfigureNominal20MHz)
    DRV_CANFDSPI_BitTimeConfigureNominal40MHz 0x08001979   Thumb Code   270  drv_canfdspi_api.o(i.DRV_CANFDSPI_BitTimeConfigureNominal40MHz)
    DRV_CANFDSPI_Configure                   0x08001a8d   Thumb Code   180  drv_canfdspi_api.o(i.DRV_CANFDSPI_Configure)
    DRV_CANFDSPI_ConfigureObjectReset        0x08001b45   Thumb Code   156  drv_canfdspi_api.o(i.DRV_CANFDSPI_ConfigureObjectReset)
    DRV_CANFDSPI_DlcToDataBytes              0x08001be5   Thumb Code    70  drv_canfdspi_api.o(i.DRV_CANFDSPI_DlcToDataBytes)
    DRV_CANFDSPI_EccEnable                   0x08001c2b   Thumb Code    70  drv_canfdspi_api.o(i.DRV_CANFDSPI_EccEnable)
    DRV_CANFDSPI_ErrorCountStateGet          0x08001c71   Thumb Code    72  drv_canfdspi_api.o(i.DRV_CANFDSPI_ErrorCountStateGet)
    DRV_CANFDSPI_FilterMaskConfigure         0x08001cb9   Thumb Code    48  drv_canfdspi_api.o(i.DRV_CANFDSPI_FilterMaskConfigure)
    DRV_CANFDSPI_FilterObjectConfigure       0x08001ce9   Thumb Code    48  drv_canfdspi_api.o(i.DRV_CANFDSPI_FilterObjectConfigure)
    DRV_CANFDSPI_FilterToFifoLink            0x08001d19   Thumb Code    70  drv_canfdspi_api.o(i.DRV_CANFDSPI_FilterToFifoLink)
    DRV_CANFDSPI_GpioModeConfigure           0x08001d5f   Thumb Code    88  drv_canfdspi_api.o(i.DRV_CANFDSPI_GpioModeConfigure)
    DRV_CANFDSPI_ModuleEventEnable           0x08001db7   Thumb Code    80  drv_canfdspi_api.o(i.DRV_CANFDSPI_ModuleEventEnable)
    DRV_CANFDSPI_OperationModeSelect         0x08001e07   Thumb Code    76  drv_canfdspi_api.o(i.DRV_CANFDSPI_OperationModeSelect)
    DRV_CANFDSPI_RamInit                     0x08001e53   Thumb Code    76  drv_canfdspi_api.o(i.DRV_CANFDSPI_RamInit)
    DRV_CANFDSPI_ReadByte                    0x08001ea1   Thumb Code    56  drv_canfdspi_api.o(i.DRV_CANFDSPI_ReadByte)
    DRV_CANFDSPI_ReadByteArray               0x08001ee1   Thumb Code    92  drv_canfdspi_api.o(i.DRV_CANFDSPI_ReadByteArray)
    DRV_CANFDSPI_ReadHalfWord                0x08001f45   Thumb Code    92  drv_canfdspi_api.o(i.DRV_CANFDSPI_ReadHalfWord)
    DRV_CANFDSPI_ReadWord                    0x08001fa9   Thumb Code    92  drv_canfdspi_api.o(i.DRV_CANFDSPI_ReadWord)
    DRV_CANFDSPI_ReadWordArray               0x0800200d   Thumb Code   144  drv_canfdspi_api.o(i.DRV_CANFDSPI_ReadWordArray)
    DRV_CANFDSPI_ReceiveChannelConfigure     0x080020a5   Thumb Code    98  drv_canfdspi_api.o(i.DRV_CANFDSPI_ReceiveChannelConfigure)
    DRV_CANFDSPI_ReceiveChannelConfigureObjectReset 0x0800210d   Thumb Code    50  drv_canfdspi_api.o(i.DRV_CANFDSPI_ReceiveChannelConfigureObjectReset)
    DRV_CANFDSPI_ReceiveChannelEventEnable   0x08002145   Thumb Code    98  drv_canfdspi_api.o(i.DRV_CANFDSPI_ReceiveChannelEventEnable)
    DRV_CANFDSPI_ReceiveChannelUpdate        0x080021a7   Thumb Code    56  drv_canfdspi_api.o(i.DRV_CANFDSPI_ReceiveChannelUpdate)
    DRV_CANFDSPI_ReceiveMessageGet           0x080021df   Thumb Code   364  drv_canfdspi_api.o(i.DRV_CANFDSPI_ReceiveMessageGet)
    DRV_CANFDSPI_Reset                       0x0800234d   Thumb Code    32  drv_canfdspi_api.o(i.DRV_CANFDSPI_Reset)
    DRV_CANFDSPI_TransmitChannelConfigure    0x08002375   Thumb Code   116  drv_canfdspi_api.o(i.DRV_CANFDSPI_TransmitChannelConfigure)
    DRV_CANFDSPI_TransmitChannelConfigureObjectReset 0x080023ed   Thumb Code    74  drv_canfdspi_api.o(i.DRV_CANFDSPI_TransmitChannelConfigureObjectReset)
    DRV_CANFDSPI_TransmitChannelEventGet     0x0800243d   Thumb Code    64  drv_canfdspi_api.o(i.DRV_CANFDSPI_TransmitChannelEventGet)
    DRV_CANFDSPI_TransmitChannelLoad         0x0800247d   Thumb Code   294  drv_canfdspi_api.o(i.DRV_CANFDSPI_TransmitChannelLoad)
    DRV_CANFDSPI_TransmitChannelUpdate       0x080025a3   Thumb Code    84  drv_canfdspi_api.o(i.DRV_CANFDSPI_TransmitChannelUpdate)
    DRV_CANFDSPI_WriteByte                   0x080025f9   Thumb Code    50  drv_canfdspi_api.o(i.DRV_CANFDSPI_WriteByte)
    DRV_CANFDSPI_WriteByteArray              0x08002635   Thumb Code    74  drv_canfdspi_api.o(i.DRV_CANFDSPI_WriteByteArray)
    DRV_CANFDSPI_WriteHalfWord               0x08002689   Thumb Code    76  drv_canfdspi_api.o(i.DRV_CANFDSPI_WriteHalfWord)
    DRV_CANFDSPI_WriteWord                   0x080026dd   Thumb Code    76  drv_canfdspi_api.o(i.DRV_CANFDSPI_WriteWord)
    DRV_SPI_Initialize                       0x08002731   Thumb Code     8  drv_spi.o(i.DRV_SPI_Initialize)
    DRV_SPI_TransferData                     0x08002739   Thumb Code    26  drv_spi.o(i.DRV_SPI_TransferData)
    EXTI0_IRQHandler                         0x08002753   Thumb Code    22  app.o(i.EXTI0_IRQHandler)
    EXTI_ClearITPendingBit                   0x08002769   Thumb Code     6  stm32f10x_exti.o(i.EXTI_ClearITPendingBit)
    EXTI_Configuration                       0x08002775   Thumb Code    90  app.o(i.EXTI_Configuration)
    EXTI_GetITStatus                         0x080027d1   Thumb Code    34  stm32f10x_exti.o(i.EXTI_GetITStatus)
    EXTI_Init                                0x080027f9   Thumb Code   142  stm32f10x_exti.o(i.EXTI_Init)
    GPIO_Configuration                       0x0800288d   Thumb Code   342  candemo.o(i.GPIO_Configuration)
    GPIO_EXTILineConfig                      0x080029f5   Thumb Code    60  stm32f10x_gpio.o(i.GPIO_EXTILineConfig)
    GPIO_Init                                0x08002a35   Thumb Code   278  stm32f10x_gpio.o(i.GPIO_Init)
    GPIO_PinRemapConfig                      0x08002b4d   Thumb Code   138  stm32f10x_gpio.o(i.GPIO_PinRemapConfig)
    GPIO_ReadInputDataBit                    0x08002bdd   Thumb Code    18  stm32f10x_gpio.o(i.GPIO_ReadInputDataBit)
    GPIO_ResetBits                           0x08002bef   Thumb Code     4  stm32f10x_gpio.o(i.GPIO_ResetBits)
    GPIO_SetBits                             0x08002bf3   Thumb Code     4  stm32f10x_gpio.o(i.GPIO_SetBits)
    NVIC_Config                              0x08002bf9   Thumb Code    88  can.o(i.NVIC_Config)
    NVIC_Init                                0x08002c55   Thumb Code   100  misc.o(i.NVIC_Init)
    NVIC_PriorityGroupConfig                 0x08002cc5   Thumb Code    10  misc.o(i.NVIC_PriorityGroupConfig)
    RCC_APB1PeriphClockCmd                   0x08002cd9   Thumb Code    26  stm32f10x_rcc.o(i.RCC_APB1PeriphClockCmd)
    RCC_APB1PeriphResetCmd                   0x08002cf9   Thumb Code    26  stm32f10x_rcc.o(i.RCC_APB1PeriphResetCmd)
    RCC_APB2PeriphClockCmd                   0x08002d19   Thumb Code    26  stm32f10x_rcc.o(i.RCC_APB2PeriphClockCmd)
    RCC_GetClocksFreq                        0x08002d39   Thumb Code   374  stm32f10x_rcc.o(i.RCC_GetClocksFreq)
    SPI_Cmd                                  0x08002ec5   Thumb Code    24  stm32f10x_spi.o(i.SPI_Cmd)
    SPI_I2S_GetFlagStatus                    0x08002edd   Thumb Code    18  stm32f10x_spi.o(i.SPI_I2S_GetFlagStatus)
    SPI_I2S_ReceiveData                      0x08002eef   Thumb Code     6  stm32f10x_spi.o(i.SPI_I2S_ReceiveData)
    SPI_I2S_SendData                         0x08002ef5   Thumb Code     4  stm32f10x_spi.o(i.SPI_I2S_SendData)
    SPI_Init                                 0x08002ef9   Thumb Code    60  stm32f10x_spi.o(i.SPI_Init)
    SysTick_Handler                          0x08003055   Thumb Code    12  candemo.o(i.SysTick_Handler)
    SystemInit                               0x08003065   Thumb Code    92  system_stm32f10x.o(i.SystemInit)
    USART2_IRQHandler                        0x080030d1   Thumb Code    24  candemo.o(i.USART2_IRQHandler)
    USART_ClearFlag                          0x080030ed   Thumb Code    18  stm32f10x_usart.o(i.USART_ClearFlag)
    USART_Cmd                                0x080030ff   Thumb Code    24  stm32f10x_usart.o(i.USART_Cmd)
    USART_GetFlagStatus                      0x08003117   Thumb Code    26  stm32f10x_usart.o(i.USART_GetFlagStatus)
    USART_GetITStatus                        0x08003131   Thumb Code    84  stm32f10x_usart.o(i.USART_GetITStatus)
    USART_ITConfig                           0x08003185   Thumb Code    74  stm32f10x_usart.o(i.USART_ITConfig)
    USART_Init                               0x080031d1   Thumb Code   210  stm32f10x_usart.o(i.USART_Init)
    USART_SendData                           0x080032a9   Thumb Code     8  stm32f10x_usart.o(i.USART_SendData)
    Uart2_Init                               0x080032b1   Thumb Code   178  candemo.o(i.Uart2_Init)
    __0printf$bare                           0x0800336d   Thumb Code     8  printfb.o(i.__0printf$bare)
    __1printf$bare                           0x0800336d   Thumb Code     0  printfb.o(i.__0printf$bare)
    __2printf                                0x0800336d   Thumb Code     0  printfb.o(i.__0printf$bare)
    __scatterload_copy                       0x0800337d   Thumb Code    14  handlers.o(i.__scatterload_copy)
    __scatterload_null                       0x0800338b   Thumb Code     2  handlers.o(i.__scatterload_null)
    __scatterload_zeroinit                   0x0800338d   Thumb Code    14  handlers.o(i.__scatterload_zeroinit)
    fputc                                    0x080033bd   Thumb Code    32  candemo.o(i.fputc)
    main                                     0x080033e1   Thumb Code   822  candemo.o(i.main)
    spi_master_init                          0x080037ad   Thumb Code   160  drv_spi.o(i.spi_master_init)
    spi_master_transfer                      0x08003855   Thumb Code    88  drv_spi.o(i.spi_master_transfer)
    BitReverseTable256                       0x0800392c   Data         256  drv_canfdspi_api.o(.constdata)
    crc16_table                              0x08003a2c   Data         512  drv_canfdspi_api.o(.constdata)
    Region$$Table$$Base                      0x08003c2c   Number         0  anon$$obj.o(Region$$Table)
    Region$$Table$$Limit                     0x08003c4c   Number         0  anon$$obj.o(Region$$Table)
    appData                                  0x20000000   Data           1  app.o(.data)
    config                                   0x20000004   Data           4  app.o(.data)
    opMode                                   0x20000008   Data           1  app.o(.data)
    txConfig                                 0x2000000c   Data           4  app.o(.data)
    txFlags                                  0x20000010   Data           1  app.o(.data)
    rxConfig                                 0x20000014   Data           4  app.o(.data)
    fObj                                     0x20000018   Data           4  app.o(.data)
    mObj                                     0x2000001c   Data           4  app.o(.data)
    rxFlags                                  0x20000020   Data           1  app.o(.data)
    CANFD_Send_Num                           0x20000021   Data           1  app.o(.data)
    CANFD_Recv_Num                           0x20000022   Data           1  app.o(.data)
    delayCount                               0x20000024   Data           4  app.o(.data)
    reg                                      0x20000028   Data           4  app.o(.data)
    lastSwitchState                          0x2000002c   Data           1  app.o(.data)
    payload                                  0x2000002d   Data           6  app.o(.data)
    ledCount                                 0x20000033   Data           1  app.o(.data)
    ledState                                 0x20000034   Data           1  app.o(.data)
    i                                        0x20000035   Data           1  app.o(.data)
    tec                                      0x20000036   Data           1  app.o(.data)
    rec                                      0x20000037   Data           1  app.o(.data)
    errorFlags                               0x20000038   Data           1  app.o(.data)
    CAN_Send_Num                             0x20000039   Data           1  can.o(.data)
    CAN_Recv_Num                             0x2000003a   Data           1  can.o(.data)
    CAN1_STATUS                              0x2000003c   Data           4  candemo.o(.data)
    CAN2_STATUS                              0x20000040   Data           4  candemo.o(.data)
    msTicks                                  0x20000044   Data           4  candemo.o(.data)
    __stdout                                 0x2000005c   Data           4  stdout.o(.data)
    txObj                                    0x20000060   Data          12  app.o(.bss)
    txd                                      0x2000006c   Data          64  app.o(.bss)
    rxObj                                    0x200000ac   Data        1200  app.o(.bss)
    rxd                                      0x2000055c   Data        6400  app.o(.bss)
    busDiagnostics                           0x20001e5c   Data          12  app.o(.bss)
    spiTransmitBuffer                        0x20001e68   Data          96  drv_canfdspi_api.o(.bss)
    spiReceiveBuffer                         0x20001ec8   Data          96  drv_canfdspi_api.o(.bss)
    CAN_InitStructure                        0x20001f28   Data          12  can.o(.bss)
    CAN_FilterInitStructure                  0x20001f34   Data          14  can.o(.bss)
    CAN1_TxMessage                           0x20001f44   Data          20  can.o(.bss)
    CAN2_TxMessage                           0x20001f58   Data          20  can.o(.bss)
    CAN1_RxMessage                           0x20001f6c   Data        2000  can.o(.bss)
    CAN2_RxMessage                           0x2000273c   Data          20  can.o(.bss)
    __initial_sp                             0x20002f50   Data           0  startup_stm32f10x_cl.o(STACK)



==============================================================================

Memory Map of the image

  Image Entry point : 0x08000151

  Load Region LR_IROM1 (Base: 0x08000000, Size: 0x00003cac, Max: 0x00020000, ABSOLUTE)

    Execution Region ER_IROM1 (Exec base: 0x08000000, Load base: 0x08000000, Size: 0x00003c4c, Max: 0x00020000, ABSOLUTE)

    Exec Addr    Load Addr    Size         Type   Attr      Idx    E Section Name        Object

    0x08000000   0x08000000   0x00000150   Data   RO           73    RESET               startup_stm32f10x_cl.o
    0x08000150   0x08000150   0x00000000   Code   RO         2187  * .ARM.Collect$$$$00000000  mc_w.l(entry.o)
    0x08000150   0x08000150   0x00000004   Code   RO         2454    .ARM.Collect$$$$00000001  mc_w.l(entry2.o)
    0x08000154   0x08000154   0x00000004   Code   RO         2457    .ARM.Collect$$$$00000004  mc_w.l(entry5.o)
    0x08000158   0x08000158   0x00000000   Code   RO         2459    .ARM.Collect$$$$00000008  mc_w.l(entry7b.o)
    0x08000158   0x08000158   0x00000000   Code   RO         2461    .ARM.Collect$$$$0000000A  mc_w.l(entry8b.o)
    0x08000158   0x08000158   0x00000008   Code   RO         2462    .ARM.Collect$$$$0000000B  mc_w.l(entry9a.o)
    0x08000160   0x08000160   0x00000004   Code   RO         2469    .ARM.Collect$$$$0000000E  mc_w.l(entry12b.o)
    0x08000164   0x08000164   0x00000000   Code   RO         2464    .ARM.Collect$$$$0000000F  mc_w.l(entry10a.o)
    0x08000164   0x08000164   0x00000000   Code   RO         2466    .ARM.Collect$$$$00000011  mc_w.l(entry11a.o)
    0x08000164   0x08000164   0x00000004   Code   RO         2455    .ARM.Collect$$$$00002712  mc_w.l(entry2.o)
    0x08000168   0x08000168   0x00000024   Code   RO           74    .text               startup_stm32f10x_cl.o
    0x0800018c   0x0800018c   0x00000024   Code   RO         2190    .text               mc_w.l(memcpya.o)
    0x080001b0   0x080001b0   0x00000024   Code   RO         2486    .text               mc_w.l(init.o)
    0x080001d4   0x080001d4   0x00000158   Code   RO           79    i.APP_CANFDSPI_Init  app.o
    0x0800032c   0x0800032c   0x000000d0   Code   RO           80    i.APP_Initialize    app.o
    0x080003fc   0x080003fc   0x0000001c   Code   RO           81    i.APP_LED_Clear     app.o
    0x08000418   0x08000418   0x0000001c   Code   RO           82    i.APP_LED_Set       app.o
    0x08000434   0x08000434   0x0000007c   Code   RO           84    i.APP_TransmitMessageQueue  app.o
    0x080004b0   0x080004b0   0x000000d0   Code   RO         1054    i.CAN1_Config       can.o
    0x08000580   0x08000580   0x00000058   Code   RO         1055    i.CAN1_Filter_Config  can.o
    0x080005d8   0x080005d8   0x00000044   Code   RO         1056    i.CAN1_RX0_IRQHandler  can.o
    0x0800061c   0x0800061c   0x00000014   Code   RO         1057    i.CAN1_SCE_IRQHandler  can.o
    0x08000630   0x08000630   0x00000040   Code   RO         1058    i.CAN1_wrMsg        can.o
    0x08000670   0x08000670   0x00000020   Code   RO         1061    i.CAN2_RX0_IRQHandler  can.o
    0x08000690   0x08000690   0x00000014   Code   RO         1062    i.CAN2_SCE_IRQHandler  can.o
    0x080006a4   0x080006a4   0x000000a8   Code   RO         1854    i.CAN_ClearITPendingBit  stm32f10x_can.o
    0x0800074c   0x0800074c   0x00000038   Code   RO         1856    i.CAN_DeInit        stm32f10x_can.o
    0x08000784   0x08000784   0x00000108   Code   RO         1858    i.CAN_FilterInit    stm32f10x_can.o
    0x0800088c   0x0800088c   0x00000068   Code   RO           85    i.CAN_Frame_Get     app.o
    0x080008f4   0x080008f4   0x0000005c   Code   RO         1064    i.CAN_GPIO_Config   can.o
    0x08000950   0x08000950   0x00000012   Code   RO         1864    i.CAN_ITConfig      stm32f10x_can.o
    0x08000962   0x08000962   0x00000114   Code   RO         1865    i.CAN_Init          stm32f10x_can.o
    0x08000a76   0x08000a76   0x000000f0   Code   RO         1868    i.CAN_Receive       stm32f10x_can.o
    0x08000b66   0x08000b66   0x00000126   Code   RO         1873    i.CAN_Transmit      stm32f10x_can.o
    0x08000c8c   0x08000c8c   0x000000a0   Code   RO         1874    i.CAN_TransmitStatus  stm32f10x_can.o
    0x08000d2c   0x08000d2c   0x00000082   Code   RO          211    i.DRV_CANFDSPI_BitTimeConfigure  drv_canfdspi_api.o
    0x08000dae   0x08000dae   0x00000002   PAD
    0x08000db0   0x08000db0   0x00000220   Code   RO          212    i.DRV_CANFDSPI_BitTimeConfigureData10MHz  drv_canfdspi_api.o
    0x08000fd0   0x08000fd0   0x00000318   Code   RO          213    i.DRV_CANFDSPI_BitTimeConfigureData20MHz  drv_canfdspi_api.o
    0x080012e8   0x080012e8   0x00000460   Code   RO          214    i.DRV_CANFDSPI_BitTimeConfigureData40MHz  drv_canfdspi_api.o
    0x08001748   0x08001748   0x00000118   Code   RO          215    i.DRV_CANFDSPI_BitTimeConfigureNominal10MHz  drv_canfdspi_api.o
    0x08001860   0x08001860   0x00000118   Code   RO          216    i.DRV_CANFDSPI_BitTimeConfigureNominal20MHz  drv_canfdspi_api.o
    0x08001978   0x08001978   0x00000114   Code   RO          217    i.DRV_CANFDSPI_BitTimeConfigureNominal40MHz  drv_canfdspi_api.o
    0x08001a8c   0x08001a8c   0x000000b8   Code   RO          221    i.DRV_CANFDSPI_Configure  drv_canfdspi_api.o
    0x08001b44   0x08001b44   0x000000a0   Code   RO          222    i.DRV_CANFDSPI_ConfigureObjectReset  drv_canfdspi_api.o
    0x08001be4   0x08001be4   0x00000046   Code   RO          230    i.DRV_CANFDSPI_DlcToDataBytes  drv_canfdspi_api.o
    0x08001c2a   0x08001c2a   0x00000046   Code   RO          232    i.DRV_CANFDSPI_EccEnable  drv_canfdspi_api.o
    0x08001c70   0x08001c70   0x00000048   Code   RO          241    i.DRV_CANFDSPI_ErrorCountStateGet  drv_canfdspi_api.o
    0x08001cb8   0x08001cb8   0x00000030   Code   RO          247    i.DRV_CANFDSPI_FilterMaskConfigure  drv_canfdspi_api.o
    0x08001ce8   0x08001ce8   0x00000030   Code   RO          248    i.DRV_CANFDSPI_FilterObjectConfigure  drv_canfdspi_api.o
    0x08001d18   0x08001d18   0x00000046   Code   RO          249    i.DRV_CANFDSPI_FilterToFifoLink  drv_canfdspi_api.o
    0x08001d5e   0x08001d5e   0x00000058   Code   RO          253    i.DRV_CANFDSPI_GpioModeConfigure  drv_canfdspi_api.o
    0x08001db6   0x08001db6   0x00000050   Code   RO          263    i.DRV_CANFDSPI_ModuleEventEnable  drv_canfdspi_api.o
    0x08001e06   0x08001e06   0x0000004c   Code   RO          270    i.DRV_CANFDSPI_OperationModeSelect  drv_canfdspi_api.o
    0x08001e52   0x08001e52   0x0000004c   Code   RO          275    i.DRV_CANFDSPI_RamInit  drv_canfdspi_api.o
    0x08001e9e   0x08001e9e   0x00000002   PAD
    0x08001ea0   0x08001ea0   0x00000040   Code   RO          276    i.DRV_CANFDSPI_ReadByte  drv_canfdspi_api.o
    0x08001ee0   0x08001ee0   0x00000064   Code   RO          277    i.DRV_CANFDSPI_ReadByteArray  drv_canfdspi_api.o
    0x08001f44   0x08001f44   0x00000064   Code   RO          279    i.DRV_CANFDSPI_ReadHalfWord  drv_canfdspi_api.o
    0x08001fa8   0x08001fa8   0x00000064   Code   RO          280    i.DRV_CANFDSPI_ReadWord  drv_canfdspi_api.o
    0x0800200c   0x0800200c   0x00000098   Code   RO          281    i.DRV_CANFDSPI_ReadWordArray  drv_canfdspi_api.o
    0x080020a4   0x080020a4   0x00000068   Code   RO          282    i.DRV_CANFDSPI_ReceiveChannelConfigure  drv_canfdspi_api.o
    0x0800210c   0x0800210c   0x00000038   Code   RO          283    i.DRV_CANFDSPI_ReceiveChannelConfigureObjectReset  drv_canfdspi_api.o
    0x08002144   0x08002144   0x00000062   Code   RO          285    i.DRV_CANFDSPI_ReceiveChannelEventEnable  drv_canfdspi_api.o
    0x080021a6   0x080021a6   0x00000038   Code   RO          291    i.DRV_CANFDSPI_ReceiveChannelUpdate  drv_canfdspi_api.o
    0x080021de   0x080021de   0x0000016c   Code   RO          294    i.DRV_CANFDSPI_ReceiveMessageGet  drv_canfdspi_api.o
    0x0800234a   0x0800234a   0x00000002   PAD
    0x0800234c   0x0800234c   0x00000028   Code   RO          295    i.DRV_CANFDSPI_Reset  drv_canfdspi_api.o
    0x08002374   0x08002374   0x00000078   Code   RO          315    i.DRV_CANFDSPI_TransmitChannelConfigure  drv_canfdspi_api.o
    0x080023ec   0x080023ec   0x00000050   Code   RO          316    i.DRV_CANFDSPI_TransmitChannelConfigureObjectReset  drv_canfdspi_api.o
    0x0800243c   0x0800243c   0x00000040   Code   RO          320    i.DRV_CANFDSPI_TransmitChannelEventGet  drv_canfdspi_api.o
    0x0800247c   0x0800247c   0x00000126   Code   RO          323    i.DRV_CANFDSPI_TransmitChannelLoad  drv_canfdspi_api.o
    0x080025a2   0x080025a2   0x00000054   Code   RO          326    i.DRV_CANFDSPI_TransmitChannelUpdate  drv_canfdspi_api.o
    0x080025f6   0x080025f6   0x00000002   PAD
    0x080025f8   0x080025f8   0x0000003c   Code   RO          333    i.DRV_CANFDSPI_WriteByte  drv_canfdspi_api.o
    0x08002634   0x08002634   0x00000054   Code   RO          334    i.DRV_CANFDSPI_WriteByteArray  drv_canfdspi_api.o
    0x08002688   0x08002688   0x00000054   Code   RO          337    i.DRV_CANFDSPI_WriteHalfWord  drv_canfdspi_api.o
    0x080026dc   0x080026dc   0x00000054   Code   RO          338    i.DRV_CANFDSPI_WriteWord  drv_canfdspi_api.o
    0x08002730   0x08002730   0x00000008   Code   RO         1014    i.DRV_SPI_Initialize  drv_spi.o
    0x08002738   0x08002738   0x0000001a   Code   RO         1015    i.DRV_SPI_TransferData  drv_spi.o
    0x08002752   0x08002752   0x00000016   Code   RO           86    i.EXTI0_IRQHandler  app.o
    0x08002768   0x08002768   0x0000000c   Code   RO         1799    i.EXTI_ClearITPendingBit  stm32f10x_exti.o
    0x08002774   0x08002774   0x0000005a   Code   RO           87    i.EXTI_Configuration  app.o
    0x080027ce   0x080027ce   0x00000002   PAD
    0x080027d0   0x080027d0   0x00000028   Code   RO         1803    i.EXTI_GetITStatus  stm32f10x_exti.o
    0x080027f8   0x080027f8   0x00000094   Code   RO         1804    i.EXTI_Init         stm32f10x_exti.o
    0x0800288c   0x0800288c   0x00000168   Code   RO         1171    i.GPIO_Configuration  candemo.o
    0x080029f4   0x080029f4   0x00000040   Code   RO         1289    i.GPIO_EXTILineConfig  stm32f10x_gpio.o
    0x08002a34   0x08002a34   0x00000116   Code   RO         1292    i.GPIO_Init         stm32f10x_gpio.o
    0x08002b4a   0x08002b4a   0x00000002   PAD
    0x08002b4c   0x08002b4c   0x00000090   Code   RO         1294    i.GPIO_PinRemapConfig  stm32f10x_gpio.o
    0x08002bdc   0x08002bdc   0x00000012   Code   RO         1296    i.GPIO_ReadInputDataBit  stm32f10x_gpio.o
    0x08002bee   0x08002bee   0x00000004   Code   RO         1299    i.GPIO_ResetBits    stm32f10x_gpio.o
    0x08002bf2   0x08002bf2   0x00000004   Code   RO         1300    i.GPIO_SetBits      stm32f10x_gpio.o
    0x08002bf6   0x08002bf6   0x00000002   PAD
    0x08002bf8   0x08002bf8   0x0000005c   Code   RO         1065    i.NVIC_Config       can.o
    0x08002c54   0x08002c54   0x00000070   Code   RO         1250    i.NVIC_Init         misc.o
    0x08002cc4   0x08002cc4   0x00000014   Code   RO         1251    i.NVIC_PriorityGroupConfig  misc.o
    0x08002cd8   0x08002cd8   0x00000020   Code   RO         1403    i.RCC_APB1PeriphClockCmd  stm32f10x_rcc.o
    0x08002cf8   0x08002cf8   0x00000020   Code   RO         1404    i.RCC_APB1PeriphResetCmd  stm32f10x_rcc.o
    0x08002d18   0x08002d18   0x00000020   Code   RO         1405    i.RCC_APB2PeriphClockCmd  stm32f10x_rcc.o
    0x08002d38   0x08002d38   0x0000018c   Code   RO         1413    i.RCC_GetClocksFreq  stm32f10x_rcc.o
    0x08002ec4   0x08002ec4   0x00000018   Code   RO         1659    i.SPI_Cmd           stm32f10x_spi.o
    0x08002edc   0x08002edc   0x00000012   Code   RO         1667    i.SPI_I2S_GetFlagStatus  stm32f10x_spi.o
    0x08002eee   0x08002eee   0x00000006   Code   RO         1670    i.SPI_I2S_ReceiveData  stm32f10x_spi.o
    0x08002ef4   0x08002ef4   0x00000004   Code   RO         1671    i.SPI_I2S_SendData  stm32f10x_spi.o
    0x08002ef8   0x08002ef8   0x0000003c   Code   RO         1672    i.SPI_Init          stm32f10x_spi.o
    0x08002f34   0x08002f34   0x00000008   Code   RO            1    i.SetSysClock       system_stm32f10x.o
    0x08002f3c   0x08002f3c   0x00000118   Code   RO            2    i.SetSysClockTo72   system_stm32f10x.o
    0x08003054   0x08003054   0x00000010   Code   RO         1172    i.SysTick_Handler   candemo.o
    0x08003064   0x08003064   0x0000006c   Code   RO            4    i.SystemInit        system_stm32f10x.o
    0x080030d0   0x080030d0   0x0000001c   Code   RO         1173    i.USART2_IRQHandler  candemo.o
    0x080030ec   0x080030ec   0x00000012   Code   RO         2007    i.USART_ClearFlag   stm32f10x_usart.o
    0x080030fe   0x080030fe   0x00000018   Code   RO         2011    i.USART_Cmd         stm32f10x_usart.o
    0x08003116   0x08003116   0x0000001a   Code   RO         2014    i.USART_GetFlagStatus  stm32f10x_usart.o
    0x08003130   0x08003130   0x00000054   Code   RO         2015    i.USART_GetITStatus  stm32f10x_usart.o
    0x08003184   0x08003184   0x0000004a   Code   RO         2017    i.USART_ITConfig    stm32f10x_usart.o
    0x080031ce   0x080031ce   0x00000002   PAD
    0x080031d0   0x080031d0   0x000000d8   Code   RO         2018    i.USART_Init        stm32f10x_usart.o
    0x080032a8   0x080032a8   0x00000008   Code   RO         2028    i.USART_SendData    stm32f10x_usart.o
    0x080032b0   0x080032b0   0x000000bc   Code   RO         1175    i.Uart2_Init        candemo.o
    0x0800336c   0x0800336c   0x00000010   Code   RO         2195    i.__0printf$bare    mc_w.l(printfb.o)
    0x0800337c   0x0800337c   0x0000000e   Code   RO         2498    i.__scatterload_copy  mc_w.l(handlers.o)
    0x0800338a   0x0800338a   0x00000002   Code   RO         2499    i.__scatterload_null  mc_w.l(handlers.o)
    0x0800338c   0x0800338c   0x0000000e   Code   RO         2500    i.__scatterload_zeroinit  mc_w.l(handlers.o)
    0x0800339a   0x0800339a   0x00000022   Code   RO         2202    i._printf_core      mc_w.l(printfb.o)
    0x080033bc   0x080033bc   0x00000024   Code   RO         1176    i.fputc             candemo.o
    0x080033e0   0x080033e0   0x000003cc   Code   RO         1177    i.main              candemo.o
    0x080037ac   0x080037ac   0x000000a8   Code   RO         1029    i.spi_master_init   drv_spi.o
    0x08003854   0x08003854   0x00000060   Code   RO         1035    i.spi_master_transfer  drv_spi.o
    0x080038b4   0x080038b4   0x00000378   Data   RO          342    .constdata          drv_canfdspi_api.o
    0x08003c2c   0x08003c2c   0x00000020   Data   RO         2496    Region$$Table       anon$$obj.o


    Execution Region RW_IRAM1 (Exec base: 0x20000000, Load base: 0x08003c4c, Size: 0x00002f50, Max: 0x00010000, ABSOLUTE)

    Exec Addr    Load Addr    Size         Type   Attr      Idx    E Section Name        Object

    0x20000000   0x08003c4c   0x00000039   Data   RW           90    .data               app.o
    0x20000039   0x08003c85   0x00000002   Data   RW         1068    .data               can.o
    0x2000003b   0x08003c87   0x00000001   PAD
    0x2000003c   0x08003c88   0x0000000c   Data   RW         1179    .data               candemo.o
    0x20000048   0x08003c94   0x00000014   Data   RW         1441    .data               stm32f10x_rcc.o
    0x2000005c   0x08003ca8   0x00000004   Data   RW         2470    .data               mc_w.l(stdout.o)
    0x20000060        -       0x00001e08   Zero   RW           88    .bss                app.o
    0x20001e68        -       0x000000c0   Zero   RW          341    .bss                drv_canfdspi_api.o
    0x20001f28        -       0x00000828   Zero   RW         1066    .bss                can.o
    0x20002750        -       0x00000800   Zero   RW           71    STACK               startup_stm32f10x_cl.o


==============================================================================

Image component sizes


      Code (inc. data)   RO Data    RW Data    ZI Data      Debug   Object Name

       948         96          0         57       7688     270785   app.o
       684         64          0          2       2088     260394   can.o
      1600        190          0         12          0      23222   candemo.o
      6652        258        888          0        192      63163   drv_canfdspi_api.o
       298         16          0          0          0       3436   drv_spi.o
       132         22          0          0          0       1839   misc.o
        36          8        336          0       2048        972   startup_stm32f10x_cl.o
      1476         40          0          0          0       7150   stm32f10x_can.o
       200         18          0          0          0       2516   stm32f10x_exti.o
       512         10          0          0          0       5808   stm32f10x_gpio.o
       492         40          0         20          0       6375   stm32f10x_rcc.o
       112          0          0          0          0       4438   stm32f10x_spi.o
       450          6          0          0          0       6971   stm32f10x_usart.o
       396         32          0          0          0     274509   system_stm32f10x.o

    ----------------------------------------------------------------------
     14004        800       1256         92      12016     931578   Object Totals
         0          0         32          0          0          0   (incl. Generated)
        16          0          0          1          0          0   (incl. Padding)

    ----------------------------------------------------------------------

      Code (inc. data)   RO Data    RW Data    ZI Data      Debug   Library Member Name

         0          0          0          0          0          0   entry.o
         0          0          0          0          0          0   entry10a.o
         0          0          0          0          0          0   entry11a.o
         4          0          0          0          0          0   entry12b.o
         8          4          0          0          0          0   entry2.o
         4          0          0          0          0          0   entry5.o
         0          0          0          0          0          0   entry7b.o
         0          0          0          0          0          0   entry8b.o
         8          4          0          0          0          0   entry9a.o
        30          0          0          0          0          0   handlers.o
        36          8          0          0          0         68   init.o
        36          0          0          0          0         68   memcpya.o
        50          8          0          0          0        152   printfb.o
         0          0          0          4          0          0   stdout.o

    ----------------------------------------------------------------------
       176         24          0          4          0        288   Library Totals
         0          0          0          0          0          0   (incl. Padding)

    ----------------------------------------------------------------------

      Code (inc. data)   RO Data    RW Data    ZI Data      Debug   Library Name

       176         24          0          4          0        288   mc_w.l

    ----------------------------------------------------------------------
       176         24          0          4          0        288   Library Totals

    ----------------------------------------------------------------------

==============================================================================


      Code (inc. data)   RO Data    RW Data    ZI Data      Debug   

     14180        824       1256         96      12016     926662   Grand Totals
     14180        824       1256         96      12016     926662   ELF Image Totals
     14180        824       1256         96          0          0   ROM Totals

==============================================================================

    Total RO  Size (Code + RO Data)                15436 (  15.07kB)
    Total RW  Size (RW Data + ZI Data)             12112 (  11.83kB)
    Total ROM Size (Code + RO Data + RW Data)      15532 (  15.17kB)

==============================================================================

