<html>
<body>
<pre>
<h1>礦ision Build Log</h1>
<h2>Tool Versions:</h2>
IDE-Version: μVision V5.32.0.0
Copyright (C) 2020 ARM Ltd and ARM Germany GmbH. All rights reserved.
License Information: l Administrator, l, LIC=P6F5U-SDFBS-LV11I-TB7T9-YHSEA-LK8DB
 
Tool Versions:
Toolchain:       MDK-ARM Professional  Version: 5.32.0.0
Toolchain Path:  C:\Keil_V5\ARM\ARMCC\Bin
C Compiler:      Armcc.exe V5.06 update 7 (build 960)
Assembler:       Armasm.exe V5.06 update 7 (build 960)
Linker/Locator:  ArmLink.exe V5.06 update 7 (build 960)
Library Manager: ArmAr.exe V5.06 update 7 (build 960)
Hex Converter:   FromElf.exe V5.06 update 7 (build 960)
CPU DLL:         SARMCM3.DLL V5.32.0.0
Dialog DLL:      DCM.DLL V1.17.3.0
Target DLL:      Segger\JL2CM3.dll V2.66.0.0
Dialog DLL:      TCM.DLL V1.46.0.0
 
<h2>Project:</h2>
D:\Canopen\CAN FD\STM32 CAN_FD开发板资料-2019\程序\CANFD-CDC串口收发-105\CAN-CDC\CAN.uvprojx
Project File Date:  12/04/2020

<h2>Output:</h2>
*** Using Compiler 'V5.06 update 7 (build 960)', folder: 'C:\Keil_V5\ARM\ARMCC\Bin'
Build target 'STM32F105'
compiling main.c...
.\User\canfdspi\drv_canfdspi_defines.h(722): warning:  #66-D: enumeration value is out of "int" range
      CAN_TXREQ_CH31 = 0x80000000
User\app\main.c(223): warning:  #68-D: integer conversion resulted in a change of sign
  			APP_Rx_ptr_in = -1;
User\app\main.c: 2 warnings, 0 errors
linking...
Program Size: Code=20628 RO-data=1644 RW-data=232 ZI-data=6640  
FromELF: creating hex file...
".\Flash\CanDemo_15.axf" - 0 Error(s), 2 Warning(s).

<h2>Software Packages used:</h2>

Package Vendor: ARM
                http://www.keil.com/pack/ARM.CMSIS.5.7.0.pack
                ARM.CMSIS.5.7.0
                CMSIS (Cortex Microcontroller Software Interface Standard)
   * Component: CORE Version: 5.4.0

Package Vendor: Keil
                http://www.keil.com/pack/Keil.STM32F1xx_DFP.2.0.0.pack
                Keil.STM32F1xx_DFP.2.0.0
                STMicroelectronics STM32F1 Series Device Support, Drivers and Examples

<h2>Collection of Component include folders:</h2>
  .\RTE\_STM32F105
  C:\Keil_v5\Packs\ARM\CMSIS\5.7.0\CMSIS\Core\Include
  C:\Keil_v5\Packs\Keil\STM32F1xx_DFP\2.0.0\Device\Include

<h2>Collection of Component Files used:</h2>

   * Component: ARM::CMSIS:CORE:5.4.0
Build Time Elapsed:  00:00:01
</pre>
</body>
</html>
