<!doctype html public "-//w3c//dtd html 4.0 transitional//en">
<html><head>
<title>Static Call Graph - [.\Flash\CanDemo_15.axf]</title></head>
<body><HR>
<H1>Static Call Graph for image .\Flash\CanDemo_15.axf</H1><HR>
<BR><P>#&#060CALLGRAPH&#062# ARM Linker, 5060960: Last Updated: Sat Dec 05 15:09:25 2020
<BR><P>
<H3>Maximum Stack Usage =        312 bytes + Unknown(Cycles, Untraceable Function Pointers)</H3><H3>
Call chain for Maximum Stack Depth:</H3>
main &rArr; APP_Tasks &rArr; APP_TransmitSwitchState &rArr; APP_TransmitMessageQueue &rArr; DRV_CANFDSPI_TransmitChannelLoad &rArr; DRV_CANFDSPI_TransmitChannelUpdate &rArr; DRV_CANFDSPI_WriteByte &rArr; DRV_SPI_TransferData &rArr; spi_master_transfer
<P>
<H3>
Mutually Recursive functions
</H3> <LI><a href="#[1]">NMI_Handler</a>&nbsp;&nbsp;&nbsp;&rArr;&nbsp;&nbsp;&nbsp;<a href="#[1]">NMI_Handler</a><BR>
 <LI><a href="#[2]">HardFault_Handler</a>&nbsp;&nbsp;&nbsp;&rArr;&nbsp;&nbsp;&nbsp;<a href="#[2]">HardFault_Handler</a><BR>
 <LI><a href="#[3]">MemManage_Handler</a>&nbsp;&nbsp;&nbsp;&rArr;&nbsp;&nbsp;&nbsp;<a href="#[3]">MemManage_Handler</a><BR>
 <LI><a href="#[4]">BusFault_Handler</a>&nbsp;&nbsp;&nbsp;&rArr;&nbsp;&nbsp;&nbsp;<a href="#[4]">BusFault_Handler</a><BR>
 <LI><a href="#[5]">UsageFault_Handler</a>&nbsp;&nbsp;&nbsp;&rArr;&nbsp;&nbsp;&nbsp;<a href="#[5]">UsageFault_Handler</a><BR>
 <LI><a href="#[6]">SVC_Handler</a>&nbsp;&nbsp;&nbsp;&rArr;&nbsp;&nbsp;&nbsp;<a href="#[6]">SVC_Handler</a><BR>
 <LI><a href="#[7]">DebugMon_Handler</a>&nbsp;&nbsp;&nbsp;&rArr;&nbsp;&nbsp;&nbsp;<a href="#[7]">DebugMon_Handler</a><BR>
 <LI><a href="#[8]">PendSV_Handler</a>&nbsp;&nbsp;&nbsp;&rArr;&nbsp;&nbsp;&nbsp;<a href="#[8]">PendSV_Handler</a><BR>
 <LI><a href="#[9]">SysTick_Handler</a>&nbsp;&nbsp;&nbsp;&rArr;&nbsp;&nbsp;&nbsp;<a href="#[9]">SysTick_Handler</a><BR>
 <LI><a href="#[1c]">ADC1_2_IRQHandler</a>&nbsp;&nbsp;&nbsp;&rArr;&nbsp;&nbsp;&nbsp;<a href="#[1c]">ADC1_2_IRQHandler</a><BR>
</UL>
<P>
<H3>
Function Pointers
</H3><UL>
 <LI><a href="#[1c]">ADC1_2_IRQHandler</a> from startup_stm32f10x_cl.o(.text) referenced from startup_stm32f10x_cl.o(RESET)
 <LI><a href="#[4]">BusFault_Handler</a> from startup_stm32f10x_cl.o(.text) referenced from startup_stm32f10x_cl.o(RESET)
 <LI><a href="#[1e]">CAN1_RX0_IRQHandler</a> from startup_stm32f10x_cl.o(.text) referenced from startup_stm32f10x_cl.o(RESET)
 <LI><a href="#[1f]">CAN1_RX1_IRQHandler</a> from startup_stm32f10x_cl.o(.text) referenced from startup_stm32f10x_cl.o(RESET)
 <LI><a href="#[20]">CAN1_SCE_IRQHandler</a> from startup_stm32f10x_cl.o(.text) referenced from startup_stm32f10x_cl.o(RESET)
 <LI><a href="#[1d]">CAN1_TX_IRQHandler</a> from startup_stm32f10x_cl.o(.text) referenced from startup_stm32f10x_cl.o(RESET)
 <LI><a href="#[43]">CAN2_RX0_IRQHandler</a> from startup_stm32f10x_cl.o(.text) referenced from startup_stm32f10x_cl.o(RESET)
 <LI><a href="#[44]">CAN2_RX1_IRQHandler</a> from startup_stm32f10x_cl.o(.text) referenced from startup_stm32f10x_cl.o(RESET)
 <LI><a href="#[45]">CAN2_SCE_IRQHandler</a> from startup_stm32f10x_cl.o(.text) referenced from startup_stm32f10x_cl.o(RESET)
 <LI><a href="#[42]">CAN2_TX_IRQHandler</a> from startup_stm32f10x_cl.o(.text) referenced from startup_stm32f10x_cl.o(RESET)
 <LI><a href="#[15]">DMA1_Channel1_IRQHandler</a> from startup_stm32f10x_cl.o(.text) referenced from startup_stm32f10x_cl.o(RESET)
 <LI><a href="#[16]">DMA1_Channel2_IRQHandler</a> from startup_stm32f10x_cl.o(.text) referenced from startup_stm32f10x_cl.o(RESET)
 <LI><a href="#[17]">DMA1_Channel3_IRQHandler</a> from startup_stm32f10x_cl.o(.text) referenced from startup_stm32f10x_cl.o(RESET)
 <LI><a href="#[18]">DMA1_Channel4_IRQHandler</a> from startup_stm32f10x_cl.o(.text) referenced from startup_stm32f10x_cl.o(RESET)
 <LI><a href="#[19]">DMA1_Channel5_IRQHandler</a> from startup_stm32f10x_cl.o(.text) referenced from startup_stm32f10x_cl.o(RESET)
 <LI><a href="#[1a]">DMA1_Channel6_IRQHandler</a> from startup_stm32f10x_cl.o(.text) referenced from startup_stm32f10x_cl.o(RESET)
 <LI><a href="#[1b]">DMA1_Channel7_IRQHandler</a> from startup_stm32f10x_cl.o(.text) referenced from startup_stm32f10x_cl.o(RESET)
 <LI><a href="#[3b]">DMA2_Channel1_IRQHandler</a> from startup_stm32f10x_cl.o(.text) referenced from startup_stm32f10x_cl.o(RESET)
 <LI><a href="#[3c]">DMA2_Channel2_IRQHandler</a> from startup_stm32f10x_cl.o(.text) referenced from startup_stm32f10x_cl.o(RESET)
 <LI><a href="#[3d]">DMA2_Channel3_IRQHandler</a> from startup_stm32f10x_cl.o(.text) referenced from startup_stm32f10x_cl.o(RESET)
 <LI><a href="#[3e]">DMA2_Channel4_IRQHandler</a> from startup_stm32f10x_cl.o(.text) referenced from startup_stm32f10x_cl.o(RESET)
 <LI><a href="#[3f]">DMA2_Channel5_IRQHandler</a> from startup_stm32f10x_cl.o(.text) referenced from startup_stm32f10x_cl.o(RESET)
 <LI><a href="#[7]">DebugMon_Handler</a> from startup_stm32f10x_cl.o(.text) referenced from startup_stm32f10x_cl.o(RESET)
 <LI><a href="#[40]">ETH_IRQHandler</a> from startup_stm32f10x_cl.o(.text) referenced from startup_stm32f10x_cl.o(RESET)
 <LI><a href="#[41]">ETH_WKUP_IRQHandler</a> from startup_stm32f10x_cl.o(.text) referenced from startup_stm32f10x_cl.o(RESET)
 <LI><a href="#[10]">EXTI0_IRQHandler</a> from startup_stm32f10x_cl.o(.text) referenced from startup_stm32f10x_cl.o(RESET)
 <LI><a href="#[32]">EXTI15_10_IRQHandler</a> from startup_stm32f10x_cl.o(.text) referenced from startup_stm32f10x_cl.o(RESET)
 <LI><a href="#[11]">EXTI1_IRQHandler</a> from startup_stm32f10x_cl.o(.text) referenced from startup_stm32f10x_cl.o(RESET)
 <LI><a href="#[12]">EXTI2_IRQHandler</a> from startup_stm32f10x_cl.o(.text) referenced from startup_stm32f10x_cl.o(RESET)
 <LI><a href="#[13]">EXTI3_IRQHandler</a> from startup_stm32f10x_cl.o(.text) referenced from startup_stm32f10x_cl.o(RESET)
 <LI><a href="#[14]">EXTI4_IRQHandler</a> from startup_stm32f10x_cl.o(.text) referenced from startup_stm32f10x_cl.o(RESET)
 <LI><a href="#[21]">EXTI9_5_IRQHandler</a> from startup_stm32f10x_cl.o(.text) referenced from startup_stm32f10x_cl.o(RESET)
 <LI><a href="#[e]">FLASH_IRQHandler</a> from startup_stm32f10x_cl.o(.text) referenced from startup_stm32f10x_cl.o(RESET)
 <LI><a href="#[2]">HardFault_Handler</a> from startup_stm32f10x_cl.o(.text) referenced from startup_stm32f10x_cl.o(RESET)
 <LI><a href="#[2a]">I2C1_ER_IRQHandler</a> from startup_stm32f10x_cl.o(.text) referenced from startup_stm32f10x_cl.o(RESET)
 <LI><a href="#[29]">I2C1_EV_IRQHandler</a> from startup_stm32f10x_cl.o(.text) referenced from startup_stm32f10x_cl.o(RESET)
 <LI><a href="#[2c]">I2C2_ER_IRQHandler</a> from startup_stm32f10x_cl.o(.text) referenced from startup_stm32f10x_cl.o(RESET)
 <LI><a href="#[2b]">I2C2_EV_IRQHandler</a> from startup_stm32f10x_cl.o(.text) referenced from startup_stm32f10x_cl.o(RESET)
 <LI><a href="#[3]">MemManage_Handler</a> from startup_stm32f10x_cl.o(.text) referenced from startup_stm32f10x_cl.o(RESET)
 <LI><a href="#[1]">NMI_Handler</a> from startup_stm32f10x_cl.o(.text) referenced from startup_stm32f10x_cl.o(RESET)
 <LI><a href="#[46]">OTG_FS_IRQHandler</a> from usbd_stm32f10x_cl.o(i.OTG_FS_IRQHandler) referenced from startup_stm32f10x_cl.o(RESET)
 <LI><a href="#[34]">OTG_FS_WKUP_IRQHandler</a> from startup_stm32f10x_cl.o(.text) referenced from startup_stm32f10x_cl.o(RESET)
 <LI><a href="#[b]">PVD_IRQHandler</a> from startup_stm32f10x_cl.o(.text) referenced from startup_stm32f10x_cl.o(RESET)
 <LI><a href="#[8]">PendSV_Handler</a> from startup_stm32f10x_cl.o(.text) referenced from startup_stm32f10x_cl.o(RESET)
 <LI><a href="#[f]">RCC_IRQHandler</a> from startup_stm32f10x_cl.o(.text) referenced from startup_stm32f10x_cl.o(RESET)
 <LI><a href="#[33]">RTCAlarm_IRQHandler</a> from startup_stm32f10x_cl.o(.text) referenced from startup_stm32f10x_cl.o(RESET)
 <LI><a href="#[d]">RTC_IRQHandler</a> from startup_stm32f10x_cl.o(.text) referenced from startup_stm32f10x_cl.o(RESET)
 <LI><a href="#[0]">Reset_Handler</a> from startup_stm32f10x_cl.o(.text) referenced from startup_stm32f10x_cl.o(RESET)
 <LI><a href="#[2d]">SPI1_IRQHandler</a> from startup_stm32f10x_cl.o(.text) referenced from startup_stm32f10x_cl.o(RESET)
 <LI><a href="#[2e]">SPI2_IRQHandler</a> from startup_stm32f10x_cl.o(.text) referenced from startup_stm32f10x_cl.o(RESET)
 <LI><a href="#[36]">SPI3_IRQHandler</a> from startup_stm32f10x_cl.o(.text) referenced from startup_stm32f10x_cl.o(RESET)
 <LI><a href="#[6]">SVC_Handler</a> from startup_stm32f10x_cl.o(.text) referenced from startup_stm32f10x_cl.o(RESET)
 <LI><a href="#[9]">SysTick_Handler</a> from startup_stm32f10x_cl.o(.text) referenced from startup_stm32f10x_cl.o(RESET)
 <LI><a href="#[48]">SystemInit</a> from system_stm32f10x.o(i.SystemInit) referenced from startup_stm32f10x_cl.o(.text)
 <LI><a href="#[c]">TAMPER_IRQHandler</a> from startup_stm32f10x_cl.o(.text) referenced from startup_stm32f10x_cl.o(RESET)
 <LI><a href="#[22]">TIM1_BRK_IRQHandler</a> from startup_stm32f10x_cl.o(.text) referenced from startup_stm32f10x_cl.o(RESET)
 <LI><a href="#[25]">TIM1_CC_IRQHandler</a> from startup_stm32f10x_cl.o(.text) referenced from startup_stm32f10x_cl.o(RESET)
 <LI><a href="#[24]">TIM1_TRG_COM_IRQHandler</a> from startup_stm32f10x_cl.o(.text) referenced from startup_stm32f10x_cl.o(RESET)
 <LI><a href="#[23]">TIM1_UP_IRQHandler</a> from startup_stm32f10x_cl.o(.text) referenced from startup_stm32f10x_cl.o(RESET)
 <LI><a href="#[26]">TIM2_IRQHandler</a> from startup_stm32f10x_cl.o(.text) referenced from startup_stm32f10x_cl.o(RESET)
 <LI><a href="#[27]">TIM3_IRQHandler</a> from startup_stm32f10x_cl.o(.text) referenced from startup_stm32f10x_cl.o(RESET)
 <LI><a href="#[28]">TIM4_IRQHandler</a> from startup_stm32f10x_cl.o(.text) referenced from startup_stm32f10x_cl.o(RESET)
 <LI><a href="#[35]">TIM5_IRQHandler</a> from startup_stm32f10x_cl.o(.text) referenced from startup_stm32f10x_cl.o(RESET)
 <LI><a href="#[39]">TIM6_IRQHandler</a> from startup_stm32f10x_cl.o(.text) referenced from startup_stm32f10x_cl.o(RESET)
 <LI><a href="#[3a]">TIM7_IRQHandler</a> from startup_stm32f10x_cl.o(.text) referenced from startup_stm32f10x_cl.o(RESET)
 <LI><a href="#[37]">UART4_IRQHandler</a> from startup_stm32f10x_cl.o(.text) referenced from startup_stm32f10x_cl.o(RESET)
 <LI><a href="#[38]">UART5_IRQHandler</a> from startup_stm32f10x_cl.o(.text) referenced from startup_stm32f10x_cl.o(RESET)
 <LI><a href="#[2f]">USART1_IRQHandler</a> from startup_stm32f10x_cl.o(.text) referenced from startup_stm32f10x_cl.o(RESET)
 <LI><a href="#[30]">USART2_IRQHandler</a> from startup_stm32f10x_cl.o(.text) referenced from startup_stm32f10x_cl.o(RESET)
 <LI><a href="#[31]">USART3_IRQHandler</a> from startup_stm32f10x_cl.o(.text) referenced from startup_stm32f10x_cl.o(RESET)
 <LI><a href="#[4f]">USBD_CDC_ACM_EP_BULK_Event</a> from usbd_cdc_acm.o(i.USBD_CDC_ACM_EP_BULK_Event) referenced from usb_config.o(.constdata)
 <LI><a href="#[4e]">USBD_CDC_ACM_EP_INTIN_Event</a> from usbd_cdc_acm.o(i.USBD_CDC_ACM_EP_INTIN_Event) referenced from usb_config.o(.constdata)
 <LI><a href="#[4d]">USBD_EndPoint0</a> from usbd_core.o(i.USBD_EndPoint0) referenced from usb_config.o(.constdata)
 <LI><a href="#[4b]">USBD_Reset_Event</a> from usb_config.o(i.USBD_Reset_Event) referenced from usb_config.o(.constdata)
 <LI><a href="#[4c]">USBD_SOF_Event</a> from usb_config.o(i.USBD_SOF_Event) referenced from usb_config.o(.constdata)
 <LI><a href="#[5]">UsageFault_Handler</a> from startup_stm32f10x_cl.o(.text) referenced from startup_stm32f10x_cl.o(RESET)
 <LI><a href="#[a]">WWDG_IRQHandler</a> from startup_stm32f10x_cl.o(.text) referenced from startup_stm32f10x_cl.o(RESET)
 <LI><a href="#[49]">__main</a> from entry.o(.ARM.Collect$$$$00000000) referenced from startup_stm32f10x_cl.o(.text)
 <LI><a href="#[4a]">_sputc</a> from printf8.o(i._sputc) referenced from printf8.o(i.__0sprintf$8)
 <LI><a href="#[47]">main</a> from main.o(i.main) referenced from entry9a.o(.ARM.Collect$$$$0000000B)
</UL>
<P>
<H3>
Global Symbols
</H3>
<P><STRONG><a name="[49]"></a>__main</STRONG> (Thumb, 0 bytes, Stack size unknown bytes, entry.o(.ARM.Collect$$$$00000000))
<BR>[Address Reference Count : 1]<UL><LI> startup_stm32f10x_cl.o(.text)
</UL>
<P><STRONG><a name="[f7]"></a>_main_stk</STRONG> (Thumb, 0 bytes, Stack size unknown bytes, entry2.o(.ARM.Collect$$$$00000001))

<P><STRONG><a name="[50]"></a>_main_scatterload</STRONG> (Thumb, 0 bytes, Stack size unknown bytes, entry5.o(.ARM.Collect$$$$00000004))
<BR><BR>[Calls]<UL><LI><a href="#[51]">&gt;&gt;</a>&nbsp;&nbsp;&nbsp;__scatterload
</UL>

<P><STRONG><a name="[55]"></a>__main_after_scatterload</STRONG> (Thumb, 0 bytes, Stack size unknown bytes, entry5.o(.ARM.Collect$$$$00000004))
<BR><BR>[Called By]<UL><LI><a href="#[51]">&gt;&gt;</a>&nbsp;&nbsp;&nbsp;__scatterload
</UL>

<P><STRONG><a name="[f8]"></a>_main_clock</STRONG> (Thumb, 0 bytes, Stack size unknown bytes, entry7b.o(.ARM.Collect$$$$00000008))

<P><STRONG><a name="[f9]"></a>_main_cpp_init</STRONG> (Thumb, 0 bytes, Stack size unknown bytes, entry8b.o(.ARM.Collect$$$$0000000A))

<P><STRONG><a name="[fa]"></a>_main_init</STRONG> (Thumb, 0 bytes, Stack size unknown bytes, entry9a.o(.ARM.Collect$$$$0000000B))

<P><STRONG><a name="[fb]"></a>__rt_lib_shutdown_fini</STRONG> (Thumb, 0 bytes, Stack size unknown bytes, entry12b.o(.ARM.Collect$$$$0000000E))

<P><STRONG><a name="[fc]"></a>__rt_final_cpp</STRONG> (Thumb, 0 bytes, Stack size unknown bytes, entry10a.o(.ARM.Collect$$$$0000000F))

<P><STRONG><a name="[fd]"></a>__rt_final_exit</STRONG> (Thumb, 0 bytes, Stack size unknown bytes, entry11a.o(.ARM.Collect$$$$00000011))

<P><STRONG><a name="[0]"></a>Reset_Handler</STRONG> (Thumb, 8 bytes, Stack size 0 bytes, startup_stm32f10x_cl.o(.text))
<BR>[Address Reference Count : 1]<UL><LI> startup_stm32f10x_cl.o(RESET)
</UL>
<P><STRONG><a name="[1]"></a>NMI_Handler</STRONG> (Thumb, 2 bytes, Stack size 0 bytes, startup_stm32f10x_cl.o(.text))
<BR><BR>[Calls]<UL><LI><a href="#[1]">&gt;&gt;</a>&nbsp;&nbsp;&nbsp;NMI_Handler
</UL>
<BR>[Called By]<UL><LI><a href="#[1]">&gt;&gt;</a>&nbsp;&nbsp;&nbsp;NMI_Handler
</UL>
<BR>[Address Reference Count : 1]<UL><LI> startup_stm32f10x_cl.o(RESET)
</UL>
<P><STRONG><a name="[2]"></a>HardFault_Handler</STRONG> (Thumb, 2 bytes, Stack size 0 bytes, startup_stm32f10x_cl.o(.text))
<BR><BR>[Calls]<UL><LI><a href="#[2]">&gt;&gt;</a>&nbsp;&nbsp;&nbsp;HardFault_Handler
</UL>
<BR>[Called By]<UL><LI><a href="#[2]">&gt;&gt;</a>&nbsp;&nbsp;&nbsp;HardFault_Handler
</UL>
<BR>[Address Reference Count : 1]<UL><LI> startup_stm32f10x_cl.o(RESET)
</UL>
<P><STRONG><a name="[3]"></a>MemManage_Handler</STRONG> (Thumb, 2 bytes, Stack size 0 bytes, startup_stm32f10x_cl.o(.text))
<BR><BR>[Calls]<UL><LI><a href="#[3]">&gt;&gt;</a>&nbsp;&nbsp;&nbsp;MemManage_Handler
</UL>
<BR>[Called By]<UL><LI><a href="#[3]">&gt;&gt;</a>&nbsp;&nbsp;&nbsp;MemManage_Handler
</UL>
<BR>[Address Reference Count : 1]<UL><LI> startup_stm32f10x_cl.o(RESET)
</UL>
<P><STRONG><a name="[4]"></a>BusFault_Handler</STRONG> (Thumb, 2 bytes, Stack size 0 bytes, startup_stm32f10x_cl.o(.text))
<BR><BR>[Calls]<UL><LI><a href="#[4]">&gt;&gt;</a>&nbsp;&nbsp;&nbsp;BusFault_Handler
</UL>
<BR>[Called By]<UL><LI><a href="#[4]">&gt;&gt;</a>&nbsp;&nbsp;&nbsp;BusFault_Handler
</UL>
<BR>[Address Reference Count : 1]<UL><LI> startup_stm32f10x_cl.o(RESET)
</UL>
<P><STRONG><a name="[5]"></a>UsageFault_Handler</STRONG> (Thumb, 2 bytes, Stack size 0 bytes, startup_stm32f10x_cl.o(.text))
<BR><BR>[Calls]<UL><LI><a href="#[5]">&gt;&gt;</a>&nbsp;&nbsp;&nbsp;UsageFault_Handler
</UL>
<BR>[Called By]<UL><LI><a href="#[5]">&gt;&gt;</a>&nbsp;&nbsp;&nbsp;UsageFault_Handler
</UL>
<BR>[Address Reference Count : 1]<UL><LI> startup_stm32f10x_cl.o(RESET)
</UL>
<P><STRONG><a name="[6]"></a>SVC_Handler</STRONG> (Thumb, 2 bytes, Stack size 0 bytes, startup_stm32f10x_cl.o(.text))
<BR><BR>[Calls]<UL><LI><a href="#[6]">&gt;&gt;</a>&nbsp;&nbsp;&nbsp;SVC_Handler
</UL>
<BR>[Called By]<UL><LI><a href="#[6]">&gt;&gt;</a>&nbsp;&nbsp;&nbsp;SVC_Handler
</UL>
<BR>[Address Reference Count : 1]<UL><LI> startup_stm32f10x_cl.o(RESET)
</UL>
<P><STRONG><a name="[7]"></a>DebugMon_Handler</STRONG> (Thumb, 2 bytes, Stack size 0 bytes, startup_stm32f10x_cl.o(.text))
<BR><BR>[Calls]<UL><LI><a href="#[7]">&gt;&gt;</a>&nbsp;&nbsp;&nbsp;DebugMon_Handler
</UL>
<BR>[Called By]<UL><LI><a href="#[7]">&gt;&gt;</a>&nbsp;&nbsp;&nbsp;DebugMon_Handler
</UL>
<BR>[Address Reference Count : 1]<UL><LI> startup_stm32f10x_cl.o(RESET)
</UL>
<P><STRONG><a name="[8]"></a>PendSV_Handler</STRONG> (Thumb, 2 bytes, Stack size 0 bytes, startup_stm32f10x_cl.o(.text))
<BR><BR>[Calls]<UL><LI><a href="#[8]">&gt;&gt;</a>&nbsp;&nbsp;&nbsp;PendSV_Handler
</UL>
<BR>[Called By]<UL><LI><a href="#[8]">&gt;&gt;</a>&nbsp;&nbsp;&nbsp;PendSV_Handler
</UL>
<BR>[Address Reference Count : 1]<UL><LI> startup_stm32f10x_cl.o(RESET)
</UL>
<P><STRONG><a name="[9]"></a>SysTick_Handler</STRONG> (Thumb, 2 bytes, Stack size 0 bytes, startup_stm32f10x_cl.o(.text))
<BR><BR>[Calls]<UL><LI><a href="#[9]">&gt;&gt;</a>&nbsp;&nbsp;&nbsp;SysTick_Handler
</UL>
<BR>[Called By]<UL><LI><a href="#[9]">&gt;&gt;</a>&nbsp;&nbsp;&nbsp;SysTick_Handler
</UL>
<BR>[Address Reference Count : 1]<UL><LI> startup_stm32f10x_cl.o(RESET)
</UL>
<P><STRONG><a name="[1c]"></a>ADC1_2_IRQHandler</STRONG> (Thumb, 0 bytes, Stack size 0 bytes, startup_stm32f10x_cl.o(.text))
<BR><BR>[Calls]<UL><LI><a href="#[1c]">&gt;&gt;</a>&nbsp;&nbsp;&nbsp;ADC1_2_IRQHandler
</UL>
<BR>[Called By]<UL><LI><a href="#[1c]">&gt;&gt;</a>&nbsp;&nbsp;&nbsp;ADC1_2_IRQHandler
</UL>
<BR>[Address Reference Count : 1]<UL><LI> startup_stm32f10x_cl.o(RESET)
</UL>
<P><STRONG><a name="[1e]"></a>CAN1_RX0_IRQHandler</STRONG> (Thumb, 0 bytes, Stack size 0 bytes, startup_stm32f10x_cl.o(.text))
<BR>[Address Reference Count : 1]<UL><LI> startup_stm32f10x_cl.o(RESET)
</UL>
<P><STRONG><a name="[1f]"></a>CAN1_RX1_IRQHandler</STRONG> (Thumb, 0 bytes, Stack size 0 bytes, startup_stm32f10x_cl.o(.text))
<BR>[Address Reference Count : 1]<UL><LI> startup_stm32f10x_cl.o(RESET)
</UL>
<P><STRONG><a name="[20]"></a>CAN1_SCE_IRQHandler</STRONG> (Thumb, 0 bytes, Stack size 0 bytes, startup_stm32f10x_cl.o(.text))
<BR>[Address Reference Count : 1]<UL><LI> startup_stm32f10x_cl.o(RESET)
</UL>
<P><STRONG><a name="[1d]"></a>CAN1_TX_IRQHandler</STRONG> (Thumb, 0 bytes, Stack size 0 bytes, startup_stm32f10x_cl.o(.text))
<BR>[Address Reference Count : 1]<UL><LI> startup_stm32f10x_cl.o(RESET)
</UL>
<P><STRONG><a name="[43]"></a>CAN2_RX0_IRQHandler</STRONG> (Thumb, 0 bytes, Stack size 0 bytes, startup_stm32f10x_cl.o(.text))
<BR>[Address Reference Count : 1]<UL><LI> startup_stm32f10x_cl.o(RESET)
</UL>
<P><STRONG><a name="[44]"></a>CAN2_RX1_IRQHandler</STRONG> (Thumb, 0 bytes, Stack size 0 bytes, startup_stm32f10x_cl.o(.text))
<BR>[Address Reference Count : 1]<UL><LI> startup_stm32f10x_cl.o(RESET)
</UL>
<P><STRONG><a name="[45]"></a>CAN2_SCE_IRQHandler</STRONG> (Thumb, 0 bytes, Stack size 0 bytes, startup_stm32f10x_cl.o(.text))
<BR>[Address Reference Count : 1]<UL><LI> startup_stm32f10x_cl.o(RESET)
</UL>
<P><STRONG><a name="[42]"></a>CAN2_TX_IRQHandler</STRONG> (Thumb, 0 bytes, Stack size 0 bytes, startup_stm32f10x_cl.o(.text))
<BR>[Address Reference Count : 1]<UL><LI> startup_stm32f10x_cl.o(RESET)
</UL>
<P><STRONG><a name="[15]"></a>DMA1_Channel1_IRQHandler</STRONG> (Thumb, 0 bytes, Stack size 0 bytes, startup_stm32f10x_cl.o(.text))
<BR>[Address Reference Count : 1]<UL><LI> startup_stm32f10x_cl.o(RESET)
</UL>
<P><STRONG><a name="[16]"></a>DMA1_Channel2_IRQHandler</STRONG> (Thumb, 0 bytes, Stack size 0 bytes, startup_stm32f10x_cl.o(.text))
<BR>[Address Reference Count : 1]<UL><LI> startup_stm32f10x_cl.o(RESET)
</UL>
<P><STRONG><a name="[17]"></a>DMA1_Channel3_IRQHandler</STRONG> (Thumb, 0 bytes, Stack size 0 bytes, startup_stm32f10x_cl.o(.text))
<BR>[Address Reference Count : 1]<UL><LI> startup_stm32f10x_cl.o(RESET)
</UL>
<P><STRONG><a name="[18]"></a>DMA1_Channel4_IRQHandler</STRONG> (Thumb, 0 bytes, Stack size 0 bytes, startup_stm32f10x_cl.o(.text))
<BR>[Address Reference Count : 1]<UL><LI> startup_stm32f10x_cl.o(RESET)
</UL>
<P><STRONG><a name="[19]"></a>DMA1_Channel5_IRQHandler</STRONG> (Thumb, 0 bytes, Stack size 0 bytes, startup_stm32f10x_cl.o(.text))
<BR>[Address Reference Count : 1]<UL><LI> startup_stm32f10x_cl.o(RESET)
</UL>
<P><STRONG><a name="[1a]"></a>DMA1_Channel6_IRQHandler</STRONG> (Thumb, 0 bytes, Stack size 0 bytes, startup_stm32f10x_cl.o(.text))
<BR>[Address Reference Count : 1]<UL><LI> startup_stm32f10x_cl.o(RESET)
</UL>
<P><STRONG><a name="[1b]"></a>DMA1_Channel7_IRQHandler</STRONG> (Thumb, 0 bytes, Stack size 0 bytes, startup_stm32f10x_cl.o(.text))
<BR>[Address Reference Count : 1]<UL><LI> startup_stm32f10x_cl.o(RESET)
</UL>
<P><STRONG><a name="[3b]"></a>DMA2_Channel1_IRQHandler</STRONG> (Thumb, 0 bytes, Stack size 0 bytes, startup_stm32f10x_cl.o(.text))
<BR>[Address Reference Count : 1]<UL><LI> startup_stm32f10x_cl.o(RESET)
</UL>
<P><STRONG><a name="[3c]"></a>DMA2_Channel2_IRQHandler</STRONG> (Thumb, 0 bytes, Stack size 0 bytes, startup_stm32f10x_cl.o(.text))
<BR>[Address Reference Count : 1]<UL><LI> startup_stm32f10x_cl.o(RESET)
</UL>
<P><STRONG><a name="[3d]"></a>DMA2_Channel3_IRQHandler</STRONG> (Thumb, 0 bytes, Stack size 0 bytes, startup_stm32f10x_cl.o(.text))
<BR>[Address Reference Count : 1]<UL><LI> startup_stm32f10x_cl.o(RESET)
</UL>
<P><STRONG><a name="[3e]"></a>DMA2_Channel4_IRQHandler</STRONG> (Thumb, 0 bytes, Stack size 0 bytes, startup_stm32f10x_cl.o(.text))
<BR>[Address Reference Count : 1]<UL><LI> startup_stm32f10x_cl.o(RESET)
</UL>
<P><STRONG><a name="[3f]"></a>DMA2_Channel5_IRQHandler</STRONG> (Thumb, 0 bytes, Stack size 0 bytes, startup_stm32f10x_cl.o(.text))
<BR>[Address Reference Count : 1]<UL><LI> startup_stm32f10x_cl.o(RESET)
</UL>
<P><STRONG><a name="[40]"></a>ETH_IRQHandler</STRONG> (Thumb, 0 bytes, Stack size 0 bytes, startup_stm32f10x_cl.o(.text))
<BR>[Address Reference Count : 1]<UL><LI> startup_stm32f10x_cl.o(RESET)
</UL>
<P><STRONG><a name="[41]"></a>ETH_WKUP_IRQHandler</STRONG> (Thumb, 0 bytes, Stack size 0 bytes, startup_stm32f10x_cl.o(.text))
<BR>[Address Reference Count : 1]<UL><LI> startup_stm32f10x_cl.o(RESET)
</UL>
<P><STRONG><a name="[10]"></a>EXTI0_IRQHandler</STRONG> (Thumb, 0 bytes, Stack size 0 bytes, startup_stm32f10x_cl.o(.text))
<BR>[Address Reference Count : 1]<UL><LI> startup_stm32f10x_cl.o(RESET)
</UL>
<P><STRONG><a name="[32]"></a>EXTI15_10_IRQHandler</STRONG> (Thumb, 0 bytes, Stack size 0 bytes, startup_stm32f10x_cl.o(.text))
<BR>[Address Reference Count : 1]<UL><LI> startup_stm32f10x_cl.o(RESET)
</UL>
<P><STRONG><a name="[11]"></a>EXTI1_IRQHandler</STRONG> (Thumb, 0 bytes, Stack size 0 bytes, startup_stm32f10x_cl.o(.text))
<BR>[Address Reference Count : 1]<UL><LI> startup_stm32f10x_cl.o(RESET)
</UL>
<P><STRONG><a name="[12]"></a>EXTI2_IRQHandler</STRONG> (Thumb, 0 bytes, Stack size 0 bytes, startup_stm32f10x_cl.o(.text))
<BR>[Address Reference Count : 1]<UL><LI> startup_stm32f10x_cl.o(RESET)
</UL>
<P><STRONG><a name="[13]"></a>EXTI3_IRQHandler</STRONG> (Thumb, 0 bytes, Stack size 0 bytes, startup_stm32f10x_cl.o(.text))
<BR>[Address Reference Count : 1]<UL><LI> startup_stm32f10x_cl.o(RESET)
</UL>
<P><STRONG><a name="[14]"></a>EXTI4_IRQHandler</STRONG> (Thumb, 0 bytes, Stack size 0 bytes, startup_stm32f10x_cl.o(.text))
<BR>[Address Reference Count : 1]<UL><LI> startup_stm32f10x_cl.o(RESET)
</UL>
<P><STRONG><a name="[21]"></a>EXTI9_5_IRQHandler</STRONG> (Thumb, 0 bytes, Stack size 0 bytes, startup_stm32f10x_cl.o(.text))
<BR>[Address Reference Count : 1]<UL><LI> startup_stm32f10x_cl.o(RESET)
</UL>
<P><STRONG><a name="[e]"></a>FLASH_IRQHandler</STRONG> (Thumb, 0 bytes, Stack size 0 bytes, startup_stm32f10x_cl.o(.text))
<BR>[Address Reference Count : 1]<UL><LI> startup_stm32f10x_cl.o(RESET)
</UL>
<P><STRONG><a name="[2a]"></a>I2C1_ER_IRQHandler</STRONG> (Thumb, 0 bytes, Stack size 0 bytes, startup_stm32f10x_cl.o(.text))
<BR>[Address Reference Count : 1]<UL><LI> startup_stm32f10x_cl.o(RESET)
</UL>
<P><STRONG><a name="[29]"></a>I2C1_EV_IRQHandler</STRONG> (Thumb, 0 bytes, Stack size 0 bytes, startup_stm32f10x_cl.o(.text))
<BR>[Address Reference Count : 1]<UL><LI> startup_stm32f10x_cl.o(RESET)
</UL>
<P><STRONG><a name="[2c]"></a>I2C2_ER_IRQHandler</STRONG> (Thumb, 0 bytes, Stack size 0 bytes, startup_stm32f10x_cl.o(.text))
<BR>[Address Reference Count : 1]<UL><LI> startup_stm32f10x_cl.o(RESET)
</UL>
<P><STRONG><a name="[2b]"></a>I2C2_EV_IRQHandler</STRONG> (Thumb, 0 bytes, Stack size 0 bytes, startup_stm32f10x_cl.o(.text))
<BR>[Address Reference Count : 1]<UL><LI> startup_stm32f10x_cl.o(RESET)
</UL>
<P><STRONG><a name="[34]"></a>OTG_FS_WKUP_IRQHandler</STRONG> (Thumb, 0 bytes, Stack size 0 bytes, startup_stm32f10x_cl.o(.text))
<BR>[Address Reference Count : 1]<UL><LI> startup_stm32f10x_cl.o(RESET)
</UL>
<P><STRONG><a name="[b]"></a>PVD_IRQHandler</STRONG> (Thumb, 0 bytes, Stack size 0 bytes, startup_stm32f10x_cl.o(.text))
<BR>[Address Reference Count : 1]<UL><LI> startup_stm32f10x_cl.o(RESET)
</UL>
<P><STRONG><a name="[f]"></a>RCC_IRQHandler</STRONG> (Thumb, 0 bytes, Stack size 0 bytes, startup_stm32f10x_cl.o(.text))
<BR>[Address Reference Count : 1]<UL><LI> startup_stm32f10x_cl.o(RESET)
</UL>
<P><STRONG><a name="[33]"></a>RTCAlarm_IRQHandler</STRONG> (Thumb, 0 bytes, Stack size 0 bytes, startup_stm32f10x_cl.o(.text))
<BR>[Address Reference Count : 1]<UL><LI> startup_stm32f10x_cl.o(RESET)
</UL>
<P><STRONG><a name="[d]"></a>RTC_IRQHandler</STRONG> (Thumb, 0 bytes, Stack size 0 bytes, startup_stm32f10x_cl.o(.text))
<BR>[Address Reference Count : 1]<UL><LI> startup_stm32f10x_cl.o(RESET)
</UL>
<P><STRONG><a name="[2d]"></a>SPI1_IRQHandler</STRONG> (Thumb, 0 bytes, Stack size 0 bytes, startup_stm32f10x_cl.o(.text))
<BR>[Address Reference Count : 1]<UL><LI> startup_stm32f10x_cl.o(RESET)
</UL>
<P><STRONG><a name="[2e]"></a>SPI2_IRQHandler</STRONG> (Thumb, 0 bytes, Stack size 0 bytes, startup_stm32f10x_cl.o(.text))
<BR>[Address Reference Count : 1]<UL><LI> startup_stm32f10x_cl.o(RESET)
</UL>
<P><STRONG><a name="[36]"></a>SPI3_IRQHandler</STRONG> (Thumb, 0 bytes, Stack size 0 bytes, startup_stm32f10x_cl.o(.text))
<BR>[Address Reference Count : 1]<UL><LI> startup_stm32f10x_cl.o(RESET)
</UL>
<P><STRONG><a name="[c]"></a>TAMPER_IRQHandler</STRONG> (Thumb, 0 bytes, Stack size 0 bytes, startup_stm32f10x_cl.o(.text))
<BR>[Address Reference Count : 1]<UL><LI> startup_stm32f10x_cl.o(RESET)
</UL>
<P><STRONG><a name="[22]"></a>TIM1_BRK_IRQHandler</STRONG> (Thumb, 0 bytes, Stack size 0 bytes, startup_stm32f10x_cl.o(.text))
<BR>[Address Reference Count : 1]<UL><LI> startup_stm32f10x_cl.o(RESET)
</UL>
<P><STRONG><a name="[25]"></a>TIM1_CC_IRQHandler</STRONG> (Thumb, 0 bytes, Stack size 0 bytes, startup_stm32f10x_cl.o(.text))
<BR>[Address Reference Count : 1]<UL><LI> startup_stm32f10x_cl.o(RESET)
</UL>
<P><STRONG><a name="[24]"></a>TIM1_TRG_COM_IRQHandler</STRONG> (Thumb, 0 bytes, Stack size 0 bytes, startup_stm32f10x_cl.o(.text))
<BR>[Address Reference Count : 1]<UL><LI> startup_stm32f10x_cl.o(RESET)
</UL>
<P><STRONG><a name="[23]"></a>TIM1_UP_IRQHandler</STRONG> (Thumb, 0 bytes, Stack size 0 bytes, startup_stm32f10x_cl.o(.text))
<BR>[Address Reference Count : 1]<UL><LI> startup_stm32f10x_cl.o(RESET)
</UL>
<P><STRONG><a name="[26]"></a>TIM2_IRQHandler</STRONG> (Thumb, 0 bytes, Stack size 0 bytes, startup_stm32f10x_cl.o(.text))
<BR>[Address Reference Count : 1]<UL><LI> startup_stm32f10x_cl.o(RESET)
</UL>
<P><STRONG><a name="[27]"></a>TIM3_IRQHandler</STRONG> (Thumb, 0 bytes, Stack size 0 bytes, startup_stm32f10x_cl.o(.text))
<BR>[Address Reference Count : 1]<UL><LI> startup_stm32f10x_cl.o(RESET)
</UL>
<P><STRONG><a name="[28]"></a>TIM4_IRQHandler</STRONG> (Thumb, 0 bytes, Stack size 0 bytes, startup_stm32f10x_cl.o(.text))
<BR>[Address Reference Count : 1]<UL><LI> startup_stm32f10x_cl.o(RESET)
</UL>
<P><STRONG><a name="[35]"></a>TIM5_IRQHandler</STRONG> (Thumb, 0 bytes, Stack size 0 bytes, startup_stm32f10x_cl.o(.text))
<BR>[Address Reference Count : 1]<UL><LI> startup_stm32f10x_cl.o(RESET)
</UL>
<P><STRONG><a name="[39]"></a>TIM6_IRQHandler</STRONG> (Thumb, 0 bytes, Stack size 0 bytes, startup_stm32f10x_cl.o(.text))
<BR>[Address Reference Count : 1]<UL><LI> startup_stm32f10x_cl.o(RESET)
</UL>
<P><STRONG><a name="[3a]"></a>TIM7_IRQHandler</STRONG> (Thumb, 0 bytes, Stack size 0 bytes, startup_stm32f10x_cl.o(.text))
<BR>[Address Reference Count : 1]<UL><LI> startup_stm32f10x_cl.o(RESET)
</UL>
<P><STRONG><a name="[37]"></a>UART4_IRQHandler</STRONG> (Thumb, 0 bytes, Stack size 0 bytes, startup_stm32f10x_cl.o(.text))
<BR>[Address Reference Count : 1]<UL><LI> startup_stm32f10x_cl.o(RESET)
</UL>
<P><STRONG><a name="[38]"></a>UART5_IRQHandler</STRONG> (Thumb, 0 bytes, Stack size 0 bytes, startup_stm32f10x_cl.o(.text))
<BR>[Address Reference Count : 1]<UL><LI> startup_stm32f10x_cl.o(RESET)
</UL>
<P><STRONG><a name="[2f]"></a>USART1_IRQHandler</STRONG> (Thumb, 0 bytes, Stack size 0 bytes, startup_stm32f10x_cl.o(.text))
<BR>[Address Reference Count : 1]<UL><LI> startup_stm32f10x_cl.o(RESET)
</UL>
<P><STRONG><a name="[30]"></a>USART2_IRQHandler</STRONG> (Thumb, 0 bytes, Stack size 0 bytes, startup_stm32f10x_cl.o(.text))
<BR>[Address Reference Count : 1]<UL><LI> startup_stm32f10x_cl.o(RESET)
</UL>
<P><STRONG><a name="[31]"></a>USART3_IRQHandler</STRONG> (Thumb, 0 bytes, Stack size 0 bytes, startup_stm32f10x_cl.o(.text))
<BR>[Address Reference Count : 1]<UL><LI> startup_stm32f10x_cl.o(RESET)
</UL>
<P><STRONG><a name="[a]"></a>WWDG_IRQHandler</STRONG> (Thumb, 0 bytes, Stack size 0 bytes, startup_stm32f10x_cl.o(.text))
<BR>[Address Reference Count : 1]<UL><LI> startup_stm32f10x_cl.o(RESET)
</UL>
<P><STRONG><a name="[74]"></a>rand</STRONG> (Thumb, 20 bytes, Stack size 0 bytes, rand.o(.text))
<BR><BR>[Called By]<UL><LI><a href="#[7d]">&gt;&gt;</a>&nbsp;&nbsp;&nbsp;APP_TestRegisterAccess
<LI><a href="#[7c]">&gt;&gt;</a>&nbsp;&nbsp;&nbsp;APP_TestRamAccess
<LI><a href="#[72]">&gt;&gt;</a>&nbsp;&nbsp;&nbsp;APP_PayLoad_Tasks
</UL>

<P><STRONG><a name="[fe]"></a>srand</STRONG> (Thumb, 6 bytes, Stack size 0 bytes, rand.o(.text), UNUSED)

<P><STRONG><a name="[a5]"></a>__aeabi_memcpy</STRONG> (Thumb, 36 bytes, Stack size 0 bytes, memcpya.o(.text))
<BR><BR>[Called By]<UL><LI><a href="#[a6]">&gt;&gt;</a>&nbsp;&nbsp;&nbsp;USBD_CDC_ACM_DataSend
<LI><a href="#[a4]">&gt;&gt;</a>&nbsp;&nbsp;&nbsp;USBD_CDC_ACM_DataRead
</UL>

<P><STRONG><a name="[ff]"></a>__aeabi_memcpy4</STRONG> (Thumb, 0 bytes, Stack size 0 bytes, memcpya.o(.text), UNUSED)

<P><STRONG><a name="[100]"></a>__aeabi_memcpy8</STRONG> (Thumb, 0 bytes, Stack size 0 bytes, memcpya.o(.text), UNUSED)

<P><STRONG><a name="[84]"></a>strcat</STRONG> (Thumb, 24 bytes, Stack size 0 bytes, strcat.o(.text))
<BR><BR>[Called By]<UL><LI><a href="#[79]">&gt;&gt;</a>&nbsp;&nbsp;&nbsp;CAN_FD_RX_Process
</UL>

<P><STRONG><a name="[85]"></a>strlen</STRONG> (Thumb, 14 bytes, Stack size 0 bytes, strlen.o(.text))
<BR><BR>[Called By]<UL><LI><a href="#[79]">&gt;&gt;</a>&nbsp;&nbsp;&nbsp;CAN_FD_RX_Process
</UL>

<P><STRONG><a name="[52]"></a>__aeabi_uldivmod</STRONG> (Thumb, 98 bytes, Stack size 40 bytes, uldiv.o(.text), UNUSED)
<BR><BR>[Calls]<UL><LI><a href="#[54]">&gt;&gt;</a>&nbsp;&nbsp;&nbsp;__aeabi_llsl
<LI><a href="#[53]">&gt;&gt;</a>&nbsp;&nbsp;&nbsp;__aeabi_llsr
</UL>
<BR>[Called By]<UL><LI><a href="#[e8]">&gt;&gt;</a>&nbsp;&nbsp;&nbsp;_printf_core
</UL>

<P><STRONG><a name="[51]"></a>__scatterload</STRONG> (Thumb, 28 bytes, Stack size 0 bytes, init.o(.text))
<BR><BR>[Calls]<UL><LI><a href="#[55]">&gt;&gt;</a>&nbsp;&nbsp;&nbsp;__main_after_scatterload
</UL>
<BR>[Called By]<UL><LI><a href="#[50]">&gt;&gt;</a>&nbsp;&nbsp;&nbsp;_main_scatterload
</UL>

<P><STRONG><a name="[101]"></a>__scatterload_rt2</STRONG> (Thumb, 0 bytes, Stack size 0 bytes, init.o(.text), UNUSED)

<P><STRONG><a name="[54]"></a>__aeabi_llsl</STRONG> (Thumb, 30 bytes, Stack size 0 bytes, llshl.o(.text), UNUSED)
<BR><BR>[Called By]<UL><LI><a href="#[52]">&gt;&gt;</a>&nbsp;&nbsp;&nbsp;__aeabi_uldivmod
</UL>

<P><STRONG><a name="[102]"></a>_ll_shift_l</STRONG> (Thumb, 0 bytes, Stack size 0 bytes, llshl.o(.text), UNUSED)

<P><STRONG><a name="[53]"></a>__aeabi_llsr</STRONG> (Thumb, 32 bytes, Stack size 0 bytes, llushr.o(.text), UNUSED)
<BR><BR>[Called By]<UL><LI><a href="#[52]">&gt;&gt;</a>&nbsp;&nbsp;&nbsp;__aeabi_uldivmod
</UL>

<P><STRONG><a name="[103]"></a>_ll_ushift_r</STRONG> (Thumb, 0 bytes, Stack size 0 bytes, llushr.o(.text), UNUSED)

<P><STRONG><a name="[56]"></a>APP_CANFDSPI_Init</STRONG> (Thumb, 328 bytes, Stack size 8 bytes, app.o(i.APP_CANFDSPI_Init))
<BR><BR>[Stack]<UL><LI>Max Depth = 208<LI>Call Chain = APP_CANFDSPI_Init &rArr; DRV_CANFDSPI_RamInit &rArr; DRV_CANFDSPI_WriteByteArray &rArr; DRV_SPI_TransferData &rArr; spi_master_transfer
</UL>
<BR>[Calls]<UL><LI><a href="#[5c]">&gt;&gt;</a>&nbsp;&nbsp;&nbsp;DRV_CANFDSPI_TransmitChannelConfigureObjectReset
<LI><a href="#[5d]">&gt;&gt;</a>&nbsp;&nbsp;&nbsp;DRV_CANFDSPI_TransmitChannelConfigure
<LI><a href="#[57]">&gt;&gt;</a>&nbsp;&nbsp;&nbsp;DRV_CANFDSPI_Reset
<LI><a href="#[65]">&gt;&gt;</a>&nbsp;&nbsp;&nbsp;DRV_CANFDSPI_ReceiveChannelEventEnable
<LI><a href="#[5e]">&gt;&gt;</a>&nbsp;&nbsp;&nbsp;DRV_CANFDSPI_ReceiveChannelConfigureObjectReset
<LI><a href="#[5f]">&gt;&gt;</a>&nbsp;&nbsp;&nbsp;DRV_CANFDSPI_ReceiveChannelConfigure
<LI><a href="#[59]">&gt;&gt;</a>&nbsp;&nbsp;&nbsp;DRV_CANFDSPI_RamInit
<LI><a href="#[67]">&gt;&gt;</a>&nbsp;&nbsp;&nbsp;DRV_CANFDSPI_OperationModeSelect
<LI><a href="#[66]">&gt;&gt;</a>&nbsp;&nbsp;&nbsp;DRV_CANFDSPI_ModuleEventEnable
<LI><a href="#[64]">&gt;&gt;</a>&nbsp;&nbsp;&nbsp;DRV_CANFDSPI_GpioModeConfigure
<LI><a href="#[62]">&gt;&gt;</a>&nbsp;&nbsp;&nbsp;DRV_CANFDSPI_FilterToFifoLink
<LI><a href="#[60]">&gt;&gt;</a>&nbsp;&nbsp;&nbsp;DRV_CANFDSPI_FilterObjectConfigure
<LI><a href="#[61]">&gt;&gt;</a>&nbsp;&nbsp;&nbsp;DRV_CANFDSPI_FilterMaskConfigure
<LI><a href="#[58]">&gt;&gt;</a>&nbsp;&nbsp;&nbsp;DRV_CANFDSPI_EccEnable
<LI><a href="#[5a]">&gt;&gt;</a>&nbsp;&nbsp;&nbsp;DRV_CANFDSPI_ConfigureObjectReset
<LI><a href="#[5b]">&gt;&gt;</a>&nbsp;&nbsp;&nbsp;DRV_CANFDSPI_Configure
<LI><a href="#[63]">&gt;&gt;</a>&nbsp;&nbsp;&nbsp;DRV_CANFDSPI_BitTimeConfigure
</UL>
<BR>[Called By]<UL><LI><a href="#[7a]">&gt;&gt;</a>&nbsp;&nbsp;&nbsp;APP_Tasks
</UL>

<P><STRONG><a name="[68]"></a>APP_Initialize</STRONG> (Thumb, 178 bytes, Stack size 8 bytes, app.o(i.APP_Initialize))
<BR><BR>[Stack]<UL><LI>Max Depth = 72<LI>Call Chain = APP_Initialize &rArr; DRV_SPI_Initialize &rArr; spi_master_init &rArr; GPIO_Init
</UL>
<BR>[Calls]<UL><LI><a href="#[69]">&gt;&gt;</a>&nbsp;&nbsp;&nbsp;DRV_SPI_Initialize
<LI><a href="#[6a]">&gt;&gt;</a>&nbsp;&nbsp;&nbsp;RCC_APB2PeriphClockCmd
<LI><a href="#[6b]">&gt;&gt;</a>&nbsp;&nbsp;&nbsp;GPIO_PinRemapConfig
<LI><a href="#[6c]">&gt;&gt;</a>&nbsp;&nbsp;&nbsp;GPIO_Init
</UL>
<BR>[Called By]<UL><LI><a href="#[47]">&gt;&gt;</a>&nbsp;&nbsp;&nbsp;main
</UL>

<P><STRONG><a name="[6d]"></a>APP_LED_Clear</STRONG> (Thumb, 24 bytes, Stack size 8 bytes, app.o(i.APP_LED_Clear))
<BR><BR>[Stack]<UL><LI>Max Depth = 8<LI>Call Chain = APP_LED_Clear
</UL>
<BR>[Calls]<UL><LI><a href="#[6e]">&gt;&gt;</a>&nbsp;&nbsp;&nbsp;GPIO_SetBits
</UL>
<BR>[Called By]<UL><LI><a href="#[75]">&gt;&gt;</a>&nbsp;&nbsp;&nbsp;APP_TransmitMessageQueue
<LI><a href="#[76]">&gt;&gt;</a>&nbsp;&nbsp;&nbsp;APP_ReceiveMessage_Tasks
<LI><a href="#[71]">&gt;&gt;</a>&nbsp;&nbsp;&nbsp;APP_LED_Write
<LI><a href="#[7a]">&gt;&gt;</a>&nbsp;&nbsp;&nbsp;APP_Tasks
</UL>

<P><STRONG><a name="[6f]"></a>APP_LED_Set</STRONG> (Thumb, 24 bytes, Stack size 8 bytes, app.o(i.APP_LED_Set))
<BR><BR>[Stack]<UL><LI>Max Depth = 8<LI>Call Chain = APP_LED_Set
</UL>
<BR>[Calls]<UL><LI><a href="#[70]">&gt;&gt;</a>&nbsp;&nbsp;&nbsp;GPIO_ResetBits
</UL>
<BR>[Called By]<UL><LI><a href="#[75]">&gt;&gt;</a>&nbsp;&nbsp;&nbsp;APP_TransmitMessageQueue
<LI><a href="#[76]">&gt;&gt;</a>&nbsp;&nbsp;&nbsp;APP_ReceiveMessage_Tasks
<LI><a href="#[71]">&gt;&gt;</a>&nbsp;&nbsp;&nbsp;APP_LED_Write
<LI><a href="#[7a]">&gt;&gt;</a>&nbsp;&nbsp;&nbsp;APP_Tasks
</UL>

<P><STRONG><a name="[71]"></a>APP_LED_Write</STRONG> (Thumb, 66 bytes, Stack size 16 bytes, app.o(i.APP_LED_Write))
<BR><BR>[Stack]<UL><LI>Max Depth = 24<LI>Call Chain = APP_LED_Write &rArr; APP_LED_Set
</UL>
<BR>[Calls]<UL><LI><a href="#[6f]">&gt;&gt;</a>&nbsp;&nbsp;&nbsp;APP_LED_Set
<LI><a href="#[6d]">&gt;&gt;</a>&nbsp;&nbsp;&nbsp;APP_LED_Clear
</UL>
<BR>[Called By]<UL><LI><a href="#[76]">&gt;&gt;</a>&nbsp;&nbsp;&nbsp;APP_ReceiveMessage_Tasks
<LI><a href="#[7a]">&gt;&gt;</a>&nbsp;&nbsp;&nbsp;APP_Tasks
</UL>

<P><STRONG><a name="[72]"></a>APP_PayLoad_Tasks</STRONG> (Thumb, 230 bytes, Stack size 8 bytes, app.o(i.APP_PayLoad_Tasks))
<BR><BR>[Stack]<UL><LI>Max Depth = 296<LI>Call Chain = APP_PayLoad_Tasks &rArr; APP_TransmitMessageQueue &rArr; DRV_CANFDSPI_TransmitChannelLoad &rArr; DRV_CANFDSPI_TransmitChannelUpdate &rArr; DRV_CANFDSPI_WriteByte &rArr; DRV_SPI_TransferData &rArr; spi_master_transfer
</UL>
<BR>[Calls]<UL><LI><a href="#[73]">&gt;&gt;</a>&nbsp;&nbsp;&nbsp;DRV_CANFDSPI_DlcToDataBytes
<LI><a href="#[75]">&gt;&gt;</a>&nbsp;&nbsp;&nbsp;APP_TransmitMessageQueue
<LI><a href="#[74]">&gt;&gt;</a>&nbsp;&nbsp;&nbsp;rand
</UL>
<BR>[Called By]<UL><LI><a href="#[7a]">&gt;&gt;</a>&nbsp;&nbsp;&nbsp;APP_Tasks
</UL>

<P><STRONG><a name="[76]"></a>APP_ReceiveMessage_Tasks</STRONG> (Thumb, 328 bytes, Stack size 16 bytes, app.o(i.APP_ReceiveMessage_Tasks))
<BR><BR>[Stack]<UL><LI>Max Depth = 304<LI>Call Chain = APP_ReceiveMessage_Tasks &rArr; APP_TransmitMessageQueue &rArr; DRV_CANFDSPI_TransmitChannelLoad &rArr; DRV_CANFDSPI_TransmitChannelUpdate &rArr; DRV_CANFDSPI_WriteByte &rArr; DRV_SPI_TransferData &rArr; spi_master_transfer
</UL>
<BR>[Calls]<UL><LI><a href="#[77]">&gt;&gt;</a>&nbsp;&nbsp;&nbsp;GPIO_ReadInputDataBit
<LI><a href="#[78]">&gt;&gt;</a>&nbsp;&nbsp;&nbsp;DRV_CANFDSPI_ReceiveMessageGet
<LI><a href="#[79]">&gt;&gt;</a>&nbsp;&nbsp;&nbsp;CAN_FD_RX_Process
<LI><a href="#[75]">&gt;&gt;</a>&nbsp;&nbsp;&nbsp;APP_TransmitMessageQueue
<LI><a href="#[71]">&gt;&gt;</a>&nbsp;&nbsp;&nbsp;APP_LED_Write
<LI><a href="#[6f]">&gt;&gt;</a>&nbsp;&nbsp;&nbsp;APP_LED_Set
<LI><a href="#[6d]">&gt;&gt;</a>&nbsp;&nbsp;&nbsp;APP_LED_Clear
</UL>
<BR>[Called By]<UL><LI><a href="#[7a]">&gt;&gt;</a>&nbsp;&nbsp;&nbsp;APP_Tasks
</UL>

<P><STRONG><a name="[7a]"></a>APP_Tasks</STRONG> (Thumb, 392 bytes, Stack size 8 bytes, app.o(i.APP_Tasks))
<BR><BR>[Stack]<UL><LI>Max Depth = 312<LI>Call Chain = APP_Tasks &rArr; APP_TransmitSwitchState &rArr; APP_TransmitMessageQueue &rArr; DRV_CANFDSPI_TransmitChannelLoad &rArr; DRV_CANFDSPI_TransmitChannelUpdate &rArr; DRV_CANFDSPI_WriteByte &rArr; DRV_SPI_TransferData &rArr; spi_master_transfer
</UL>
<BR>[Calls]<UL><LI><a href="#[7b]">&gt;&gt;</a>&nbsp;&nbsp;&nbsp;APP_TransmitSwitchState
<LI><a href="#[7d]">&gt;&gt;</a>&nbsp;&nbsp;&nbsp;APP_TestRegisterAccess
<LI><a href="#[7c]">&gt;&gt;</a>&nbsp;&nbsp;&nbsp;APP_TestRamAccess
<LI><a href="#[76]">&gt;&gt;</a>&nbsp;&nbsp;&nbsp;APP_ReceiveMessage_Tasks
<LI><a href="#[72]">&gt;&gt;</a>&nbsp;&nbsp;&nbsp;APP_PayLoad_Tasks
<LI><a href="#[71]">&gt;&gt;</a>&nbsp;&nbsp;&nbsp;APP_LED_Write
<LI><a href="#[6f]">&gt;&gt;</a>&nbsp;&nbsp;&nbsp;APP_LED_Set
<LI><a href="#[6d]">&gt;&gt;</a>&nbsp;&nbsp;&nbsp;APP_LED_Clear
<LI><a href="#[56]">&gt;&gt;</a>&nbsp;&nbsp;&nbsp;APP_CANFDSPI_Init
</UL>
<BR>[Called By]<UL><LI><a href="#[47]">&gt;&gt;</a>&nbsp;&nbsp;&nbsp;main
</UL>

<P><STRONG><a name="[7c]"></a>APP_TestRamAccess</STRONG> (Thumb, 166 bytes, Stack size 16 bytes, app.o(i.APP_TestRamAccess))
<BR><BR>[Stack]<UL><LI>Max Depth = 96<LI>Call Chain = APP_TestRamAccess &rArr; DRV_CANFDSPI_WriteByteArray &rArr; DRV_SPI_TransferData &rArr; spi_master_transfer
</UL>
<BR>[Calls]<UL><LI><a href="#[7e]">&gt;&gt;</a>&nbsp;&nbsp;&nbsp;DRV_CANFDSPI_WriteByteArray
<LI><a href="#[7f]">&gt;&gt;</a>&nbsp;&nbsp;&nbsp;DRV_CANFDSPI_ReadByteArray
<LI><a href="#[74]">&gt;&gt;</a>&nbsp;&nbsp;&nbsp;rand
</UL>
<BR>[Called By]<UL><LI><a href="#[7a]">&gt;&gt;</a>&nbsp;&nbsp;&nbsp;APP_Tasks
</UL>

<P><STRONG><a name="[7d]"></a>APP_TestRegisterAccess</STRONG> (Thumb, 174 bytes, Stack size 16 bytes, app.o(i.APP_TestRegisterAccess))
<BR><BR>[Stack]<UL><LI>Max Depth = 96<LI>Call Chain = APP_TestRegisterAccess &rArr; DRV_CANFDSPI_WriteByteArray &rArr; DRV_SPI_TransferData &rArr; spi_master_transfer
</UL>
<BR>[Calls]<UL><LI><a href="#[7e]">&gt;&gt;</a>&nbsp;&nbsp;&nbsp;DRV_CANFDSPI_WriteByteArray
<LI><a href="#[7f]">&gt;&gt;</a>&nbsp;&nbsp;&nbsp;DRV_CANFDSPI_ReadByteArray
<LI><a href="#[74]">&gt;&gt;</a>&nbsp;&nbsp;&nbsp;rand
</UL>
<BR>[Called By]<UL><LI><a href="#[7a]">&gt;&gt;</a>&nbsp;&nbsp;&nbsp;APP_Tasks
</UL>

<P><STRONG><a name="[75]"></a>APP_TransmitMessageQueue</STRONG> (Thumb, 100 bytes, Stack size 24 bytes, app.o(i.APP_TransmitMessageQueue))
<BR><BR>[Stack]<UL><LI>Max Depth = 288<LI>Call Chain = APP_TransmitMessageQueue &rArr; DRV_CANFDSPI_TransmitChannelLoad &rArr; DRV_CANFDSPI_TransmitChannelUpdate &rArr; DRV_CANFDSPI_WriteByte &rArr; DRV_SPI_TransferData &rArr; spi_master_transfer
</UL>
<BR>[Calls]<UL><LI><a href="#[82]">&gt;&gt;</a>&nbsp;&nbsp;&nbsp;DRV_CANFDSPI_TransmitChannelLoad
<LI><a href="#[80]">&gt;&gt;</a>&nbsp;&nbsp;&nbsp;DRV_CANFDSPI_TransmitChannelEventGet
<LI><a href="#[81]">&gt;&gt;</a>&nbsp;&nbsp;&nbsp;DRV_CANFDSPI_ErrorCountStateGet
<LI><a href="#[73]">&gt;&gt;</a>&nbsp;&nbsp;&nbsp;DRV_CANFDSPI_DlcToDataBytes
<LI><a href="#[6f]">&gt;&gt;</a>&nbsp;&nbsp;&nbsp;APP_LED_Set
<LI><a href="#[6d]">&gt;&gt;</a>&nbsp;&nbsp;&nbsp;APP_LED_Clear
</UL>
<BR>[Called By]<UL><LI><a href="#[7b]">&gt;&gt;</a>&nbsp;&nbsp;&nbsp;APP_TransmitSwitchState
<LI><a href="#[76]">&gt;&gt;</a>&nbsp;&nbsp;&nbsp;APP_ReceiveMessage_Tasks
<LI><a href="#[72]">&gt;&gt;</a>&nbsp;&nbsp;&nbsp;APP_PayLoad_Tasks
<LI><a href="#[86]">&gt;&gt;</a>&nbsp;&nbsp;&nbsp;CAN_FD_TX_Process
</UL>

<P><STRONG><a name="[7b]"></a>APP_TransmitSwitchState</STRONG> (Thumb, 142 bytes, Stack size 16 bytes, app.o(i.APP_TransmitSwitchState))
<BR><BR>[Stack]<UL><LI>Max Depth = 304<LI>Call Chain = APP_TransmitSwitchState &rArr; APP_TransmitMessageQueue &rArr; DRV_CANFDSPI_TransmitChannelLoad &rArr; DRV_CANFDSPI_TransmitChannelUpdate &rArr; DRV_CANFDSPI_WriteByte &rArr; DRV_SPI_TransferData &rArr; spi_master_transfer
</UL>
<BR>[Calls]<UL><LI><a href="#[77]">&gt;&gt;</a>&nbsp;&nbsp;&nbsp;GPIO_ReadInputDataBit
<LI><a href="#[75]">&gt;&gt;</a>&nbsp;&nbsp;&nbsp;APP_TransmitMessageQueue
</UL>
<BR>[Called By]<UL><LI><a href="#[7a]">&gt;&gt;</a>&nbsp;&nbsp;&nbsp;APP_Tasks
</UL>

<P><STRONG><a name="[79]"></a>CAN_FD_RX_Process</STRONG> (Thumb, 226 bytes, Stack size 120 bytes, app.o(i.CAN_FD_RX_Process))
<BR><BR>[Stack]<UL><LI>Max Depth = 144<LI>Call Chain = CAN_FD_RX_Process &rArr; __2sprintf
</UL>
<BR>[Calls]<UL><LI><a href="#[73]">&gt;&gt;</a>&nbsp;&nbsp;&nbsp;DRV_CANFDSPI_DlcToDataBytes
<LI><a href="#[83]">&gt;&gt;</a>&nbsp;&nbsp;&nbsp;__2sprintf
<LI><a href="#[85]">&gt;&gt;</a>&nbsp;&nbsp;&nbsp;strlen
<LI><a href="#[84]">&gt;&gt;</a>&nbsp;&nbsp;&nbsp;strcat
</UL>
<BR>[Called By]<UL><LI><a href="#[76]">&gt;&gt;</a>&nbsp;&nbsp;&nbsp;APP_ReceiveMessage_Tasks
</UL>

<P><STRONG><a name="[86]"></a>CAN_FD_TX_Process</STRONG> (Thumb, 430 bytes, Stack size 16 bytes, app.o(i.CAN_FD_TX_Process))
<BR><BR>[Stack]<UL><LI>Max Depth = 304<LI>Call Chain = CAN_FD_TX_Process &rArr; APP_TransmitMessageQueue &rArr; DRV_CANFDSPI_TransmitChannelLoad &rArr; DRV_CANFDSPI_TransmitChannelUpdate &rArr; DRV_CANFDSPI_WriteByte &rArr; DRV_SPI_TransferData &rArr; spi_master_transfer
</UL>
<BR>[Calls]<UL><LI><a href="#[75]">&gt;&gt;</a>&nbsp;&nbsp;&nbsp;APP_TransmitMessageQueue
</UL>
<BR>[Called By]<UL><LI><a href="#[47]">&gt;&gt;</a>&nbsp;&nbsp;&nbsp;main
</UL>

<P><STRONG><a name="[63]"></a>DRV_CANFDSPI_BitTimeConfigure</STRONG> (Thumb, 130 bytes, Stack size 24 bytes, drv_canfdspi_api.o(i.DRV_CANFDSPI_BitTimeConfigure))
<BR><BR>[Stack]<UL><LI>Max Depth = 136<LI>Call Chain = DRV_CANFDSPI_BitTimeConfigure &rArr; DRV_CANFDSPI_BitTimeConfigureData40MHz &rArr; DRV_CANFDSPI_WriteWord &rArr; DRV_SPI_TransferData &rArr; spi_master_transfer
</UL>
<BR>[Calls]<UL><LI><a href="#[87]">&gt;&gt;</a>&nbsp;&nbsp;&nbsp;DRV_CANFDSPI_BitTimeConfigureNominal40MHz
<LI><a href="#[89]">&gt;&gt;</a>&nbsp;&nbsp;&nbsp;DRV_CANFDSPI_BitTimeConfigureNominal20MHz
<LI><a href="#[8b]">&gt;&gt;</a>&nbsp;&nbsp;&nbsp;DRV_CANFDSPI_BitTimeConfigureNominal10MHz
<LI><a href="#[88]">&gt;&gt;</a>&nbsp;&nbsp;&nbsp;DRV_CANFDSPI_BitTimeConfigureData40MHz
<LI><a href="#[8a]">&gt;&gt;</a>&nbsp;&nbsp;&nbsp;DRV_CANFDSPI_BitTimeConfigureData20MHz
<LI><a href="#[8c]">&gt;&gt;</a>&nbsp;&nbsp;&nbsp;DRV_CANFDSPI_BitTimeConfigureData10MHz
</UL>
<BR>[Called By]<UL><LI><a href="#[56]">&gt;&gt;</a>&nbsp;&nbsp;&nbsp;APP_CANFDSPI_Init
</UL>

<P><STRONG><a name="[8c]"></a>DRV_CANFDSPI_BitTimeConfigureData10MHz</STRONG> (Thumb, 540 bytes, Stack size 32 bytes, drv_canfdspi_api.o(i.DRV_CANFDSPI_BitTimeConfigureData10MHz))
<BR><BR>[Stack]<UL><LI>Max Depth = 112<LI>Call Chain = DRV_CANFDSPI_BitTimeConfigureData10MHz &rArr; DRV_CANFDSPI_WriteWord &rArr; DRV_SPI_TransferData &rArr; spi_master_transfer
</UL>
<BR>[Calls]<UL><LI><a href="#[8d]">&gt;&gt;</a>&nbsp;&nbsp;&nbsp;DRV_CANFDSPI_WriteWord
</UL>
<BR>[Called By]<UL><LI><a href="#[63]">&gt;&gt;</a>&nbsp;&nbsp;&nbsp;DRV_CANFDSPI_BitTimeConfigure
</UL>

<P><STRONG><a name="[8a]"></a>DRV_CANFDSPI_BitTimeConfigureData20MHz</STRONG> (Thumb, 788 bytes, Stack size 32 bytes, drv_canfdspi_api.o(i.DRV_CANFDSPI_BitTimeConfigureData20MHz))
<BR><BR>[Stack]<UL><LI>Max Depth = 112<LI>Call Chain = DRV_CANFDSPI_BitTimeConfigureData20MHz &rArr; DRV_CANFDSPI_WriteWord &rArr; DRV_SPI_TransferData &rArr; spi_master_transfer
</UL>
<BR>[Calls]<UL><LI><a href="#[8d]">&gt;&gt;</a>&nbsp;&nbsp;&nbsp;DRV_CANFDSPI_WriteWord
</UL>
<BR>[Called By]<UL><LI><a href="#[63]">&gt;&gt;</a>&nbsp;&nbsp;&nbsp;DRV_CANFDSPI_BitTimeConfigure
</UL>

<P><STRONG><a name="[88]"></a>DRV_CANFDSPI_BitTimeConfigureData40MHz</STRONG> (Thumb, 1120 bytes, Stack size 32 bytes, drv_canfdspi_api.o(i.DRV_CANFDSPI_BitTimeConfigureData40MHz))
<BR><BR>[Stack]<UL><LI>Max Depth = 112<LI>Call Chain = DRV_CANFDSPI_BitTimeConfigureData40MHz &rArr; DRV_CANFDSPI_WriteWord &rArr; DRV_SPI_TransferData &rArr; spi_master_transfer
</UL>
<BR>[Calls]<UL><LI><a href="#[8d]">&gt;&gt;</a>&nbsp;&nbsp;&nbsp;DRV_CANFDSPI_WriteWord
</UL>
<BR>[Called By]<UL><LI><a href="#[63]">&gt;&gt;</a>&nbsp;&nbsp;&nbsp;DRV_CANFDSPI_BitTimeConfigure
</UL>

<P><STRONG><a name="[8b]"></a>DRV_CANFDSPI_BitTimeConfigureNominal10MHz</STRONG> (Thumb, 276 bytes, Stack size 24 bytes, drv_canfdspi_api.o(i.DRV_CANFDSPI_BitTimeConfigureNominal10MHz))
<BR><BR>[Stack]<UL><LI>Max Depth = 104<LI>Call Chain = DRV_CANFDSPI_BitTimeConfigureNominal10MHz &rArr; DRV_CANFDSPI_WriteWord &rArr; DRV_SPI_TransferData &rArr; spi_master_transfer
</UL>
<BR>[Calls]<UL><LI><a href="#[8d]">&gt;&gt;</a>&nbsp;&nbsp;&nbsp;DRV_CANFDSPI_WriteWord
</UL>
<BR>[Called By]<UL><LI><a href="#[63]">&gt;&gt;</a>&nbsp;&nbsp;&nbsp;DRV_CANFDSPI_BitTimeConfigure
</UL>

<P><STRONG><a name="[89]"></a>DRV_CANFDSPI_BitTimeConfigureNominal20MHz</STRONG> (Thumb, 276 bytes, Stack size 24 bytes, drv_canfdspi_api.o(i.DRV_CANFDSPI_BitTimeConfigureNominal20MHz))
<BR><BR>[Stack]<UL><LI>Max Depth = 104<LI>Call Chain = DRV_CANFDSPI_BitTimeConfigureNominal20MHz &rArr; DRV_CANFDSPI_WriteWord &rArr; DRV_SPI_TransferData &rArr; spi_master_transfer
</UL>
<BR>[Calls]<UL><LI><a href="#[8d]">&gt;&gt;</a>&nbsp;&nbsp;&nbsp;DRV_CANFDSPI_WriteWord
</UL>
<BR>[Called By]<UL><LI><a href="#[63]">&gt;&gt;</a>&nbsp;&nbsp;&nbsp;DRV_CANFDSPI_BitTimeConfigure
</UL>

<P><STRONG><a name="[87]"></a>DRV_CANFDSPI_BitTimeConfigureNominal40MHz</STRONG> (Thumb, 270 bytes, Stack size 24 bytes, drv_canfdspi_api.o(i.DRV_CANFDSPI_BitTimeConfigureNominal40MHz))
<BR><BR>[Stack]<UL><LI>Max Depth = 104<LI>Call Chain = DRV_CANFDSPI_BitTimeConfigureNominal40MHz &rArr; DRV_CANFDSPI_WriteWord &rArr; DRV_SPI_TransferData &rArr; spi_master_transfer
</UL>
<BR>[Calls]<UL><LI><a href="#[8d]">&gt;&gt;</a>&nbsp;&nbsp;&nbsp;DRV_CANFDSPI_WriteWord
</UL>
<BR>[Called By]<UL><LI><a href="#[63]">&gt;&gt;</a>&nbsp;&nbsp;&nbsp;DRV_CANFDSPI_BitTimeConfigure
</UL>

<P><STRONG><a name="[5b]"></a>DRV_CANFDSPI_Configure</STRONG> (Thumb, 180 bytes, Stack size 24 bytes, drv_canfdspi_api.o(i.DRV_CANFDSPI_Configure))
<BR><BR>[Stack]<UL><LI>Max Depth = 104<LI>Call Chain = DRV_CANFDSPI_Configure &rArr; DRV_CANFDSPI_WriteWord &rArr; DRV_SPI_TransferData &rArr; spi_master_transfer
</UL>
<BR>[Calls]<UL><LI><a href="#[8d]">&gt;&gt;</a>&nbsp;&nbsp;&nbsp;DRV_CANFDSPI_WriteWord
</UL>
<BR>[Called By]<UL><LI><a href="#[56]">&gt;&gt;</a>&nbsp;&nbsp;&nbsp;APP_CANFDSPI_Init
</UL>

<P><STRONG><a name="[5a]"></a>DRV_CANFDSPI_ConfigureObjectReset</STRONG> (Thumb, 156 bytes, Stack size 8 bytes, drv_canfdspi_api.o(i.DRV_CANFDSPI_ConfigureObjectReset))
<BR><BR>[Stack]<UL><LI>Max Depth = 8<LI>Call Chain = DRV_CANFDSPI_ConfigureObjectReset
</UL>
<BR>[Called By]<UL><LI><a href="#[56]">&gt;&gt;</a>&nbsp;&nbsp;&nbsp;APP_CANFDSPI_Init
</UL>

<P><STRONG><a name="[73]"></a>DRV_CANFDSPI_DlcToDataBytes</STRONG> (Thumb, 70 bytes, Stack size 0 bytes, drv_canfdspi_api.o(i.DRV_CANFDSPI_DlcToDataBytes))
<BR><BR>[Called By]<UL><LI><a href="#[82]">&gt;&gt;</a>&nbsp;&nbsp;&nbsp;DRV_CANFDSPI_TransmitChannelLoad
<LI><a href="#[79]">&gt;&gt;</a>&nbsp;&nbsp;&nbsp;CAN_FD_RX_Process
<LI><a href="#[75]">&gt;&gt;</a>&nbsp;&nbsp;&nbsp;APP_TransmitMessageQueue
<LI><a href="#[72]">&gt;&gt;</a>&nbsp;&nbsp;&nbsp;APP_PayLoad_Tasks
</UL>

<P><STRONG><a name="[58]"></a>DRV_CANFDSPI_EccEnable</STRONG> (Thumb, 70 bytes, Stack size 16 bytes, drv_canfdspi_api.o(i.DRV_CANFDSPI_EccEnable))
<BR><BR>[Stack]<UL><LI>Max Depth = 88<LI>Call Chain = DRV_CANFDSPI_EccEnable &rArr; DRV_CANFDSPI_WriteByte &rArr; DRV_SPI_TransferData &rArr; spi_master_transfer
</UL>
<BR>[Calls]<UL><LI><a href="#[8f]">&gt;&gt;</a>&nbsp;&nbsp;&nbsp;DRV_CANFDSPI_WriteByte
<LI><a href="#[8e]">&gt;&gt;</a>&nbsp;&nbsp;&nbsp;DRV_CANFDSPI_ReadByte
</UL>
<BR>[Called By]<UL><LI><a href="#[56]">&gt;&gt;</a>&nbsp;&nbsp;&nbsp;APP_CANFDSPI_Init
</UL>

<P><STRONG><a name="[81]"></a>DRV_CANFDSPI_ErrorCountStateGet</STRONG> (Thumb, 72 bytes, Stack size 32 bytes, drv_canfdspi_api.o(i.DRV_CANFDSPI_ErrorCountStateGet))
<BR><BR>[Stack]<UL><LI>Max Depth = 112<LI>Call Chain = DRV_CANFDSPI_ErrorCountStateGet &rArr; DRV_CANFDSPI_ReadWord &rArr; DRV_SPI_TransferData &rArr; spi_master_transfer
</UL>
<BR>[Calls]<UL><LI><a href="#[90]">&gt;&gt;</a>&nbsp;&nbsp;&nbsp;DRV_CANFDSPI_ReadWord
</UL>
<BR>[Called By]<UL><LI><a href="#[75]">&gt;&gt;</a>&nbsp;&nbsp;&nbsp;APP_TransmitMessageQueue
</UL>

<P><STRONG><a name="[61]"></a>DRV_CANFDSPI_FilterMaskConfigure</STRONG> (Thumb, 48 bytes, Stack size 32 bytes, drv_canfdspi_api.o(i.DRV_CANFDSPI_FilterMaskConfigure))
<BR><BR>[Stack]<UL><LI>Max Depth = 112<LI>Call Chain = DRV_CANFDSPI_FilterMaskConfigure &rArr; DRV_CANFDSPI_WriteWord &rArr; DRV_SPI_TransferData &rArr; spi_master_transfer
</UL>
<BR>[Calls]<UL><LI><a href="#[8d]">&gt;&gt;</a>&nbsp;&nbsp;&nbsp;DRV_CANFDSPI_WriteWord
</UL>
<BR>[Called By]<UL><LI><a href="#[56]">&gt;&gt;</a>&nbsp;&nbsp;&nbsp;APP_CANFDSPI_Init
</UL>

<P><STRONG><a name="[60]"></a>DRV_CANFDSPI_FilterObjectConfigure</STRONG> (Thumb, 48 bytes, Stack size 32 bytes, drv_canfdspi_api.o(i.DRV_CANFDSPI_FilterObjectConfigure))
<BR><BR>[Stack]<UL><LI>Max Depth = 112<LI>Call Chain = DRV_CANFDSPI_FilterObjectConfigure &rArr; DRV_CANFDSPI_WriteWord &rArr; DRV_SPI_TransferData &rArr; spi_master_transfer
</UL>
<BR>[Calls]<UL><LI><a href="#[8d]">&gt;&gt;</a>&nbsp;&nbsp;&nbsp;DRV_CANFDSPI_WriteWord
</UL>
<BR>[Called By]<UL><LI><a href="#[56]">&gt;&gt;</a>&nbsp;&nbsp;&nbsp;APP_CANFDSPI_Init
</UL>

<P><STRONG><a name="[62]"></a>DRV_CANFDSPI_FilterToFifoLink</STRONG> (Thumb, 70 bytes, Stack size 32 bytes, drv_canfdspi_api.o(i.DRV_CANFDSPI_FilterToFifoLink))
<BR><BR>[Stack]<UL><LI>Max Depth = 104<LI>Call Chain = DRV_CANFDSPI_FilterToFifoLink &rArr; DRV_CANFDSPI_WriteByte &rArr; DRV_SPI_TransferData &rArr; spi_master_transfer
</UL>
<BR>[Calls]<UL><LI><a href="#[8f]">&gt;&gt;</a>&nbsp;&nbsp;&nbsp;DRV_CANFDSPI_WriteByte
</UL>
<BR>[Called By]<UL><LI><a href="#[56]">&gt;&gt;</a>&nbsp;&nbsp;&nbsp;APP_CANFDSPI_Init
</UL>

<P><STRONG><a name="[64]"></a>DRV_CANFDSPI_GpioModeConfigure</STRONG> (Thumb, 88 bytes, Stack size 32 bytes, drv_canfdspi_api.o(i.DRV_CANFDSPI_GpioModeConfigure))
<BR><BR>[Stack]<UL><LI>Max Depth = 104<LI>Call Chain = DRV_CANFDSPI_GpioModeConfigure &rArr; DRV_CANFDSPI_WriteByte &rArr; DRV_SPI_TransferData &rArr; spi_master_transfer
</UL>
<BR>[Calls]<UL><LI><a href="#[8f]">&gt;&gt;</a>&nbsp;&nbsp;&nbsp;DRV_CANFDSPI_WriteByte
<LI><a href="#[8e]">&gt;&gt;</a>&nbsp;&nbsp;&nbsp;DRV_CANFDSPI_ReadByte
</UL>
<BR>[Called By]<UL><LI><a href="#[56]">&gt;&gt;</a>&nbsp;&nbsp;&nbsp;APP_CANFDSPI_Init
</UL>

<P><STRONG><a name="[66]"></a>DRV_CANFDSPI_ModuleEventEnable</STRONG> (Thumb, 80 bytes, Stack size 24 bytes, drv_canfdspi_api.o(i.DRV_CANFDSPI_ModuleEventEnable))
<BR><BR>[Stack]<UL><LI>Max Depth = 104<LI>Call Chain = DRV_CANFDSPI_ModuleEventEnable &rArr; DRV_CANFDSPI_WriteHalfWord &rArr; DRV_SPI_TransferData &rArr; spi_master_transfer
</UL>
<BR>[Calls]<UL><LI><a href="#[92]">&gt;&gt;</a>&nbsp;&nbsp;&nbsp;DRV_CANFDSPI_WriteHalfWord
<LI><a href="#[91]">&gt;&gt;</a>&nbsp;&nbsp;&nbsp;DRV_CANFDSPI_ReadHalfWord
</UL>
<BR>[Called By]<UL><LI><a href="#[56]">&gt;&gt;</a>&nbsp;&nbsp;&nbsp;APP_CANFDSPI_Init
</UL>

<P><STRONG><a name="[67]"></a>DRV_CANFDSPI_OperationModeSelect</STRONG> (Thumb, 76 bytes, Stack size 24 bytes, drv_canfdspi_api.o(i.DRV_CANFDSPI_OperationModeSelect))
<BR><BR>[Stack]<UL><LI>Max Depth = 96<LI>Call Chain = DRV_CANFDSPI_OperationModeSelect &rArr; DRV_CANFDSPI_WriteByte &rArr; DRV_SPI_TransferData &rArr; spi_master_transfer
</UL>
<BR>[Calls]<UL><LI><a href="#[8f]">&gt;&gt;</a>&nbsp;&nbsp;&nbsp;DRV_CANFDSPI_WriteByte
<LI><a href="#[8e]">&gt;&gt;</a>&nbsp;&nbsp;&nbsp;DRV_CANFDSPI_ReadByte
</UL>
<BR>[Called By]<UL><LI><a href="#[56]">&gt;&gt;</a>&nbsp;&nbsp;&nbsp;APP_CANFDSPI_Init
</UL>

<P><STRONG><a name="[59]"></a>DRV_CANFDSPI_RamInit</STRONG> (Thumb, 76 bytes, Stack size 120 bytes, drv_canfdspi_api.o(i.DRV_CANFDSPI_RamInit))
<BR><BR>[Stack]<UL><LI>Max Depth = 200<LI>Call Chain = DRV_CANFDSPI_RamInit &rArr; DRV_CANFDSPI_WriteByteArray &rArr; DRV_SPI_TransferData &rArr; spi_master_transfer
</UL>
<BR>[Calls]<UL><LI><a href="#[7e]">&gt;&gt;</a>&nbsp;&nbsp;&nbsp;DRV_CANFDSPI_WriteByteArray
</UL>
<BR>[Called By]<UL><LI><a href="#[56]">&gt;&gt;</a>&nbsp;&nbsp;&nbsp;APP_CANFDSPI_Init
</UL>

<P><STRONG><a name="[8e]"></a>DRV_CANFDSPI_ReadByte</STRONG> (Thumb, 56 bytes, Stack size 24 bytes, drv_canfdspi_api.o(i.DRV_CANFDSPI_ReadByte))
<BR><BR>[Stack]<UL><LI>Max Depth = 72<LI>Call Chain = DRV_CANFDSPI_ReadByte &rArr; DRV_SPI_TransferData &rArr; spi_master_transfer
</UL>
<BR>[Calls]<UL><LI><a href="#[93]">&gt;&gt;</a>&nbsp;&nbsp;&nbsp;DRV_SPI_TransferData
</UL>
<BR>[Called By]<UL><LI><a href="#[80]">&gt;&gt;</a>&nbsp;&nbsp;&nbsp;DRV_CANFDSPI_TransmitChannelEventGet
<LI><a href="#[65]">&gt;&gt;</a>&nbsp;&nbsp;&nbsp;DRV_CANFDSPI_ReceiveChannelEventEnable
<LI><a href="#[67]">&gt;&gt;</a>&nbsp;&nbsp;&nbsp;DRV_CANFDSPI_OperationModeSelect
<LI><a href="#[64]">&gt;&gt;</a>&nbsp;&nbsp;&nbsp;DRV_CANFDSPI_GpioModeConfigure
<LI><a href="#[58]">&gt;&gt;</a>&nbsp;&nbsp;&nbsp;DRV_CANFDSPI_EccEnable
</UL>

<P><STRONG><a name="[7f]"></a>DRV_CANFDSPI_ReadByteArray</STRONG> (Thumb, 92 bytes, Stack size 32 bytes, drv_canfdspi_api.o(i.DRV_CANFDSPI_ReadByteArray))
<BR><BR>[Stack]<UL><LI>Max Depth = 80<LI>Call Chain = DRV_CANFDSPI_ReadByteArray &rArr; DRV_SPI_TransferData &rArr; spi_master_transfer
</UL>
<BR>[Calls]<UL><LI><a href="#[93]">&gt;&gt;</a>&nbsp;&nbsp;&nbsp;DRV_SPI_TransferData
</UL>
<BR>[Called By]<UL><LI><a href="#[78]">&gt;&gt;</a>&nbsp;&nbsp;&nbsp;DRV_CANFDSPI_ReceiveMessageGet
<LI><a href="#[7d]">&gt;&gt;</a>&nbsp;&nbsp;&nbsp;APP_TestRegisterAccess
<LI><a href="#[7c]">&gt;&gt;</a>&nbsp;&nbsp;&nbsp;APP_TestRamAccess
</UL>

<P><STRONG><a name="[91]"></a>DRV_CANFDSPI_ReadHalfWord</STRONG> (Thumb, 92 bytes, Stack size 32 bytes, drv_canfdspi_api.o(i.DRV_CANFDSPI_ReadHalfWord))
<BR><BR>[Stack]<UL><LI>Max Depth = 80<LI>Call Chain = DRV_CANFDSPI_ReadHalfWord &rArr; DRV_SPI_TransferData &rArr; spi_master_transfer
</UL>
<BR>[Calls]<UL><LI><a href="#[93]">&gt;&gt;</a>&nbsp;&nbsp;&nbsp;DRV_SPI_TransferData
</UL>
<BR>[Called By]<UL><LI><a href="#[66]">&gt;&gt;</a>&nbsp;&nbsp;&nbsp;DRV_CANFDSPI_ModuleEventEnable
</UL>

<P><STRONG><a name="[90]"></a>DRV_CANFDSPI_ReadWord</STRONG> (Thumb, 92 bytes, Stack size 32 bytes, drv_canfdspi_api.o(i.DRV_CANFDSPI_ReadWord))
<BR><BR>[Stack]<UL><LI>Max Depth = 80<LI>Call Chain = DRV_CANFDSPI_ReadWord &rArr; DRV_SPI_TransferData &rArr; spi_master_transfer
</UL>
<BR>[Calls]<UL><LI><a href="#[93]">&gt;&gt;</a>&nbsp;&nbsp;&nbsp;DRV_SPI_TransferData
</UL>
<BR>[Called By]<UL><LI><a href="#[81]">&gt;&gt;</a>&nbsp;&nbsp;&nbsp;DRV_CANFDSPI_ErrorCountStateGet
</UL>

<P><STRONG><a name="[94]"></a>DRV_CANFDSPI_ReadWordArray</STRONG> (Thumb, 144 bytes, Stack size 56 bytes, drv_canfdspi_api.o(i.DRV_CANFDSPI_ReadWordArray))
<BR><BR>[Stack]<UL><LI>Max Depth = 104<LI>Call Chain = DRV_CANFDSPI_ReadWordArray &rArr; DRV_SPI_TransferData &rArr; spi_master_transfer
</UL>
<BR>[Calls]<UL><LI><a href="#[93]">&gt;&gt;</a>&nbsp;&nbsp;&nbsp;DRV_SPI_TransferData
</UL>
<BR>[Called By]<UL><LI><a href="#[82]">&gt;&gt;</a>&nbsp;&nbsp;&nbsp;DRV_CANFDSPI_TransmitChannelLoad
<LI><a href="#[78]">&gt;&gt;</a>&nbsp;&nbsp;&nbsp;DRV_CANFDSPI_ReceiveMessageGet
</UL>

<P><STRONG><a name="[5f]"></a>DRV_CANFDSPI_ReceiveChannelConfigure</STRONG> (Thumb, 98 bytes, Stack size 32 bytes, drv_canfdspi_api.o(i.DRV_CANFDSPI_ReceiveChannelConfigure))
<BR><BR>[Stack]<UL><LI>Max Depth = 112<LI>Call Chain = DRV_CANFDSPI_ReceiveChannelConfigure &rArr; DRV_CANFDSPI_WriteWord &rArr; DRV_SPI_TransferData &rArr; spi_master_transfer
</UL>
<BR>[Calls]<UL><LI><a href="#[8d]">&gt;&gt;</a>&nbsp;&nbsp;&nbsp;DRV_CANFDSPI_WriteWord
</UL>
<BR>[Called By]<UL><LI><a href="#[56]">&gt;&gt;</a>&nbsp;&nbsp;&nbsp;APP_CANFDSPI_Init
</UL>

<P><STRONG><a name="[5e]"></a>DRV_CANFDSPI_ReceiveChannelConfigureObjectReset</STRONG> (Thumb, 50 bytes, Stack size 8 bytes, drv_canfdspi_api.o(i.DRV_CANFDSPI_ReceiveChannelConfigureObjectReset))
<BR><BR>[Stack]<UL><LI>Max Depth = 8<LI>Call Chain = DRV_CANFDSPI_ReceiveChannelConfigureObjectReset
</UL>
<BR>[Called By]<UL><LI><a href="#[56]">&gt;&gt;</a>&nbsp;&nbsp;&nbsp;APP_CANFDSPI_Init
</UL>

<P><STRONG><a name="[65]"></a>DRV_CANFDSPI_ReceiveChannelEventEnable</STRONG> (Thumb, 98 bytes, Stack size 32 bytes, drv_canfdspi_api.o(i.DRV_CANFDSPI_ReceiveChannelEventEnable))
<BR><BR>[Stack]<UL><LI>Max Depth = 104<LI>Call Chain = DRV_CANFDSPI_ReceiveChannelEventEnable &rArr; DRV_CANFDSPI_WriteByte &rArr; DRV_SPI_TransferData &rArr; spi_master_transfer
</UL>
<BR>[Calls]<UL><LI><a href="#[8f]">&gt;&gt;</a>&nbsp;&nbsp;&nbsp;DRV_CANFDSPI_WriteByte
<LI><a href="#[8e]">&gt;&gt;</a>&nbsp;&nbsp;&nbsp;DRV_CANFDSPI_ReadByte
</UL>
<BR>[Called By]<UL><LI><a href="#[56]">&gt;&gt;</a>&nbsp;&nbsp;&nbsp;APP_CANFDSPI_Init
</UL>

<P><STRONG><a name="[95]"></a>DRV_CANFDSPI_ReceiveChannelUpdate</STRONG> (Thumb, 56 bytes, Stack size 24 bytes, drv_canfdspi_api.o(i.DRV_CANFDSPI_ReceiveChannelUpdate))
<BR><BR>[Stack]<UL><LI>Max Depth = 96<LI>Call Chain = DRV_CANFDSPI_ReceiveChannelUpdate &rArr; DRV_CANFDSPI_WriteByte &rArr; DRV_SPI_TransferData &rArr; spi_master_transfer
</UL>
<BR>[Calls]<UL><LI><a href="#[8f]">&gt;&gt;</a>&nbsp;&nbsp;&nbsp;DRV_CANFDSPI_WriteByte
</UL>
<BR>[Called By]<UL><LI><a href="#[78]">&gt;&gt;</a>&nbsp;&nbsp;&nbsp;DRV_CANFDSPI_ReceiveMessageGet
</UL>

<P><STRONG><a name="[78]"></a>DRV_CANFDSPI_ReceiveMessageGet</STRONG> (Thumb, 364 bytes, Stack size 160 bytes, drv_canfdspi_api.o(i.DRV_CANFDSPI_ReceiveMessageGet))
<BR><BR>[Stack]<UL><LI>Max Depth = 264<LI>Call Chain = DRV_CANFDSPI_ReceiveMessageGet &rArr; DRV_CANFDSPI_ReadWordArray &rArr; DRV_SPI_TransferData &rArr; spi_master_transfer
</UL>
<BR>[Calls]<UL><LI><a href="#[7f]">&gt;&gt;</a>&nbsp;&nbsp;&nbsp;DRV_CANFDSPI_ReadByteArray
<LI><a href="#[95]">&gt;&gt;</a>&nbsp;&nbsp;&nbsp;DRV_CANFDSPI_ReceiveChannelUpdate
<LI><a href="#[94]">&gt;&gt;</a>&nbsp;&nbsp;&nbsp;DRV_CANFDSPI_ReadWordArray
</UL>
<BR>[Called By]<UL><LI><a href="#[76]">&gt;&gt;</a>&nbsp;&nbsp;&nbsp;APP_ReceiveMessage_Tasks
</UL>

<P><STRONG><a name="[57]"></a>DRV_CANFDSPI_Reset</STRONG> (Thumb, 32 bytes, Stack size 16 bytes, drv_canfdspi_api.o(i.DRV_CANFDSPI_Reset))
<BR><BR>[Stack]<UL><LI>Max Depth = 64<LI>Call Chain = DRV_CANFDSPI_Reset &rArr; DRV_SPI_TransferData &rArr; spi_master_transfer
</UL>
<BR>[Calls]<UL><LI><a href="#[93]">&gt;&gt;</a>&nbsp;&nbsp;&nbsp;DRV_SPI_TransferData
</UL>
<BR>[Called By]<UL><LI><a href="#[56]">&gt;&gt;</a>&nbsp;&nbsp;&nbsp;APP_CANFDSPI_Init
</UL>

<P><STRONG><a name="[5d]"></a>DRV_CANFDSPI_TransmitChannelConfigure</STRONG> (Thumb, 116 bytes, Stack size 32 bytes, drv_canfdspi_api.o(i.DRV_CANFDSPI_TransmitChannelConfigure))
<BR><BR>[Stack]<UL><LI>Max Depth = 112<LI>Call Chain = DRV_CANFDSPI_TransmitChannelConfigure &rArr; DRV_CANFDSPI_WriteWord &rArr; DRV_SPI_TransferData &rArr; spi_master_transfer
</UL>
<BR>[Calls]<UL><LI><a href="#[8d]">&gt;&gt;</a>&nbsp;&nbsp;&nbsp;DRV_CANFDSPI_WriteWord
</UL>
<BR>[Called By]<UL><LI><a href="#[56]">&gt;&gt;</a>&nbsp;&nbsp;&nbsp;APP_CANFDSPI_Init
</UL>

<P><STRONG><a name="[5c]"></a>DRV_CANFDSPI_TransmitChannelConfigureObjectReset</STRONG> (Thumb, 74 bytes, Stack size 8 bytes, drv_canfdspi_api.o(i.DRV_CANFDSPI_TransmitChannelConfigureObjectReset))
<BR><BR>[Stack]<UL><LI>Max Depth = 8<LI>Call Chain = DRV_CANFDSPI_TransmitChannelConfigureObjectReset
</UL>
<BR>[Called By]<UL><LI><a href="#[56]">&gt;&gt;</a>&nbsp;&nbsp;&nbsp;APP_CANFDSPI_Init
</UL>

<P><STRONG><a name="[80]"></a>DRV_CANFDSPI_TransmitChannelEventGet</STRONG> (Thumb, 64 bytes, Stack size 32 bytes, drv_canfdspi_api.o(i.DRV_CANFDSPI_TransmitChannelEventGet))
<BR><BR>[Stack]<UL><LI>Max Depth = 104<LI>Call Chain = DRV_CANFDSPI_TransmitChannelEventGet &rArr; DRV_CANFDSPI_ReadByte &rArr; DRV_SPI_TransferData &rArr; spi_master_transfer
</UL>
<BR>[Calls]<UL><LI><a href="#[8e]">&gt;&gt;</a>&nbsp;&nbsp;&nbsp;DRV_CANFDSPI_ReadByte
</UL>
<BR>[Called By]<UL><LI><a href="#[75]">&gt;&gt;</a>&nbsp;&nbsp;&nbsp;APP_TransmitMessageQueue
</UL>

<P><STRONG><a name="[82]"></a>DRV_CANFDSPI_TransmitChannelLoad</STRONG> (Thumb, 292 bytes, Stack size 160 bytes, drv_canfdspi_api.o(i.DRV_CANFDSPI_TransmitChannelLoad))
<BR><BR>[Stack]<UL><LI>Max Depth = 264<LI>Call Chain = DRV_CANFDSPI_TransmitChannelLoad &rArr; DRV_CANFDSPI_TransmitChannelUpdate &rArr; DRV_CANFDSPI_WriteByte &rArr; DRV_SPI_TransferData &rArr; spi_master_transfer
</UL>
<BR>[Calls]<UL><LI><a href="#[7e]">&gt;&gt;</a>&nbsp;&nbsp;&nbsp;DRV_CANFDSPI_WriteByteArray
<LI><a href="#[73]">&gt;&gt;</a>&nbsp;&nbsp;&nbsp;DRV_CANFDSPI_DlcToDataBytes
<LI><a href="#[96]">&gt;&gt;</a>&nbsp;&nbsp;&nbsp;DRV_CANFDSPI_TransmitChannelUpdate
<LI><a href="#[94]">&gt;&gt;</a>&nbsp;&nbsp;&nbsp;DRV_CANFDSPI_ReadWordArray
</UL>
<BR>[Called By]<UL><LI><a href="#[75]">&gt;&gt;</a>&nbsp;&nbsp;&nbsp;APP_TransmitMessageQueue
</UL>

<P><STRONG><a name="[96]"></a>DRV_CANFDSPI_TransmitChannelUpdate</STRONG> (Thumb, 84 bytes, Stack size 32 bytes, drv_canfdspi_api.o(i.DRV_CANFDSPI_TransmitChannelUpdate))
<BR><BR>[Stack]<UL><LI>Max Depth = 104<LI>Call Chain = DRV_CANFDSPI_TransmitChannelUpdate &rArr; DRV_CANFDSPI_WriteByte &rArr; DRV_SPI_TransferData &rArr; spi_master_transfer
</UL>
<BR>[Calls]<UL><LI><a href="#[8f]">&gt;&gt;</a>&nbsp;&nbsp;&nbsp;DRV_CANFDSPI_WriteByte
</UL>
<BR>[Called By]<UL><LI><a href="#[82]">&gt;&gt;</a>&nbsp;&nbsp;&nbsp;DRV_CANFDSPI_TransmitChannelLoad
</UL>

<P><STRONG><a name="[8f]"></a>DRV_CANFDSPI_WriteByte</STRONG> (Thumb, 50 bytes, Stack size 24 bytes, drv_canfdspi_api.o(i.DRV_CANFDSPI_WriteByte))
<BR><BR>[Stack]<UL><LI>Max Depth = 72<LI>Call Chain = DRV_CANFDSPI_WriteByte &rArr; DRV_SPI_TransferData &rArr; spi_master_transfer
</UL>
<BR>[Calls]<UL><LI><a href="#[93]">&gt;&gt;</a>&nbsp;&nbsp;&nbsp;DRV_SPI_TransferData
</UL>
<BR>[Called By]<UL><LI><a href="#[65]">&gt;&gt;</a>&nbsp;&nbsp;&nbsp;DRV_CANFDSPI_ReceiveChannelEventEnable
<LI><a href="#[67]">&gt;&gt;</a>&nbsp;&nbsp;&nbsp;DRV_CANFDSPI_OperationModeSelect
<LI><a href="#[64]">&gt;&gt;</a>&nbsp;&nbsp;&nbsp;DRV_CANFDSPI_GpioModeConfigure
<LI><a href="#[62]">&gt;&gt;</a>&nbsp;&nbsp;&nbsp;DRV_CANFDSPI_FilterToFifoLink
<LI><a href="#[58]">&gt;&gt;</a>&nbsp;&nbsp;&nbsp;DRV_CANFDSPI_EccEnable
<LI><a href="#[96]">&gt;&gt;</a>&nbsp;&nbsp;&nbsp;DRV_CANFDSPI_TransmitChannelUpdate
<LI><a href="#[95]">&gt;&gt;</a>&nbsp;&nbsp;&nbsp;DRV_CANFDSPI_ReceiveChannelUpdate
</UL>

<P><STRONG><a name="[7e]"></a>DRV_CANFDSPI_WriteByteArray</STRONG> (Thumb, 74 bytes, Stack size 32 bytes, drv_canfdspi_api.o(i.DRV_CANFDSPI_WriteByteArray))
<BR><BR>[Stack]<UL><LI>Max Depth = 80<LI>Call Chain = DRV_CANFDSPI_WriteByteArray &rArr; DRV_SPI_TransferData &rArr; spi_master_transfer
</UL>
<BR>[Calls]<UL><LI><a href="#[93]">&gt;&gt;</a>&nbsp;&nbsp;&nbsp;DRV_SPI_TransferData
</UL>
<BR>[Called By]<UL><LI><a href="#[82]">&gt;&gt;</a>&nbsp;&nbsp;&nbsp;DRV_CANFDSPI_TransmitChannelLoad
<LI><a href="#[59]">&gt;&gt;</a>&nbsp;&nbsp;&nbsp;DRV_CANFDSPI_RamInit
<LI><a href="#[7d]">&gt;&gt;</a>&nbsp;&nbsp;&nbsp;APP_TestRegisterAccess
<LI><a href="#[7c]">&gt;&gt;</a>&nbsp;&nbsp;&nbsp;APP_TestRamAccess
</UL>

<P><STRONG><a name="[92]"></a>DRV_CANFDSPI_WriteHalfWord</STRONG> (Thumb, 76 bytes, Stack size 32 bytes, drv_canfdspi_api.o(i.DRV_CANFDSPI_WriteHalfWord))
<BR><BR>[Stack]<UL><LI>Max Depth = 80<LI>Call Chain = DRV_CANFDSPI_WriteHalfWord &rArr; DRV_SPI_TransferData &rArr; spi_master_transfer
</UL>
<BR>[Calls]<UL><LI><a href="#[93]">&gt;&gt;</a>&nbsp;&nbsp;&nbsp;DRV_SPI_TransferData
</UL>
<BR>[Called By]<UL><LI><a href="#[66]">&gt;&gt;</a>&nbsp;&nbsp;&nbsp;DRV_CANFDSPI_ModuleEventEnable
</UL>

<P><STRONG><a name="[8d]"></a>DRV_CANFDSPI_WriteWord</STRONG> (Thumb, 76 bytes, Stack size 32 bytes, drv_canfdspi_api.o(i.DRV_CANFDSPI_WriteWord))
<BR><BR>[Stack]<UL><LI>Max Depth = 80<LI>Call Chain = DRV_CANFDSPI_WriteWord &rArr; DRV_SPI_TransferData &rArr; spi_master_transfer
</UL>
<BR>[Calls]<UL><LI><a href="#[93]">&gt;&gt;</a>&nbsp;&nbsp;&nbsp;DRV_SPI_TransferData
</UL>
<BR>[Called By]<UL><LI><a href="#[5d]">&gt;&gt;</a>&nbsp;&nbsp;&nbsp;DRV_CANFDSPI_TransmitChannelConfigure
<LI><a href="#[5f]">&gt;&gt;</a>&nbsp;&nbsp;&nbsp;DRV_CANFDSPI_ReceiveChannelConfigure
<LI><a href="#[60]">&gt;&gt;</a>&nbsp;&nbsp;&nbsp;DRV_CANFDSPI_FilterObjectConfigure
<LI><a href="#[61]">&gt;&gt;</a>&nbsp;&nbsp;&nbsp;DRV_CANFDSPI_FilterMaskConfigure
<LI><a href="#[5b]">&gt;&gt;</a>&nbsp;&nbsp;&nbsp;DRV_CANFDSPI_Configure
<LI><a href="#[87]">&gt;&gt;</a>&nbsp;&nbsp;&nbsp;DRV_CANFDSPI_BitTimeConfigureNominal40MHz
<LI><a href="#[89]">&gt;&gt;</a>&nbsp;&nbsp;&nbsp;DRV_CANFDSPI_BitTimeConfigureNominal20MHz
<LI><a href="#[8b]">&gt;&gt;</a>&nbsp;&nbsp;&nbsp;DRV_CANFDSPI_BitTimeConfigureNominal10MHz
<LI><a href="#[88]">&gt;&gt;</a>&nbsp;&nbsp;&nbsp;DRV_CANFDSPI_BitTimeConfigureData40MHz
<LI><a href="#[8a]">&gt;&gt;</a>&nbsp;&nbsp;&nbsp;DRV_CANFDSPI_BitTimeConfigureData20MHz
<LI><a href="#[8c]">&gt;&gt;</a>&nbsp;&nbsp;&nbsp;DRV_CANFDSPI_BitTimeConfigureData10MHz
</UL>

<P><STRONG><a name="[69]"></a>DRV_SPI_Initialize</STRONG> (Thumb, 8 bytes, Stack size 8 bytes, drv_spi.o(i.DRV_SPI_Initialize))
<BR><BR>[Stack]<UL><LI>Max Depth = 64<LI>Call Chain = DRV_SPI_Initialize &rArr; spi_master_init &rArr; GPIO_Init
</UL>
<BR>[Calls]<UL><LI><a href="#[97]">&gt;&gt;</a>&nbsp;&nbsp;&nbsp;spi_master_init
</UL>
<BR>[Called By]<UL><LI><a href="#[68]">&gt;&gt;</a>&nbsp;&nbsp;&nbsp;APP_Initialize
</UL>

<P><STRONG><a name="[93]"></a>DRV_SPI_TransferData</STRONG> (Thumb, 26 bytes, Stack size 24 bytes, drv_spi.o(i.DRV_SPI_TransferData))
<BR><BR>[Stack]<UL><LI>Max Depth = 48<LI>Call Chain = DRV_SPI_TransferData &rArr; spi_master_transfer
</UL>
<BR>[Calls]<UL><LI><a href="#[98]">&gt;&gt;</a>&nbsp;&nbsp;&nbsp;spi_master_transfer
</UL>
<BR>[Called By]<UL><LI><a href="#[7e]">&gt;&gt;</a>&nbsp;&nbsp;&nbsp;DRV_CANFDSPI_WriteByteArray
<LI><a href="#[57]">&gt;&gt;</a>&nbsp;&nbsp;&nbsp;DRV_CANFDSPI_Reset
<LI><a href="#[7f]">&gt;&gt;</a>&nbsp;&nbsp;&nbsp;DRV_CANFDSPI_ReadByteArray
<LI><a href="#[8d]">&gt;&gt;</a>&nbsp;&nbsp;&nbsp;DRV_CANFDSPI_WriteWord
<LI><a href="#[92]">&gt;&gt;</a>&nbsp;&nbsp;&nbsp;DRV_CANFDSPI_WriteHalfWord
<LI><a href="#[8f]">&gt;&gt;</a>&nbsp;&nbsp;&nbsp;DRV_CANFDSPI_WriteByte
<LI><a href="#[94]">&gt;&gt;</a>&nbsp;&nbsp;&nbsp;DRV_CANFDSPI_ReadWordArray
<LI><a href="#[90]">&gt;&gt;</a>&nbsp;&nbsp;&nbsp;DRV_CANFDSPI_ReadWord
<LI><a href="#[91]">&gt;&gt;</a>&nbsp;&nbsp;&nbsp;DRV_CANFDSPI_ReadHalfWord
<LI><a href="#[8e]">&gt;&gt;</a>&nbsp;&nbsp;&nbsp;DRV_CANFDSPI_ReadByte
</UL>

<P><STRONG><a name="[6c]"></a>GPIO_Init</STRONG> (Thumb, 278 bytes, Stack size 24 bytes, stm32f10x_gpio.o(i.GPIO_Init))
<BR><BR>[Stack]<UL><LI>Max Depth = 24<LI>Call Chain = GPIO_Init
</UL>
<BR>[Called By]<UL><LI><a href="#[68]">&gt;&gt;</a>&nbsp;&nbsp;&nbsp;APP_Initialize
<LI><a href="#[99]">&gt;&gt;</a>&nbsp;&nbsp;&nbsp;IO_Init
<LI><a href="#[97]">&gt;&gt;</a>&nbsp;&nbsp;&nbsp;spi_master_init
</UL>

<P><STRONG><a name="[6b]"></a>GPIO_PinRemapConfig</STRONG> (Thumb, 138 bytes, Stack size 20 bytes, stm32f10x_gpio.o(i.GPIO_PinRemapConfig))
<BR><BR>[Stack]<UL><LI>Max Depth = 20<LI>Call Chain = GPIO_PinRemapConfig
</UL>
<BR>[Called By]<UL><LI><a href="#[68]">&gt;&gt;</a>&nbsp;&nbsp;&nbsp;APP_Initialize
<LI><a href="#[99]">&gt;&gt;</a>&nbsp;&nbsp;&nbsp;IO_Init
</UL>

<P><STRONG><a name="[77]"></a>GPIO_ReadInputDataBit</STRONG> (Thumb, 18 bytes, Stack size 0 bytes, stm32f10x_gpio.o(i.GPIO_ReadInputDataBit))
<BR><BR>[Called By]<UL><LI><a href="#[7b]">&gt;&gt;</a>&nbsp;&nbsp;&nbsp;APP_TransmitSwitchState
<LI><a href="#[76]">&gt;&gt;</a>&nbsp;&nbsp;&nbsp;APP_ReceiveMessage_Tasks
</UL>

<P><STRONG><a name="[70]"></a>GPIO_ResetBits</STRONG> (Thumb, 4 bytes, Stack size 0 bytes, stm32f10x_gpio.o(i.GPIO_ResetBits))
<BR><BR>[Called By]<UL><LI><a href="#[6f]">&gt;&gt;</a>&nbsp;&nbsp;&nbsp;APP_LED_Set
<LI><a href="#[99]">&gt;&gt;</a>&nbsp;&nbsp;&nbsp;IO_Init
<LI><a href="#[98]">&gt;&gt;</a>&nbsp;&nbsp;&nbsp;spi_master_transfer
</UL>

<P><STRONG><a name="[6e]"></a>GPIO_SetBits</STRONG> (Thumb, 4 bytes, Stack size 0 bytes, stm32f10x_gpio.o(i.GPIO_SetBits))
<BR><BR>[Called By]<UL><LI><a href="#[6d]">&gt;&gt;</a>&nbsp;&nbsp;&nbsp;APP_LED_Clear
<LI><a href="#[98]">&gt;&gt;</a>&nbsp;&nbsp;&nbsp;spi_master_transfer
<LI><a href="#[97]">&gt;&gt;</a>&nbsp;&nbsp;&nbsp;spi_master_init
</UL>

<P><STRONG><a name="[99]"></a>IO_Init</STRONG> (Thumb, 54 bytes, Stack size 8 bytes, main.o(i.IO_Init))
<BR><BR>[Stack]<UL><LI>Max Depth = 32<LI>Call Chain = IO_Init &rArr; GPIO_Init
</UL>
<BR>[Calls]<UL><LI><a href="#[6a]">&gt;&gt;</a>&nbsp;&nbsp;&nbsp;RCC_APB2PeriphClockCmd
<LI><a href="#[70]">&gt;&gt;</a>&nbsp;&nbsp;&nbsp;GPIO_ResetBits
<LI><a href="#[6b]">&gt;&gt;</a>&nbsp;&nbsp;&nbsp;GPIO_PinRemapConfig
<LI><a href="#[6c]">&gt;&gt;</a>&nbsp;&nbsp;&nbsp;GPIO_Init
</UL>
<BR>[Called By]<UL><LI><a href="#[47]">&gt;&gt;</a>&nbsp;&nbsp;&nbsp;main
</UL>

<P><STRONG><a name="[46]"></a>OTG_FS_IRQHandler</STRONG> (Thumb, 1608 bytes, Stack size 24 bytes, usbd_stm32f10x_cl.o(i.OTG_FS_IRQHandler))
<BR><BR>[Stack]<UL><LI>Max Depth = 44<LI>Call Chain = OTG_FS_IRQHandler &rArr; USBD_WriteEP
</UL>
<BR>[Calls]<UL><LI><a href="#[9b]">&gt;&gt;</a>&nbsp;&nbsp;&nbsp;usbd_reset_core
<LI><a href="#[a1]">&gt;&gt;</a>&nbsp;&nbsp;&nbsp;USBD_WriteEP
<LI><a href="#[9c]">&gt;&gt;</a>&nbsp;&nbsp;&nbsp;USBD_Suspend
<LI><a href="#[9d]">&gt;&gt;</a>&nbsp;&nbsp;&nbsp;USBD_Resume
<LI><a href="#[9a]">&gt;&gt;</a>&nbsp;&nbsp;&nbsp;USBD_Reset
<LI><a href="#[9e]">&gt;&gt;</a>&nbsp;&nbsp;&nbsp;USBD_ReadEP
<LI><a href="#[9f]">&gt;&gt;</a>&nbsp;&nbsp;&nbsp;USBD_GetFrame
<LI><a href="#[a0]">&gt;&gt;</a>&nbsp;&nbsp;&nbsp;USBD_FlushInEpFifo
</UL>
<BR>[Address Reference Count : 1]<UL><LI> startup_stm32f10x_cl.o(RESET)
</UL>
<P><STRONG><a name="[6a]"></a>RCC_APB2PeriphClockCmd</STRONG> (Thumb, 26 bytes, Stack size 0 bytes, stm32f10x_rcc.o(i.RCC_APB2PeriphClockCmd))
<BR><BR>[Called By]<UL><LI><a href="#[68]">&gt;&gt;</a>&nbsp;&nbsp;&nbsp;APP_Initialize
<LI><a href="#[99]">&gt;&gt;</a>&nbsp;&nbsp;&nbsp;IO_Init
<LI><a href="#[97]">&gt;&gt;</a>&nbsp;&nbsp;&nbsp;spi_master_init
</UL>

<P><STRONG><a name="[f0]"></a>SPI_Cmd</STRONG> (Thumb, 24 bytes, Stack size 0 bytes, stm32f10x_spi.o(i.SPI_Cmd))
<BR><BR>[Called By]<UL><LI><a href="#[97]">&gt;&gt;</a>&nbsp;&nbsp;&nbsp;spi_master_init
</UL>

<P><STRONG><a name="[f1]"></a>SPI_I2S_GetFlagStatus</STRONG> (Thumb, 18 bytes, Stack size 0 bytes, stm32f10x_spi.o(i.SPI_I2S_GetFlagStatus))
<BR><BR>[Called By]<UL><LI><a href="#[98]">&gt;&gt;</a>&nbsp;&nbsp;&nbsp;spi_master_transfer
</UL>

<P><STRONG><a name="[f3]"></a>SPI_I2S_ReceiveData</STRONG> (Thumb, 6 bytes, Stack size 0 bytes, stm32f10x_spi.o(i.SPI_I2S_ReceiveData))
<BR><BR>[Called By]<UL><LI><a href="#[98]">&gt;&gt;</a>&nbsp;&nbsp;&nbsp;spi_master_transfer
</UL>

<P><STRONG><a name="[f2]"></a>SPI_I2S_SendData</STRONG> (Thumb, 4 bytes, Stack size 0 bytes, stm32f10x_spi.o(i.SPI_I2S_SendData))
<BR><BR>[Called By]<UL><LI><a href="#[98]">&gt;&gt;</a>&nbsp;&nbsp;&nbsp;spi_master_transfer
</UL>

<P><STRONG><a name="[ef]"></a>SPI_Init</STRONG> (Thumb, 60 bytes, Stack size 8 bytes, stm32f10x_spi.o(i.SPI_Init))
<BR><BR>[Stack]<UL><LI>Max Depth = 8<LI>Call Chain = SPI_Init
</UL>
<BR>[Called By]<UL><LI><a href="#[97]">&gt;&gt;</a>&nbsp;&nbsp;&nbsp;spi_master_init
</UL>

<P><STRONG><a name="[48]"></a>SystemInit</STRONG> (Thumb, 92 bytes, Stack size 8 bytes, system_stm32f10x.o(i.SystemInit))
<BR><BR>[Stack]<UL><LI>Max Depth = 28<LI>Call Chain = SystemInit &rArr; SetSysClock &rArr; SetSysClockTo72
</UL>
<BR>[Calls]<UL><LI><a href="#[a2]">&gt;&gt;</a>&nbsp;&nbsp;&nbsp;SetSysClock
</UL>
<BR>[Address Reference Count : 1]<UL><LI> startup_stm32f10x_cl.o(.text)
</UL>
<P><STRONG><a name="[da]"></a>USBD_CDC_ACM_ClearCommFeature</STRONG> (Thumb, 4 bytes, Stack size 0 bytes, usbd_cdc_acm.o(i.USBD_CDC_ACM_ClearCommFeature))
<BR><BR>[Called By]<UL><LI><a href="#[c9]">&gt;&gt;</a>&nbsp;&nbsp;&nbsp;USBD_EndPoint0_Setup_CDC_ReqToIF
</UL>

<P><STRONG><a name="[ee]"></a>USBD_CDC_ACM_DataAvailable</STRONG> (Thumb, 10 bytes, Stack size 0 bytes, usbd_cdc_acm.o(i.USBD_CDC_ACM_DataAvailable))
<BR><BR>[Called By]<UL><LI><a href="#[47]">&gt;&gt;</a>&nbsp;&nbsp;&nbsp;main
</UL>

<P><STRONG><a name="[a4]"></a>USBD_CDC_ACM_DataRead</STRONG> (Thumb, 46 bytes, Stack size 16 bytes, usbd_cdc_acm.o(i.USBD_CDC_ACM_DataRead))
<BR><BR>[Stack]<UL><LI>Max Depth = 16<LI>Call Chain = USBD_CDC_ACM_DataRead
</UL>
<BR>[Calls]<UL><LI><a href="#[a5]">&gt;&gt;</a>&nbsp;&nbsp;&nbsp;__aeabi_memcpy
</UL>
<BR>[Called By]<UL><LI><a href="#[47]">&gt;&gt;</a>&nbsp;&nbsp;&nbsp;main
</UL>

<P><STRONG><a name="[ab]"></a>USBD_CDC_ACM_DataReceived</STRONG> (Thumb, 4 bytes, Stack size 0 bytes, usbd_cdc_acm.o(i.USBD_CDC_ACM_DataReceived))
<BR><BR>[Called By]<UL><LI><a href="#[b4]">&gt;&gt;</a>&nbsp;&nbsp;&nbsp;USBD_CDC_ACM_SOF_Event
<LI><a href="#[a9]">&gt;&gt;</a>&nbsp;&nbsp;&nbsp;USBD_CDC_ACM_EP_BULKOUT_Event
</UL>

<P><STRONG><a name="[a6]"></a>USBD_CDC_ACM_DataSend</STRONG> (Thumb, 108 bytes, Stack size 24 bytes, usbd_cdc_acm.o(i.USBD_CDC_ACM_DataSend))
<BR><BR>[Stack]<UL><LI>Max Depth = 24<LI>Call Chain = USBD_CDC_ACM_DataSend
</UL>
<BR>[Calls]<UL><LI><a href="#[a5]">&gt;&gt;</a>&nbsp;&nbsp;&nbsp;__aeabi_memcpy
</UL>
<BR>[Called By]<UL><LI><a href="#[47]">&gt;&gt;</a>&nbsp;&nbsp;&nbsp;main
</UL>

<P><STRONG><a name="[a7]"></a>USBD_CDC_ACM_EP_BULKIN_Event</STRONG> (Thumb, 24 bytes, Stack size 8 bytes, usbd_cdc_acm.o(i.USBD_CDC_ACM_EP_BULKIN_Event))
<BR><BR>[Stack]<UL><LI>Max Depth = 60<LI>Call Chain = USBD_CDC_ACM_EP_BULKIN_Event &rArr; USBD_CDC_ACM_EP_BULKIN_HandleData &rArr; USBD_WriteEP
</UL>
<BR>[Calls]<UL><LI><a href="#[a8]">&gt;&gt;</a>&nbsp;&nbsp;&nbsp;USBD_CDC_ACM_EP_BULKIN_HandleData
</UL>
<BR>[Called By]<UL><LI><a href="#[4f]">&gt;&gt;</a>&nbsp;&nbsp;&nbsp;USBD_CDC_ACM_EP_BULK_Event
</UL>

<P><STRONG><a name="[a9]"></a>USBD_CDC_ACM_EP_BULKOUT_Event</STRONG> (Thumb, 48 bytes, Stack size 8 bytes, usbd_cdc_acm.o(i.USBD_CDC_ACM_EP_BULKOUT_Event))
<BR><BR>[Stack]<UL><LI>Max Depth = 32<LI>Call Chain = USBD_CDC_ACM_EP_BULKOUT_Event &rArr; USBD_CDC_ACM_EP_BULKOUT_HandleData &rArr; USBD_ReadEP
</UL>
<BR>[Calls]<UL><LI><a href="#[ab]">&gt;&gt;</a>&nbsp;&nbsp;&nbsp;USBD_CDC_ACM_DataReceived
<LI><a href="#[aa]">&gt;&gt;</a>&nbsp;&nbsp;&nbsp;USBD_CDC_ACM_EP_BULKOUT_HandleData
</UL>
<BR>[Called By]<UL><LI><a href="#[4f]">&gt;&gt;</a>&nbsp;&nbsp;&nbsp;USBD_CDC_ACM_EP_BULK_Event
</UL>

<P><STRONG><a name="[4f]"></a>USBD_CDC_ACM_EP_BULK_Event</STRONG> (Thumb, 30 bytes, Stack size 8 bytes, usbd_cdc_acm.o(i.USBD_CDC_ACM_EP_BULK_Event))
<BR><BR>[Stack]<UL><LI>Max Depth = 68<LI>Call Chain = USBD_CDC_ACM_EP_BULK_Event &rArr; USBD_CDC_ACM_EP_BULKIN_Event &rArr; USBD_CDC_ACM_EP_BULKIN_HandleData &rArr; USBD_WriteEP
</UL>
<BR>[Calls]<UL><LI><a href="#[a9]">&gt;&gt;</a>&nbsp;&nbsp;&nbsp;USBD_CDC_ACM_EP_BULKOUT_Event
<LI><a href="#[a7]">&gt;&gt;</a>&nbsp;&nbsp;&nbsp;USBD_CDC_ACM_EP_BULKIN_Event
</UL>
<BR>[Address Reference Count : 1]<UL><LI> usb_config.o(.constdata)
</UL>
<P><STRONG><a name="[4e]"></a>USBD_CDC_ACM_EP_INTIN_Event</STRONG> (Thumb, 2 bytes, Stack size 0 bytes, usbd_cdc_acm.o(i.USBD_CDC_ACM_EP_INTIN_Event))
<BR>[Address Reference Count : 1]<UL><LI> usb_config.o(.constdata)
</UL>
<P><STRONG><a name="[d9]"></a>USBD_CDC_ACM_GetCommFeature</STRONG> (Thumb, 4 bytes, Stack size 0 bytes, usbd_cdc_acm.o(i.USBD_CDC_ACM_GetCommFeature))
<BR><BR>[Called By]<UL><LI><a href="#[c9]">&gt;&gt;</a>&nbsp;&nbsp;&nbsp;USBD_EndPoint0_Setup_CDC_ReqToIF
</UL>

<P><STRONG><a name="[d8]"></a>USBD_CDC_ACM_GetEncapsulatedResponse</STRONG> (Thumb, 4 bytes, Stack size 0 bytes, usbd_cdc_acm.o(i.USBD_CDC_ACM_GetEncapsulatedResponse))
<BR><BR>[Called By]<UL><LI><a href="#[c9]">&gt;&gt;</a>&nbsp;&nbsp;&nbsp;USBD_EndPoint0_Setup_CDC_ReqToIF
</UL>

<P><STRONG><a name="[ac]"></a>USBD_CDC_ACM_GetLineCoding</STRONG> (Thumb, 48 bytes, Stack size 8 bytes, usbd_cdc_acm.o(i.USBD_CDC_ACM_GetLineCoding))
<BR><BR>[Stack]<UL><LI>Max Depth = 8<LI>Call Chain = USBD_CDC_ACM_GetLineCoding
</UL>
<BR>[Calls]<UL><LI><a href="#[ad]">&gt;&gt;</a>&nbsp;&nbsp;&nbsp;USBD_CDC_ACM_PortGetLineCoding
</UL>
<BR>[Called By]<UL><LI><a href="#[c9]">&gt;&gt;</a>&nbsp;&nbsp;&nbsp;USBD_EndPoint0_Setup_CDC_ReqToIF
</UL>

<P><STRONG><a name="[ae]"></a>USBD_CDC_ACM_Initialize</STRONG> (Thumb, 8 bytes, Stack size 8 bytes, usbd_cdc_acm.o(i.USBD_CDC_ACM_Initialize))
<BR><BR>[Stack]<UL><LI>Max Depth = 8<LI>Call Chain = USBD_CDC_ACM_Initialize
</UL>
<BR>[Calls]<UL><LI><a href="#[af]">&gt;&gt;</a>&nbsp;&nbsp;&nbsp;USBD_CDC_ACM_PortInitialize
</UL>
<BR>[Called By]<UL><LI><a href="#[f4]">&gt;&gt;</a>&nbsp;&nbsp;&nbsp;usbd_class_init
</UL>

<P><STRONG><a name="[ad]"></a>USBD_CDC_ACM_PortGetLineCoding</STRONG> (Thumb, 6 bytes, Stack size 0 bytes, usbd_user_cdc_acm.o(i.USBD_CDC_ACM_PortGetLineCoding))
<BR><BR>[Called By]<UL><LI><a href="#[ac]">&gt;&gt;</a>&nbsp;&nbsp;&nbsp;USBD_CDC_ACM_GetLineCoding
</UL>

<P><STRONG><a name="[af]"></a>USBD_CDC_ACM_PortInitialize</STRONG> (Thumb, 2 bytes, Stack size 0 bytes, usbd_user_cdc_acm.o(i.USBD_CDC_ACM_PortInitialize))
<BR><BR>[Called By]<UL><LI><a href="#[ae]">&gt;&gt;</a>&nbsp;&nbsp;&nbsp;USBD_CDC_ACM_Initialize
</UL>

<P><STRONG><a name="[b1]"></a>USBD_CDC_ACM_PortReset</STRONG> (Thumb, 2 bytes, Stack size 0 bytes, usbd_user_cdc_acm.o(i.USBD_CDC_ACM_PortReset))
<BR><BR>[Called By]<UL><LI><a href="#[b0]">&gt;&gt;</a>&nbsp;&nbsp;&nbsp;USBD_CDC_ACM_Reset
</UL>

<P><STRONG><a name="[b6]"></a>USBD_CDC_ACM_PortSetControlLineState</STRONG> (Thumb, 6 bytes, Stack size 0 bytes, usbd_user_cdc_acm.o(i.USBD_CDC_ACM_PortSetControlLineState))
<BR><BR>[Called By]<UL><LI><a href="#[b5]">&gt;&gt;</a>&nbsp;&nbsp;&nbsp;USBD_CDC_ACM_SetControlLineState
</UL>

[...]
<BR><BR>[Called By]<UL><LI><a href="#[4d]">&gt;&gt;</a>&nbsp;&nbsp;&nbsp;USBD_EndPoint0
</UL>

<P><STRONG><a name="[c6]"></a>USBD_EndPoint0_Setup_HID_ReqToIF</STRONG> (Thumb, 4 bytes, Stack size 0 bytes, usb_config.o(i.USBD_EndPoint0_Setup_HID_ReqToIF))
<BR><BR>[Called By]<UL><LI><a href="#[4d]">&gt;&gt;</a>&nbsp;&nbsp;&nbsp;USBD_EndPoint0
</UL>

<P><STRONG><a name="[c7]"></a>USBD_EndPoint0_Setup_MSC_ReqToIF</STRONG> (Thumb, 4 bytes, Stack size 0 bytes, usb_config.o(i.USBD_EndPoint0_Setup_MSC_ReqToIF))
<BR><BR>[Called By]<UL><LI><a href="#[4d]">&gt;&gt;</a>&nbsp;&nbsp;&nbsp;USBD_EndPoint0
</UL>

<P><STRONG><a name="[9f]"></a>USBD_GetFrame</STRONG> (Thumb, 10 bytes, Stack size 0 bytes, usbd_stm32f10x_cl.o(i.USBD_GetFrame))
<BR><BR>[Called By]<UL><LI><a href="#[a1]">&gt;&gt;</a>&nbsp;&nbsp;&nbsp;USBD_WriteEP
<LI><a href="#[e6]">&gt;&gt;</a>&nbsp;&nbsp;&nbsp;USBD_ResetEP
<LI><a href="#[46]">&gt;&gt;</a>&nbsp;&nbsp;&nbsp;OTG_FS_IRQHandler
</UL>

<P><STRONG><a name="[dc]"></a>USBD_Init</STRONG> (Thumb, 144 bytes, Stack size 4 bytes, usbd_stm32f10x_cl.o(i.USBD_Init))
<BR><BR>[Stack]<UL><LI>Max Depth = 4<LI>Call Chain = USBD_Init
</UL>
<BR>[Calls]<UL><LI><a href="#[dd]">&gt;&gt;</a>&nbsp;&nbsp;&nbsp;usbd_stm32_delay
<LI><a href="#[de]">&gt;&gt;</a>&nbsp;&nbsp;&nbsp;USBD_IntrEna
</UL>
<BR>[Called By]<UL><LI><a href="#[eb]">&gt;&gt;</a>&nbsp;&nbsp;&nbsp;usbd_init
</UL>

<P><STRONG><a name="[de]"></a>USBD_IntrEna</STRONG> (Thumb, 26 bytes, Stack size 0 bytes, usbd_stm32f10x_cl.o(i.USBD_IntrEna))
<BR><BR>[Called By]<UL><LI><a href="#[dc]">&gt;&gt;</a>&nbsp;&nbsp;&nbsp;USBD_Init
</UL>

<P><STRONG><a name="[f6]"></a>USBD_RTX_TaskInit</STRONG> (Thumb, 2 bytes, Stack size 0 bytes, usb_config.o(i.USBD_RTX_TaskInit))
<BR><BR>[Called By]<UL><LI><a href="#[eb]">&gt;&gt;</a>&nbsp;&nbsp;&nbsp;usbd_init
</UL>

<P><STRONG><a name="[9e]"></a>USBD_ReadEP</STRONG> (Thumb, 200 bytes, Stack size 16 bytes, usbd_stm32f10x_cl.o(i.USBD_ReadEP))
<BR><BR>[Stack]<UL><LI>Max Depth = 16<LI>Call Chain = USBD_ReadEP
</UL>
<BR>[Called By]<UL><LI><a href="#[46]">&gt;&gt;</a>&nbsp;&nbsp;&nbsp;OTG_FS_IRQHandler
<LI><a href="#[aa]">&gt;&gt;</a>&nbsp;&nbsp;&nbsp;USBD_CDC_ACM_EP_BULKOUT_HandleData
<LI><a href="#[d5]">&gt;&gt;</a>&nbsp;&nbsp;&nbsp;USBD_StatusOutStage
<LI><a href="#[bb]">&gt;&gt;</a>&nbsp;&nbsp;&nbsp;USBD_SetupStage
<LI><a href="#[ba]">&gt;&gt;</a>&nbsp;&nbsp;&nbsp;USBD_DataOutStage
</UL>

<P><STRONG><a name="[e1]"></a>USBD_ReqClrFeature_MSC</STRONG> (Thumb, 2 bytes, Stack size 0 bytes, usb_config.o(i.USBD_ReqClrFeature_MSC))
<BR><BR>[Called By]<UL><LI><a href="#[be]">&gt;&gt;</a>&nbsp;&nbsp;&nbsp;USBD_ReqSetClrFeature
</UL>

<P><STRONG><a name="[c1]"></a>USBD_ReqGetDescriptor</STRONG> (Thumb, 260 bytes, Stack size 24 bytes, usbd_core.o(i.USBD_ReqGetDescriptor))
<BR><BR>[Stack]<UL><LI>Max Depth = 24<LI>Call Chain = USBD_ReqGetDescriptor
</UL>
<BR>[Calls]<UL><LI><a href="#[df]">&gt;&gt;</a>&nbsp;&nbsp;&nbsp;USBD_ReqGetDescriptor_HID
</UL>
<BR>[Called By]<UL><LI><a href="#[4d]">&gt;&gt;</a>&nbsp;&nbsp;&nbsp;USBD_EndPoint0
</UL>

<P><STRONG><a name="[df]"></a>USBD_ReqGetDescriptor_HID</STRONG> (Thumb, 4 bytes, Stack size 0 bytes, usb_config.o(i.USBD_ReqGetDescriptor_HID))
<BR><BR>[Called By]<UL><LI><a href="#[c1]">&gt;&gt;</a>&nbsp;&nbsp;&nbsp;USBD_ReqGetDescriptor
</UL>

<P><STRONG><a name="[bd]"></a>USBD_ReqGetStatus</STRONG> (Thumb, 116 bytes, Stack size 16 bytes, usbd_core.o(i.USBD_ReqGetStatus))
<BR><BR>[Stack]<UL><LI>Max Depth = 16<LI>Call Chain = USBD_ReqGetStatus
</UL>
<BR>[Called By]<UL><LI><a href="#[4d]">&gt;&gt;</a>&nbsp;&nbsp;&nbsp;USBD_EndPoint0
</UL>

<P><STRONG><a name="[be]"></a>USBD_ReqSetClrFeature</STRONG> (Thumb, 168 bytes, Stack size 16 bytes, usbd_core.o(i.USBD_ReqSetClrFeature))
<BR><BR>[Stack]<UL><LI>Max Depth = 32<LI>Call Chain = USBD_ReqSetClrFeature &rArr; USBD_SetStallEP
</UL>
<BR>[Calls]<UL><LI><a href="#[e0]">&gt;&gt;</a>&nbsp;&nbsp;&nbsp;USBD_WakeUpCfg
<LI><a href="#[cd]">&gt;&gt;</a>&nbsp;&nbsp;&nbsp;USBD_SetStallEP
<LI><a href="#[b8]">&gt;&gt;</a>&nbsp;&nbsp;&nbsp;USBD_ClrStallEP
<LI><a href="#[e1]">&gt;&gt;</a>&nbsp;&nbsp;&nbsp;USBD_ReqClrFeature_MSC
</UL>
<BR>[Called By]<UL><LI><a href="#[4d]">&gt;&gt;</a>&nbsp;&nbsp;&nbsp;USBD_EndPoint0
</UL>

<P><STRONG><a name="[c2]"></a>USBD_ReqSetConfiguration</STRONG> (Thumb, 376 bytes, Stack size 40 bytes, usbd_core.o(i.USBD_ReqSetConfiguration))
<BR><BR>[Stack]<UL><LI>Max Depth = 56<LI>Call Chain = USBD_ReqSetConfiguration &rArr; USBD_DisableEP
</UL>
<BR>[Calls]<UL><LI><a href="#[e6]">&gt;&gt;</a>&nbsp;&nbsp;&nbsp;USBD_ResetEP
<LI><a href="#[e5]">&gt;&gt;</a>&nbsp;&nbsp;&nbsp;USBD_EnableEP
<LI><a href="#[e2]">&gt;&gt;</a>&nbsp;&nbsp;&nbsp;USBD_DisableEP
<LI><a href="#[e3]">&gt;&gt;</a>&nbsp;&nbsp;&nbsp;USBD_Configure
<LI><a href="#[e4]">&gt;&gt;</a>&nbsp;&nbsp;&nbsp;USBD_ConfigEP
</UL>
<BR>[Called By]<UL><LI><a href="#[4d]">&gt;&gt;</a>&nbsp;&nbsp;&nbsp;USBD_EndPoint0
</UL>

<P><STRONG><a name="[c3]"></a>USBD_ReqSetInterface</STRONG> (Thumb, 280 bytes, Stack size 48 bytes, usbd_core.o(i.USBD_ReqSetInterface))
<BR><BR>[Stack]<UL><LI>Max Depth = 64<LI>Call Chain = USBD_ReqSetInterface &rArr; USBD_DisableEP
</UL>
<BR>[Calls]<UL><LI><a href="#[e6]">&gt;&gt;</a>&nbsp;&nbsp;&nbsp;USBD_ResetEP
<LI><a href="#[e5]">&gt;&gt;</a>&nbsp;&nbsp;&nbsp;USBD_EnableEP
<LI><a href="#[e2]">&gt;&gt;</a>&nbsp;&nbsp;&nbsp;USBD_DisableEP
<LI><a href="#[e4]">&gt;&gt;</a>&nbsp;&nbsp;&nbsp;USBD_ConfigEP
</UL>
<BR>[Called By]<UL><LI><a href="#[4d]">&gt;&gt;</a>&nbsp;&nbsp;&nbsp;USBD_EndPoint0
</UL>

<P><STRONG><a name="[9a]"></a>USBD_Reset</STRONG> (Thumb, 190 bytes, Stack size 8 bytes, usbd_stm32f10x_cl.o(i.USBD_Reset))
<BR><BR>[Stack]<UL><LI>Max Depth = 8<LI>Call Chain = USBD_Reset
</UL>
<BR>[Calls]<UL><LI><a href="#[c0]">&gt;&gt;</a>&nbsp;&nbsp;&nbsp;USBD_SetAddress
</UL>
<BR>[Called By]<UL><LI><a href="#[46]">&gt;&gt;</a>&nbsp;&nbsp;&nbsp;OTG_FS_IRQHandler
</UL>

<P><STRONG><a name="[e6]"></a>USBD_ResetEP</STRONG> (Thumb, 182 bytes, Stack size 8 bytes, usbd_stm32f10x_cl.o(i.USBD_ResetEP))
<BR><BR>[Stack]<UL><LI>Max Depth = 8<LI>Call Chain = USBD_ResetEP
</UL>
<BR>[Calls]<UL><LI><a href="#[9f]">&gt;&gt;</a>&nbsp;&nbsp;&nbsp;USBD_GetFrame
<LI><a href="#[a0]">&gt;&gt;</a>&nbsp;&nbsp;&nbsp;USBD_FlushInEpFifo
</UL>
<BR>[Called By]<UL><LI><a href="#[c3]">&gt;&gt;</a>&nbsp;&nbsp;&nbsp;USBD_ReqSetInterface
<LI><a href="#[c2]">&gt;&gt;</a>&nbsp;&nbsp;&nbsp;USBD_ReqSetConfiguration
</UL>

<P><STRONG><a name="[4b]"></a>USBD_Reset_Event</STRONG> (Thumb, 4 bytes, Stack size 0 bytes, usb_config.o(i.USBD_Reset_Event))
<BR><BR>[Stack]<UL><LI>Max Depth = 16<LI>Call Chain = USBD_Reset_Event &rArr; USBD_CDC_ACM_Reset_Event &rArr; USBD_CDC_ACM_Reset
</UL>
<BR>[Calls]<UL><LI><a href="#[b3]">&gt;&gt;</a>&nbsp;&nbsp;&nbsp;USBD_CDC_ACM_Reset_Event
</UL>
<BR>[Address Reference Count : 1]<UL><LI> usb_config.o(.constdata)
</UL>
<P><STRONG><a name="[9d]"></a>USBD_Resume</STRONG> (Thumb, 2 bytes, Stack size 0 bytes, usbd_stm32f10x_cl.o(i.USBD_Resume))
<BR><BR>[Called By]<UL><LI><a href="#[46]">&gt;&gt;</a>&nbsp;&nbsp;&nbsp;OTG_FS_IRQHandler
</UL>

<P><STRONG><a name="[4c]"></a>USBD_SOF_Event</STRONG> (Thumb, 4 bytes, Stack size 0 bytes, usb_config.o(i.USBD_SOF_Event))
<BR><BR>[Stack]<UL><LI>Max Depth = 68<LI>Call Chain = USBD_SOF_Event &rArr; USBD_CDC_ACM_SOF_Event &rArr; USBD_CDC_ACM_EP_BULKIN_HandleData &rArr; USBD_WriteEP
</UL>
<BR>[Calls]<UL><LI><a href="#[b4]">&gt;&gt;</a>&nbsp;&nbsp;&nbsp;USBD_CDC_ACM_SOF_Event
</UL>
<BR>[Address Reference Count : 1]<UL><LI> usb_config.o(.constdata)
</UL>
<P><STRONG><a name="[c0]"></a>USBD_SetAddress</STRONG> (Thumb, 20 bytes, Stack size 0 bytes, usbd_stm32f10x_cl.o(i.USBD_SetAddress))
<BR><BR>[Called By]<UL><LI><a href="#[9a]">&gt;&gt;</a>&nbsp;&nbsp;&nbsp;USBD_Reset
<LI><a href="#[4d]">&gt;&gt;</a>&nbsp;&nbsp;&nbsp;USBD_EndPoint0
</UL>

<P><STRONG><a name="[cd]"></a>USBD_SetStallEP</STRONG> (Thumb, 238 bytes, Stack size 16 bytes, usbd_stm32f10x_cl.o(i.USBD_SetStallEP))
<BR><BR>[Stack]<UL><LI>Max Depth = 16<LI>Call Chain = USBD_SetStallEP
</UL>
<BR>[Calls]<UL><LI><a href="#[a0]">&gt;&gt;</a>&nbsp;&nbsp;&nbsp;USBD_FlushInEpFifo
</UL>
<BR>[Called By]<UL><LI><a href="#[4d]">&gt;&gt;</a>&nbsp;&nbsp;&nbsp;USBD_EndPoint0
<LI><a href="#[be]">&gt;&gt;</a>&nbsp;&nbsp;&nbsp;USBD_ReqSetClrFeature
</UL>

<P><STRONG><a name="[bb]"></a>USBD_SetupStage</STRONG> (Thumb, 8 bytes, Stack size 0 bytes, usbd_core.o(i.USBD_SetupStage))
<BR><BR>[Stack]<UL><LI>Max Depth = 16<LI>Call Chain = USBD_SetupStage &rArr; USBD_ReadEP
</UL>
<BR>[Calls]<UL><LI><a href="#[9e]">&gt;&gt;</a>&nbsp;&nbsp;&nbsp;USBD_ReadEP
</UL>
<BR>[Called By]<UL><LI><a href="#[4d]">&gt;&gt;</a>&nbsp;&nbsp;&nbsp;USBD_EndPoint0
</UL>

<P><STRONG><a name="[bf]"></a>USBD_StatusInStage</STRONG> (Thumb, 10 bytes, Stack size 0 bytes, usbd_core.o(i.USBD_StatusInStage))
<BR><BR>[Stack]<UL><LI>Max Depth = 20<LI>Call Chain = USBD_StatusInStage &rArr; USBD_WriteEP
</UL>
<BR>[Calls]<UL><LI><a href="#[a1]">&gt;&gt;</a>&nbsp;&nbsp;&nbsp;USBD_WriteEP
</UL>
<BR>[Called By]<UL><LI><a href="#[4d]">&gt;&gt;</a>&nbsp;&nbsp;&nbsp;USBD_EndPoint0
<LI><a href="#[c9]">&gt;&gt;</a>&nbsp;&nbsp;&nbsp;USBD_EndPoint0_Setup_CDC_ReqToIF
<LI><a href="#[d1]">&gt;&gt;</a>&nbsp;&nbsp;&nbsp;USBD_EndPoint0_Out_CDC_ReqToIF
</UL>

<P><STRONG><a name="[d5]"></a>USBD_StatusOutStage</STRONG> (Thumb, 8 bytes, Stack size 0 bytes, usbd_core.o(i.USBD_StatusOutStage))
<BR><BR>[Stack]<UL><LI>Max Depth = 16<LI>Call Chain = USBD_StatusOutStage &rArr; USBD_ReadEP
</UL>
<BR>[Calls]<UL><LI><a href="#[9e]">&gt;&gt;</a>&nbsp;&nbsp;&nbsp;USBD_ReadEP
</UL>
<BR>[Called By]<UL><LI><a href="#[4d]">&gt;&gt;</a>&nbsp;&nbsp;&nbsp;USBD_EndPoint0
</UL>

<P><STRONG><a name="[9c]"></a>USBD_Suspend</STRONG> (Thumb, 2 bytes, Stack size 0 bytes, usbd_stm32f10x_cl.o(i.USBD_Suspend))
<BR><BR>[Called By]<UL><LI><a href="#[46]">&gt;&gt;</a>&nbsp;&nbsp;&nbsp;OTG_FS_IRQHandler
</UL>

<P><STRONG><a name="[e0]"></a>USBD_WakeUpCfg</STRONG> (Thumb, 2 bytes, Stack size 0 bytes, usbd_stm32f10x_cl.o(i.USBD_WakeUpCfg))
<BR><BR>[Called By]<UL><LI><a href="#[be]">&gt;&gt;</a>&nbsp;&nbsp;&nbsp;USBD_ReqSetClrFeature
</UL>

<P><STRONG><a name="[a1]"></a>USBD_WriteEP</STRONG> (Thumb, 350 bytes, Stack size 20 bytes, usbd_stm32f10x_cl.o(i.USBD_WriteEP))
<BR><BR>[Stack]<UL><LI>Max Depth = 20<LI>Call Chain = USBD_WriteEP
</UL>
<BR>[Calls]<UL><LI><a href="#[9f]">&gt;&gt;</a>&nbsp;&nbsp;&nbsp;USBD_GetFrame
</UL>
<BR>[Called By]<UL><LI><a href="#[46]">&gt;&gt;</a>&nbsp;&nbsp;&nbsp;OTG_FS_IRQHandler
<LI><a href="#[a8]">&gt;&gt;</a>&nbsp;&nbsp;&nbsp;USBD_CDC_ACM_EP_BULKIN_HandleData
<LI><a href="#[bf]">&gt;&gt;</a>&nbsp;&nbsp;&nbsp;USBD_StatusInStage
<LI><a href="#[b9]">&gt;&gt;</a>&nbsp;&nbsp;&nbsp;USBD_DataInStage
</UL>

<P><STRONG><a name="[e7]"></a>__0sprintf$8</STRONG> (Thumb, 34 bytes, Stack size 24 bytes, printf8.o(i.__0sprintf$8), UNUSED)
<BR><BR>[Calls]<UL><LI><a href="#[4a]">&gt;&gt;</a>&nbsp;&nbsp;&nbsp;_sputc
<LI><a href="#[e8]">&gt;&gt;</a>&nbsp;&nbsp;&nbsp;_printf_core
</UL>

<P><STRONG><a name="[104]"></a>__1sprintf$8</STRONG> (Thumb, 0 bytes, Stack size 24 bytes, printf8.o(i.__0sprintf$8), UNUSED)

<P><STRONG><a name="[83]"></a>__2sprintf</STRONG> (Thumb, 0 bytes, Stack size 24 bytes, printf8.o(i.__0sprintf$8))
<BR><BR>[Stack]<UL><LI>Max Depth = 24<LI>Call Chain = __2sprintf
</UL>
<BR>[Called By]<UL><LI><a href="#[79]">&gt;&gt;</a>&nbsp;&nbsp;&nbsp;CAN_FD_RX_Process
</UL>

<P><STRONG><a name="[105]"></a>__scatterload_copy</STRONG> (Thumb, 14 bytes, Stack size unknown bytes, handlers.o(i.__scatterload_copy), UNUSED)

<P><STRONG><a name="[106]"></a>__scatterload_null</STRONG> (Thumb, 2 bytes, Stack size unknown bytes, handlers.o(i.__scatterload_null), UNUSED)

<P><STRONG><a name="[107]"></a>__scatterload_zeroinit</STRONG> (Thumb, 14 bytes, Stack size unknown bytes, handlers.o(i.__scatterload_zeroinit), UNUSED)

<P><STRONG><a name="[47]"></a>main</STRONG> (Thumb, 138 bytes, Stack size 0 bytes, main.o(i.main))
<BR><BR>[Stack]<UL><LI>Max Depth = 312<LI>Call Chain = main &rArr; APP_Tasks &rArr; APP_TransmitSwitchState &rArr; APP_TransmitMessageQueue &rArr; DRV_CANFDSPI_TransmitChannelLoad &rArr; DRV_CANFDSPI_TransmitChannelUpdate &rArr; DRV_CANFDSPI_WriteByte &rArr; DRV_SPI_TransferData &rArr; spi_master_transfer
</UL>
<BR>[Calls]<UL><LI><a href="#[eb]">&gt;&gt;</a>&nbsp;&nbsp;&nbsp;usbd_init
<LI><a href="#[ec]">&gt;&gt;</a>&nbsp;&nbsp;&nbsp;usbd_connect
<LI><a href="#[ed]">&gt;&gt;</a>&nbsp;&nbsp;&nbsp;usbd_configured
<LI><a href="#[a6]">&gt;&gt;</a>&nbsp;&nbsp;&nbsp;USBD_CDC_ACM_DataSend
<LI><a href="#[a4]">&gt;&gt;</a>&nbsp;&nbsp;&nbsp;USBD_CDC_ACM_DataRead
<LI><a href="#[ee]">&gt;&gt;</a>&nbsp;&nbsp;&nbsp;USBD_CDC_ACM_DataAvailable
<LI><a href="#[86]">&gt;&gt;</a>&nbsp;&nbsp;&nbsp;CAN_FD_TX_Process
<LI><a href="#[7a]">&gt;&gt;</a>&nbsp;&nbsp;&nbsp;APP_Tasks
<LI><a href="#[68]">&gt;&gt;</a>&nbsp;&nbsp;&nbsp;APP_Initialize
<LI><a href="#[99]">&gt;&gt;</a>&nbsp;&nbsp;&nbsp;IO_Init
</UL>
<BR>[Address Reference Count : 1]<UL><LI> entry9a.o(.ARM.Collect$$$$0000000B)
</UL>
<P><STRONG><a name="[97]"></a>spi_master_init</STRONG> (Thumb, 160 bytes, Stack size 32 bytes, drv_spi.o(i.spi_master_init))
<BR><BR>[Stack]<UL><LI>Max Depth = 56<LI>Call Chain = spi_master_init &rArr; GPIO_Init
</UL>
<BR>[Calls]<UL><LI><a href="#[6a]">&gt;&gt;</a>&nbsp;&nbsp;&nbsp;RCC_APB2PeriphClockCmd
<LI><a href="#[6e]">&gt;&gt;</a>&nbsp;&nbsp;&nbsp;GPIO_SetBits
<LI><a href="#[6c]">&gt;&gt;</a>&nbsp;&nbsp;&nbsp;GPIO_Init
<LI><a href="#[ef]">&gt;&gt;</a>&nbsp;&nbsp;&nbsp;SPI_Init
<LI><a href="#[f0]">&gt;&gt;</a>&nbsp;&nbsp;&nbsp;SPI_Cmd
</UL>
<BR>[Called By]<UL><LI><a href="#[69]">&gt;&gt;</a>&nbsp;&nbsp;&nbsp;DRV_SPI_Initialize
</UL>

<P><STRONG><a name="[98]"></a>spi_master_transfer</STRONG> (Thumb, 88 bytes, Stack size 24 bytes, drv_spi.o(i.spi_master_transfer))
<BR><BR>[Stack]<UL><LI>Max Depth = 24<LI>Call Chain = spi_master_transfer
</UL>
<BR>[Calls]<UL><LI><a href="#[6e]">&gt;&gt;</a>&nbsp;&nbsp;&nbsp;GPIO_SetBits
<LI><a href="#[70]">&gt;&gt;</a>&nbsp;&nbsp;&nbsp;GPIO_ResetBits
<LI><a href="#[f2]">&gt;&gt;</a>&nbsp;&nbsp;&nbsp;SPI_I2S_SendData
<LI><a href="#[f3]">&gt;&gt;</a>&nbsp;&nbsp;&nbsp;SPI_I2S_ReceiveData
<LI><a href="#[f1]">&gt;&gt;</a>&nbsp;&nbsp;&nbsp;SPI_I2S_GetFlagStatus
</UL>
<BR>[Called By]<UL><LI><a href="#[93]">&gt;&gt;</a>&nbsp;&nbsp;&nbsp;DRV_SPI_TransferData
</UL>

<P><STRONG><a name="[f4]"></a>usbd_class_init</STRONG> (Thumb, 4 bytes, Stack size 0 bytes, usb_config.o(i.usbd_class_init))
<BR><BR>[Stack]<UL><LI>Max Depth = 8<LI>Call Chain = usbd_class_init &rArr; USBD_CDC_ACM_Initialize
</UL>
<BR>[Calls]<UL><LI><a href="#[ae]">&gt;&gt;</a>&nbsp;&nbsp;&nbsp;USBD_CDC_ACM_Initialize
</UL>
<BR>[Called By]<UL><LI><a href="#[eb]">&gt;&gt;</a>&nbsp;&nbsp;&nbsp;usbd_init
</UL>

<P><STRONG><a name="[ed]"></a>usbd_configured</STRONG> (Thumb, 12 bytes, Stack size 0 bytes, usbd_core.o(i.usbd_configured))
<BR><BR>[Called By]<UL><LI><a href="#[47]">&gt;&gt;</a>&nbsp;&nbsp;&nbsp;main
</UL>

<P><STRONG><a name="[ec]"></a>usbd_connect</STRONG> (Thumb, 4 bytes, Stack size 0 bytes, usbd_core.o(i.usbd_connect))
<BR><BR>[Calls]<UL><LI><a href="#[f5]">&gt;&gt;</a>&nbsp;&nbsp;&nbsp;USBD_Connect
</UL>
<BR>[Called By]<UL><LI><a href="#[47]">&gt;&gt;</a>&nbsp;&nbsp;&nbsp;main
</UL>

<P><STRONG><a name="[eb]"></a>usbd_init</STRONG> (Thumb, 24 bytes, Stack size 8 bytes, usbd_core.o(i.usbd_init))
<BR><BR>[Stack]<UL><LI>Max Depth = 16<LI>Call Chain = usbd_init &rArr; usbd_class_init &rArr; USBD_CDC_ACM_Initialize
</UL>
<BR>[Calls]<UL><LI><a href="#[dc]">&gt;&gt;</a>&nbsp;&nbsp;&nbsp;USBD_Init
<LI><a href="#[f4]">&gt;&gt;</a>&nbsp;&nbsp;&nbsp;usbd_class_init
<LI><a href="#[f6]">&gt;&gt;</a>&nbsp;&nbsp;&nbsp;USBD_RTX_TaskInit
</UL>
<BR>[Called By]<UL><LI><a href="#[47]">&gt;&gt;</a>&nbsp;&nbsp;&nbsp;main
</UL>

<P><STRONG><a name="[c4]"></a>usbd_os_evt_set</STRONG> (Thumb, 2 bytes, Stack size 0 bytes, usb_config.o(i.usbd_os_evt_set))
<BR><BR>[Called By]<UL><LI><a href="#[4d]">&gt;&gt;</a>&nbsp;&nbsp;&nbsp;USBD_EndPoint0
</UL>

<P><STRONG><a name="[9b]"></a>usbd_reset_core</STRONG> (Thumb, 26 bytes, Stack size 0 bytes, usbd_core.o(i.usbd_reset_core))
<BR><BR>[Called By]<UL><LI><a href="#[46]">&gt;&gt;</a>&nbsp;&nbsp;&nbsp;OTG_FS_IRQHandler
</UL>

<P><STRONG><a name="[dd]"></a>usbd_stm32_delay</STRONG> (Thumb, 40 bytes, Stack size 0 bytes, usbd_stm32f10x_cl.o(i.usbd_stm32_delay))
<BR><BR>[Called By]<UL><LI><a href="#[dc]">&gt;&gt;</a>&nbsp;&nbsp;&nbsp;USBD_Init
</UL>
<P>
<H3>
Local Symbols
</H3>
<P><STRONG><a name="[a2]"></a>SetSysClock</STRONG> (Thumb, 8 bytes, Stack size 8 bytes, system_stm32f10x.o(i.SetSysClock))
<BR><BR>[Stack]<UL><LI>Max Depth = 20<LI>Call Chain = SetSysClock &rArr; SetSysClockTo72
</UL>
<BR>[Calls]<UL><LI><a href="#[a3]">&gt;&gt;</a>&nbsp;&nbsp;&nbsp;SetSysClockTo72
</UL>
<BR>[Called By]<UL><LI><a href="#[48]">&gt;&gt;</a>&nbsp;&nbsp;&nbsp;SystemInit
</UL>

<P><STRONG><a name="[a3]"></a>SetSysClockTo72</STRONG> (Thumb, 264 bytes, Stack size 12 bytes, system_stm32f10x.o(i.SetSysClockTo72))
<BR><BR>[Stack]<UL><LI>Max Depth = 12<LI>Call Chain = SetSysClockTo72
</UL>
<BR>[Called By]<UL><LI><a href="#[a2]">&gt;&gt;</a>&nbsp;&nbsp;&nbsp;SetSysClock
</UL>

<P><STRONG><a name="[a0]"></a>USBD_FlushInEpFifo</STRONG> (Thumb, 60 bytes, Stack size 0 bytes, usbd_stm32f10x_cl.o(i.USBD_FlushInEpFifo))
<BR><BR>[Called By]<UL><LI><a href="#[cd]">&gt;&gt;</a>&nbsp;&nbsp;&nbsp;USBD_SetStallEP
<LI><a href="#[e6]">&gt;&gt;</a>&nbsp;&nbsp;&nbsp;USBD_ResetEP
<LI><a href="#[b8]">&gt;&gt;</a>&nbsp;&nbsp;&nbsp;USBD_ClrStallEP
<LI><a href="#[46]">&gt;&gt;</a>&nbsp;&nbsp;&nbsp;OTG_FS_IRQHandler
</UL>

<P><STRONG><a name="[a8]"></a>USBD_CDC_ACM_EP_BULKIN_HandleData</STRONG> (Thumb, 144 bytes, Stack size 32 bytes, usbd_cdc_acm.o(i.USBD_CDC_ACM_EP_BULKIN_HandleData))
<BR><BR>[Stack]<UL><LI>Max Depth = 52<LI>Call Chain = USBD_CDC_ACM_EP_BULKIN_HandleData &rArr; USBD_WriteEP
</UL>
<BR>[Calls]<UL><LI><a href="#[a1]">&gt;&gt;</a>&nbsp;&nbsp;&nbsp;USBD_WriteEP
</UL>
<BR>[Called By]<UL><LI><a href="#[b4]">&gt;&gt;</a>&nbsp;&nbsp;&nbsp;USBD_CDC_ACM_SOF_Event
<LI><a href="#[a7]">&gt;&gt;</a>&nbsp;&nbsp;&nbsp;USBD_CDC_ACM_EP_BULKIN_Event
</UL>

<P><STRONG><a name="[aa]"></a>USBD_CDC_ACM_EP_BULKOUT_HandleData</STRONG> (Thumb, 78 bytes, Stack size 8 bytes, usbd_cdc_acm.o(i.USBD_CDC_ACM_EP_BULKOUT_HandleData))
<BR><BR>[Stack]<UL><LI>Max Depth = 24<LI>Call Chain = USBD_CDC_ACM_EP_BULKOUT_HandleData &rArr; USBD_ReadEP
</UL>
<BR>[Calls]<UL><LI><a href="#[9e]">&gt;&gt;</a>&nbsp;&nbsp;&nbsp;USBD_ReadEP
</UL>
<BR>[Called By]<UL><LI><a href="#[b4]">&gt;&gt;</a>&nbsp;&nbsp;&nbsp;USBD_CDC_ACM_SOF_Event
<LI><a href="#[a9]">&gt;&gt;</a>&nbsp;&nbsp;&nbsp;USBD_CDC_ACM_EP_BULKOUT_Event
</UL>

<P><STRONG><a name="[e8]"></a>_printf_core</STRONG> (Thumb, 984 bytes, Stack size 104 bytes, printf8.o(i._printf_core), UNUSED)
<BR><BR>[Calls]<UL><LI><a href="#[52]">&gt;&gt;</a>&nbsp;&nbsp;&nbsp;__aeabi_uldivmod
<LI><a href="#[e9]">&gt;&gt;</a>&nbsp;&nbsp;&nbsp;_printf_pre_padding
<LI><a href="#[ea]">&gt;&gt;</a>&nbsp;&nbsp;&nbsp;_printf_post_padding
</UL>
<BR>[Called By]<UL><LI><a href="#[e7]">&gt;&gt;</a>&nbsp;&nbsp;&nbsp;__0sprintf$8
</UL>

<P><STRONG><a name="[ea]"></a>_printf_post_padding</STRONG> (Thumb, 36 bytes, Stack size 24 bytes, printf8.o(i._printf_post_padding), UNUSED)
<BR><BR>[Called By]<UL><LI><a href="#[e8]">&gt;&gt;</a>&nbsp;&nbsp;&nbsp;_printf_core
</UL>

<P><STRONG><a name="[e9]"></a>_printf_pre_padding</STRONG> (Thumb, 46 bytes, Stack size 24 bytes, printf8.o(i._printf_pre_padding), UNUSED)
<BR><BR>[Called By]<UL><LI><a href="#[e8]">&gt;&gt;</a>&nbsp;&nbsp;&nbsp;_printf_core
</UL>

<P><STRONG><a name="[4a]"></a>_sputc</STRONG> (Thumb, 10 bytes, Stack size 0 bytes, printf8.o(i._sputc))
<BR><BR>[Called By]<UL><LI><a href="#[e7]">&gt;&gt;</a>&nbsp;&nbsp;&nbsp;__0sprintf$8
</UL>
<BR>[Address Reference Count : 1]<UL><LI> printf8.o(i.__0sprintf$8)
</UL><P>
<H3>
Undefined Global Symbols
</H3><HR></body></html>
