Component: ARM Compiler 5.06 update 7 (build 960) Tool: armlink [4d3601]

==============================================================================

Section Cross References

    system_stm32f10x.o(i.SetSysClock) refers to system_stm32f10x.o(i.SetSysClockTo72) for SetSysClockTo72
    system_stm32f10x.o(i.SystemCoreClockUpdate) refers to system_stm32f10x.o(.data) for SystemCoreClock
    system_stm32f10x.o(i.SystemInit) refers to system_stm32f10x.o(i.SetSysClock) for SetSysClock
    startup_stm32f10x_cl.o(RESET) refers to startup_stm32f10x_cl.o(STACK) for __initial_sp
    startup_stm32f10x_cl.o(RESET) refers to startup_stm32f10x_cl.o(.text) for Reset_Handler
    startup_stm32f10x_cl.o(RESET) refers to usbd_stm32f10x_cl.o(i.OTG_FS_IRQHandler) for OTG_FS_IRQHandler
    startup_stm32f10x_cl.o(.text) refers to system_stm32f10x.o(i.SystemInit) for SystemInit
    startup_stm32f10x_cl.o(.text) refers to entry.o(.ARM.Collect$$$$00000000) for __main
    main.o(i.IO_Init) refers to stm32f10x_rcc.o(i.RCC_APB2PeriphClockCmd) for RCC_APB2PeriphClockCmd
    main.o(i.IO_Init) refers to stm32f10x_gpio.o(i.GPIO_PinRemapConfig) for GPIO_PinRemapConfig
    main.o(i.IO_Init) refers to stm32f10x_gpio.o(i.GPIO_Init) for GPIO_Init
    main.o(i.IO_Init) refers to stm32f10x_gpio.o(i.GPIO_ResetBits) for GPIO_ResetBits
    main.o(i.Unused_GPIO_Init_Function) refers to stm32f10x_rcc.o(i.RCC_APB2PeriphClockCmd) for RCC_APB2PeriphClockCmd
    main.o(i.Unused_GPIO_Init_Function) refers to stm32f10x_pwr.o(i.PWR_BackupAccessCmd) for PWR_BackupAccessCmd
    main.o(i.Unused_GPIO_Init_Function) refers to stm32f10x_rcc.o(i.RCC_LSEConfig) for RCC_LSEConfig
    main.o(i.Unused_GPIO_Init_Function) refers to stm32f10x_bkp.o(i.BKP_TamperPinCmd) for BKP_TamperPinCmd
    main.o(i.Unused_GPIO_Init_Function) refers to stm32f10x_gpio.o(i.GPIO_Init) for GPIO_Init
    main.o(i.Unused_GPIO_Init_Function) refers to stm32f10x_gpio.o(i.GPIO_SetBits) for GPIO_SetBits
    main.o(i.Unused_GPIO_Init_Function) refers to stm32f10x_gpio.o(i.GPIO_ResetBits) for GPIO_ResetBits
    main.o(i.main) refers to main.o(i.IO_Init) for IO_Init
    main.o(i.main) refers to usbd_core.o(i.usbd_init) for usbd_init
    main.o(i.main) refers to usbd_core.o(i.usbd_connect) for usbd_connect
    main.o(i.main) refers to usbd_core.o(i.usbd_configured) for usbd_configured
    main.o(i.main) refers to app.o(i.APP_Initialize) for APP_Initialize
    main.o(i.main) refers to app.o(i.APP_Tasks) for APP_Tasks
    main.o(i.main) refers to usbd_cdc_acm.o(i.USBD_CDC_ACM_DataAvailable) for USBD_CDC_ACM_DataAvailable
    main.o(i.main) refers to usbd_cdc_acm.o(i.USBD_CDC_ACM_DataRead) for USBD_CDC_ACM_DataRead
    main.o(i.main) refers to app.o(i.CAN_FD_TX_Process) for CAN_FD_TX_Process
    main.o(i.main) refers to usbd_cdc_acm.o(i.USBD_CDC_ACM_DataSend) for USBD_CDC_ACM_DataSend
    main.o(i.main) refers to app.o(.bss) for APP_Tx_Buffer
    main.o(i.main) refers to main.o(.data) for Packet_Len
    main.o(i.main) refers to app.o(.data) for APP_Rx_ptr_in
    app.o(i.APP_CANFDSPI_Init) refers to drv_canfdspi_api.o(i.DRV_CANFDSPI_Reset) for DRV_CANFDSPI_Reset
    app.o(i.APP_CANFDSPI_Init) refers to drv_canfdspi_api.o(i.DRV_CANFDSPI_EccEnable) for DRV_CANFDSPI_EccEnable
    app.o(i.APP_CANFDSPI_Init) refers to drv_canfdspi_api.o(i.DRV_CANFDSPI_RamInit) for DRV_CANFDSPI_RamInit
    app.o(i.APP_CANFDSPI_Init) refers to drv_canfdspi_api.o(i.DRV_CANFDSPI_ConfigureObjectReset) for DRV_CANFDSPI_ConfigureObjectReset
    app.o(i.APP_CANFDSPI_Init) refers to drv_canfdspi_api.o(i.DRV_CANFDSPI_Configure) for DRV_CANFDSPI_Configure
    app.o(i.APP_CANFDSPI_Init) refers to drv_canfdspi_api.o(i.DRV_CANFDSPI_TransmitChannelConfigureObjectReset) for DRV_CANFDSPI_TransmitChannelConfigureObjectReset
    app.o(i.APP_CANFDSPI_Init) refers to drv_canfdspi_api.o(i.DRV_CANFDSPI_TransmitChannelConfigure) for DRV_CANFDSPI_TransmitChannelConfigure
    app.o(i.APP_CANFDSPI_Init) refers to drv_canfdspi_api.o(i.DRV_CANFDSPI_ReceiveChannelConfigureObjectReset) for DRV_CANFDSPI_ReceiveChannelConfigureObjectReset
    app.o(i.APP_CANFDSPI_Init) refers to drv_canfdspi_api.o(i.DRV_CANFDSPI_ReceiveChannelConfigure) for DRV_CANFDSPI_ReceiveChannelConfigure
    app.o(i.APP_CANFDSPI_Init) refers to drv_canfdspi_api.o(i.DRV_CANFDSPI_FilterObjectConfigure) for DRV_CANFDSPI_FilterObjectConfigure
    app.o(i.APP_CANFDSPI_Init) refers to drv_canfdspi_api.o(i.DRV_CANFDSPI_FilterMaskConfigure) for DRV_CANFDSPI_FilterMaskConfigure
    app.o(i.APP_CANFDSPI_Init) refers to drv_canfdspi_api.o(i.DRV_CANFDSPI_FilterToFifoLink) for DRV_CANFDSPI_FilterToFifoLink
    app.o(i.APP_CANFDSPI_Init) refers to drv_canfdspi_api.o(i.DRV_CANFDSPI_BitTimeConfigure) for DRV_CANFDSPI_BitTimeConfigure
    app.o(i.APP_CANFDSPI_Init) refers to drv_canfdspi_api.o(i.DRV_CANFDSPI_GpioModeConfigure) for DRV_CANFDSPI_GpioModeConfigure
[...]
    i.DRV_CANFDSPI_RamInit                   0x0800205e   Section        0  drv_canfdspi_api.o(i.DRV_CANFDSPI_RamInit)
    i.DRV_CANFDSPI_ReadByte                  0x080020ac   Section        0  drv_canfdspi_api.o(i.DRV_CANFDSPI_ReadByte)
    i.DRV_CANFDSPI_ReadByteArray             0x080020ec   Section        0  drv_canfdspi_api.o(i.DRV_CANFDSPI_ReadByteArray)
    i.DRV_CANFDSPI_ReadHalfWord              0x08002150   Section        0  drv_canfdspi_api.o(i.DRV_CANFDSPI_ReadHalfWord)
    i.DRV_CANFDSPI_ReadWord                  0x080021b4   Section        0  drv_canfdspi_api.o(i.DRV_CANFDSPI_ReadWord)
    i.DRV_CANFDSPI_ReadWordArray             0x08002218   Section        0  drv_canfdspi_api.o(i.DRV_CANFDSPI_ReadWordArray)
    i.DRV_CANFDSPI_ReceiveChannelConfigure   0x080022b0   Section        0  drv_canfdspi_api.o(i.DRV_CANFDSPI_ReceiveChannelConfigure)
    i.DRV_CANFDSPI_ReceiveChannelConfigureObjectReset 0x08002318   Section        0  drv_canfdspi_api.o(i.DRV_CANFDSPI_ReceiveChannelConfigureObjectReset)
    i.DRV_CANFDSPI_ReceiveChannelEventEnable 0x08002350   Section        0  drv_canfdspi_api.o(i.DRV_CANFDSPI_ReceiveChannelEventEnable)
    i.DRV_CANFDSPI_ReceiveChannelUpdate      0x080023b2   Section        0  drv_canfdspi_api.o(i.DRV_CANFDSPI_ReceiveChannelUpdate)
    i.DRV_CANFDSPI_ReceiveMessageGet         0x080023ea   Section        0  drv_canfdspi_api.o(i.DRV_CANFDSPI_ReceiveMessageGet)
    i.DRV_CANFDSPI_Reset                     0x08002558   Section        0  drv_canfdspi_api.o(i.DRV_CANFDSPI_Reset)
    i.DRV_CANFDSPI_TransmitChannelConfigure  0x08002580   Section        0  drv_canfdspi_api.o(i.DRV_CANFDSPI_TransmitChannelConfigure)
    i.DRV_CANFDSPI_TransmitChannelConfigureObjectReset 0x080025f8   Section        0  drv_canfdspi_api.o(i.DRV_CANFDSPI_TransmitChannelConfigureObjectReset)
    i.DRV_CANFDSPI_TransmitChannelEventGet   0x08002648   Section        0  drv_canfdspi_api.o(i.DRV_CANFDSPI_TransmitChannelEventGet)
    i.DRV_CANFDSPI_TransmitChannelLoad       0x08002688   Section        0  drv_canfdspi_api.o(i.DRV_CANFDSPI_TransmitChannelLoad)
    i.DRV_CANFDSPI_TransmitChannelUpdate     0x080027ac   Section        0  drv_canfdspi_api.o(i.DRV_CANFDSPI_TransmitChannelUpdate)
    i.DRV_CANFDSPI_WriteByte                 0x08002800   Section        0  drv_canfdspi_api.o(i.DRV_CANFDSPI_WriteByte)
    i.DRV_CANFDSPI_WriteByteArray            0x0800283c   Section        0  drv_canfdspi_api.o(i.DRV_CANFDSPI_WriteByteArray)
    i.DRV_CANFDSPI_WriteHalfWord             0x08002890   Section        0  drv_canfdspi_api.o(i.DRV_CANFDSPI_WriteHalfWord)
    i.DRV_CANFDSPI_WriteWord                 0x080028e4   Section        0  drv_canfdspi_api.o(i.DRV_CANFDSPI_WriteWord)
    i.DRV_SPI_Initialize                     0x08002938   Section        0  drv_spi.o(i.DRV_SPI_Initialize)
    i.DRV_SPI_TransferData                   0x08002940   Section        0  drv_spi.o(i.DRV_SPI_TransferData)
    i.GPIO_Init                              0x0800295a   Section        0  stm32f10x_gpio.o(i.GPIO_Init)
    i.GPIO_PinRemapConfig                    0x08002a70   Section        0  stm32f10x_gpio.o(i.GPIO_PinRemapConfig)
    i.GPIO_ReadInputDataBit                  0x08002b00   Section        0  stm32f10x_gpio.o(i.GPIO_ReadInputDataBit)
    i.GPIO_ResetBits                         0x08002b12   Section        0  stm32f10x_gpio.o(i.GPIO_ResetBits)
    i.GPIO_SetBits                           0x08002b16   Section        0  stm32f10x_gpio.o(i.GPIO_SetBits)
    i.IO_Init                                0x08002b1c   Section        0  main.o(i.IO_Init)
    i.OTG_FS_IRQHandler                      0x08002b5c   Section        0  usbd_stm32f10x_cl.o(i.OTG_FS_IRQHandler)
    i.RCC_APB2PeriphClockCmd                 0x080031c4   Section        0  stm32f10x_rcc.o(i.RCC_APB2PeriphClockCmd)
    i.SPI_Cmd                                0x080031e4   Section        0  stm32f10x_spi.o(i.SPI_Cmd)
    i.SPI_I2S_GetFlagStatus                  0x080031fc   Section        0  stm32f10x_spi.o(i.SPI_I2S_GetFlagStatus)
    i.SPI_I2S_ReceiveData                    0x0800320e   Section        0  stm32f10x_spi.o(i.SPI_I2S_ReceiveData)
    i.SPI_I2S_SendData                       0x08003214   Section        0  stm32f10x_spi.o(i.SPI_I2S_SendData)
    i.SPI_Init                               0x08003218   Section        0  stm32f10x_spi.o(i.SPI_Init)
    i.SetSysClock                            0x08003254   Section        0  system_stm32f10x.o(i.SetSysClock)
    SetSysClock                              0x08003255   Thumb Code     8  system_stm32f10x.o(i.SetSysClock)
    i.SetSysClockTo72                        0x0800325c   Section        0  system_stm32f10x.o(i.SetSysClockTo72)
    SetSysClockTo72                          0x0800325d   Thumb Code   264  system_stm32f10x.o(i.SetSysClockTo72)
    i.SystemInit                             0x08003374   Section        0  system_stm32f10x.o(i.SystemInit)
    i.USBD_CDC_ACM_ClearCommFeature          0x080033e0   Section        0  usbd_cdc_acm.o(i.USBD_CDC_ACM_ClearCommFeature)
    i.USBD_CDC_ACM_DataAvailable             0x080033e4   Section        0  usbd_cdc_acm.o(i.USBD_CDC_ACM_DataAvailable)
    i.USBD_CDC_ACM_DataRead                  0x080033f4   Section        0  usbd_cdc_acm.o(i.USBD_CDC_ACM_DataRead)
    i.USBD_CDC_ACM_DataReceived              0x08003428   Section        0  usbd_cdc_acm.o(i.USBD_CDC_ACM_DataReceived)
    i.USBD_CDC_ACM_DataSend                  0x0800342c   Section        0  usbd_cdc_acm.o(i.USBD_CDC_ACM_DataSend)
    i.USBD_CDC_ACM_EP_BULKIN_Event           0x080034a4   Section        0  usbd_cdc_acm.o(i.USBD_CDC_ACM_EP_BULKIN_Event)
    i.USBD_CDC_ACM_EP_BULKIN_HandleData      0x080034c0   Section        0  usbd_cdc_acm.o(i.USBD_CDC_ACM_EP_BULKIN_HandleData)
    USBD_CDC_ACM_EP_BULKIN_HandleData        0x080034c1   Thumb Code   144  usbd_cdc_acm.o(i.USBD_CDC_ACM_EP_BULKIN_HandleData)
    i.USBD_CDC_ACM_EP_BULKOUT_Event          0x08003568   Section        0  usbd_cdc_acm.o(i.USBD_CDC_ACM_EP_BULKOUT_Event)
    i.USBD_CDC_ACM_EP_BULKOUT_HandleData     0x0800359c   Section        0  usbd_cdc_acm.o(i.USBD_CDC_ACM_EP_BULKOUT_HandleData)
    USBD_CDC_ACM_EP_BULKOUT_HandleData       0x0800359d   Thumb Code    78  usbd_cdc_acm.o(i.USBD_CDC_ACM_EP_BULKOUT_HandleData)
    i.USBD_CDC_ACM_EP_BULK_Event             0x08003604   Section        0  usbd_cdc_acm.o(i.USBD_CDC_ACM_EP_BULK_Event)
    i.USBD_CDC_ACM_EP_INTIN_Event            0x08003622   Section        0  usbd_cdc_acm.o(i.USBD_CDC_ACM_EP_INTIN_Event)
    i.USBD_CDC_ACM_GetCommFeature            0x08003624   Section        0  usbd_cdc_acm.o(i.USBD_CDC_ACM_GetCommFeature)
    i.USBD_CDC_ACM_GetEncapsulatedResponse   0x08003628   Section        0  usbd_cdc_acm.o(i.USBD_CDC_ACM_GetEncapsulatedResponse)
    i.USBD_CDC_ACM_GetLineCoding             0x0800362c   Section        0  usbd_cdc_acm.o(i.USBD_CDC_ACM_GetLineCoding)
    i.USBD_CDC_ACM_Initialize                0x08003664   Section        0  usbd_cdc_acm.o(i.USBD_CDC_ACM_Initialize)
    i.USBD_CDC_ACM_PortGetLineCoding         0x0800366c   Section        0  usbd_user_cdc_acm.o(i.USBD_CDC_ACM_PortGetLineCoding)
    i.USBD_CDC_ACM_PortInitialize            0x08003672   Section        0  usbd_user_cdc_acm.o(i.USBD_CDC_ACM_PortInitialize)
    i.USBD_CDC_ACM_PortReset                 0x08003674   Section        0  usbd_user_cdc_acm.o(i.USBD_CDC_ACM_PortReset)
    i.USBD_CDC_ACM_PortSetControlLineState   0x08003676   Section        0  usbd_user_cdc_acm.o(i.USBD_CDC_ACM_PortSetControlLineState)
    i.USBD_CDC_ACM_PortSetLineCoding         0x0800367c   Section        0  usbd_user_cdc_acm.o(i.USBD_CDC_ACM_PortSetLineCoding)
    i.USBD_CDC_ACM_Reset                     0x08003680   Section        0  usbd_cdc_acm.o(i.USBD_CDC_ACM_Reset)
    i.USBD_CDC_ACM_Reset_Event               0x080036d0   Section        0  usbd_cdc_acm.o(i.USBD_CDC_ACM_Reset_Event)
    i.USBD_CDC_ACM_SOF_Event                 0x080036d8   Section        0  usbd_cdc_acm.o(i.USBD_CDC_ACM_SOF_Event)
    i.USBD_CDC_ACM_SendBreak                 0x08003740   Section        0  usbd_cdc_acm.o(i.USBD_CDC_ACM_SendBreak)
    i.USBD_CDC_ACM_SendEncapsulatedCommand   0x08003744   Section        0  usbd_cdc_acm.o(i.USBD_CDC_ACM_SendEncapsulatedCommand)
    i.USBD_CDC_ACM_SetCommFeature            0x08003748   Section        0  usbd_cdc_acm.o(i.USBD_CDC_ACM_SetCommFeature)
    i.USBD_CDC_ACM_SetControlLineState       0x0800374c   Section        0  usbd_cdc_acm.o(i.USBD_CDC_ACM_SetControlLineState)
    i.USBD_CDC_ACM_SetLineCoding             0x0800375c   Section        0  usbd_cdc_acm.o(i.USBD_CDC_ACM_SetLineCoding)
    i.USBD_ClrStallEP                        0x08003788   Section        0  usbd_stm32f10x_cl.o(i.USBD_ClrStallEP)
    i.USBD_ConfigEP                          0x0800383c   Section        0  usbd_stm32f10x_cl.o(i.USBD_ConfigEP)
    i.USBD_Configure                         0x08003904   Section        0  usbd_stm32f10x_cl.o(i.USBD_Configure)
    i.USBD_Connect                           0x08003918   Section        0  usbd_stm32f10x_cl.o(i.USBD_Connect)
    i.USBD_DataInStage                       0x08003954   Section        0  usbd_core.o(i.USBD_DataInStage)
    i.USBD_DataOutStage                      0x0800398c   Section        0  usbd_core.o(i.USBD_DataOutStage)
    i.USBD_DirCtrlEP                         0x080039ac   Section        0  usbd_stm32f10x_cl.o(i.USBD_DirCtrlEP)
    i.USBD_DisableEP                         0x080039b0   Section        0  usbd_stm32f10x_cl.o(i.USBD_DisableEP)
    i.USBD_EnableEP                          0x08003b50   Section        0  usbd_stm32f10x_cl.o(i.USBD_EnableEP)
    i.USBD_EndPoint0                         0x08003c24   Section        0  usbd_core.o(i.USBD_EndPoint0)
    i.USBD_EndPoint0_Out_ADC_ReqToEP         0x08003e88   Section        0  usb_config.o(i.USBD_EndPoint0_Out_ADC_ReqToEP)
    i.USBD_EndPoint0_Out_ADC_ReqToIF         0x08003e8c   Section        0  usb_config.o(i.USBD_EndPoint0_Out_ADC_ReqToIF)
    i.USBD_EndPoint0_Out_CDC_ReqToIF         0x08003e90   Section        0  usbd_core_cdc.o(i.USBD_EndPoint0_Out_CDC_ReqToIF)
    i.USBD_EndPoint0_Out_CLS_ReqToDEV        0x08003ee0   Section        0  usb_config.o(i.USBD_EndPoint0_Out_CLS_ReqToDEV)
    i.USBD_EndPoint0_Out_CLS_ReqToEP         0x08003ee4   Section        0  usb_config.o(i.USBD_EndPoint0_Out_CLS_ReqToEP)
    i.USBD_EndPoint0_Out_CLS_ReqToIF         0x08003ee8   Section        0  usb_config.o(i.USBD_EndPoint0_Out_CLS_ReqToIF)
    i.USBD_EndPoint0_Out_HID_ReqToIF         0x08003eec   Section        0  usb_config.o(i.USBD_EndPoint0_Out_HID_ReqToIF)
    i.USBD_EndPoint0_Setup_ADC_ReqToEP       0x08003ef0   Section        0  usb_config.o(i.USBD_EndPoint0_Setup_ADC_ReqToEP)
    i.USBD_EndPoint0_Setup_ADC_ReqToIF       0x08003ef4   Section        0  usb_config.o(i.USBD_EndPoint0_Setup_ADC_ReqToIF)
    i.USBD_EndPoint0_Setup_CDC_ReqToIF       0x08003ef8   Section        0  usbd_core_cdc.o(i.USBD_EndPoint0_Setup_CDC_ReqToIF)
    i.USBD_EndPoint0_Setup_CLS_ReqToDEV      0x08003f98   Section        0  usb_config.o(i.USBD_EndPoint0_Setup_CLS_ReqToDEV)
    i.USBD_EndPoint0_Setup_CLS_ReqToEP       0x08003f9c   Section        0  usb_config.o(i.USBD_EndPoint0_Setup_CLS_ReqToEP)
    i.USBD_EndPoint0_Setup_CLS_ReqToIF       0x08003fa0   Section        0  usb_config.o(i.USBD_EndPoint0_Setup_CLS_ReqToIF)
    i.USBD_EndPoint0_Setup_HID_ReqToIF       0x08003fa4   Section        0  usb_config.o(i.USBD_EndPoint0_Setup_HID_ReqToIF)
    i.USBD_EndPoint0_Setup_MSC_ReqToIF       0x08003fa8   Section        0  usb_config.o(i.USBD_EndPoint0_Setup_MSC_ReqToIF)
    i.USBD_FlushInEpFifo                     0x08003fac   Section        0  usbd_stm32f10x_cl.o(i.USBD_FlushInEpFifo)
    USBD_FlushInEpFifo                       0x08003fad   Thumb Code    60  usbd_stm32f10x_cl.o(i.USBD_FlushInEpFifo)
    i.USBD_GetFrame                          0x08003fe8   Section        0  usbd_stm32f10x_cl.o(i.USBD_GetFrame)
    i.USBD_Init                              0x08003ff8   Section        0  usbd_stm32f10x_cl.o(i.USBD_Init)
    i.USBD_IntrEna                           0x0800409c   Section        0  usbd_stm32f10x_cl.o(i.USBD_IntrEna)
    i.USBD_RTX_TaskInit                      0x080040b6   Section        0  usb_config.o(i.USBD_RTX_TaskInit)
    i.USBD_ReadEP                            0x080040b8   Section        0  usbd_stm32f10x_cl.o(i.USBD_ReadEP)
    i.USBD_ReqClrFeature_MSC                 0x08004198   Section        0  usb_config.o(i.USBD_ReqClrFeature_MSC)
    i.USBD_ReqGetDescriptor                  0x0800419c   Section        0  usbd_core.o(i.USBD_ReqGetDescriptor)
    i.USBD_ReqGetDescriptor_HID              0x080042cc   Section        0  usb_config.o(i.USBD_ReqGetDescriptor_HID)
    i.USBD_ReqGetStatus                      0x080042d0   Section        0  usbd_core.o(i.USBD_ReqGetStatus)
    i.USBD_ReqSetClrFeature                  0x0800434c   Section        0  usbd_core.o(i.USBD_ReqSetClrFeature)
    i.USBD_ReqSetConfiguration               0x080043f8   Section        0  usbd_core.o(i.USBD_ReqSetConfiguration)
    i.USBD_ReqSetInterface                   0x08004588   Section        0  usbd_core.o(i.USBD_ReqSetInterface)
    i.USBD_Reset                             0x080046b4   Section        0  usbd_stm32f10x_cl.o(i.USBD_Reset)
    i.USBD_ResetEP                           0x08004790   Section        0  usbd_stm32f10x_cl.o(i.USBD_ResetEP)
    i.USBD_Reset_Event                       0x08004850   Section        0  usb_config.o(i.USBD_Reset_Event)
    i.USBD_Resume                            0x08004854   Section        0  usbd_stm32f10x_cl.o(i.USBD_Resume)
    i.USBD_SOF_Event                         0x08004856   Section        0  usb_config.o(i.USBD_SOF_Event)
    i.USBD_SetAddress                        0x0800485c   Section        0  usbd_stm32f10x_cl.o(i.USBD_SetAddress)
    i.USBD_SetStallEP                        0x08004874   Section        0  usbd_stm32f10x_cl.o(i.USBD_SetStallEP)
    i.USBD_SetupStage                        0x0800496c   Section        0  usbd_core.o(i.USBD_SetupStage)
    i.USBD_StatusInStage                     0x08004978   Section        0  usbd_core.o(i.USBD_StatusInStage)
    i.USBD_StatusOutStage                    0x08004984   Section        0  usbd_core.o(i.USBD_StatusOutStage)
    i.USBD_Suspend                           0x08004990   Section        0  usbd_stm32f10x_cl.o(i.USBD_Suspend)
    i.USBD_WakeUpCfg                         0x08004992   Section        0  usbd_stm32f10x_cl.o(i.USBD_WakeUpCfg)
    i.USBD_WriteEP                           0x08004994   Section        0  usbd_stm32f10x_cl.o(i.USBD_WriteEP)
    i.__0sprintf$8                           0x08004b0c   Section        0  printf8.o(i.__0sprintf$8)
    i.__scatterload_copy                     0x08004b34   Section       14  handlers.o(i.__scatterload_copy)
    i.__scatterload_null                     0x08004b42   Section        2  handlers.o(i.__scatterload_null)
    i.__scatterload_zeroinit                 0x08004b44   Section       14  handlers.o(i.__scatterload_zeroinit)
    i._printf_core                           0x08004b54   Section        0  printf8.o(i._printf_core)
    _printf_core                             0x08004b55   Thumb Code   984  printf8.o(i._printf_core)
    i._printf_post_padding                   0x08004f58   Section        0  printf8.o(i._printf_post_padding)
    _printf_post_padding                     0x08004f59   Thumb Code    36  printf8.o(i._printf_post_padding)
    i._printf_pre_padding                    0x08004f7c   Section        0  printf8.o(i._printf_pre_padding)
    _printf_pre_padding                      0x08004f7d   Thumb Code    46  printf8.o(i._printf_pre_padding)
    i._sputc                                 0x08004faa   Section        0  printf8.o(i._sputc)
    _sputc                                   0x08004fab   Thumb Code    10  printf8.o(i._sputc)
    i.main                                   0x08004fb4   Section        0  main.o(i.main)
    i.spi_master_init                        0x08005050   Section        0  drv_spi.o(i.spi_master_init)
    i.spi_master_transfer                    0x080050f8   Section        0  drv_spi.o(i.spi_master_transfer)
    i.usbd_class_init                        0x08005158   Section        0  usb_config.o(i.usbd_class_init)
    i.usbd_configured                        0x0800515c   Section        0  usbd_core.o(i.usbd_configured)
    i.usbd_connect                           0x0800516c   Section        0  usbd_core.o(i.usbd_connect)
    i.usbd_init                              0x08005170   Section        0  usbd_core.o(i.usbd_init)
    i.usbd_os_evt_set                        0x0800518c   Section        0  usb_config.o(i.usbd_os_evt_set)
    i.usbd_reset_core                        0x08005190   Section        0  usbd_core.o(i.usbd_reset_core)
    i.usbd_stm32_delay                       0x080051b4   Section        0  usbd_stm32f10x_cl.o(i.usbd_stm32_delay)
    .constdata                               0x080051e4   Section      888  drv_canfdspi_api.o(.constdata)
    canControlResetValues                    0x080051e4   Data          80  drv_canfdspi_api.o(.constdata)
    canFifoResetValues                       0x08005234   Data          12  drv_canfdspi_api.o(.constdata)
    canFilterObjectResetValues               0x08005240   Data           8  drv_canfdspi_api.o(.constdata)
    mcp25xxfdControlResetValues              0x08005248   Data          20  drv_canfdspi_api.o(.constdata)
    .constdata                               0x0800555c   Section      386  usb_config.o(.constdata)
    .data                                    0x20000000   Section        1  main.o(.data)
    .data                                    0x20000004   Section       64  app.o(.data)
    .data                                    0x20000044   Section        2  usb_config.o(.data)
    .data                                    0x20000048   Section       52  usbd_stm32f10x_cl.o(.data)
    IsoInIncomplete                          0x20000078   Data           4  usbd_stm32f10x_cl.o(.data)
    .data                                    0x2000007c   Section       40  usbd_core.o(.data)
    .data                                    0x200000a4   Section       63  usbd_cdc_acm.o(.data)
    .data                                    0x200000e4   Section        4  rand.o(.data)
    _rand_state                              0x200000e4   Data           4  rand.o(.data)
    .bss                                     0x200000e8   Section     2212  app.o(.bss)
    .bss                                     0x2000098c   Section      192  drv_canfdspi_api.o(.bss)
    .bss                                     0x20000a4c   Section     2122  usb_config.o(.bss)
    .bss                                     0x20001298   Section       64  usbd_stm32f10x_cl.o(.bss)
    STACK                                    0x200012d8   Section     2048  startup_stm32f10x_cl.o(STACK)

    Global Symbols

    Symbol Name                              Value     Ov Type        Size  Object(Section)

    BuildAttributes$$THM_ISAv4$P$D$K$B$S$PE$A:L22UL41UL21$X:L11$S22US41US21$IEEE1$IW$~IW$USESV6$~STKCKD$USESV7$~SHL$OSPACE$ROPI$EBA8$MICROLIB$REQ8$PRES8$EABIv2 0x00000000   Number         0  anon$$obj.o ABSOLUTE
    __ARM_use_no_argv                        0x00000000   Number         0  main.o ABSOLUTE
    _printf_a                                0x00000000   Number         0  stubs.o ABSOLUTE
    _printf_c                                0x00000000   Number         0  stubs.o ABSOLUTE
    _printf_charcount                        0x00000000   Number         0  stubs.o ABSOLUTE
    _printf_d                                0x00000000   Number         0  stubs.o ABSOLUTE
    _printf_e                                0x00000000   Number         0  stubs.o ABSOLUTE
    _printf_f                                0x00000000   Number         0  stubs.o ABSOLUTE
    _printf_flags                            0x00000000   Number         0  stubs.o ABSOLUTE
    _printf_fp_dec                           0x00000000   Number         0  stubs.o ABSOLUTE
    _printf_fp_hex                           0x00000000   Number         0  stubs.o ABSOLUTE
    _printf_g                                0x00000000   Number         0  stubs.o ABSOLUTE
    _printf_i                                0x00000000   Number         0  stubs.o ABSOLUTE
    _printf_int_dec                          0x00000000   Number         0  stubs.o ABSOLUTE
    _printf_l                                0x00000000   Number         0  stubs.o ABSOLUTE
    _printf_lc                               0x00000000   Number         0  stubs.o ABSOLUTE
    _printf_ll                               0x00000000   Number         0  stubs.o ABSOLUTE
    _printf_lld                              0x00000000   Number         0  stubs.o ABSOLUTE
    _printf_lli                              0x00000000   Number         0  stubs.o ABSOLUTE
    _printf_llo                              0x00000000   Number         0  stubs.o ABSOLUTE
    _printf_llu                              0x00000000   Number         0  stubs.o ABSOLUTE
    _printf_llx                              0x00000000   Number         0  stubs.o ABSOLUTE
    _printf_longlong_dec                     0x00000000   Number         0  stubs.o ABSOLUTE
    _printf_longlong_hex                     0x00000000   Number         0  stubs.o ABSOLUTE
    _printf_longlong_oct                     0x00000000   Number         0  stubs.o ABSOLUTE
    _printf_ls                               0x00000000   Number         0  stubs.o ABSOLUTE
    _printf_mbtowc                           0x00000000   Number         0  stubs.o ABSOLUTE
    _printf_n                                0x00000000   Number         0  stubs.o ABSOLUTE
    _printf_o                                0x00000000   Number         0  stubs.o ABSOLUTE
    _printf_p                                0x00000000   Number         0  stubs.o ABSOLUTE
    _printf_percent                          0x00000000   Number         0  stubs.o ABSOLUTE
    _printf_pre_padding                      0x00000000   Number         0  stubs.o ABSOLUTE
    _printf_return_value                     0x00000000   Number         0  stubs.o ABSOLUTE
    _printf_s                                0x00000000   Number         0  stubs.o ABSOLUTE
    _printf_sizespec                         0x00000000   Number         0  stubs.o ABSOLUTE
    _printf_str                              0x00000000   Number         0  stubs.o ABSOLUTE
    _printf_truncate_signed                  0x00000000   Number         0  stubs.o ABSOLUTE
    _printf_truncate_unsigned                0x00000000   Number         0  stubs.o ABSOLUTE
    _printf_u                                0x00000000   Number         0  stubs.o ABSOLUTE
    _printf_wc                               0x00000000   Number         0  stubs.o ABSOLUTE
    _printf_wctomb                           0x00000000   Number         0  stubs.o ABSOLUTE
    _printf_widthprec                        0x00000000   Number         0  stubs.o ABSOLUTE
    _printf_x                                0x00000000   Number         0  stubs.o ABSOLUTE
    USBD_Configure_Event                      - Undefined Weak Reference
    USBD_EndPoint10                           - Undefined Weak Reference
    USBD_EndPoint11                           - Undefined Weak Reference
    USBD_EndPoint12                           - Undefined Weak Reference
    USBD_EndPoint13                           - Undefined Weak Reference
    USBD_EndPoint14                           - Undefined Weak Reference
    USBD_EndPoint15                           - Undefined Weak Reference
    USBD_EndPoint3                            - Undefined Weak Reference
    USBD_EndPoint4                            - Undefined Weak Reference
    USBD_EndPoint5                            - Undefined Weak Reference
    USBD_EndPoint6                            - Undefined Weak Reference
    USBD_EndPoint7                            - Undefined Weak Reference
    USBD_EndPoint8                            - Undefined Weak Reference
    USBD_EndPoint9                            - Undefined Weak Reference
    USBD_Error_Event                          - Undefined Weak Reference
    USBD_Feature_Event                        - Undefined Weak Reference
    USBD_Interface_Event                      - Undefined Weak Reference
    USBD_Power_Event                          - Undefined Weak Reference
    USBD_Resume_Event                         - Undefined Weak Reference
    USBD_Suspend_Event                        - Undefined Weak Reference
    USBD_WakeUp_Event                         - Undefined Weak Reference
    __arm_fini_                               - Undefined Weak Reference
    __cpp_initialize__aeabi_                  - Undefined Weak Reference
    __cxa_finalize                            - Undefined Weak Reference
    __decompress                              - Undefined Weak Reference
    _clock_init                               - Undefined Weak Reference
    _microlib_exit                            - Undefined Weak Reference
    __Vectors_Size                           0x00000150   Number         0  startup_stm32f10x_cl.o ABSOLUTE
    __RL_USBD_VER                            0x00000475   Number         0  usbd_core.o ABSOLUTE
    __Vectors                                0x08000000   Data           4  startup_stm32f10x_cl.o(RESET)
    __Vectors_End                            0x08000150   Data           0  startup_stm32f10x_cl.o(RESET)
    __main                                   0x08000151   Thumb Code     0  entry.o(.ARM.Collect$$$$00000000)
    _main_stk                                0x08000151   Thumb Code     0  entry2.o(.ARM.Collect$$$$00000001)
    _main_scatterload                        0x08000155   Thumb Code     0  entry5.o(.ARM.Collect$$$$00000004)
    __main_after_scatterload                 0x08000159   Thumb Code     0  entry5.o(.ARM.Collect$$$$00000004)
    _main_clock                              0x08000159   Thumb Code     0  entry7b.o(.ARM.Collect$$$$00000008)
    _main_cpp_init                           0x08000159   Thumb Code     0  entry8b.o(.ARM.Collect$$$$0000000A)
    _main_init                               0x08000159   Thumb Code     0  entry9a.o(.ARM.Collect$$$$0000000B)
    __rt_lib_shutdown_fini                   0x08000161   Thumb Code     0  entry12b.o(.ARM.Collect$$$$0000000E)
    __rt_final_cpp                           0x08000165   Thumb Code     0  entry10a.o(.ARM.Collect$$$$0000000F)
    __rt_final_exit                          0x08000165   Thumb Code     0  entry11a.o(.ARM.Collect$$$$00000011)
    Reset_Handler                            0x08000169   Thumb Code     8  startup_stm32f10x_cl.o(.text)
    NMI_Handler                              0x08000171   Thumb Code     2  startup_stm32f10x_cl.o(.text)
    HardFault_Handler                        0x08000173   Thumb Code     2  startup_stm32f10x_cl.o(.text)
    MemManage_Handler                        0x08000175   Thumb Code     2  startup_stm32f10x_cl.o(.text)
    BusFault_Handler                         0x08000177   Thumb Code     2  startup_stm32f10x_cl.o(.text)
    UsageFault_Handler                       0x08000179   Thumb Code     2  startup_stm32f10x_cl.o(.text)
    SVC_Handler                              0x0800017b   Thumb Code     2  startup_stm32f10x_cl.o(.text)
    DebugMon_Handler                         0x0800017d   Thumb Code     2  startup_stm32f10x_cl.o(.text)
    PendSV_Handler                           0x0800017f   Thumb Code     2  startup_stm32f10x_cl.o(.text)
    SysTick_Handler                          0x08000181   Thumb Code     2  startup_stm32f10x_cl.o(.text)
    ADC1_2_IRQHandler                        0x08000183   Thumb Code     0  startup_stm32f10x_cl.o(.text)
    CAN1_RX0_IRQHandler                      0x08000183   Thumb Code     0  startup_stm32f10x_cl.o(.text)
    CAN1_RX1_IRQHandler                      0x08000183   Thumb Code     0  startup_stm32f10x_cl.o(.text)
    CAN1_SCE_IRQHandler                      0x08000183   Thumb Code     0  startup_stm32f10x_cl.o(.text)
    CAN1_TX_IRQHandler                       0x08000183   Thumb Code     0  startup_stm32f10x_cl.o(.text)
    CAN2_RX0_IRQHandler                      0x08000183   Thumb Code     0  startup_stm32f10x_cl.o(.text)
    CAN2_RX1_IRQHandler                      0x08000183   Thumb Code     0  startup_stm32f10x_cl.o(.text)
    CAN2_SCE_IRQHandler                      0x08000183   Thumb Code     0  startup_stm32f10x_cl.o(.text)
    CAN2_TX_IRQHandler                       0x08000183   Thumb Code     0  startup_stm32f10x_cl.o(.text)
    DMA1_Channel1_IRQHandler                 0x08000183   Thumb Code     0  startup_stm32f10x_cl.o(.text)
    DMA1_Channel2_IRQHandler                 0x08000183   Thumb Code     0  startup_stm32f10x_cl.o(.text)
    DMA1_Channel3_IRQHandler                 0x08000183   Thumb Code     0  startup_stm32f10x_cl.o(.text)
    DMA1_Channel4_IRQHandler                 0x08000183   Thumb Code     0  startup_stm32f10x_cl.o(.text)
    DMA1_Channel5_IRQHandler                 0x08000183   Thumb Code     0  startup_stm32f10x_cl.o(.text)
    DMA1_Channel6_IRQHandler                 0x08000183   Thumb Code     0  startup_stm32f10x_cl.o(.text)
    DMA1_Channel7_IRQHandler                 0x08000183   Thumb Code     0  startup_stm32f10x_cl.o(.text)
    DMA2_Channel1_IRQHandler                 0x08000183   Thumb Code     0  startup_stm32f10x_cl.o(.text)
    DMA2_Channel2_IRQHandler                 0x08000183   Thumb Code     0  startup_stm32f10x_cl.o(.text)
    DMA2_Channel3_IRQHandler                 0x08000183   Thumb Code     0  startup_stm32f10x_cl.o(.text)
    DMA2_Channel4_IRQHandler                 0x08000183   Thumb Code     0  startup_stm32f10x_cl.o(.text)
    DMA2_Channel5_IRQHandler                 0x08000183   Thumb Code     0  startup_stm32f10x_cl.o(.text)
    ETH_IRQHandler                           0x08000183   Thumb Code     0  startup_stm32f10x_cl.o(.text)
    ETH_WKUP_IRQHandler                      0x08000183   Thumb Code     0  startup_stm32f10x_cl.o(.text)
    EXTI0_IRQHandler                         0x08000183   Thumb Code     0  startup_stm32f10x_cl.o(.text)
    EXTI15_10_IRQHandler                     0x08000183   Thumb Code     0  startup_stm32f10x_cl.o(.text)
    EXTI1_IRQHandler                         0x08000183   Thumb Code     0  startup_stm32f10x_cl.o(.text)
    EXTI2_IRQHandler                         0x08000183   Thumb Code     0  startup_stm32f10x_cl.o(.text)
    EXTI3_IRQHandler                         0x08000183   Thumb Code     0  startup_stm32f10x_cl.o(.text)
    EXTI4_IRQHandler                         0x08000183   Thumb Code     0  startup_stm32f10x_cl.o(.text)
    EXTI9_5_IRQHandler                       0x08000183   Thumb Code     0  startup_stm32f10x_cl.o(.text)
    FLASH_IRQHandler                         0x08000183   Thumb Code     0  startup_stm32f10x_cl.o(.text)
    I2C1_ER_IRQHandler                       0x08000183   Thumb Code     0  startup_stm32f10x_cl.o(.text)
    I2C1_EV_IRQHandler                       0x08000183   Thumb Code     0  startup_stm32f10x_cl.o(.text)
    I2C2_ER_IRQHandler                       0x08000183   Thumb Code     0  startup_stm32f10x_cl.o(.text)
    I2C2_EV_IRQHandler                       0x08000183   Thumb Code     0  startup_stm32f10x_cl.o(.text)
    OTG_FS_WKUP_IRQHandler                   0x08000183   Thumb Code     0  startup_stm32f10x_cl.o(.text)
    PVD_IRQHandler                           0x08000183   Thumb Code     0  startup_stm32f10x_cl.o(.text)
    RCC_IRQHandler                           0x08000183   Thumb Code     0  startup_stm32f10x_cl.o(.text)
    RTCAlarm_IRQHandler                      0x08000183   Thumb Code     0  startup_stm32f10x_cl.o(.text)
    RTC_IRQHandler                           0x08000183   Thumb Code     0  startup_stm32f10x_cl.o(.text)
    SPI1_IRQHandler                          0x08000183   Thumb Code     0  startup_stm32f10x_cl.o(.text)
    SPI2_IRQHandler                          0x08000183   Thumb Code     0  startup_stm32f10x_cl.o(.text)
    SPI3_IRQHandler                          0x08000183   Thumb Code     0  startup_stm32f10x_cl.o(.text)
    TAMPER_IRQHandler                        0x08000183   Thumb Code     0  startup_stm32f10x_cl.o(.text)
    TIM1_BRK_IRQHandler                      0x08000183   Thumb Code     0  startup_stm32f10x_cl.o(.text)
    TIM1_CC_IRQHandler                       0x08000183   Thumb Code     0  startup_stm32f10x_cl.o(.text)
    TIM1_TRG_COM_IRQHandler                  0x08000183   Thumb Code     0  startup_stm32f10x_cl.o(.text)
    TIM1_UP_IRQHandler                       0x08000183   Thumb Code     0  startup_stm32f10x_cl.o(.text)
    TIM2_IRQHandler                          0x08000183   Thumb Code     0  startup_stm32f10x_cl.o(.text)
    TIM3_IRQHandler                          0x08000183   Thumb Code     0  startup_stm32f10x_cl.o(.text)
    TIM4_IRQHandler                          0x08000183   Thumb Code     0  startup_stm32f10x_cl.o(.text)
    TIM5_IRQHandler                          0x08000183   Thumb Code     0  startup_stm32f10x_cl.o(.text)
    TIM6_IRQHandler                          0x08000183   Thumb Code     0  startup_stm32f10x_cl.o(.text)
    TIM7_IRQHandler                          0x08000183   Thumb Code     0  startup_stm32f10x_cl.o(.text)
    UART4_IRQHandler                         0x08000183   Thumb Code     0  startup_stm32f10x_cl.o(.text)
    UART5_IRQHandler                         0x08000183   Thumb Code     0  startup_stm32f10x_cl.o(.text)
    USART1_IRQHandler                        0x08000183   Thumb Code     0  startup_stm32f10x_cl.o(.text)
    USART2_IRQHandler                        0x08000183   Thumb Code     0  startup_stm32f10x_cl.o(.text)
    USART3_IRQHandler                        0x08000183   Thumb Code     0  startup_stm32f10x_cl.o(.text)
    WWDG_IRQHandler                          0x08000183   Thumb Code     0  startup_stm32f10x_cl.o(.text)
    rand                                     0x0800018d   Thumb Code    20  rand.o(.text)
    srand                                    0x080001a1   Thumb Code     6  rand.o(.text)
    __aeabi_memcpy                           0x080001b1   Thumb Code    36  memcpya.o(.text)
    __aeabi_memcpy4                          0x080001b1   Thumb Code     0  memcpya.o(.text)
    __aeabi_memcpy8                          0x080001b1   Thumb Code     0  memcpya.o(.text)
    strcat                                   0x080001d5   Thumb Code    24  strcat.o(.text)
    strlen                                   0x080001ed   Thumb Code    14  strlen.o(.text)
    __aeabi_uldivmod                         0x080001fb   Thumb Code    98  uldiv.o(.text)
    __scatterload                            0x0800025d   Thumb Code    28  init.o(.text)
    __scatterload_rt2                        0x0800025d   Thumb Code     0  init.o(.text)
    __aeabi_llsl                             0x08000281   Thumb Code    30  llshl.o(.text)
    _ll_shift_l                              0x08000281   Thumb Code     0  llshl.o(.text)
    __aeabi_llsr                             0x0800029f   Thumb Code    32  llushr.o(.text)
    _ll_ushift_r                             0x0800029f   Thumb Code     0  llushr.o(.text)
    APP_CANFDSPI_Init                        0x080002c1   Thumb Code   328  app.o(i.APP_CANFDSPI_Init)
    APP_Initialize                           0x0800041d   Thumb Code   178  app.o(i.APP_Initialize)
    APP_LED_Clear                            0x080004e9   Thumb Code    24  app.o(i.APP_LED_Clear)
    APP_LED_Set                              0x08000505   Thumb Code    24  app.o(i.APP_LED_Set)
    APP_LED_Write                            0x08000521   Thumb Code    66  app.o(i.APP_LED_Write)
    APP_PayLoad_Tasks                        0x08000569   Thumb Code   230  app.o(i.APP_PayLoad_Tasks)
    APP_ReceiveMessage_Tasks                 0x08000665   Thumb Code   328  app.o(i.APP_ReceiveMessage_Tasks)
    APP_Tasks                                0x080007c9   Thumb Code   392  app.o(i.APP_Tasks)
    APP_TestRamAccess                        0x0800096d   Thumb Code   166  app.o(i.APP_TestRamAccess)
    APP_TestRegisterAccess                   0x08000a21   Thumb Code   174  app.o(i.APP_TestRegisterAccess)
    APP_TransmitMessageQueue                 0x08000add   Thumb Code   100  app.o(i.APP_TransmitMessageQueue)
    APP_TransmitSwitchState                  0x08000b59   Thumb Code   142  app.o(i.APP_TransmitSwitchState)
    CAN_FD_RX_Process                        0x08000bf9   Thumb Code   226  app.o(i.CAN_FD_RX_Process)
    CAN_FD_TX_Process                        0x08000d79   Thumb Code   430  app.o(i.CAN_FD_TX_Process)
    DRV_CANFDSPI_BitTimeConfigure            0x08000f39   Thumb Code   130  drv_canfdspi_api.o(i.DRV_CANFDSPI_BitTimeConfigure)
    DRV_CANFDSPI_BitTimeConfigureData10MHz   0x08000fbd   Thumb Code   540  drv_canfdspi_api.o(i.DRV_CANFDSPI_BitTimeConfigureData10MHz)
    DRV_CANFDSPI_BitTimeConfigureData20MHz   0x080011dd   Thumb Code   788  drv_canfdspi_api.o(i.DRV_CANFDSPI_BitTimeConfigureData20MHz)
    DRV_CANFDSPI_BitTimeConfigureData40MHz   0x080014f5   Thumb Code  1120  drv_canfdspi_api.o(i.DRV_CANFDSPI_BitTimeConfigureData40MHz)
    DRV_CANFDSPI_BitTimeConfigureNominal10MHz 0x08001955   Thumb Code   276  drv_canfdspi_api.o(i.DRV_CANFDSPI_BitTimeConfigureNominal10MHz)
    DRV_CANFDSPI_BitTimeConfigureNominal20MHz 0x08001a6d   Thumb Code   276  drv_canfdspi_api.o(i.DRV_CANFDSPI_BitTimeConfigureNominal20MHz)
    DRV_CANFDSPI_BitTimeConfigureNominal40MHz 0x08001b85   Thumb Code   270  drv_canfdspi_api.o(i.DRV_CANFDSPI_BitTimeConfigureNominal40MHz)
    DRV_CANFDSPI_Configure                   0x08001c99   Thumb Code   180  drv_canfdspi_api.o(i.DRV_CANFDSPI_Configure)
    DRV_CANFDSPI_ConfigureObjectReset        0x08001d51   Thumb Code   156  drv_canfdspi_api.o(i.DRV_CANFDSPI_ConfigureObjectReset)
    DRV_CANFDSPI_DlcToDataBytes              0x08001df1   Thumb Code    70  drv_canfdspi_api.o(i.DRV_CANFDSPI_DlcToDataBytes)
    DRV_CANFDSPI_EccEnable                   0x08001e37   Thumb Code    70  drv_canfdspi_api.o(i.DRV_CANFDSPI_EccEnable)
    DRV_CANFDSPI_ErrorCountStateGet          0x08001e7d   Thumb Code    72  drv_canfdspi_api.o(i.DRV_CANFDSPI_ErrorCountStateGet)
    DRV_CANFDSPI_FilterMaskConfigure         0x08001ec5   Thumb Code    48  drv_canfdspi_api.o(i.DRV_CANFDSPI_FilterMaskConfigure)
    DRV_CANFDSPI_FilterObjectConfigure       0x08001ef5   Thumb Code    48  drv_canfdspi_api.o(i.DRV_CANFDSPI_FilterObjectConfigure)
    DRV_CANFDSPI_FilterToFifoLink            0x08001f25   Thumb Code    70  drv_canfdspi_api.o(i.DRV_CANFDSPI_FilterToFifoLink)
    DRV_CANFDSPI_GpioModeConfigure           0x08001f6b   Thumb Code    88  drv_canfdspi_api.o(i.DRV_CANFDSPI_GpioModeConfigure)
    DRV_CANFDSPI_ModuleEventEnable           0x08001fc3   Thumb Code    80  drv_canfdspi_api.o(i.DRV_CANFDSPI_ModuleEventEnable)
    DRV_CANFDSPI_OperationModeSelect         0x08002013   Thumb Code    76  drv_canfdspi_api.o(i.DRV_CANFDSPI_OperationModeSelect)
    DRV_CANFDSPI_RamInit                     0x0800205f   Thumb Code    76  drv_canfdspi_api.o(i.DRV_CANFDSPI_RamInit)
    DRV_CANFDSPI_ReadByte                    0x080020ad   Thumb Code    56  drv_canfdspi_api.o(i.DRV_CANFDSPI_ReadByte)
    DRV_CANFDSPI_ReadByteArray               0x080020ed   Thumb Code    92  drv_canfdspi_api.o(i.DRV_CANFDSPI_ReadByteArray)
    DRV_CANFDSPI_ReadHalfWord                0x08002151   Thumb Code    92  drv_canfdspi_api.o(i.DRV_CANFDSPI_ReadHalfWord)
    DRV_CANFDSPI_ReadWord                    0x080021b5   Thumb Code    92  drv_canfdspi_api.o(i.DRV_CANFDSPI_ReadWord)
    DRV_CANFDSPI_ReadWordArray               0x08002219   Thumb Code   144  drv_canfdspi_api.o(i.DRV_CANFDSPI_ReadWordArray)
    DRV_CANFDSPI_ReceiveChannelConfigure     0x080022b1   Thumb Code    98  drv_canfdspi_api.o(i.DRV_CANFDSPI_ReceiveChannelConfigure)
    DRV_CANFDSPI_ReceiveChannelConfigureObjectReset 0x08002319   Thumb Code    50  drv_canfdspi_api.o(i.DRV_CANFDSPI_ReceiveChannelConfigureObjectReset)
    DRV_CANFDSPI_ReceiveChannelEventEnable   0x08002351   Thumb Code    98  drv_canfdspi_api.o(i.DRV_CANFDSPI_ReceiveChannelEventEnable)
    DRV_CANFDSPI_ReceiveChannelUpdate        0x080023b3   Thumb Code    56  drv_canfdspi_api.o(i.DRV_CANFDSPI_ReceiveChannelUpdate)
    DRV_CANFDSPI_ReceiveMessageGet           0x080023eb   Thumb Code   364  drv_canfdspi_api.o(i.DRV_CANFDSPI_ReceiveMessageGet)
    DRV_CANFDSPI_Reset                       0x08002559   Thumb Code    32  drv_canfdspi_api.o(i.DRV_CANFDSPI_Reset)
    DRV_CANFDSPI_TransmitChannelConfigure    0x08002581   Thumb Code   116  drv_canfdspi_api.o(i.DRV_CANFDSPI_TransmitChannelConfigure)
    DRV_CANFDSPI_TransmitChannelConfigureObjectReset 0x080025f9   Thumb Code    74  drv_canfdspi_api.o(i.DRV_CANFDSPI_TransmitChannelConfigureObjectReset)
    DRV_CANFDSPI_TransmitChannelEventGet     0x08002649   Thumb Code    64  drv_canfdspi_api.o(i.DRV_CANFDSPI_TransmitChannelEventGet)
    DRV_CANFDSPI_TransmitChannelLoad         0x08002689   Thumb Code   292  drv_canfdspi_api.o(i.DRV_CANFDSPI_TransmitChannelLoad)
    DRV_CANFDSPI_TransmitChannelUpdate       0x080027ad   Thumb Code    84  drv_canfdspi_api.o(i.DRV_CANFDSPI_TransmitChannelUpdate)
    DRV_CANFDSPI_WriteByte                   0x08002801   Thumb Code    50  drv_canfdspi_api.o(i.DRV_CANFDSPI_WriteByte)
    DRV_CANFDSPI_WriteByteArray              0x0800283d   Thumb Code    74  drv_canfdspi_api.o(i.DRV_CANFDSPI_WriteByteArray)
    DRV_CANFDSPI_WriteHalfWord               0x08002891   Thumb Code    76  drv_canfdspi_api.o(i.DRV_CANFDSPI_WriteHalfWord)
    DRV_CANFDSPI_WriteWord                   0x080028e5   Thumb Code    76  drv_canfdspi_api.o(i.DRV_CANFDSPI_WriteWord)
    DRV_SPI_Initialize                       0x08002939   Thumb Code     8  drv_spi.o(i.DRV_SPI_Initialize)
    DRV_SPI_TransferData                     0x08002941   Thumb Code    26  drv_spi.o(i.DRV_SPI_TransferData)
    GPIO_Init                                0x0800295b   Thumb Code   278  stm32f10x_gpio.o(i.GPIO_Init)
    GPIO_PinRemapConfig                      0x08002a71   Thumb Code   138  stm32f10x_gpio.o(i.GPIO_PinRemapConfig)
    GPIO_ReadInputDataBit                    0x08002b01   Thumb Code    18  stm32f10x_gpio.o(i.GPIO_ReadInputDataBit)
    GPIO_ResetBits                           0x08002b13   Thumb Code     4  stm32f10x_gpio.o(i.GPIO_ResetBits)
    GPIO_SetBits                             0x08002b17   Thumb Code     4  stm32f10x_gpio.o(i.GPIO_SetBits)
    IO_Init                                  0x08002b1d   Thumb Code    54  main.o(i.IO_Init)
    OTG_FS_IRQHandler                        0x08002b5d   Thumb Code  1608  usbd_stm32f10x_cl.o(i.OTG_FS_IRQHandler)
    RCC_APB2PeriphClockCmd                   0x080031c5   Thumb Code    26  stm32f10x_rcc.o(i.RCC_APB2PeriphClockCmd)
    SPI_Cmd                                  0x080031e5   Thumb Code    24  stm32f10x_spi.o(i.SPI_Cmd)
    SPI_I2S_GetFlagStatus                    0x080031fd   Thumb Code    18  stm32f10x_spi.o(i.SPI_I2S_GetFlagStatus)
    SPI_I2S_ReceiveData                      0x0800320f   Thumb Code     6  stm32f10x_spi.o(i.SPI_I2S_ReceiveData)
    SPI_I2S_SendData                         0x08003215   Thumb Code     4  stm32f10x_spi.o(i.SPI_I2S_SendData)
    SPI_Init                                 0x08003219   Thumb Code    60  stm32f10x_spi.o(i.SPI_Init)
    SystemInit                               0x08003375   Thumb Code    92  system_stm32f10x.o(i.SystemInit)
    USBD_CDC_ACM_ClearCommFeature            0x080033e1   Thumb Code     4  usbd_cdc_acm.o(i.USBD_CDC_ACM_ClearCommFeature)
    USBD_CDC_ACM_DataAvailable               0x080033e5   Thumb Code    10  usbd_cdc_acm.o(i.USBD_CDC_ACM_DataAvailable)
    USBD_CDC_ACM_DataRead                    0x080033f5   Thumb Code    46  usbd_cdc_acm.o(i.USBD_CDC_ACM_DataRead)
    USBD_CDC_ACM_DataReceived                0x08003429   Thumb Code     4  usbd_cdc_acm.o(i.USBD_CDC_ACM_DataReceived)
    USBD_CDC_ACM_DataSend                    0x0800342d   Thumb Code   108  usbd_cdc_acm.o(i.USBD_CDC_ACM_DataSend)
    USBD_CDC_ACM_EP_BULKIN_Event             0x080034a5   Thumb Code    24  usbd_cdc_acm.o(i.USBD_CDC_ACM_EP_BULKIN_Event)
    USBD_CDC_ACM_EP_BULKOUT_Event            0x08003569   Thumb Code    48  usbd_cdc_acm.o(i.USBD_CDC_ACM_EP_BULKOUT_Event)
    USBD_CDC_ACM_EP_BULK_Event               0x08003605   Thumb Code    30  usbd_cdc_acm.o(i.USBD_CDC_ACM_EP_BULK_Event)
    USBD_CDC_ACM_EP_INTIN_Event              0x08003623   Thumb Code     2  usbd_cdc_acm.o(i.USBD_CDC_ACM_EP_INTIN_Event)
    USBD_CDC_ACM_GetCommFeature              0x08003625   Thumb Code     4  usbd_cdc_acm.o(i.USBD_CDC_ACM_GetCommFeature)
    USBD_CDC_ACM_GetEncapsulatedResponse     0x08003629   Thumb Code     4  usbd_cdc_acm.o(i.USBD_CDC_ACM_GetEncapsulatedResponse)
    USBD_CDC_ACM_GetLineCoding               0x0800362d   Thumb Code    48  usbd_cdc_acm.o(i.USBD_CDC_ACM_GetLineCoding)
    USBD_CDC_ACM_Initialize                  0x08003665   Thumb Code     8  usbd_cdc_acm.o(i.USBD_CDC_ACM_Initialize)
    USBD_CDC_ACM_PortGetLineCoding           0x0800366d   Thumb Code     6  usbd_user_cdc_acm.o(i.USBD_CDC_ACM_PortGetLineCoding)
    USBD_CDC_ACM_PortInitialize              0x08003673   Thumb Code     2  usbd_user_cdc_acm.o(i.USBD_CDC_ACM_PortInitialize)
    USBD_CDC_ACM_PortReset                   0x08003675   Thumb Code     2  usbd_user_cdc_acm.o(i.USBD_CDC_ACM_PortReset)
    USBD_CDC_ACM_PortSetControlLineState     0x08003677   Thumb Code     6  usbd_user_cdc_acm.o(i.USBD_CDC_ACM_PortSetControlLineState)
    USBD_CDC_ACM_PortSetLineCoding           0x0800367d   Thumb Code     4  usbd_user_cdc_acm.o(i.USBD_CDC_ACM_PortSetLineCoding)
    USBD_CDC_ACM_Reset                       0x08003681   Thumb Code    66  usbd_cdc_acm.o(i.USBD_CDC_ACM_Reset)
    USBD_CDC_ACM_Reset_Event                 0x080036d1   Thumb Code     8  usbd_cdc_acm.o(i.USBD_CDC_ACM_Reset_Event)
    USBD_CDC_ACM_SOF_Event                   0x080036d9   Thumb Code    96  usbd_cdc_acm.o(i.USBD_CDC_ACM_SOF_Event)
    USBD_CDC_ACM_SendBreak                   0x08003741   Thumb Code     4  usbd_cdc_acm.o(i.USBD_CDC_ACM_SendBreak)
    USBD_CDC_ACM_SendEncapsulatedCommand     0x08003745   Thumb Code     4  usbd_cdc_acm.o(i.USBD_CDC_ACM_SendEncapsulatedCommand)
    USBD_CDC_ACM_SetCommFeature              0x08003749   Thumb Code     4  usbd_cdc_acm.o(i.USBD_CDC_ACM_SetCommFeature)
    USBD_CDC_ACM_SetControlLineState         0x0800374d   Thumb Code    12  usbd_cdc_acm.o(i.USBD_CDC_ACM_SetControlLineState)
    USBD_CDC_ACM_SetLineCoding               0x0800375d   Thumb Code    36  usbd_cdc_acm.o(i.USBD_CDC_ACM_SetLineCoding)
    USBD_ClrStallEP                          0x08003789   Thumb Code   170  usbd_stm32f10x_cl.o(i.USBD_ClrStallEP)
    USBD_ConfigEP                            0x0800383d   Thumb Code   186  usbd_stm32f10x_cl.o(i.USBD_ConfigEP)
    USBD_Configure                           0x08003905   Thumb Code    14  usbd_stm32f10x_cl.o(i.USBD_Configure)
    USBD_Connect                             0x08003919   Thumb Code    56  usbd_stm32f10x_cl.o(i.USBD_Connect)
    USBD_DataInStage                         0x08003955   Thumb Code    48  usbd_core.o(i.USBD_DataInStage)
    USBD_DataOutStage                        0x0800398d   Thumb Code    26  usbd_core.o(i.USBD_DataOutStage)
    USBD_DirCtrlEP                           0x080039ad   Thumb Code     2  usbd_stm32f10x_cl.o(i.USBD_DirCtrlEP)
    USBD_DisableEP                           0x080039b1   Thumb Code   402  usbd_stm32f10x_cl.o(i.USBD_DisableEP)
    USBD_EnableEP                            0x08003b51   Thumb Code   190  usbd_stm32f10x_cl.o(i.USBD_EnableEP)
    USBD_EndPoint0                           0x08003c25   Thumb Code   588  usbd_core.o(i.USBD_EndPoint0)
    USBD_EndPoint0_Out_ADC_ReqToEP           0x08003e89   Thumb Code     4  usb_config.o(i.USBD_EndPoint0_Out_ADC_ReqToEP)
    USBD_EndPoint0_Out_ADC_ReqToIF           0x08003e8d   Thumb Code     4  usb_config.o(i.USBD_EndPoint0_Out_ADC_ReqToIF)
    USBD_EndPoint0_Out_CDC_ReqToIF           0x08003e91   Thumb Code    68  usbd_core_cdc.o(i.USBD_EndPoint0_Out_CDC_ReqToIF)
    USBD_EndPoint0_Out_CLS_ReqToDEV          0x08003ee1   Thumb Code     4  usb_config.o(i.USBD_EndPoint0_Out_CLS_ReqToDEV)
    USBD_EndPoint0_Out_CLS_ReqToEP           0x08003ee5   Thumb Code     4  usb_config.o(i.USBD_EndPoint0_Out_CLS_ReqToEP)
    USBD_EndPoint0_Out_CLS_ReqToIF           0x08003ee9   Thumb Code     4  usb_config.o(i.USBD_EndPoint0_Out_CLS_ReqToIF)
    USBD_EndPoint0_Out_HID_ReqToIF           0x08003eed   Thumb Code     4  usb_config.o(i.USBD_EndPoint0_Out_HID_ReqToIF)
    USBD_EndPoint0_Setup_ADC_ReqToEP         0x08003ef1   Thumb Code     4  usb_config.o(i.USBD_EndPoint0_Setup_ADC_ReqToEP)
    USBD_EndPoint0_Setup_ADC_ReqToIF         0x08003ef5   Thumb Code     4  usb_config.o(i.USBD_EndPoint0_Setup_ADC_ReqToIF)
    USBD_EndPoint0_Setup_CDC_ReqToIF         0x08003ef9   Thumb Code   140  usbd_core_cdc.o(i.USBD_EndPoint0_Setup_CDC_ReqToIF)
    USBD_EndPoint0_Setup_CLS_ReqToDEV        0x08003f99   Thumb Code     4  usb_config.o(i.USBD_EndPoint0_Setup_CLS_ReqToDEV)
    USBD_EndPoint0_Setup_CLS_ReqToEP         0x08003f9d   Thumb Code     4  usb_config.o(i.USBD_EndPoint0_Setup_CLS_ReqToEP)
    USBD_EndPoint0_Setup_CLS_ReqToIF         0x08003fa1   Thumb Code     4  usb_config.o(i.USBD_EndPoint0_Setup_CLS_ReqToIF)
    USBD_EndPoint0_Setup_HID_ReqToIF         0x08003fa5   Thumb Code     4  usb_config.o(i.USBD_EndPoint0_Setup_HID_ReqToIF)
    USBD_EndPoint0_Setup_MSC_ReqToIF         0x08003fa9   Thumb Code     4  usb_config.o(i.USBD_EndPoint0_Setup_MSC_ReqToIF)
    USBD_GetFrame                            0x08003fe9   Thumb Code    10  usbd_stm32f10x_cl.o(i.USBD_GetFrame)
    USBD_Init                                0x08003ff9   Thumb Code   144  usbd_stm32f10x_cl.o(i.USBD_Init)
    USBD_IntrEna                             0x0800409d   Thumb Code    26  usbd_stm32f10x_cl.o(i.USBD_IntrEna)
    USBD_RTX_TaskInit                        0x080040b7   Thumb Code     2  usb_config.o(i.USBD_RTX_TaskInit)
    USBD_ReadEP                              0x080040b9   Thumb Code   200  usbd_stm32f10x_cl.o(i.USBD_ReadEP)
    USBD_ReqClrFeature_MSC                   0x08004199   Thumb Code     2  usb_config.o(i.USBD_ReqClrFeature_MSC)
    USBD_ReqGetDescriptor                    0x0800419d   Thumb Code   260  usbd_core.o(i.USBD_ReqGetDescriptor)
    USBD_ReqGetDescriptor_HID                0x080042cd   Thumb Code     4  usb_config.o(i.USBD_ReqGetDescriptor_HID)
    USBD_ReqGetStatus                        0x080042d1   Thumb Code   116  usbd_core.o(i.USBD_ReqGetStatus)
    USBD_ReqSetClrFeature                    0x0800434d   Thumb Code   168  usbd_core.o(i.USBD_ReqSetClrFeature)
    USBD_ReqSetConfiguration                 0x080043f9   Thumb Code   376  usbd_core.o(i.USBD_ReqSetConfiguration)
    USBD_ReqSetInterface                     0x08004589   Thumb Code   280  usbd_core.o(i.USBD_ReqSetInterface)
    USBD_Reset                               0x080046b5   Thumb Code   190  usbd_stm32f10x_cl.o(i.USBD_Reset)
    USBD_ResetEP                             0x08004791   Thumb Code   182  usbd_stm32f10x_cl.o(i.USBD_ResetEP)
    USBD_Reset_Event                         0x08004851   Thumb Code     4  usb_config.o(i.USBD_Reset_Event)
    USBD_Resume                              0x08004855   Thumb Code     2  usbd_stm32f10x_cl.o(i.USBD_Resume)
    USBD_SOF_Event                           0x08004857   Thumb Code     4  usb_config.o(i.USBD_SOF_Event)
    USBD_SetAddress                          0x0800485d   Thumb Code    20  usbd_stm32f10x_cl.o(i.USBD_SetAddress)
    USBD_SetStallEP                          0x08004875   Thumb Code   238  usbd_stm32f10x_cl.o(i.USBD_SetStallEP)
    USBD_SetupStage                          0x0800496d   Thumb Code     8  usbd_core.o(i.USBD_SetupStage)
    USBD_StatusInStage                       0x08004979   Thumb Code    10  usbd_core.o(i.USBD_StatusInStage)
    USBD_StatusOutStage                      0x08004985   Thumb Code     8  usbd_core.o(i.USBD_StatusOutStage)
    USBD_Suspend                             0x08004991   Thumb Code     2  usbd_stm32f10x_cl.o(i.USBD_Suspend)
    USBD_WakeUpCfg                           0x08004993   Thumb Code     2  usbd_stm32f10x_cl.o(i.USBD_WakeUpCfg)
    USBD_WriteEP                             0x08004995   Thumb Code   350  usbd_stm32f10x_cl.o(i.USBD_WriteEP)
    __0sprintf$8                             0x08004b0d   Thumb Code    34  printf8.o(i.__0sprintf$8)
    __1sprintf$8                             0x08004b0d   Thumb Code     0  printf8.o(i.__0sprintf$8)
    __2sprintf                               0x08004b0d   Thumb Code     0  printf8.o(i.__0sprintf$8)
    __scatterload_copy                       0x08004b35   Thumb Code    14  handlers.o(i.__scatterload_copy)
    __scatterload_null                       0x08004b43   Thumb Code     2  handlers.o(i.__scatterload_null)
    __scatterload_zeroinit                   0x08004b45   Thumb Code    14  handlers.o(i.__scatterload_zeroinit)
    main                                     0x08004fb5   Thumb Code   138  main.o(i.main)
    spi_master_init                          0x08005051   Thumb Code   160  drv_spi.o(i.spi_master_init)
    spi_master_transfer                      0x080050f9   Thumb Code    88  drv_spi.o(i.spi_master_transfer)
    usbd_class_init                          0x08005159   Thumb Code     4  usb_config.o(i.usbd_class_init)
    usbd_configured                          0x0800515d   Thumb Code    12  usbd_core.o(i.usbd_configured)
    usbd_connect                             0x0800516d   Thumb Code     4  usbd_core.o(i.usbd_connect)
    usbd_init                                0x08005171   Thumb Code    24  usbd_core.o(i.usbd_init)
    usbd_os_evt_set                          0x0800518d   Thumb Code     2  usb_config.o(i.usbd_os_evt_set)
    usbd_reset_core                          0x08005191   Thumb Code    26  usbd_core.o(i.usbd_reset_core)
    usbd_stm32_delay                         0x080051b5   Thumb Code    40  usbd_stm32f10x_cl.o(i.usbd_stm32_delay)
    BitReverseTable256                       0x0800525c   Data         256  drv_canfdspi_api.o(.constdata)
    crc16_table                              0x0800535c   Data         512  drv_canfdspi_api.o(.constdata)
    usbd_power                               0x0800555c   Data           1  usb_config.o(.constdata)
    usbd_hs_enable                           0x0800555d   Data           1  usb_config.o(.constdata)
    usbd_if_num                              0x0800555e   Data           2  usb_config.o(.constdata)
    usbd_ep_num                              0x08005560   Data           1  usb_config.o(.constdata)
    usbd_max_packet0                         0x08005561   Data           1  usb_config.o(.constdata)
    usbd_cdc_acm_cif_num                     0x08005562   Data           1  usb_config.o(.constdata)
    usbd_cdc_acm_dif_num                     0x08005563   Data           1  usb_config.o(.constdata)
    usbd_cdc_acm_ep_intin                    0x08005564   Data           1  usb_config.o(.constdata)
    usbd_cdc_acm_ep_bulkin                   0x08005565   Data           1  usb_config.o(.constdata)
    usbd_cdc_acm_ep_bulkout                  0x08005566   Data           1  usb_config.o(.constdata)
    usbd_cdc_acm_sendbuf_sz                  0x08005568   Data           2  usb_config.o(.constdata)
    usbd_cdc_acm_receivebuf_sz               0x0800556a   Data           2  usb_config.o(.constdata)
    usbd_cdc_acm_maxpacketsize               0x0800556c   Data           4  usb_config.o(.constdata)
    usbd_cdc_acm_maxpacketsize1              0x08005570   Data           4  usb_config.o(.constdata)
    USBD_P_Power_Event                       0x08005574   Data           4  usb_config.o(.constdata)
    USBD_P_Reset_Event                       0x08005578   Data           4  usb_config.o(.constdata)
    USBD_P_Suspend_Event                     0x0800557c   Data           4  usb_config.o(.constdata)
    USBD_P_Resume_Event                      0x08005580   Data           4  usb_config.o(.constdata)
    USBD_P_WakeUp_Event                      0x08005584   Data           4  usb_config.o(.constdata)
    USBD_P_SOF_Event                         0x08005588   Data           4  usb_config.o(.constdata)
    USBD_P_Error_Event                       0x0800558c   Data           4  usb_config.o(.constdata)
    USBD_P_EP                                0x08005590   Data          64  usb_config.o(.constdata)
    USBD_P_Configure_Event                   0x080055d0   Data           4  usb_config.o(.constdata)
    USBD_P_Interface_Event                   0x080055d4   Data           4  usb_config.o(.constdata)
    USBD_P_Feature_Event                     0x080055d8   Data           4  usb_config.o(.constdata)
    __rtx                                    0x080055dc   Data           4  usb_config.o(.constdata)
    USBD_HID_ReportDescriptor                0x080055e0   Data          33  usb_config.o(.constdata)
    USBD_HID_ReportDescriptorSize            0x08005602   Data           2  usb_config.o(.constdata)
    USBD_HID_DescriptorOffset                0x08005604   Data           2  usb_config.o(.constdata)
    USBD_DeviceDescriptor                    0x08005606   Data          18  usb_config.o(.constdata)
    USBD_DeviceQualifier                     0x08005618   Data           1  usb_config.o(.constdata)
    USBD_DeviceQualifier_HS                  0x08005619   Data           1  usb_config.o(.constdata)
    USBD_ConfigDescriptor                    0x0800561a   Data          68  usb_config.o(.constdata)
    USBD_ConfigDescriptor_HS                 0x0800565e   Data           1  usb_config.o(.constdata)
    USBD_OtherSpeedConfigDescriptor          0x0800565f   Data           1  usb_config.o(.constdata)
    USBD_OtherSpeedConfigDescriptor_HS       0x08005660   Data           1  usb_config.o(.constdata)
    USBD_StringDescriptor                    0x08005662   Data         124  usb_config.o(.constdata)
    Region$$Table$$Base                      0x080056e0   Number         0  anon$$obj.o(Region$$Table)
    Region$$Table$$Limit                     0x08005700   Number         0  anon$$obj.o(Region$$Table)
    Packet_Len                               0x20000000   Data           1  main.o(.data)
    appData                                  0x20000004   Data           1  app.o(.data)
    config                                   0x20000008   Data           4  app.o(.data)
    opMode                                   0x2000000c   Data           1  app.o(.data)
    txConfig                                 0x20000010   Data           4  app.o(.data)
    txFlags                                  0x20000014   Data           1  app.o(.data)
    rxConfig                                 0x20000018   Data           4  app.o(.data)
    fObj                                     0x2000001c   Data           4  app.o(.data)
    mObj                                     0x20000020   Data           4  app.o(.data)
    rxFlags                                  0x20000024   Data           1  app.o(.data)
    delayCount                               0x20000028   Data           4  app.o(.data)
    reg                                      0x2000002c   Data           4  app.o(.data)
    lastSwitchState                          0x20000030   Data           1  app.o(.data)
    payload                                  0x20000031   Data           6  app.o(.data)
    ledCount                                 0x20000037   Data           1  app.o(.data)
    ledState                                 0x20000038   Data           1  app.o(.data)
    i                                        0x20000039   Data           1  app.o(.data)
    tec                                      0x2000003a   Data           1  app.o(.data)
    rec                                      0x2000003b   Data           1  app.o(.data)
    errorFlags                               0x2000003c   Data           1  app.o(.data)
    APP_Rx_ptr_in                            0x20000040   Data           4  app.o(.data)
    USBD_AltSetting                          0x20000044   Data           2  usb_config.o(.data)
    OutMaxPacketSize                         0x20000048   Data          16  usbd_stm32f10x_cl.o(.data)
    InPacketDataPtr                          0x20000058   Data          16  usbd_stm32f10x_cl.o(.data)
    InPacketDataReady                        0x20000068   Data           4  usbd_stm32f10x_cl.o(.data)
    SyncWriteEP                              0x2000006c   Data           4  usbd_stm32f10x_cl.o(.data)
    IsoOutTokenRead                          0x20000070   Data           4  usbd_stm32f10x_cl.o(.data)
    SystemFrequency                          0x20000074   Data           4  usbd_stm32f10x_cl.o(.data)
    USBD_DeviceAddress                       0x2000007c   Data           1  usbd_core.o(.data)
    USBD_Configuration                       0x2000007d   Data           1  usbd_core.o(.data)
    USBD_NumInterfaces                       0x2000007e   Data           1  usbd_core.o(.data)
    USBD_HighSpeed                           0x2000007f   Data           1  usbd_core.o(.data)
    USBD_ZLP                                 0x20000080   Data           1  usbd_core.o(.data)
    USBD_DeviceStatus                        0x20000082   Data           2  usbd_core.o(.data)
    USBD_EndPointMask                        0x20000084   Data           4  usbd_core.o(.data)
    USBD_EndPointHalt                        0x20000088   Data           4  usbd_core.o(.data)
    USBD_EndPointNoHaltClr                   0x2000008c   Data           4  usbd_core.o(.data)
    USBD_RTX_CoreTask                        0x20000090   Data           4  usbd_core.o(.data)
    USBD_EP0Data                             0x20000094   Data           8  usbd_core.o(.data)
    USBD_SetupPacket                         0x2000009c   Data           8  usbd_core.o(.data)
    control_line_state                       0x200000a4   Data           2  usbd_cdc_acm.o(.data)
    data_send_access                         0x200000a8   Data           4  usbd_cdc_acm.o(.data)
    data_send_active                         0x200000ac   Data           4  usbd_cdc_acm.o(.data)
    data_send_zlp                            0x200000b0   Data           4  usbd_cdc_acm.o(.data)
    data_to_send_wr                          0x200000b4   Data           4  usbd_cdc_acm.o(.data)
    data_to_send_rd                          0x200000b8   Data           4  usbd_cdc_acm.o(.data)
    ptr_data_to_send                         0x200000bc   Data           4  usbd_cdc_acm.o(.data)
    ptr_data_sent                            0x200000c0   Data           4  usbd_cdc_acm.o(.data)
    data_read_access                         0x200000c4   Data           4  usbd_cdc_acm.o(.data)
    data_receive_int_access                  0x200000c8   Data           4  usbd_cdc_acm.o(.data)
    data_received_pending_pckts              0x200000cc   Data           4  usbd_cdc_acm.o(.data)
    data_no_space_for_receive                0x200000d0   Data           4  usbd_cdc_acm.o(.data)
    ptr_data_received                        0x200000d4   Data           4  usbd_cdc_acm.o(.data)
    ptr_data_read                            0x200000d8   Data           4  usbd_cdc_acm.o(.data)
    line_coding                              0x200000dc   Data           7  usbd_cdc_acm.o(.data)
    txObj                                    0x200000e8   Data          12  app.o(.bss)
    txd                                      0x200000f4   Data          64  app.o(.bss)
    rxObj                                    0x20000134   Data          12  app.o(.bss)
    rxd                                      0x20000140   Data          64  app.o(.bss)
    busDiagnostics                           0x20000180   Data          12  app.o(.bss)
    APP_Rx_Buffer                            0x2000018c   Data        1024  app.o(.bss)
    APP_Tx_Buffer                            0x2000058c   Data        1024  app.o(.bss)
    spiTransmitBuffer                        0x2000098c   Data          96  drv_canfdspi_api.o(.bss)
    spiReceiveBuffer                         0x200009ec   Data          96  drv_canfdspi_api.o(.bss)
    USBD_EP0Buf                              0x20000a4c   Data          64  usb_config.o(.bss)
    USBD_CDC_ACM_SendBuf                     0x20000a8c   Data        1024  usb_config.o(.bss)
    USBD_CDC_ACM_ReceiveBuf                  0x20000e8c   Data        1024  usb_config.o(.bss)
    USBD_CDC_ACM_NotifyBuf                   0x2000128c   Data          10  usb_config.o(.bss)
    CDC_ACM_IntInPacketData                  0x20001298   Data          16  usbd_stm32f10x_cl.o(.bss)
    IsoOutPacketDataPtr                      0x200012a8   Data          16  usbd_stm32f10x_cl.o(.bss)
    InPacketDataCnt                          0x200012b8   Data          16  usbd_stm32f10x_cl.o(.bss)
    IsoOutPacketDataCnt                      0x200012c8   Data          16  usbd_stm32f10x_cl.o(.bss)
    __initial_sp                             0x20001ad8   Data           0  startup_stm32f10x_cl.o(STACK)



==============================================================================

Memory Map of the image

  Image Entry point : 0x08000151

  Load Region LR_IROM1 (Base: 0x08000000, Size: 0x000057e8, Max: 0x00020000, ABSOLUTE)

    Execution Region ER_IROM1 (Exec base: 0x08000000, Load base: 0x08000000, Size: 0x00005700, Max: 0x00020000, ABSOLUTE)

    Exec Addr    Load Addr    Size         Type   Attr      Idx    E Section Name        Object

    0x08000000   0x08000000   0x00000150   Data   RO           73    RESET               startup_stm32f10x_cl.o
    0x08000150   0x08000150   0x00000000   Code   RO         2441  * .ARM.Collect$$$$00000000  mc_w.l(entry.o)
    0x08000150   0x08000150   0x00000004   Code   RO         2716    .ARM.Collect$$$$00000001  mc_w.l(entry2.o)
    0x08000154   0x08000154   0x00000004   Code   RO         2719    .ARM.Collect$$$$00000004  mc_w.l(entry5.o)
    0x08000158   0x08000158   0x00000000   Code   RO         2721    .ARM.Collect$$$$00000008  mc_w.l(entry7b.o)
    0x08000158   0x08000158   0x00000000   Code   RO         2723    .ARM.Collect$$$$0000000A  mc_w.l(entry8b.o)
    0x08000158   0x08000158   0x00000008   Code   RO         2724    .ARM.Collect$$$$0000000B  mc_w.l(entry9a.o)
    0x08000160   0x08000160   0x00000004   Code   RO         2731    .ARM.Collect$$$$0000000E  mc_w.l(entry12b.o)
    0x08000164   0x08000164   0x00000000   Code   RO         2726    .ARM.Collect$$$$0000000F  mc_w.l(entry10a.o)
    0x08000164   0x08000164   0x00000000   Code   RO         2728    .ARM.Collect$$$$00000011  mc_w.l(entry11a.o)
    0x08000164   0x08000164   0x00000004   Code   RO         2717    .ARM.Collect$$$$00002712  mc_w.l(entry2.o)
    0x08000168   0x08000168   0x00000024   Code   RO           74    .text               startup_stm32f10x_cl.o
    0x0800018c   0x0800018c   0x00000024   Code   RO         2444    .text               mc_w.l(rand.o)
    0x080001b0   0x080001b0   0x00000024   Code   RO         2447    .text               mc_w.l(memcpya.o)
    0x080001d4   0x080001d4   0x00000018   Code   RO         2449    .text               mc_w.l(strcat.o)
    0x080001ec   0x080001ec   0x0000000e   Code   RO         2451    .text               mc_w.l(strlen.o)
    0x080001fa   0x080001fa   0x00000062   Code   RO         2737    .text               mc_w.l(uldiv.o)
    0x0800025c   0x0800025c   0x00000024   Code   RO         2750    .text               mc_w.l(init.o)
    0x08000280   0x08000280   0x0000001e   Code   RO         2753    .text               mc_w.l(llshl.o)
    0x0800029e   0x0800029e   0x00000020   Code   RO         2755    .text               mc_w.l(llushr.o)
    0x080002be   0x080002be   0x00000002   PAD
    0x080002c0   0x080002c0   0x0000015c   Code   RO          215    i.APP_CANFDSPI_Init  app.o
    0x0800041c   0x0800041c   0x000000cc   Code   RO          216    i.APP_Initialize    app.o
    0x080004e8   0x080004e8   0x0000001c   Code   RO          217    i.APP_LED_Clear     app.o
    0x08000504   0x08000504   0x0000001c   Code   RO          218    i.APP_LED_Set       app.o
    0x08000520   0x08000520   0x00000048   Code   RO          219    i.APP_LED_Write     app.o
    0x08000568   0x08000568   0x000000fc   Code   RO          220    i.APP_PayLoad_Tasks  app.o
    0x08000664   0x08000664   0x00000164   Code   RO          221    i.APP_ReceiveMessage_Tasks  app.o
    0x080007c8   0x080007c8   0x000001a4   Code   RO          222    i.APP_Tasks         app.o
    0x0800096c   0x0800096c   0x000000b4   Code   RO          223    i.APP_TestRamAccess  app.o
    0x08000a20   0x08000a20   0x000000bc   Code   RO          224    i.APP_TestRegisterAccess  app.o
    0x08000adc   0x08000adc   0x0000007c   Code   RO          225    i.APP_TransmitMessageQueue  app.o
    0x08000b58   0x08000b58   0x000000a0   Code   RO          226    i.APP_TransmitSwitchState  app.o
    0x08000bf8   0x08000bf8   0x00000180   Code   RO          227    i.CAN_FD_RX_Process  app.o
    0x08000d78   0x08000d78   0x000001c0   Code   RO          228    i.CAN_FD_TX_Process  app.o
    0x08000f38   0x08000f38   0x00000082   Code   RO          333    i.DRV_CANFDSPI_BitTimeConfigure  drv_canfdspi_api.o
    0x08000fba   0x08000fba   0x00000002   PAD
    0x08000fbc   0x08000fbc   0x00000220   Code   RO          334    i.DRV_CANFDSPI_BitTimeConfigureData10MHz  drv_canfdspi_api.o
    0x080011dc   0x080011dc   0x00000318   Code   RO          335    i.DRV_CANFDSPI_BitTimeConfigureData20MHz  drv_canfdspi_api.o
    0x080014f4   0x080014f4   0x00000460   Code   RO          336    i.DRV_CANFDSPI_BitTimeConfigureData40MHz  drv_canfdspi_api.o
    0x08001954   0x08001954   0x00000118   Code   RO          337    i.DRV_CANFDSPI_BitTimeConfigureNominal10MHz  drv_canfdspi_api.o
    0x08001a6c   0x08001a6c   0x00000118   Code   RO          338    i.DRV_CANFDSPI_BitTimeConfigureNominal20MHz  drv_canfdspi_api.o
    0x08001b84   0x08001b84   0x00000114   Code   RO          339    i.DRV_CANFDSPI_BitTimeConfigureNominal40MHz  drv_canfdspi_api.o
    0x08001c98   0x08001c98   0x000000b8   Code   RO          343    i.DRV_CANFDSPI_Configure  drv_canfdspi_api.o
    0x08001d50   0x08001d50   0x000000a0   Code   RO          344    i.DRV_CANFDSPI_ConfigureObjectReset  drv_canfdspi_api.o
    0x08001df0   0x08001df0   0x00000046   Code   RO          352    i.DRV_CANFDSPI_DlcToDataBytes  drv_canfdspi_api.o
    0x08001e36   0x08001e36   0x00000046   Code   RO          354    i.DRV_CANFDSPI_EccEnable  drv_canfdspi_api.o
    0x08001e7c   0x08001e7c   0x00000048   Code   RO          363    i.DRV_CANFDSPI_ErrorCountStateGet  drv_canfdspi_api.o
    0x08001ec4   0x08001ec4   0x00000030   Code   RO          369    i.DRV_CANFDSPI_FilterMaskConfigure  drv_canfdspi_api.o
    0x08001ef4   0x08001ef4   0x00000030   Code   RO          370    i.DRV_CANFDSPI_FilterObjectConfigure  drv_canfdspi_api.o
    0x08001f24   0x08001f24   0x00000046   Code   RO          371    i.DRV_CANFDSPI_FilterToFifoLink  drv_canfdspi_api.o
    0x08001f6a   0x08001f6a   0x00000058   Code   RO          375    i.DRV_CANFDSPI_GpioModeConfigure  drv_canfdspi_api.o
    0x08001fc2   0x08001fc2   0x00000050   Code   RO          385    i.DRV_CANFDSPI_ModuleEventEnable  drv_canfdspi_api.o
    0x08002012   0x08002012   0x0000004c   Code   RO          392    i.DRV_CANFDSPI_OperationModeSelect  drv_canfdspi_api.o
    0x0800205e   0x0800205e   0x0000004c   Code   RO          397    i.DRV_CANFDSPI_RamInit  drv_canfdspi_api.o
    0x080020aa   0x080020aa   0x00000002   PAD
    0x080020ac   0x080020ac   0x00000040   Code   RO          398    i.DRV_CANFDSPI_ReadByte  drv_canfdspi_api.o
    0x080020ec   0x080020ec   0x00000064   Code   RO          399    i.DRV_CANFDSPI_ReadByteArray  drv_canfdspi_api.o
    0x08002150   0x08002150   0x00000064   Code   RO          401    i.DRV_CANFDSPI_ReadHalfWord  drv_canfdspi_api.o
    0x080021b4   0x080021b4   0x00000064   Code   RO          402    i.DRV_CANFDSPI_ReadWord  drv_canfdspi_api.o
    0x08002218   0x08002218   0x00000098   Code   RO          403    i.DRV_CANFDSPI_ReadWordArray  drv_canfdspi_api.o
    0x080022b0   0x080022b0   0x00000068   Code   RO          404    i.DRV_CANFDSPI_ReceiveChannelConfigure  drv_canfdspi_api.o
    0x08002318   0x08002318   0x00000038   Code   RO          405    i.DRV_CANFDSPI_ReceiveChannelConfigureObjectReset  drv_canfdspi_api.o
    0x08002350   0x08002350   0x00000062   Code   RO          407    i.DRV_CANFDSPI_ReceiveChannelEventEnable  drv_canfdspi_api.o
    0x080023b2   0x080023b2   0x00000038   Code   RO          413    i.DRV_CANFDSPI_ReceiveChannelUpdate  drv_canfdspi_api.o
    0x080023ea   0x080023ea   0x0000016c   Code   RO          416    i.DRV_CANFDSPI_ReceiveMessageGet  drv_canfdspi_api.o
    0x08002556   0x08002556   0x00000002   PAD
    0x08002558   0x08002558   0x00000028   Code   RO          417    i.DRV_CANFDSPI_Reset  drv_canfdspi_api.o
    0x08002580   0x08002580   0x00000078   Code   RO          437    i.DRV_CANFDSPI_TransmitChannelConfigure  drv_canfdspi_api.o
    0x080025f8   0x080025f8   0x00000050   Code   RO          438    i.DRV_CANFDSPI_TransmitChannelConfigureObjectReset  drv_canfdspi_api.o
    0x08002648   0x08002648   0x00000040   Code   RO          442    i.DRV_CANFDSPI_TransmitChannelEventGet  drv_canfdspi_api.o
    0x08002688   0x08002688   0x00000124   Code   RO          445    i.DRV_CANFDSPI_TransmitChannelLoad  drv_canfdspi_api.o
    0x080027ac   0x080027ac   0x00000054   Code   RO          448    i.DRV_CANFDSPI_TransmitChannelUpdate  drv_canfdspi_api.o
    0x08002800   0x08002800   0x0000003c   Code   RO          455    i.DRV_CANFDSPI_WriteByte  drv_canfdspi_api.o
    0x0800283c   0x0800283c   0x00000054   Code   RO          456    i.DRV_CANFDSPI_WriteByteArray  drv_canfdspi_api.o
    0x08002890   0x08002890   0x00000054   Code   RO          459    i.DRV_CANFDSPI_WriteHalfWord  drv_canfdspi_api.o
    0x080028e4   0x080028e4   0x00000054   Code   RO          460    i.DRV_CANFDSPI_WriteWord  drv_canfdspi_api.o
    0x08002938   0x08002938   0x00000008   Code   RO         1136    i.DRV_SPI_Initialize  drv_spi.o
    0x08002940   0x08002940   0x0000001a   Code   RO         1137    i.DRV_SPI_TransferData  drv_spi.o
    0x0800295a   0x0800295a   0x00000116   Code   RO         1331    i.GPIO_Init         stm32f10x_gpio.o
    0x08002a70   0x08002a70   0x00000090   Code   RO         1333    i.GPIO_PinRemapConfig  stm32f10x_gpio.o
    0x08002b00   0x08002b00   0x00000012   Code   RO         1335    i.GPIO_ReadInputDataBit  stm32f10x_gpio.o
    0x08002b12   0x08002b12   0x00000004   Code   RO         1338    i.GPIO_ResetBits    stm32f10x_gpio.o
    0x08002b16   0x08002b16   0x00000004   Code   RO         1339    i.GPIO_SetBits      stm32f10x_gpio.o
    0x08002b1a   0x08002b1a   0x00000002   PAD
    0x08002b1c   0x08002b1c   0x00000040   Code   RO           79    i.IO_Init           main.o
    0x08002b5c   0x08002b5c   0x00000668   Code   RO         2106    i.OTG_FS_IRQHandler  usbd_stm32f10x_cl.o
    0x080031c4   0x080031c4   0x00000020   Code   RO         1444    i.RCC_APB2PeriphClockCmd  stm32f10x_rcc.o
    0x080031e4   0x080031e4   0x00000018   Code   RO         1698    i.SPI_Cmd           stm32f10x_spi.o
    0x080031fc   0x080031fc   0x00000012   Code   RO         1706    i.SPI_I2S_GetFlagStatus  stm32f10x_spi.o
    0x0800320e   0x0800320e   0x00000006   Code   RO         1709    i.SPI_I2S_ReceiveData  stm32f10x_spi.o
    0x08003214   0x08003214   0x00000004   Code   RO         1710    i.SPI_I2S_SendData  stm32f10x_spi.o
    0x08003218   0x08003218   0x0000003c   Code   RO         1711    i.SPI_Init          stm32f10x_spi.o
    0x08003254   0x08003254   0x00000008   Code   RO            1    i.SetSysClock       system_stm32f10x.o
    0x0800325c   0x0800325c   0x00000118   Code   RO            2    i.SetSysClockTo72   system_stm32f10x.o
    0x08003374   0x08003374   0x0000006c   Code   RO            4    i.SystemInit        system_stm32f10x.o
    0x080033e0   0x080033e0   0x00000004   Code   RO         2349    i.USBD_CDC_ACM_ClearCommFeature  USB_CM3.lib(usbd_cdc_acm.o)
    0x080033e4   0x080033e4   0x00000010   Code   RO         2350    i.USBD_CDC_ACM_DataAvailable  USB_CM3.lib(usbd_cdc_acm.o)
    0x080033f4   0x080033f4   0x00000034   Code   RO         2351    i.USBD_CDC_ACM_DataRead  USB_CM3.lib(usbd_cdc_acm.o)
    0x08003428   0x08003428   0x00000004   Code   RO         2352    i.USBD_CDC_ACM_DataReceived  USB_CM3.lib(usbd_cdc_acm.o)
    0x0800342c   0x0800342c   0x00000078   Code   RO         2353    i.USBD_CDC_ACM_DataSend  USB_CM3.lib(usbd_cdc_acm.o)
    0x080034a4   0x080034a4   0x0000001c   Code   RO         2354    i.USBD_CDC_ACM_EP_BULKIN_Event  USB_CM3.lib(usbd_cdc_acm.o)
    0x080034c0   0x080034c0   0x000000a8   Code   RO         2355    i.USBD_CDC_ACM_EP_BULKIN_HandleData  USB_CM3.lib(usbd_cdc_acm.o)
    0x08003568   0x08003568   0x00000034   Code   RO         2356    i.USBD_CDC_ACM_EP_BULKOUT_Event  USB_CM3.lib(usbd_cdc_acm.o)
    0x0800359c   0x0800359c   0x00000068   Code   RO         2357    i.USBD_CDC_ACM_EP_BULKOUT_HandleData  USB_CM3.lib(usbd_cdc_acm.o)
    0x08003604   0x08003604   0x0000001e   Code   RO         2358    i.USBD_CDC_ACM_EP_BULK_Event  USB_CM3.lib(usbd_cdc_acm.o)
    0x08003622   0x08003622   0x00000002   Code   RO         2359    i.USBD_CDC_ACM_EP_INTIN_Event  USB_CM3.lib(usbd_cdc_acm.o)
    0x08003624   0x08003624   0x00000004   Code   RO         2361    i.USBD_CDC_ACM_GetCommFeature  USB_CM3.lib(usbd_cdc_acm.o)
    0x08003628   0x08003628   0x00000004   Code   RO         2362    i.USBD_CDC_ACM_GetEncapsulatedResponse  USB_CM3.lib(usbd_cdc_acm.o)
    0x0800362c   0x0800362c   0x00000038   Code   RO         2363    i.USBD_CDC_ACM_GetLineCoding  USB_CM3.lib(usbd_cdc_acm.o)
    0x08003664   0x08003664   0x00000008   Code   RO         2364    i.USBD_CDC_ACM_Initialize  USB_CM3.lib(usbd_cdc_acm.o)
    0x0800366c   0x0800366c   0x00000006   Code   RO         1169    i.USBD_CDC_ACM_PortGetLineCoding  usbd_user_cdc_acm.o
    0x08003672   0x08003672   0x00000002   Code   RO         1170    i.USBD_CDC_ACM_PortInitialize  usbd_user_cdc_acm.o
    0x08003674   0x08003674   0x00000002   Code   RO         1171    i.USBD_CDC_ACM_PortReset  usbd_user_cdc_acm.o
    0x08003676   0x08003676   0x00000006   Code   RO         1172    i.USBD_CDC_ACM_PortSetControlLineState  usbd_user_cdc_acm.o
    0x0800367c   0x0800367c   0x00000004   Code   RO         1173    i.USBD_CDC_ACM_PortSetLineCoding  usbd_user_cdc_acm.o
    0x08003680   0x08003680   0x00000050   Code   RO         2373    i.USBD_CDC_ACM_Reset  USB_CM3.lib(usbd_cdc_acm.o)
    0x080036d0   0x080036d0   0x00000008   Code   RO         2374    i.USBD_CDC_ACM_Reset_Event  USB_CM3.lib(usbd_cdc_acm.o)
    0x080036d8   0x080036d8   0x00000068   Code   RO         2375    i.USBD_CDC_ACM_SOF_Event  USB_CM3.lib(usbd_cdc_acm.o)
    0x08003740   0x08003740   0x00000004   Code   RO         2376    i.USBD_CDC_ACM_SendBreak  USB_CM3.lib(usbd_cdc_acm.o)
    0x08003744   0x08003744   0x00000004   Code   RO         2377    i.USBD_CDC_ACM_SendEncapsulatedCommand  USB_CM3.lib(usbd_cdc_acm.o)
    0x08003748   0x08003748   0x00000004   Code   RO         2378    i.USBD_CDC_ACM_SetCommFeature  USB_CM3.lib(usbd_cdc_acm.o)
    0x0800374c   0x0800374c   0x00000010   Code   RO         2379    i.USBD_CDC_ACM_SetControlLineState  USB_CM3.lib(usbd_cdc_acm.o)
    0x0800375c   0x0800375c   0x0000002c   Code   RO         2380    i.USBD_CDC_ACM_SetLineCoding  USB_CM3.lib(usbd_cdc_acm.o)
    0x08003788   0x08003788   0x000000b4   Code   RO         2108    i.USBD_ClrStallEP   usbd_stm32f10x_cl.o
    0x0800383c   0x0800383c   0x000000c8   Code   RO         2109    i.USBD_ConfigEP     usbd_stm32f10x_cl.o
    0x08003904   0x08003904   0x00000014   Code   RO         2110    i.USBD_Configure    usbd_stm32f10x_cl.o
    0x08003918   0x08003918   0x0000003c   Code   RO         2111    i.USBD_Connect      usbd_stm32f10x_cl.o
    0x08003954   0x08003954   0x00000038   Code   RO         2308    i.USBD_DataInStage  USB_CM3.lib(usbd_core.o)
    0x0800398c   0x0800398c   0x00000020   Code   RO         2309    i.USBD_DataOutStage  USB_CM3.lib(usbd_core.o)
    0x080039ac   0x080039ac   0x00000002   Code   RO         2112    i.USBD_DirCtrlEP    usbd_stm32f10x_cl.o
    0x080039ae   0x080039ae   0x00000002   PAD
    0x080039b0   0x080039b0   0x000001a0   Code   RO         2113    i.USBD_DisableEP    usbd_stm32f10x_cl.o
    0x08003b50   0x08003b50   0x000000d4   Code   RO         2114    i.USBD_EnableEP     usbd_stm32f10x_cl.o
    0x08003c24   0x08003c24   0x00000264   Code   RO         2310    i.USBD_EndPoint0    USB_CM3.lib(usbd_core.o)
    0x08003e88   0x08003e88   0x00000004   Code   RO         1951    i.USBD_EndPoint0_Out_ADC_ReqToEP  usb_config.o
    0x08003e8c   0x08003e8c   0x00000004   Code   RO         1952    i.USBD_EndPoint0_Out_ADC_ReqToIF  usb_config.o
    0x08003e90   0x08003e90   0x00000050   Code   RO         2431    i.USBD_EndPoint0_Out_CDC_ReqToIF  USB_CM3.lib(usbd_core_cdc.o)
    0x08003ee0   0x08003ee0   0x00000004   Code   RO         1953    i.USBD_EndPoint0_Out_CLS_ReqToDEV  usb_config.o
    0x08003ee4   0x08003ee4   0x00000004   Code   RO         1954    i.USBD_EndPoint0_Out_CLS_ReqToEP  usb_config.o
    0x08003ee8   0x08003ee8   0x00000004   Code   RO         1955    i.USBD_EndPoint0_Out_CLS_ReqToIF  usb_config.o
    0x08003eec   0x08003eec   0x00000004   Code   RO         1956    i.USBD_EndPoint0_Out_HID_ReqToIF  usb_config.o
    0x08003ef0   0x08003ef0   0x00000004   Code   RO         1958    i.USBD_EndPoint0_Setup_ADC_ReqToEP  usb_config.o
    0x08003ef4   0x08003ef4   0x00000004   Code   RO         1959    i.USBD_EndPoint0_Setup_ADC_ReqToIF  usb_config.o
    0x08003ef8   0x08003ef8   0x000000a0   Code   RO         2432    i.USBD_EndPoint0_Setup_CDC_ReqToIF  USB_CM3.lib(usbd_core_cdc.o)
    0x08003f98   0x08003f98   0x00000004   Code   RO         1960    i.USBD_EndPoint0_Setup_CLS_ReqToDEV  usb_config.o
    0x08003f9c   0x08003f9c   0x00000004   Code   RO         1961    i.USBD_EndPoint0_Setup_CLS_ReqToEP  usb_config.o
    0x08003fa0   0x08003fa0   0x00000004   Code   RO         1962    i.USBD_EndPoint0_Setup_CLS_ReqToIF  usb_config.o
    0x08003fa4   0x08003fa4   0x00000004   Code   RO         1963    i.USBD_EndPoint0_Setup_HID_ReqToIF  usb_config.o
    0x08003fa8   0x08003fa8   0x00000004   Code   RO         1964    i.USBD_EndPoint0_Setup_MSC_ReqToIF  usb_config.o
    0x08003fac   0x08003fac   0x0000003c   Code   RO         2115    i.USBD_FlushInEpFifo  usbd_stm32f10x_cl.o
    0x08003fe8   0x08003fe8   0x00000010   Code   RO         2116    i.USBD_GetFrame     usbd_stm32f10x_cl.o
    0x08003ff8   0x08003ff8   0x000000a4   Code   RO         2117    i.USBD_Init         usbd_stm32f10x_cl.o
    0x0800409c   0x0800409c   0x0000001a   Code   RO         2118    i.USBD_IntrEna      usbd_stm32f10x_cl.o
    0x080040b6   0x080040b6   0x00000002   Code   RO         1965    i.USBD_RTX_TaskInit  usb_config.o
    0x080040b8   0x080040b8   0x000000e0   Code   RO         2119    i.USBD_ReadEP       usbd_stm32f10x_cl.o
    0x08004198   0x08004198   0x00000002   Code   RO         1966    i.USBD_ReqClrFeature_MSC  usb_config.o
    0x0800419a   0x0800419a   0x00000002   PAD
    0x0800419c   0x0800419c   0x00000130   Code   RO         2335    i.USBD_ReqGetDescriptor  USB_CM3.lib(usbd_core.o)
    0x080042cc   0x080042cc   0x00000004   Code   RO         1967    i.USBD_ReqGetDescriptor_HID  usb_config.o
    0x080042d0   0x080042d0   0x0000007c   Code   RO         2341    i.USBD_ReqGetStatus  USB_CM3.lib(usbd_core.o)
    0x0800434c   0x0800434c   0x000000ac   Code   RO         2333    i.USBD_ReqSetClrFeature  USB_CM3.lib(usbd_core.o)
    0x080043f8   0x080043f8   0x00000190   Code   RO         2337    i.USBD_ReqSetConfiguration  USB_CM3.lib(usbd_core.o)
    0x08004588   0x08004588   0x0000012c   Code   RO         2339    i.USBD_ReqSetInterface  USB_CM3.lib(usbd_core.o)
    0x080046b4   0x080046b4   0x000000dc   Code   RO         2120    i.USBD_Reset        usbd_stm32f10x_cl.o
    0x08004790   0x08004790   0x000000c0   Code   RO         2121    i.USBD_ResetEP      usbd_stm32f10x_cl.o
    0x08004850   0x08004850   0x00000004   Code   RO         1968    i.USBD_Reset_Event  usb_config.o
    0x08004854   0x08004854   0x00000002   Code   RO         2122    i.USBD_Resume       usbd_stm32f10x_cl.o
    0x08004856   0x08004856   0x00000004   Code   RO         1969    i.USBD_SOF_Event    usb_config.o
    0x0800485a   0x0800485a   0x00000002   PAD
    0x0800485c   0x0800485c   0x00000018   Code   RO         2123    i.USBD_SetAddress   usbd_stm32f10x_cl.o
    0x08004874   0x08004874   0x000000f8   Code   RO         2124    i.USBD_SetStallEP   usbd_stm32f10x_cl.o
    0x0800496c   0x0800496c   0x0000000c   Code   RO         2312    i.USBD_SetupStage   USB_CM3.lib(usbd_core.o)
    0x08004978   0x08004978   0x0000000a   Code   RO         2313    i.USBD_StatusInStage  USB_CM3.lib(usbd_core.o)
    0x08004982   0x08004982   0x00000002   PAD
    0x08004984   0x08004984   0x0000000c   Code   RO         2314    i.USBD_StatusOutStage  USB_CM3.lib(usbd_core.o)
    0x08004990   0x08004990   0x00000002   Code   RO         2125    i.USBD_Suspend      usbd_stm32f10x_cl.o
    0x08004992   0x08004992   0x00000002   Code   RO         2127    i.USBD_WakeUpCfg    usbd_stm32f10x_cl.o
    0x08004994   0x08004994   0x00000178   Code   RO         2128    i.USBD_WriteEP      usbd_stm32f10x_cl.o
    0x08004b0c   0x08004b0c   0x00000028   Code   RO         2664    i.__0sprintf$8      mc_w.l(printf8.o)
    0x08004b34   0x08004b34   0x0000000e   Code   RO         2763    i.__scatterload_copy  mc_w.l(handlers.o)
    0x08004b42   0x08004b42   0x00000002   Code   RO         2764    i.__scatterload_null  mc_w.l(handlers.o)
    0x08004b44   0x08004b44   0x0000000e   Code   RO         2765    i.__scatterload_zeroinit  mc_w.l(handlers.o)
    0x08004b52   0x08004b52   0x00000002   PAD
    0x08004b54   0x08004b54   0x00000404   Code   RO         2669    i._printf_core      mc_w.l(printf8.o)
    0x08004f58   0x08004f58   0x00000024   Code   RO         2670    i._printf_post_padding  mc_w.l(printf8.o)
    0x08004f7c   0x08004f7c   0x0000002e   Code   RO         2671    i._printf_pre_padding  mc_w.l(printf8.o)
    0x08004faa   0x08004faa   0x0000000a   Code   RO         2673    i._sputc            mc_w.l(printf8.o)
    0x08004fb4   0x08004fb4   0x0000009c   Code   RO           81    i.main              main.o
    0x08005050   0x08005050   0x000000a8   Code   RO         1151    i.spi_master_init   drv_spi.o
    0x080050f8   0x080050f8   0x00000060   Code   RO         1157    i.spi_master_transfer  drv_spi.o
    0x08005158   0x08005158   0x00000004   Code   RO         1970    i.usbd_class_init   usb_config.o
    0x0800515c   0x0800515c   0x00000010   Code   RO         2315    i.usbd_configured   USB_CM3.lib(usbd_core.o)
    0x0800516c   0x0800516c   0x00000004   Code   RO         2316    i.usbd_connect      USB_CM3.lib(usbd_core.o)
    0x08005170   0x08005170   0x0000001c   Code   RO         2317    i.usbd_init         USB_CM3.lib(usbd_core.o)
    0x0800518c   0x0800518c   0x00000002   Code   RO         1972    i.usbd_os_evt_set   usb_config.o
    0x0800518e   0x0800518e   0x00000002   PAD
    0x08005190   0x08005190   0x00000024   Code   RO         2318    i.usbd_reset_core   USB_CM3.lib(usbd_core.o)
    0x080051b4   0x080051b4   0x00000030   Code   RO         2129    i.usbd_stm32_delay  usbd_stm32f10x_cl.o
    0x080051e4   0x080051e4   0x00000378   Data   RO          464    .constdata          drv_canfdspi_api.o
    0x0800555c   0x0800555c   0x00000182   Data   RO         1975    .constdata          usb_config.o
    0x080056de   0x080056de   0x00000002   PAD
    0x080056e0   0x080056e0   0x00000020   Data   RO         2762    Region$$Table       anon$$obj.o


    Execution Region RW_IRAM1 (Exec base: 0x20000000, Load base: 0x08005700, Size: 0x00001ad8, Max: 0x00010000, ABSOLUTE)

    Exec Addr    Load Addr    Size         Type   Attr      Idx    E Section Name        Object

    0x20000000   0x08005700   0x00000001   Data   RW           83    .data               main.o
    0x20000001   0x08005701   0x00000003   PAD
    0x20000004   0x08005704   0x00000040   Data   RW          231    .data               app.o
    0x20000044   0x08005744   0x00000002   Data   RW         1976    .data               usb_config.o
    0x20000046   0x08005746   0x00000002   PAD
    0x20000048   0x08005748   0x00000034   Data   RW         2131    .data               usbd_stm32f10x_cl.o
    0x2000007c   0x0800577c   0x00000028   Data   RW         2320    .data               USB_CM3.lib(usbd_core.o)
    0x200000a4   0x080057a4   0x0000003f   Data   RW         2386    .data               USB_CM3.lib(usbd_cdc_acm.o)
    0x200000e3   0x080057e3   0x00000001   PAD
    0x200000e4   0x080057e4   0x00000004   Data   RW         2445    .data               mc_w.l(rand.o)
    0x200000e8        -       0x000008a4   Zero   RW          229    .bss                app.o
    0x2000098c        -       0x000000c0   Zero   RW          463    .bss                drv_canfdspi_api.o
    0x20000a4c        -       0x0000084a   Zero   RW         1974    .bss                usb_config.o
    0x20001296   0x080057e8   0x00000002   PAD
    0x20001298        -       0x00000040   Zero   RW         2130    .bss                usbd_stm32f10x_cl.o
    0x200012d8        -       0x00000800   Zero   RW           71    STACK               startup_stm32f10x_cl.o


==============================================================================

Image component sizes


      Code (inc. data)   RO Data    RW Data    ZI Data      Debug   Object Name

      3192        394          0         64       2212      34343   app.o
      6650        258        888          0        192      61403   drv_canfdspi_api.o
       298         16          0          0          0       3296   drv_spi.o
       220         28          0          1          0      44234   main.o
        36          8        336          0       2048        952   startup_stm32f10x_cl.o
       448          6          0          0          0       4926   stm32f10x_gpio.o
        32          6          0          0          0        637   stm32f10x_rcc.o
       112          0          0          0          0       4270   stm32f10x_spi.o
       396         32          0          0          0     242109   system_stm32f10x.o
        74          0        386          2       2122      22031   usb_config.o
      4334        300          0         52         64      65297   usbd_stm32f10x_cl.o
        20          0          0          0          0       3024   usbd_user_cdc_acm.o

    ----------------------------------------------------------------------
     15828       1048       1644        124       6640     486522   Object Totals
         0          0         32          0          0          0   (incl. Generated)
        16          0          2          5          2          0   (incl. Padding)

    ----------------------------------------------------------------------

      Code (inc. data)   RO Data    RW Data    ZI Data      Debug   Library Member Name

       916        124          0         63          0       1712   usbd_cdc_acm.o
      2118        184          0         40          0       1192   usbd_core.o
       240         32          0          0          0        156   usbd_core_cdc.o
         0          0          0          0          0          0   entry.o
         0          0          0          0          0          0   entry10a.o
         0          0          0          0          0          0   entry11a.o
         4          0          0          0          0          0   entry12b.o
         8          4          0          0          0          0   entry2.o
         4          0          0          0          0          0   entry5.o
         0          0          0          0          0          0   entry7b.o
         0          0          0          0          0          0   entry8b.o
         8          4          0          0          0          0   entry9a.o
        30          0          0          0          0          0   handlers.o
        36          8          0          0          0         68   init.o
        30          0          0          0          0         68   llshl.o
        32          0          0          0          0         68   llushr.o
        36          0          0          0          0         68   memcpya.o
      1160         50          0          0          0        420   printf8.o
        36         10          0          4          0        136   rand.o
        24          0          0          0          0         68   strcat.o
        14          0          0          0          0         68   strlen.o
        98          0          0          0          0         92   uldiv.o

    ----------------------------------------------------------------------
      4800        416          0        108          0       4116   Library Totals
         6          0          0          1          0          0   (incl. Padding)

    ----------------------------------------------------------------------

      Code (inc. data)   RO Data    RW Data    ZI Data      Debug   Library Name

      3274        340          0        103          0       3060   USB_CM3.lib
      1520         76          0          4          0       1056   mc_w.l

    ----------------------------------------------------------------------
      4800        416          0        108          0       4116   Library Totals

    ----------------------------------------------------------------------

==============================================================================


      Code (inc. data)   RO Data    RW Data    ZI Data      Debug   

     20628       1464       1644        232       6640     482314   Grand Totals
     20628       1464       1644        232       6640     482314   ELF Image Totals
     20628       1464       1644        232          0          0   ROM Totals

==============================================================================

    Total RO  Size (Code + RO Data)                22272 (  21.75kB)
    Total RW  Size (RW Data + ZI Data)              6872 (   6.71kB)
    Total ROM Size (Code + RO Data + RW Data)      22504 (  21.98kB)

==============================================================================

