<!doctype html public "-//w3c//dtd html 4.0 transitional//en">
<html><head>
<title>Static Call Graph - [.\Flash\CanDemo_15.axf]</title></head>
<body><HR>
<H1>Static Call Graph for image .\Flash\CanDemo_15.axf</H1><HR>
<BR><P>#&#060CALLGRAPH&#062# ARM Linker, 6190004: Last Updated: Tue May 23 18:45:55 2023
<BR><P>
<H3>Maximum Stack Usage =        256 bytes + Unknown(Cycles, Untraceable Function Pointers)</H3><H3>
Call chain for Maximum Stack Depth:</H3>
main &rArr; APP_Tasks &rArr; APP_ReceiveMessage_Tasks &rArr; APP_TransmitMessageQueue &rArr; DRV_CANFDSPI_TransmitChannelLoad &rArr; DRV_SPI_TransferData
<P>
<H3>
Mutually Recursive functions
</H3> <LI><a href="#[1]">NMI_Handler</a>&nbsp;&nbsp;&nbsp;&rArr;&nbsp;&nbsp;&nbsp;<a href="#[1]">NMI_Handler</a><BR>
 <LI><a href="#[2]">HardFault_Handler</a>&nbsp;&nbsp;&nbsp;&rArr;&nbsp;&nbsp;&nbsp;<a href="#[2]">HardFault_Handler</a><BR>
 <LI><a href="#[3]">MemManage_Handler</a>&nbsp;&nbsp;&nbsp;&rArr;&nbsp;&nbsp;&nbsp;<a href="#[3]">MemManage_Handler</a><BR>
 <LI><a href="#[4]">BusFault_Handler</a>&nbsp;&nbsp;&nbsp;&rArr;&nbsp;&nbsp;&nbsp;<a href="#[4]">BusFault_Handler</a><BR>
 <LI><a href="#[5]">UsageFault_Handler</a>&nbsp;&nbsp;&nbsp;&rArr;&nbsp;&nbsp;&nbsp;<a href="#[5]">UsageFault_Handler</a><BR>
 <LI><a href="#[6]">SVC_Handler</a>&nbsp;&nbsp;&nbsp;&rArr;&nbsp;&nbsp;&nbsp;<a href="#[6]">SVC_Handler</a><BR>
 <LI><a href="#[7]">DebugMon_Handler</a>&nbsp;&nbsp;&nbsp;&rArr;&nbsp;&nbsp;&nbsp;<a href="#[7]">DebugMon_Handler</a><BR>
 <LI><a href="#[8]">PendSV_Handler</a>&nbsp;&nbsp;&nbsp;&rArr;&nbsp;&nbsp;&nbsp;<a href="#[8]">PendSV_Handler</a><BR>
 <LI><a href="#[9]">SysTick_Handler</a>&nbsp;&nbsp;&nbsp;&rArr;&nbsp;&nbsp;&nbsp;<a href="#[9]">SysTick_Handler</a><BR>
 <LI><a href="#[1c]">ADC1_2_IRQHandler</a>&nbsp;&nbsp;&nbsp;&rArr;&nbsp;&nbsp;&nbsp;<a href="#[1c]">ADC1_2_IRQHandler</a><BR>
</UL>
<P>
<H3>
Function Pointers
</H3><UL>
 <LI><a href="#[1c]">ADC1_2_IRQHandler</a> from startup_stm32f10x_cl.o(.text) referenced from startup_stm32f10x_cl.o(RESET)
 <LI><a href="#[4]">BusFault_Handler</a> from startup_stm32f10x_cl.o(.text) referenced from startup_stm32f10x_cl.o(RESET)
 <LI><a href="#[1e]">CAN1_RX0_IRQHandler</a> from startup_stm32f10x_cl.o(.text) referenced from startup_stm32f10x_cl.o(RESET)
 <LI><a href="#[1f]">CAN1_RX1_IRQHandler</a> from startup_stm32f10x_cl.o(.text) referenced from startup_stm32f10x_cl.o(RESET)
 <LI><a href="#[20]">CAN1_SCE_IRQHandler</a> from startup_stm32f10x_cl.o(.text) referenced from startup_stm32f10x_cl.o(RESET)
 <LI><a href="#[1d]">CAN1_TX_IRQHandler</a> from startup_stm32f10x_cl.o(.text) referenced from startup_stm32f10x_cl.o(RESET)
 <LI><a href="#[43]">CAN2_RX0_IRQHandler</a> from startup_stm32f10x_cl.o(.text) referenced from startup_stm32f10x_cl.o(RESET)
 <LI><a href="#[44]">CAN2_RX1_IRQHandler</a> from startup_stm32f10x_cl.o(.text) referenced from startup_stm32f10x_cl.o(RESET)
 <LI><a href="#[45]">CAN2_SCE_IRQHandler</a> from startup_stm32f10x_cl.o(.text) referenced from startup_stm32f10x_cl.o(RESET)
 <LI><a href="#[42]">CAN2_TX_IRQHandler</a> from startup_stm32f10x_cl.o(.text) referenced from startup_stm32f10x_cl.o(RESET)
 <LI><a href="#[15]">DMA1_Channel1_IRQHandler</a> from startup_stm32f10x_cl.o(.text) referenced from startup_stm32f10x_cl.o(RESET)
 <LI><a href="#[16]">DMA1_Channel2_IRQHandler</a> from startup_stm32f10x_cl.o(.text) referenced from startup_stm32f10x_cl.o(RESET)
 <LI><a href="#[17]">DMA1_Channel3_IRQHandler</a> from startup_stm32f10x_cl.o(.text) referenced from startup_stm32f10x_cl.o(RESET)
 <LI><a href="#[18]">DMA1_Channel4_IRQHandler</a> from startup_stm32f10x_cl.o(.text) referenced from startup_stm32f10x_cl.o(RESET)
 <LI><a href="#[19]">DMA1_Channel5_IRQHandler</a> from startup_stm32f10x_cl.o(.text) referenced from startup_stm32f10x_cl.o(RESET)
 <LI><a href="#[1a]">DMA1_Channel6_IRQHandler</a> from startup_stm32f10x_cl.o(.text) referenced from startup_stm32f10x_cl.o(RESET)
 <LI><a href="#[1b]">DMA1_Channel7_IRQHandler</a> from startup_stm32f10x_cl.o(.text) referenced from startup_stm32f10x_cl.o(RESET)
 <LI><a href="#[3b]">DMA2_Channel1_IRQHandler</a> from startup_stm32f10x_cl.o(.text) referenced from startup_stm32f10x_cl.o(RESET)
 <LI><a href="#[3c]">DMA2_Channel2_IRQHandler</a> from startup_stm32f10x_cl.o(.text) referenced from startup_stm32f10x_cl.o(RESET)
 <LI><a href="#[3d]">DMA2_Channel3_IRQHandler</a> from startup_stm32f10x_cl.o(.text) referenced from startup_stm32f10x_cl.o(RESET)
 <LI><a href="#[3e]">DMA2_Channel4_IRQHandler</a> from startup_stm32f10x_cl.o(.text) referenced from startup_stm32f10x_cl.o(RESET)
 <LI><a href="#[3f]">DMA2_Channel5_IRQHandler</a> from startup_stm32f10x_cl.o(.text) referenced from startup_stm32f10x_cl.o(RESET)
 <LI><a href="#[7]">DebugMon_Handler</a> from startup_stm32f10x_cl.o(.text) referenced from startup_stm32f10x_cl.o(RESET)
 <LI><a href="#[40]">ETH_IRQHandler</a> from startup_stm32f10x_cl.o(.text) referenced from startup_stm32f10x_cl.o(RESET)
 <LI><a href="#[41]">ETH_WKUP_IRQHandler</a> from startup_stm32f10x_cl.o(.text) referenced from startup_stm32f10x_cl.o(RESET)
 <LI><a href="#[10]">EXTI0_IRQHandler</a> from startup_stm32f10x_cl.o(.text) referenced from startup_stm32f10x_cl.o(RESET)
 <LI><a href="#[32]">EXTI15_10_IRQHandler</a> from startup_stm32f10x_cl.o(.text) referenced from startup_stm32f10x_cl.o(RESET)
 <LI><a href="#[11]">EXTI1_IRQHandler</a> from startup_stm32f10x_cl.o(.text) referenced from startup_stm32f10x_cl.o(RESET)
 <LI><a href="#[12]">EXTI2_IRQHandler</a> from startup_stm32f10x_cl.o(.text) referenced from startup_stm32f10x_cl.o(RESET)
 <LI><a href="#[13]">EXTI3_IRQHandler</a> from startup_stm32f10x_cl.o(.text) referenced from startup_stm32f10x_cl.o(RESET)
 <LI><a href="#[14]">EXTI4_IRQHandler</a> from startup_stm32f10x_cl.o(.text) referenced from startup_stm32f10x_cl.o(RESET)
 <LI><a href="#[21]">EXTI9_5_IRQHandler</a> from startup_stm32f10x_cl.o(.text) referenced from startup_stm32f10x_cl.o(RESET)
 <LI><a href="#[e]">FLASH_IRQHandler</a> from startup_stm32f10x_cl.o(.text) referenced from startup_stm32f10x_cl.o(RESET)
 <LI><a href="#[2]">HardFault_Handler</a> from startup_stm32f10x_cl.o(.text) referenced from startup_stm32f10x_cl.o(RESET)
 <LI><a href="#[2a]">I2C1_ER_IRQHandler</a> from startup_stm32f10x_cl.o(.text) referenced from startup_stm32f10x_cl.o(RESET)
 <LI><a href="#[29]">I2C1_EV_IRQHandler</a> from startup_stm32f10x_cl.o(.text) referenced from startup_stm32f10x_cl.o(RESET)
 <LI><a href="#[2c]">I2C2_ER_IRQHandler</a> from startup_stm32f10x_cl.o(.text) referenced from startup_stm32f10x_cl.o(RESET)
 <LI><a href="#[2b]">I2C2_EV_IRQHandler</a> from startup_stm32f10x_cl.o(.text) referenced from startup_stm32f10x_cl.o(RESET)
 <LI><a href="#[3]">MemManage_Handler</a> from startup_stm32f10x_cl.o(.text) referenced from startup_stm32f10x_cl.o(RESET)
 <LI><a href="#[1]">NMI_Handler</a> from startup_stm32f10x_cl.o(.text) referenced from startup_stm32f10x_cl.o(RESET)
 <LI><a href="#[46]">OTG_FS_IRQHandler</a> from startup_stm32f10x_cl.o(.text) referenced from startup_stm32f10x_cl.o(RESET)
 <LI><a href="#[34]">OTG_FS_WKUP_IRQHandler</a> from startup_stm32f10x_cl.o(.text) referenced from startup_stm32f10x_cl.o(RESET)
 <LI><a href="#[b]">PVD_IRQHandler</a> from startup_stm32f10x_cl.o(.text) referenced from startup_stm32f10x_cl.o(RESET)
 <LI><a href="#[8]">PendSV_Handler</a> from startup_stm32f10x_cl.o(.text) referenced from startup_stm32f10x_cl.o(RESET)
 <LI><a href="#[f]">RCC_IRQHandler</a> from startup_stm32f10x_cl.o(.text) referenced from startup_stm32f10x_cl.o(RESET)
 <LI><a href="#[33]">RTCAlarm_IRQHandler</a> from startup_stm32f10x_cl.o(.text) referenced from startup_stm32f10x_cl.o(RESET)
 <LI><a href="#[d]">RTC_IRQHandler</a> from startup_stm32f10x_cl.o(.text) referenced from startup_stm32f10x_cl.o(RESET)
 <LI><a href="#[0]">Reset_Handler</a> from startup_stm32f10x_cl.o(.text) referenced from startup_stm32f10x_cl.o(RESET)
 <LI><a href="#[2d]">SPI1_IRQHandler</a> from startup_stm32f10x_cl.o(.text) referenced from startup_stm32f10x_cl.o(RESET)
 <LI><a href="#[2e]">SPI2_IRQHandler</a> from startup_stm32f10x_cl.o(.text) referenced from startup_stm32f10x_cl.o(RESET)
 <LI><a href="#[36]">SPI3_IRQHandler</a> from startup_stm32f10x_cl.o(.text) referenced from startup_stm32f10x_cl.o(RESET)
 <LI><a href="#[6]">SVC_Handler</a> from startup_stm32f10x_cl.o(.text) referenced from startup_stm32f10x_cl.o(RESET)
 <LI><a href="#[9]">SysTick_Handler</a> from startup_stm32f10x_cl.o(.text) referenced from startup_stm32f10x_cl.o(RESET)
 <LI><a href="#[48]">SystemInit</a> from system_stm32f10x.o(.text.SystemInit) referenced from startup_stm32f10x_cl.o(.text)
 <LI><a href="#[c]">TAMPER_IRQHandler</a> from startup_stm32f10x_cl.o(.text) referenced from startup_stm32f10x_cl.o(RESET)
 <LI><a href="#[22]">TIM1_BRK_IRQHandler</a> from startup_stm32f10x_cl.o(.text) referenced from startup_stm32f10x_cl.o(RESET)
 <LI><a href="#[25]">TIM1_CC_IRQHandler</a> from startup_stm32f10x_cl.o(.text) referenced from startup_stm32f10x_cl.o(RESET)
 <LI><a href="#[24]">TIM1_TRG_COM_IRQHandler</a> from startup_stm32f10x_cl.o(.text) referenced from startup_stm32f10x_cl.o(RESET)
 <LI><a href="#[23]">TIM1_UP_IRQHandler</a> from startup_stm32f10x_cl.o(.text) referenced from startup_stm32f10x_cl.o(RESET)
 <LI><a href="#[26]">TIM2_IRQHandler</a> from startup_stm32f10x_cl.o(.text) referenced from startup_stm32f10x_cl.o(RESET)
 <LI><a href="#[27]">TIM3_IRQHandler</a> from startup_stm32f10x_cl.o(.text) referenced from startup_stm32f10x_cl.o(RESET)
 <LI><a href="#[28]">TIM4_IRQHandler</a> from startup_stm32f10x_cl.o(.text) referenced from startup_stm32f10x_cl.o(RESET)
 <LI><a href="#[35]">TIM5_IRQHandler</a> from startup_stm32f10x_cl.o(.text) referenced from startup_stm32f10x_cl.o(RESET)
 <LI><a href="#[39]">TIM6_IRQHandler</a> from startup_stm32f10x_cl.o(.text) referenced from startup_stm32f10x_cl.o(RESET)
 <LI><a href="#[3a]">TIM7_IRQHandler</a> from startup_stm32f10x_cl.o(.text) referenced from startup_stm32f10x_cl.o(RESET)
 <LI><a href="#[37]">UART4_IRQHandler</a> from startup_stm32f10x_cl.o(.text) referenced from startup_stm32f10x_cl.o(RESET)
 <LI><a href="#[38]">UART5_IRQHandler</a> from startup_stm32f10x_cl.o(.text) referenced from startup_stm32f10x_cl.o(RESET)
 <LI><a href="#[2f]">USART1_IRQHandler</a> from startup_stm32f10x_cl.o(.text) referenced from startup_stm32f10x_cl.o(RESET)
 <LI><a href="#[30]">USART2_IRQHandler</a> from startup_stm32f10x_cl.o(.text) referenced from startup_stm32f10x_cl.o(RESET)
 <LI><a href="#[31]">USART3_IRQHandler</a> from startup_stm32f10x_cl.o(.text) referenced from startup_stm32f10x_cl.o(RESET)
 <LI><a href="#[5]">UsageFault_Handler</a> from startup_stm32f10x_cl.o(.text) referenced from startup_stm32f10x_cl.o(RESET)
 <LI><a href="#[a]">WWDG_IRQHandler</a> from startup_stm32f10x_cl.o(.text) referenced from startup_stm32f10x_cl.o(RESET)
 <LI><a href="#[49]">__main</a> from entry.o(.ARM.Collect$$$$00000000) referenced from startup_stm32f10x_cl.o(.text)
 <LI><a href="#[47]">main</a> from main.o(.text.main) referenced from entry9a.o(.ARM.Collect$$$$0000000B)
</UL>
<P>
<H3>
Global Symbols
</H3>
<P><STRONG><a name="[49]"></a>__main</STRONG> (Thumb, 0 bytes, Stack size unknown bytes, entry.o(.ARM.Collect$$$$00000000))
<BR>[Address Reference Count : 1]<UL><LI> startup_stm32f10x_cl.o(.text)
</UL>
<P><STRONG><a name="[83]"></a>_main_stk</STRONG> (Thumb, 0 bytes, Stack size unknown bytes, entry2.o(.ARM.Collect$$$$00000001))

<P><STRONG><a name="[4a]"></a>_main_scatterload</STRONG> (Thumb, 0 bytes, Stack size unknown bytes, entry5.o(.ARM.Collect$$$$00000004))
<BR><BR>[Calls]<UL><LI><a href="#[4b]">&gt;&gt;</a>&nbsp;&nbsp;&nbsp;__scatterload
</UL>

<P><STRONG><a name="[4f]"></a>__main_after_scatterload</STRONG> (Thumb, 0 bytes, Stack size unknown bytes, entry5.o(.ARM.Collect$$$$00000004))
<BR><BR>[Called By]<UL><LI><a href="#[4b]">&gt;&gt;</a>&nbsp;&nbsp;&nbsp;__scatterload
</UL>

<P><STRONG><a name="[84]"></a>_main_clock</STRONG> (Thumb, 0 bytes, Stack size unknown bytes, entry7b.o(.ARM.Collect$$$$00000008))

<P><STRONG><a name="[85]"></a>_main_cpp_init</STRONG> (Thumb, 0 bytes, Stack size unknown bytes, entry8b.o(.ARM.Collect$$$$0000000A))

<P><STRONG><a name="[86]"></a>_main_init</STRONG> (Thumb, 0 bytes, Stack size unknown bytes, entry9a.o(.ARM.Collect$$$$0000000B))

<P><STRONG><a name="[87]"></a>__rt_final_cpp</STRONG> (Thumb, 0 bytes, Stack size unknown bytes, entry10a.o(.ARM.Collect$$$$0000000D))

<P><STRONG><a name="[88]"></a>__rt_final_exit</STRONG> (Thumb, 0 bytes, Stack size unknown bytes, entry11a.o(.ARM.Collect$$$$0000000F))

<P><STRONG><a name="[0]"></a>Reset_Handler</STRONG> (Thumb, 8 bytes, Stack size 0 bytes, startup_stm32f10x_cl.o(.text))
<BR>[Address Reference Count : 1]<UL><LI> startup_stm32f10x_cl.o(RESET)
</UL>
<P><STRONG><a name="[1]"></a>NMI_Handler</STRONG> (Thumb, 2 bytes, Stack size 0 bytes, startup_stm32f10x_cl.o(.text))
<BR><BR>[Calls]<UL><LI><a href="#[1]">&gt;&gt;</a>&nbsp;&nbsp;&nbsp;NMI_Handler
</UL>
<BR>[Called By]<UL><LI><a href="#[1]">&gt;&gt;</a>&nbsp;&nbsp;&nbsp;NMI_Handler
</UL>
<BR>[Address Reference Count : 1]<UL><LI> startup_stm32f10x_cl.o(RESET)
</UL>
<P><STRONG><a name="[2]"></a>HardFault_Handler</STRONG> (Thumb, 2 bytes, Stack size 0 bytes, startup_stm32f10x_cl.o(.text))
<BR><BR>[Calls]<UL><LI><a href="#[2]">&gt;&gt;</a>&nbsp;&nbsp;&nbsp;HardFault_Handler
</UL>
<BR>[Called By]<UL><LI><a href="#[2]">&gt;&gt;</a>&nbsp;&nbsp;&nbsp;HardFault_Handler
</UL>
<BR>[Address Reference Count : 1]<UL><LI> startup_stm32f10x_cl.o(RESET)
</UL>
<P><STRONG><a name="[3]"></a>MemManage_Handler</STRONG> (Thumb, 2 bytes, Stack size 0 bytes, startup_stm32f10x_cl.o(.text))
<BR><BR>[Calls]<UL><LI><a href="#[3]">&gt;&gt;</a>&nbsp;&nbsp;&nbsp;MemManage_Handler
</UL>
<BR>[Called By]<UL><LI><a href="#[3]">&gt;&gt;</a>&nbsp;&nbsp;&nbsp;MemManage_Handler
</UL>
<BR>[Address Reference Count : 1]<UL><LI> startup_stm32f10x_cl.o(RESET)
</UL>
<P><STRONG><a name="[4]"></a>BusFault_Handler</STRONG> (Thumb, 2 bytes, Stack size 0 bytes, startup_stm32f10x_cl.o(.text))
<BR><BR>[Calls]<UL><LI><a href="#[4]">&gt;&gt;</a>&nbsp;&nbsp;&nbsp;BusFault_Handler
</UL>
<BR>[Called By]<UL><LI><a href="#[4]">&gt;&gt;</a>&nbsp;&nbsp;&nbsp;BusFault_Handler
</UL>
<BR>[Address Reference Count : 1]<UL><LI> startup_stm32f10x_cl.o(RESET)
</UL>
<P><STRONG><a name="[5]"></a>UsageFault_Handler</STRONG> (Thumb, 2 bytes, Stack size 0 bytes, startup_stm32f10x_cl.o(.text))
<BR><BR>[Calls]<UL><LI><a href="#[5]">&gt;&gt;</a>&nbsp;&nbsp;&nbsp;UsageFault_Handler
</UL>
<BR>[Called By]<UL><LI><a href="#[5]">&gt;&gt;</a>&nbsp;&nbsp;&nbsp;UsageFault_Handler
</UL>
<BR>[Address Reference Count : 1]<UL><LI> startup_stm32f10x_cl.o(RESET)
</UL>
<P><STRONG><a name="[6]"></a>SVC_Handler</STRONG> (Thumb, 2 bytes, Stack size 0 bytes, startup_stm32f10x_cl.o(.text))
<BR><BR>[Calls]<UL><LI><a href="#[6]">&gt;&gt;</a>&nbsp;&nbsp;&nbsp;SVC_Handler
</UL>
<BR>[Called By]<UL><LI><a href="#[6]">&gt;&gt;</a>&nbsp;&nbsp;&nbsp;SVC_Handler
</UL>
<BR>[Address Reference Count : 1]<UL><LI> startup_stm32f10x_cl.o(RESET)
</UL>
<P><STRONG><a name="[7]"></a>DebugMon_Handler</STRONG> (Thumb, 2 bytes, Stack size 0 bytes, startup_stm32f10x_cl.o(.text))
<BR><BR>[Calls]<UL><LI><a href="#[7]">&gt;&gt;</a>&nbsp;&nbsp;&nbsp;DebugMon_Handler
</UL>
<BR>[Called By]<UL><LI><a href="#[7]">&gt;&gt;</a>&nbsp;&nbsp;&nbsp;DebugMon_Handler
</UL>
<BR>[Address Reference Count : 1]<UL><LI> startup_stm32f10x_cl.o(RESET)
</UL>
<P><STRONG><a name="[8]"></a>PendSV_Handler</STRONG> (Thumb, 2 bytes, Stack size 0 bytes, startup_stm32f10x_cl.o(.text))
<BR><BR>[Calls]<UL><LI><a href="#[8]">&gt;&gt;</a>&nbsp;&nbsp;&nbsp;PendSV_Handler
</UL>
<BR>[Called By]<UL><LI><a href="#[8]">&gt;&gt;</a>&nbsp;&nbsp;&nbsp;PendSV_Handler
</UL>
<BR>[Address Reference Count : 1]<UL><LI> startup_stm32f10x_cl.o(RESET)
</UL>
<P><STRONG><a name="[9]"></a>SysTick_Handler</STRONG> (Thumb, 2 bytes, Stack size 0 bytes, startup_stm32f10x_cl.o(.text))
<BR><BR>[Calls]<UL><LI><a href="#[9]">&gt;&gt;</a>&nbsp;&nbsp;&nbsp;SysTick_Handler
</UL>
<BR>[Called By]<UL><LI><a href="#[9]">&gt;&gt;</a>&nbsp;&nbsp;&nbsp;SysTick_Handler
</UL>
<BR>[Address Reference Count : 1]<UL><LI> startup_stm32f10x_cl.o(RESET)
</UL>
<P><STRONG><a name="[1c]"></a>ADC1_2_IRQHandler</STRONG> (Thumb, 0 bytes, Stack size 0 bytes, startup_stm32f10x_cl.o(.text))
<BR><BR>[Calls]<UL><LI><a href="#[1c]">&gt;&gt;</a>&nbsp;&nbsp;&nbsp;ADC1_2_IRQHandler
</UL>
<BR>[Called By]<UL><LI><a href="#[1c]">&gt;&gt;</a>&nbsp;&nbsp;&nbsp;ADC1_2_IRQHandler
</UL>
<BR>[Address Reference Count : 1]<UL><LI> startup_stm32f10x_cl.o(RESET)
</UL>
<P><STRONG><a name="[1e]"></a>CAN1_RX0_IRQHandler</STRONG> (Thumb, 0 bytes, Stack size 0 bytes, startup_stm32f10x_cl.o(.text))
<BR>[Address Reference Count : 1]<UL><LI> startup_stm32f10x_cl.o(RESET)
</UL>
<P><STRONG><a name="[1f]"></a>CAN1_RX1_IRQHandler</STRONG> (Thumb, 0 bytes, Stack size 0 bytes, startup_stm32f10x_cl.o(.text))
<BR>[Address Reference Count : 1]<UL><LI> startup_stm32f10x_cl.o(RESET)
</UL>
<P><STRONG><a name="[20]"></a>CAN1_SCE_IRQHandler</STRONG> (Thumb, 0 bytes, Stack size 0 bytes, startup_stm32f10x_cl.o(.text))
<BR>[Address Reference Count : 1]<UL><LI> startup_stm32f10x_cl.o(RESET)
</UL>
<P><STRONG><a name="[1d]"></a>CAN1_TX_IRQHandler</STRONG> (Thumb, 0 bytes, Stack size 0 bytes, startup_stm32f10x_cl.o(.text))
<BR>[Address Reference Count : 1]<UL><LI> startup_stm32f10x_cl.o(RESET)
</UL>
<P><STRONG><a name="[43]"></a>CAN2_RX0_IRQHandler</STRONG> (Thumb, 0 bytes, Stack size 0 bytes, startup_stm32f10x_cl.o(.text))
<BR>[Address Reference Count : 1]<UL><LI> startup_stm32f10x_cl.o(RESET)
</UL>
<P><STRONG><a name="[44]"></a>CAN2_RX1_IRQHandler</STRONG> (Thumb, 0 bytes, Stack size 0 bytes, startup_stm32f10x_cl.o(.text))
<BR>[Address Reference Count : 1]<UL><LI> startup_stm32f10x_cl.o(RESET)
</UL>
<P><STRONG><a name="[45]"></a>CAN2_SCE_IRQHandler</STRONG> (Thumb, 0 bytes, Stack size 0 bytes, startup_stm32f10x_cl.o(.text))
<BR>[Address Reference Count : 1]<UL><LI> startup_stm32f10x_cl.o(RESET)
</UL>
<P><STRONG><a name="[42]"></a>CAN2_TX_IRQHandler</STRONG> (Thumb, 0 bytes, Stack size 0 bytes, startup_stm32f10x_cl.o(.text))
<BR>[Address Reference Count : 1]<UL><LI> startup_stm32f10x_cl.o(RESET)
</UL>
<P><STRONG><a name="[15]"></a>DMA1_Channel1_IRQHandler</STRONG> (Thumb, 0 bytes, Stack size 0 bytes, startup_stm32f10x_cl.o(.text))
<BR>[Address Reference Count : 1]<UL><LI> startup_stm32f10x_cl.o(RESET)
</UL>
<P><STRONG><a name="[16]"></a>DMA1_Channel2_IRQHandler</STRONG> (Thumb, 0 bytes, Stack size 0 bytes, startup_stm32f10x_cl.o(.text))
<BR>[Address Reference Count : 1]<UL><LI> startup_stm32f10x_cl.o(RESET)
</UL>
<P><STRONG><a name="[17]"></a>DMA1_Channel3_IRQHandler</STRONG> (Thumb, 0 bytes, Stack size 0 bytes, startup_stm32f10x_cl.o(.text))
<BR>[Address Reference Count : 1]<UL><LI> startup_stm32f10x_cl.o(RESET)
</UL>
<P><STRONG><a name="[18]"></a>DMA1_Channel4_IRQHandler</STRONG> (Thumb, 0 bytes, Stack size 0 bytes, startup_stm32f10x_cl.o(.text))
<BR>[Address Reference Count : 1]<UL><LI> startup_stm32f10x_cl.o(RESET)
</UL>
<P><STRONG><a name="[19]"></a>DMA1_Channel5_IRQHandler</STRONG> (Thumb, 0 bytes, Stack size 0 bytes, startup_stm32f10x_cl.o(.text))
<BR>[Address Reference Count : 1]<UL><LI> startup_stm32f10x_cl.o(RESET)
</UL>
<P><STRONG><a name="[1a]"></a>DMA1_Channel6_IRQHandler</STRONG> (Thumb, 0 bytes, Stack size 0 bytes, startup_stm32f10x_cl.o(.text))
<BR>[Address Reference Count : 1]<UL><LI> startup_stm32f10x_cl.o(RESET)
</UL>
<P><STRONG><a name="[1b]"></a>DMA1_Channel7_IRQHandler</STRONG> (Thumb, 0 bytes, Stack size 0 bytes, startup_stm32f10x_cl.o(.text))
<BR>[Address Reference Count : 1]<UL><LI> startup_stm32f10x_cl.o(RESET)
</UL>
<P><STRONG><a name="[3b]"></a>DMA2_Channel1_IRQHandler</STRONG> (Thumb, 0 bytes, Stack size 0 bytes, startup_stm32f10x_cl.o(.text))
<BR>[Address Reference Count : 1]<UL><LI> startup_stm32f10x_cl.o(RESET)
</UL>
<P><STRONG><a name="[3c]"></a>DMA2_Channel2_IRQHandler</STRONG> (Thumb, 0 bytes, Stack size 0 bytes, startup_stm32f10x_cl.o(.text))
<BR>[Address Reference Count : 1]<UL><LI> startup_stm32f10x_cl.o(RESET)
</UL>
<P><STRONG><a name="[3d]"></a>DMA2_Channel3_IRQHandler</STRONG> (Thumb, 0 bytes, Stack size 0 bytes, startup_stm32f10x_cl.o(.text))
<BR>[Address Reference Count : 1]<UL><LI> startup_stm32f10x_cl.o(RESET)
</UL>
<P><STRONG><a name="[3e]"></a>DMA2_Channel4_IRQHandler</STRONG> (Thumb, 0 bytes, Stack size 0 bytes, startup_stm32f10x_cl.o(.text))
<BR>[Address Reference Count : 1]<UL><LI> startup_stm32f10x_cl.o(RESET)
</UL>
<P><STRONG><a name="[3f]"></a>DMA2_Channel5_IRQHandler</STRONG> (Thumb, 0 bytes, Stack size 0 bytes, startup_stm32f10x_cl.o(.text))
<BR>[Address Reference Count : 1]<UL><LI> startup_stm32f10x_cl.o(RESET)
</UL>
<P><STRONG><a name="[40]"></a>ETH_IRQHandler</STRONG> (Thumb, 0 bytes, Stack size 0 bytes, startup_stm32f10x_cl.o(.text))
<BR>[Address Reference Count : 1]<UL><LI> startup_stm32f10x_cl.o(RESET)
</UL>
<P><STRONG><a name="[41]"></a>ETH_WKUP_IRQHandler</STRONG> (Thumb, 0 bytes, Stack size 0 bytes, startup_stm32f10x_cl.o(.text))
<BR>[Address Reference Count : 1]<UL><LI> startup_stm32f10x_cl.o(RESET)
</UL>
<P><STRONG><a name="[10]"></a>EXTI0_IRQHandler</STRONG> (Thumb, 0 bytes, Stack size 0 bytes, startup_stm32f10x_cl.o(.text))
<BR>[Address Reference Count : 1]<UL><LI> startup_stm32f10x_cl.o(RESET)
</UL>
<P><STRONG><a name="[32]"></a>EXTI15_10_IRQHandler</STRONG> (Thumb, 0 bytes, Stack size 0 bytes, startup_stm32f10x_cl.o(.text))
<BR>[Address Reference Count : 1]<UL><LI> startup_stm32f10x_cl.o(RESET)
</UL>
<P><STRONG><a name="[11]"></a>EXTI1_IRQHandler</STRONG> (Thumb, 0 bytes, Stack size 0 bytes, startup_stm32f10x_cl.o(.text))
<BR>[Address Reference Count : 1]<UL><LI> startup_stm32f10x_cl.o(RESET)
</UL>
<P><STRONG><a name="[12]"></a>EXTI2_IRQHandler</STRONG> (Thumb, 0 bytes, Stack size 0 bytes, startup_stm32f10x_cl.o(.text))
<BR>[Address Reference Count : 1]<UL><LI> startup_stm32f10x_cl.o(RESET)
</UL>
<P><STRONG><a name="[13]"></a>EXTI3_IRQHandler</STRONG> (Thumb, 0 bytes, Stack size 0 bytes, startup_stm32f10x_cl.o(.text))
<BR>[Address Reference Count : 1]<UL><LI> startup_stm32f10x_cl.o(RESET)
</UL>
<P><STRONG><a name="[14]"></a>EXTI4_IRQHandler</STRONG> (Thumb, 0 bytes, Stack size 0 bytes, startup_stm32f10x_cl.o(.text))
<BR>[Address Reference Count : 1]<UL><LI> startup_stm32f10x_cl.o(RESET)
</UL>
<P><STRONG><a name="[21]"></a>EXTI9_5_IRQHandler</STRONG> (Thumb, 0 bytes, Stack size 0 bytes, startup_stm32f10x_cl.o(.text))
<BR>[Address Reference Count : 1]<UL><LI> startup_stm32f10x_cl.o(RESET)
</UL>
<P><STRONG><a name="[e]"></a>FLASH_IRQHandler</STRONG> (Thumb, 0 bytes, Stack size 0 bytes, startup_stm32f10x_cl.o(.text))
<BR>[Address Reference Count : 1]<UL><LI> startup_stm32f10x_cl.o(RESET)
</UL>
<P><STRONG><a name="[2a]"></a>I2C1_ER_IRQHandler</STRONG> (Thumb, 0 bytes, Stack size 0 bytes, startup_stm32f10x_cl.o(.text))
<BR>[Address Reference Count : 1]<UL><LI> startup_stm32f10x_cl.o(RESET)
</UL>
<P><STRONG><a name="[29]"></a>I2C1_EV_IRQHandler</STRONG> (Thumb, 0 bytes, Stack size 0 bytes, startup_stm32f10x_cl.o(.text))
<BR>[Address Reference Count : 1]<UL><LI> startup_stm32f10x_cl.o(RESET)
</UL>
<P><STRONG><a name="[2c]"></a>I2C2_ER_IRQHandler</STRONG> (Thumb, 0 bytes, Stack size 0 bytes, startup_stm32f10x_cl.o(.text))
<BR>[Address Reference Count : 1]<UL><LI> startup_stm32f10x_cl.o(RESET)
</UL>
<P><STRONG><a name="[2b]"></a>I2C2_EV_IRQHandler</STRONG> (Thumb, 0 bytes, Stack size 0 bytes, startup_stm32f10x_cl.o(.text))
<BR>[Address Reference Count : 1]<UL><LI> startup_stm32f10x_cl.o(RESET)
</UL>
<P><STRONG><a name="[46]"></a>OTG_FS_IRQHandler</STRONG> (Thumb, 0 bytes, Stack size 0 bytes, startup_stm32f10x_cl.o(.text))
<BR>[Address Reference Count : 1]<UL><LI> startup_stm32f10x_cl.o(RESET)
</UL>
<P><STRONG><a name="[34]"></a>OTG_FS_WKUP_IRQHandler</STRONG> (Thumb, 0 bytes, Stack size 0 bytes, startup_stm32f10x_cl.o(.text))
<BR>[Address Reference Count : 1]<UL><LI> startup_stm32f10x_cl.o(RESET)
</UL>
<P><STRONG><a name="[b]"></a>PVD_IRQHandler</STRONG> (Thumb, 0 bytes, Stack size 0 bytes, startup_stm32f10x_cl.o(.text))
<BR>[Address Reference Count : 1]<UL><LI> startup_stm32f10x_cl.o(RESET)
</UL>
<P><STRONG><a name="[f]"></a>RCC_IRQHandler</STRONG> (Thumb, 0 bytes, Stack size 0 bytes, startup_stm32f10x_cl.o(.text))
<BR>[Address Reference Count : 1]<UL><LI> startup_stm32f10x_cl.o(RESET)
</UL>
<P><STRONG><a name="[33]"></a>RTCAlarm_IRQHandler</STRONG> (Thumb, 0 bytes, Stack size 0 bytes, startup_stm32f10x_cl.o(.text))
<BR>[Address Reference Count : 1]<UL><LI> startup_stm32f10x_cl.o(RESET)
</UL>
<P><STRONG><a name="[d]"></a>RTC_IRQHandler</STRONG> (Thumb, 0 bytes, Stack size 0 bytes, startup_stm32f10x_cl.o(.text))
<BR>[Address Reference Count : 1]<UL><LI> startup_stm32f10x_cl.o(RESET)
</UL>
<P><STRONG><a name="[2d]"></a>SPI1_IRQHandler</STRONG> (Thumb, 0 bytes, Stack size 0 bytes, startup_stm32f10x_cl.o(.text))
<BR>[Address Reference Count : 1]<UL><LI> startup_stm32f10x_cl.o(RESET)
</UL>
<P><STRONG><a name="[2e]"></a>SPI2_IRQHandler</STRONG> (Thumb, 0 bytes, Stack size 0 bytes, startup_stm32f10x_cl.o(.text))
<BR>[Address Reference Count : 1]<UL><LI> startup_stm32f10x_cl.o(RESET)
</UL>
<P><STRONG><a name="[36]"></a>SPI3_IRQHandler</STRONG> (Thumb, 0 bytes, Stack size 0 bytes, startup_stm32f10x_cl.o(.text))
<BR>[Address Reference Count : 1]<UL><LI> startup_stm32f10x_cl.o(RESET)
</UL>
<P><STRONG><a name="[c]"></a>TAMPER_IRQHandler</STRONG> (Thumb, 0 bytes, Stack size 0 bytes, startup_stm32f10x_cl.o(.text))
<BR>[Address Reference Count : 1]<UL><LI> startup_stm32f10x_cl.o(RESET)
</UL>
<P><STRONG><a name="[22]"></a>TIM1_BRK_IRQHandler</STRONG> (Thumb, 0 bytes, Stack size 0 bytes, startup_stm32f10x_cl.o(.text))
<BR>[Address Reference Count : 1]<UL><LI> startup_stm32f10x_cl.o(RESET)
</UL>
<P><STRONG><a name="[25]"></a>TIM1_CC_IRQHandler</STRONG> (Thumb, 0 bytes, Stack size 0 bytes, startup_stm32f10x_cl.o(.text))
<BR>[Address Reference Count : 1]<UL><LI> startup_stm32f10x_cl.o(RESET)
</UL>
<P><STRONG><a name="[24]"></a>TIM1_TRG_COM_IRQHandler</STRONG> (Thumb, 0 bytes, Stack size 0 bytes, startup_stm32f10x_cl.o(.text))
<BR>[Address Reference Count : 1]<UL><LI> startup_stm32f10x_cl.o(RESET)
</UL>
<P><STRONG><a name="[23]"></a>TIM1_UP_IRQHandler</STRONG> (Thumb, 0 bytes, Stack size 0 bytes, startup_stm32f10x_cl.o(.text))
<BR>[Address Reference Count : 1]<UL><LI> startup_stm32f10x_cl.o(RESET)
</UL>
<P><STRONG><a name="[26]"></a>TIM2_IRQHandler</STRONG> (Thumb, 0 bytes, Stack size 0 bytes, startup_stm32f10x_cl.o(.text))
<BR>[Address Reference Count : 1]<UL><LI> startup_stm32f10x_cl.o(RESET)
</UL>
<P><STRONG><a name="[27]"></a>TIM3_IRQHandler</STRONG> (Thumb, 0 bytes, Stack size 0 bytes, startup_stm32f10x_cl.o(.text))
<BR>[Address Reference Count : 1]<UL><LI> startup_stm32f10x_cl.o(RESET)
</UL>
<P><STRONG><a name="[28]"></a>TIM4_IRQHandler</STRONG> (Thumb, 0 bytes, Stack size 0 bytes, startup_stm32f10x_cl.o(.text))
<BR>[Address Reference Count : 1]<UL><LI> startup_stm32f10x_cl.o(RESET)
</UL>
<P><STRONG><a name="[35]"></a>TIM5_IRQHandler</STRONG> (Thumb, 0 bytes, Stack size 0 bytes, startup_stm32f10x_cl.o(.text))
<BR>[Address Reference Count : 1]<UL><LI> startup_stm32f10x_cl.o(RESET)
</UL>
<P><STRONG><a name="[39]"></a>TIM6_IRQHandler</STRONG> (Thumb, 0 bytes, Stack size 0 bytes, startup_stm32f10x_cl.o(.text))
<BR>[Address Reference Count : 1]<UL><LI> startup_stm32f10x_cl.o(RESET)
</UL>
<P><STRONG><a name="[3a]"></a>TIM7_IRQHandler</STRONG> (Thumb, 0 bytes, Stack size 0 bytes, startup_stm32f10x_cl.o(.text))
<BR>[Address Reference Count : 1]<UL><LI> startup_stm32f10x_cl.o(RESET)
</UL>
<P><STRONG><a name="[37]"></a>UART4_IRQHandler</STRONG> (Thumb, 0 bytes, Stack size 0 bytes, startup_stm32f10x_cl.o(.text))
<BR>[Address Reference Count : 1]<UL><LI> startup_stm32f10x_cl.o(RESET)
</UL>
<P><STRONG><a name="[38]"></a>UART5_IRQHandler</STRONG> (Thumb, 0 bytes, Stack size 0 bytes, startup_stm32f10x_cl.o(.text))
<BR>[Address Reference Count : 1]<UL><LI> startup_stm32f10x_cl.o(RESET)
</UL>
<P><STRONG><a name="[2f]"></a>USART1_IRQHandler</STRONG> (Thumb, 0 bytes, Stack size 0 bytes, startup_stm32f10x_cl.o(.text))
<BR>[Address Reference Count : 1]<UL><LI> startup_stm32f10x_cl.o(RESET)
</UL>
<P><STRONG><a name="[30]"></a>USART2_IRQHandler</STRONG> (Thumb, 0 bytes, Stack size 0 bytes, startup_stm32f10x_cl.o(.text))
<BR>[Address Reference Count : 1]<UL><LI> startup_stm32f10x_cl.o(RESET)
</UL>
<P><STRONG><a name="[31]"></a>USART3_IRQHandler</STRONG> (Thumb, 0 bytes, Stack size 0 bytes, startup_stm32f10x_cl.o(.text))
<BR>[Address Reference Count : 1]<UL><LI> startup_stm32f10x_cl.o(RESET)
</UL>
<P><STRONG><a name="[a]"></a>WWDG_IRQHandler</STRONG> (Thumb, 0 bytes, Stack size 0 bytes, startup_stm32f10x_cl.o(.text))
<BR>[Address Reference Count : 1]<UL><LI> startup_stm32f10x_cl.o(RESET)
</UL>
<P><STRONG><a name="[69]"></a>rand</STRONG> (Thumb, 20 bytes, Stack size 0 bytes, rand.o(.text))
<BR><BR>[Called By]<UL><LI><a href="#[73]">&gt;&gt;</a>&nbsp;&nbsp;&nbsp;APP_TestRegisterAccess
<LI><a href="#[72]">&gt;&gt;</a>&nbsp;&nbsp;&nbsp;APP_TestRamAccess
<LI><a href="#[67]">&gt;&gt;</a>&nbsp;&nbsp;&nbsp;APP_PayLoad_Tasks
</UL>

<P><STRONG><a name="[89]"></a>srand</STRONG> (Thumb, 6 bytes, Stack size 0 bytes, rand.o(.text), UNUSED)

<P><STRONG><a name="[7d]"></a>__aeabi_memcpy</STRONG> (Thumb, 36 bytes, Stack size 0 bytes, memcpya.o(.text))
<BR><BR>[Called By]<UL><LI><a href="#[77]">&gt;&gt;</a>&nbsp;&nbsp;&nbsp;DRV_CANFDSPI_TransmitChannelLoad
<LI><a href="#[6e]">&gt;&gt;</a>&nbsp;&nbsp;&nbsp;DRV_CANFDSPI_ReceiveMessageGet
</UL>

<P><STRONG><a name="[8a]"></a>__aeabi_memcpy4</STRONG> (Thumb, 0 bytes, Stack size 0 bytes, memcpya.o(.text), UNUSED)

<P><STRONG><a name="[8b]"></a>__aeabi_memcpy8</STRONG> (Thumb, 0 bytes, Stack size 0 bytes, memcpya.o(.text), UNUSED)

<P><STRONG><a name="[4d]"></a>__aeabi_memset</STRONG> (Thumb, 14 bytes, Stack size 0 bytes, memseta.o(.text))
<BR><BR>[Called By]<UL><LI><a href="#[4e]">&gt;&gt;</a>&nbsp;&nbsp;&nbsp;_memset$wrapper
<LI><a href="#[4c]">&gt;&gt;</a>&nbsp;&nbsp;&nbsp;__aeabi_memclr
<LI><a href="#[53]">&gt;&gt;</a>&nbsp;&nbsp;&nbsp;DRV_CANFDSPI_RamInit
</UL>

<P><STRONG><a name="[6b]"></a>__aeabi_memset4</STRONG> (Thumb, 0 bytes, Stack size 0 bytes, memseta.o(.text))
<BR><BR>[Called By]<UL><LI><a href="#[67]">&gt;&gt;</a>&nbsp;&nbsp;&nbsp;APP_PayLoad_Tasks
</UL>

<P><STRONG><a name="[8c]"></a>__aeabi_memset8</STRONG> (Thumb, 0 bytes, Stack size 0 bytes, memseta.o(.text), UNUSED)

<P><STRONG><a name="[4c]"></a>__aeabi_memclr</STRONG> (Thumb, 4 bytes, Stack size 0 bytes, memseta.o(.text))
<BR><BR>[Calls]<UL><LI><a href="#[4d]">&gt;&gt;</a>&nbsp;&nbsp;&nbsp;__aeabi_memset
</UL>
<BR>[Called By]<UL><LI><a href="#[77]">&gt;&gt;</a>&nbsp;&nbsp;&nbsp;DRV_CANFDSPI_TransmitChannelLoad
<LI><a href="#[75]">&gt;&gt;</a>&nbsp;&nbsp;&nbsp;DRV_CANFDSPI_ReadByteArray
<LI><a href="#[6e]">&gt;&gt;</a>&nbsp;&nbsp;&nbsp;DRV_CANFDSPI_ReceiveMessageGet
</UL>

<P><STRONG><a name="[8d]"></a>__aeabi_memclr4</STRONG> (Thumb, 0 bytes, Stack size 0 bytes, memseta.o(.text), UNUSED)

<P><STRONG><a name="[8e]"></a>__aeabi_memclr8</STRONG> (Thumb, 0 bytes, Stack size 0 bytes, memseta.o(.text), UNUSED)

<P><STRONG><a name="[4e]"></a>_memset$wrapper</STRONG> (Thumb, 18 bytes, Stack size 8 bytes, memseta.o(.text), UNUSED)
<BR><BR>[Calls]<UL><LI><a href="#[4d]">&gt;&gt;</a>&nbsp;&nbsp;&nbsp;__aeabi_memset
</UL>

<P><STRONG><a name="[4b]"></a>__scatterload</STRONG> (Thumb, 28 bytes, Stack size 0 bytes, init.o(.text))
<BR><BR>[Calls]<UL><LI><a href="#[4f]">&gt;&gt;</a>&nbsp;&nbsp;&nbsp;__main_after_scatterload
</UL>
<BR>[Called By]<UL><LI><a href="#[4a]">&gt;&gt;</a>&nbsp;&nbsp;&nbsp;_main_scatterload
</UL>

<P><STRONG><a name="[8f]"></a>__scatterload_rt2</STRONG> (Thumb, 0 bytes, Stack size 0 bytes, init.o(.text), UNUSED)

<P><STRONG><a name="[50]"></a>APP_CANFDSPI_Init</STRONG> (Thumb, 240 bytes, Stack size 8 bytes, app.o(.text.APP_CANFDSPI_Init))
<BR><BR>[Stack]<UL><LI>Max Depth = 80<LI>Call Chain = APP_CANFDSPI_Init &rArr; DRV_CANFDSPI_BitTimeConfigure &rArr; DRV_CANFDSPI_BitTimeConfigureData10MHz &rArr; DRV_SPI_TransferData
</UL>
<BR>[Calls]<UL><LI><a href="#[61]">&gt;&gt;</a>&nbsp;&nbsp;&nbsp;DRV_CANFDSPI_OperationModeSelect
<LI><a href="#[60]">&gt;&gt;</a>&nbsp;&nbsp;&nbsp;DRV_CANFDSPI_ModuleEventEnable
<LI><a href="#[5f]">&gt;&gt;</a>&nbsp;&nbsp;&nbsp;DRV_CANFDSPI_ReceiveChannelEventEnable
<LI><a href="#[5e]">&gt;&gt;</a>&nbsp;&nbsp;&nbsp;DRV_CANFDSPI_GpioModeConfigure
<LI><a href="#[5d]">&gt;&gt;</a>&nbsp;&nbsp;&nbsp;DRV_CANFDSPI_BitTimeConfigure
<LI><a href="#[5c]">&gt;&gt;</a>&nbsp;&nbsp;&nbsp;DRV_CANFDSPI_FilterToFifoLink
<LI><a href="#[5b]">&gt;&gt;</a>&nbsp;&nbsp;&nbsp;DRV_CANFDSPI_FilterMaskConfigure
<LI><a href="#[5a]">&gt;&gt;</a>&nbsp;&nbsp;&nbsp;DRV_CANFDSPI_FilterObjectConfigure
<LI><a href="#[59]">&gt;&gt;</a>&nbsp;&nbsp;&nbsp;DRV_CANFDSPI_ReceiveChannelConfigure
<LI><a href="#[58]">&gt;&gt;</a>&nbsp;&nbsp;&nbsp;DRV_CANFDSPI_ReceiveChannelConfigureObjectReset
<LI><a href="#[57]">&gt;&gt;</a>&nbsp;&nbsp;&nbsp;DRV_CANFDSPI_TransmitChannelConfigure
<LI><a href="#[56]">&gt;&gt;</a>&nbsp;&nbsp;&nbsp;DRV_CANFDSPI_TransmitChannelConfigureObjectReset
<LI><a href="#[55]">&gt;&gt;</a>&nbsp;&nbsp;&nbsp;DRV_CANFDSPI_Configure
<LI><a href="#[54]">&gt;&gt;</a>&nbsp;&nbsp;&nbsp;DRV_CANFDSPI_ConfigureObjectReset
<LI><a href="#[53]">&gt;&gt;</a>&nbsp;&nbsp;&nbsp;DRV_CANFDSPI_RamInit
<LI><a href="#[52]">&gt;&gt;</a>&nbsp;&nbsp;&nbsp;DRV_CANFDSPI_EccEnable
<LI><a href="#[51]">&gt;&gt;</a>&nbsp;&nbsp;&nbsp;DRV_CANFDSPI_Reset
</UL>
<BR>[Called By]<UL><LI><a href="#[71]">&gt;&gt;</a>&nbsp;&nbsp;&nbsp;APP_Tasks
</UL>

<P><STRONG><a name="[62]"></a>APP_Initialize</STRONG> (Thumb, 164 bytes, Stack size 24 bytes, app.o(.text.APP_Initialize))
<BR><BR>[Stack]<UL><LI>Max Depth = 96<LI>Call Chain = APP_Initialize &rArr; DRV_SPI_Initialize &rArr; GPIO_Init
</UL>
<BR>[Calls]<UL><LI><a href="#[66]">&gt;&gt;</a>&nbsp;&nbsp;&nbsp;GPIO_Init
<LI><a href="#[65]">&gt;&gt;</a>&nbsp;&nbsp;&nbsp;GPIO_PinRemapConfig
<LI><a href="#[64]">&gt;&gt;</a>&nbsp;&nbsp;&nbsp;RCC_APB2PeriphClockCmd
<LI><a href="#[63]">&gt;&gt;</a>&nbsp;&nbsp;&nbsp;DRV_SPI_Initialize
</UL>
<BR>[Called By]<UL><LI><a href="#[47]">&gt;&gt;</a>&nbsp;&nbsp;&nbsp;main
</UL>

<P><STRONG><a name="[67]"></a>APP_PayLoad_Tasks</STRONG> (Thumb, 206 bytes, Stack size 16 bytes, app.o(.text.APP_PayLoad_Tasks))
<BR><BR>[Stack]<UL><LI>Max Depth = 200<LI>Call Chain = APP_PayLoad_Tasks &rArr; APP_TransmitMessageQueue &rArr; DRV_CANFDSPI_TransmitChannelLoad &rArr; DRV_SPI_TransferData
</UL>
<BR>[Calls]<UL><LI><a href="#[6b]">&gt;&gt;</a>&nbsp;&nbsp;&nbsp;__aeabi_memset4
<LI><a href="#[69]">&gt;&gt;</a>&nbsp;&nbsp;&nbsp;rand
<LI><a href="#[68]">&gt;&gt;</a>&nbsp;&nbsp;&nbsp;DRV_CANFDSPI_DlcToDataBytes
<LI><a href="#[6a]">&gt;&gt;</a>&nbsp;&nbsp;&nbsp;APP_TransmitMessageQueue
</UL>
<BR>[Called By]<UL><LI><a href="#[71]">&gt;&gt;</a>&nbsp;&nbsp;&nbsp;APP_Tasks
</UL>

<P><STRONG><a name="[6c]"></a>APP_ReceiveMessage_Tasks</STRONG> (Thumb, 406 bytes, Stack size 32 bytes, app.o(.text.APP_ReceiveMessage_Tasks))
<BR><BR>[Stack]<UL><LI>Max Depth = 216<LI>Call Chain = APP_ReceiveMessage_Tasks &rArr; APP_TransmitMessageQueue &rArr; DRV_CANFDSPI_TransmitChannelLoad &rArr; DRV_SPI_TransferData
</UL>
<BR>[Calls]<UL><LI><a href="#[6e]">&gt;&gt;</a>&nbsp;&nbsp;&nbsp;DRV_CANFDSPI_ReceiveMessageGet
<LI><a href="#[6a]">&gt;&gt;</a>&nbsp;&nbsp;&nbsp;APP_TransmitMessageQueue
<LI><a href="#[6d]">&gt;&gt;</a>&nbsp;&nbsp;&nbsp;GPIO_ReadInputDataBit
<LI><a href="#[6f]">&gt;&gt;</a>&nbsp;&nbsp;&nbsp;GPIO_ResetBits
<LI><a href="#[70]">&gt;&gt;</a>&nbsp;&nbsp;&nbsp;GPIO_SetBits
</UL>
<BR>[Called By]<UL><LI><a href="#[71]">&gt;&gt;</a>&nbsp;&nbsp;&nbsp;APP_Tasks
</UL>

<P><STRONG><a name="[71]"></a>APP_Tasks</STRONG> (Thumb, 530 bytes, Stack size 40 bytes, app.o(.text.APP_Tasks))
<BR><BR>[Stack]<UL><LI>Max Depth = 256<LI>Call Chain = APP_Tasks &rArr; APP_ReceiveMessage_Tasks &rArr; APP_TransmitMessageQueue &rArr; DRV_CANFDSPI_TransmitChannelLoad &rArr; DRV_SPI_TransferData
</UL>
<BR>[Calls]<UL><LI><a href="#[6a]">&gt;&gt;</a>&nbsp;&nbsp;&nbsp;APP_TransmitMessageQueue
<LI><a href="#[6d]">&gt;&gt;</a>&nbsp;&nbsp;&nbsp;GPIO_ReadInputDataBit
<LI><a href="#[73]">&gt;&gt;</a>&nbsp;&nbsp;&nbsp;APP_TestRegisterAccess
<LI><a href="#[72]">&gt;&gt;</a>&nbsp;&nbsp;&nbsp;APP_TestRamAccess
<LI><a href="#[67]">&gt;&gt;</a>&nbsp;&nbsp;&nbsp;APP_PayLoad_Tasks
<LI><a href="#[6c]">&gt;&gt;</a>&nbsp;&nbsp;&nbsp;APP_ReceiveMessage_Tasks
<LI><a href="#[50]">&gt;&gt;</a>&nbsp;&nbsp;&nbsp;APP_CANFDSPI_Init
<LI><a href="#[6f]">&gt;&gt;</a>&nbsp;&nbsp;&nbsp;GPIO_ResetBits
<LI><a href="#[70]">&gt;&gt;</a>&nbsp;&nbsp;&nbsp;GPIO_SetBits
</UL>
<BR>[Called By]<UL><LI><a href="#[47]">&gt;&gt;</a>&nbsp;&nbsp;&nbsp;main
</UL>

<P><STRONG><a name="[72]"></a>APP_TestRamAccess</STRONG> (Thumb, 178 bytes, Stack size 40 bytes, app.o(.text.APP_TestRamAccess))
<BR><BR>[Stack]<UL><LI>Max Depth = 96<LI>Call Chain = APP_TestRamAccess &rArr; DRV_CANFDSPI_ReadByteArray &rArr; DRV_SPI_TransferData
</UL>
<BR>[Calls]<UL><LI><a href="#[69]">&gt;&gt;</a>&nbsp;&nbsp;&nbsp;rand
<LI><a href="#[75]">&gt;&gt;</a>&nbsp;&nbsp;&nbsp;DRV_CANFDSPI_ReadByteArray
<LI><a href="#[74]">&gt;&gt;</a>&nbsp;&nbsp;&nbsp;DRV_CANFDSPI_WriteByteArray
</UL>
<BR>[Called By]<UL><LI><a href="#[71]">&gt;&gt;</a>&nbsp;&nbsp;&nbsp;APP_Tasks
</UL>

<P><STRONG><a name="[73]"></a>APP_TestRegisterAccess</STRONG> (Thumb, 186 bytes, Stack size 40 bytes, app.o(.text.APP_TestRegisterAccess))
<BR><BR>[Stack]<UL><LI>Max Depth = 96<LI>Call Chain = APP_TestRegisterAccess &rArr; DRV_CANFDSPI_ReadByteArray &rArr; DRV_SPI_TransferData
</UL>
<BR>[Calls]<UL><LI><a href="#[69]">&gt;&gt;</a>&nbsp;&nbsp;&nbsp;rand
<LI><a href="#[75]">&gt;&gt;</a>&nbsp;&nbsp;&nbsp;DRV_CANFDSPI_ReadByteArray
<LI><a href="#[74]">&gt;&gt;</a>&nbsp;&nbsp;&nbsp;DRV_CANFDSPI_WriteByteArray
</UL>
<BR>[Called By]<UL><LI><a href="#[71]">&gt;&gt;</a>&nbsp;&nbsp;&nbsp;APP_Tasks
</UL>

<P><STRONG><a name="[6a]"></a>APP_TransmitMessageQueue</STRONG> (Thumb, 154 bytes, Stack size 24 bytes, app.o(.text.APP_TransmitMessageQueue))
<BR><BR>[Stack]<UL><LI>Max Depth = 184<LI>Call Chain = APP_TransmitMessageQueue &rArr; DRV_CANFDSPI_TransmitChannelLoad &rArr; DRV_SPI_TransferData
</UL>
<BR>[Calls]<UL><LI><a href="#[78]">&gt;&gt;</a>&nbsp;&nbsp;&nbsp;DRV_CANFDSPI_ErrorCountStateGet
<LI><a href="#[77]">&gt;&gt;</a>&nbsp;&nbsp;&nbsp;DRV_CANFDSPI_TransmitChannelLoad
<LI><a href="#[76]">&gt;&gt;</a>&nbsp;&nbsp;&nbsp;DRV_CANFDSPI_TransmitChannelEventGet
<LI><a href="#[68]">&gt;&gt;</a>&nbsp;&nbsp;&nbsp;DRV_CANFDSPI_DlcToDataBytes
<LI><a href="#[6f]">&gt;&gt;</a>&nbsp;&nbsp;&nbsp;GPIO_ResetBits
<LI><a href="#[70]">&gt;&gt;</a>&nbsp;&nbsp;&nbsp;GPIO_SetBits
</UL>
<BR>[Called By]<UL><LI><a href="#[67]">&gt;&gt;</a>&nbsp;&nbsp;&nbsp;APP_PayLoad_Tasks
<LI><a href="#[6c]">&gt;&gt;</a>&nbsp;&nbsp;&nbsp;APP_ReceiveMessage_Tasks
<LI><a href="#[71]">&gt;&gt;</a>&nbsp;&nbsp;&nbsp;APP_Tasks
</UL>

<P><STRONG><a name="[5d]"></a>DRV_CANFDSPI_BitTimeConfigure</STRONG> (Thumb, 446 bytes, Stack size 16 bytes, drv_canfdspi_api.o(.text.DRV_CANFDSPI_BitTimeConfigure))
<BR><BR>[Stack]<UL><LI>Max Depth = 72<LI>Call Chain = DRV_CANFDSPI_BitTimeConfigure &rArr; DRV_CANFDSPI_BitTimeConfigureData10MHz &rArr; DRV_SPI_TransferData
</UL>
<BR>[Calls]<UL><LI><a href="#[7c]">&gt;&gt;</a>&nbsp;&nbsp;&nbsp;DRV_CANFDSPI_BitTimeConfigureData10MHz
<LI><a href="#[7b]">&gt;&gt;</a>&nbsp;&nbsp;&nbsp;DRV_CANFDSPI_BitTimeConfigureData20MHz
<LI><a href="#[7a]">&gt;&gt;</a>&nbsp;&nbsp;&nbsp;DRV_CANFDSPI_BitTimeConfigureData40MHz
<LI><a href="#[79]">&gt;&gt;</a>&nbsp;&nbsp;&nbsp;DRV_SPI_TransferData
</UL>
<BR>[Called By]<UL><LI><a href="#[50]">&gt;&gt;</a>&nbsp;&nbsp;&nbsp;APP_CANFDSPI_Init
</UL>

<P><STRONG><a name="[7c]"></a>DRV_CANFDSPI_BitTimeConfigureData10MHz</STRONG> (Thumb, 232 bytes, Stack size 24 bytes, drv_canfdspi_api.o(.text.DRV_CANFDSPI_BitTimeConfigureData10MHz))
<BR><BR>[Stack]<UL><LI>Max Depth = 56<LI>Call Chain = DRV_CANFDSPI_BitTimeConfigureData10MHz &rArr; DRV_SPI_TransferData
</UL>
<BR>[Calls]<UL><LI><a href="#[79]">&gt;&gt;</a>&nbsp;&nbsp;&nbsp;DRV_SPI_TransferData
</UL>
<BR>[Called By]<UL><LI><a href="#[5d]">&gt;&gt;</a>&nbsp;&nbsp;&nbsp;DRV_CANFDSPI_BitTimeConfigure
</UL>

<P><STRONG><a name="[7b]"></a>DRV_CANFDSPI_BitTimeConfigureData20MHz</STRONG> (Thumb, 220 bytes, Stack size 24 bytes, drv_canfdspi_api.o(.text.DRV_CANFDSPI_BitTimeConfigureData20MHz))
<BR><BR>[Stack]<UL><LI>Max Depth = 56<LI>Call Chain = DRV_CANFDSPI_BitTimeConfigureData20MHz &rArr; DRV_SPI_TransferData
</UL>
<BR>[Calls]<UL><LI><a href="#[79]">&gt;&gt;</a>&nbsp;&nbsp;&nbsp;DRV_SPI_TransferData
</UL>
<BR>[Called By]<UL><LI><a href="#[5d]">&gt;&gt;</a>&nbsp;&nbsp;&nbsp;DRV_CANFDSPI_BitTimeConfigure
</UL>

<P><STRONG><a name="[7a]"></a>DRV_CANFDSPI_BitTimeConfigureData40MHz</STRONG> (Thumb, 240 bytes, Stack size 24 bytes, drv_canfdspi_api.o(.text.DRV_CANFDSPI_BitTimeConfigureData40MHz))
<BR><BR>[Stack]<UL><LI>Max Depth = 56<LI>Call Chain = DRV_CANFDSPI_BitTimeConfigureData40MHz &rArr; DRV_SPI_TransferData
</UL>
<BR>[Calls]<UL><LI><a href="#[79]">&gt;&gt;</a>&nbsp;&nbsp;&nbsp;DRV_SPI_TransferData
</UL>
<BR>[Called By]<UL><LI><a href="#[5d]">&gt;&gt;</a>&nbsp;&nbsp;&nbsp;DRV_CANFDSPI_BitTimeConfigure
</UL>

<P><STRONG><a name="[55]"></a>DRV_CANFDSPI_Configure</STRONG> (Thumb, 114 bytes, Stack size 8 bytes, drv_canfdspi_api.o(.text.DRV_CANFDSPI_Configure))
<BR><BR>[Stack]<UL><LI>Max Depth = 40<LI>Call Chain = DRV_CANFDSPI_Configure &rArr; DRV_SPI_TransferData
</UL>
<BR>[Calls]<UL><LI><a href="#[79]">&gt;&gt;</a>&nbsp;&nbsp;&nbsp;DRV_SPI_TransferData
</UL>
<BR>[Called By]<UL><LI><a href="#[50]">&gt;&gt;</a>&nbsp;&nbsp;&nbsp;APP_CANFDSPI_Init
</UL>

<P><STRONG><a name="[54]"></a>DRV_CANFDSPI_ConfigureObjectReset</STRONG> (Thumb, 20 bytes, Stack size 0 bytes, drv_canfdspi_api.o(.text.DRV_CANFDSPI_ConfigureObjectReset))
<BR><BR>[Called By]<UL><LI><a href="#[50]">&gt;&gt;</a>&nbsp;&nbsp;&nbsp;APP_CANFDSPI_Init
</UL>

<P><STRONG><a name="[68]"></a>DRV_CANFDSPI_DlcToDataBytes</STRONG> (Thumb, 38 bytes, Stack size 0 bytes, drv_canfdspi_api.o(.text.DRV_CANFDSPI_DlcToDataBytes))
<BR><BR>[Called By]<UL><LI><a href="#[6a]">&gt;&gt;</a>&nbsp;&nbsp;&nbsp;APP_TransmitMessageQueue
<LI><a href="#[67]">&gt;&gt;</a>&nbsp;&nbsp;&nbsp;APP_PayLoad_Tasks
</UL>

<P><STRONG><a name="[52]"></a>DRV_CANFDSPI_EccEnable</STRONG> (Thumb, 88 bytes, Stack size 16 bytes, drv_canfdspi_api.o(.text.DRV_CANFDSPI_EccEnable))
<BR><BR>[Stack]<UL><LI>Max Depth = 48<LI>Call Chain = DRV_CANFDSPI_EccEnable &rArr; DRV_SPI_TransferData
</UL>
<BR>[Calls]<UL><LI><a href="#[79]">&gt;&gt;</a>&nbsp;&nbsp;&nbsp;DRV_SPI_TransferData
</UL>
<BR>[Called By]<UL><LI><a href="#[50]">&gt;&gt;</a>&nbsp;&nbsp;&nbsp;APP_CANFDSPI_Init
</UL>

<P><STRONG><a name="[78]"></a>DRV_CANFDSPI_ErrorCountStateGet</STRONG> (Thumb, 128 bytes, Stack size 32 bytes, drv_canfdspi_api.o(.text.DRV_CANFDSPI_ErrorCountStateGet))
<BR><BR>[Stack]<UL><LI>Max Depth = 64<LI>Call Chain = DRV_CANFDSPI_ErrorCountStateGet &rArr; DRV_SPI_TransferData
</UL>
<BR>[Calls]<UL><LI><a href="#[79]">&gt;&gt;</a>&nbsp;&nbsp;&nbsp;DRV_SPI_TransferData
</UL>
<BR>[Called By]<UL><LI><a href="#[6a]">&gt;&gt;</a>&nbsp;&nbsp;&nbsp;APP_TransmitMessageQueue
</UL>

<P><STRONG><a name="[5b]"></a>DRV_CANFDSPI_FilterMaskConfigure</STRONG> (Thumb, 80 bytes, Stack size 8 bytes, drv_canfdspi_api.o(.text.DRV_CANFDSPI_FilterMaskConfigure))
<BR><BR>[Stack]<UL><LI>Max Depth = 40<LI>Call Chain = DRV_CANFDSPI_FilterMaskConfigure &rArr; DRV_SPI_TransferData
</UL>
<BR>[Calls]<UL><LI><a href="#[79]">&gt;&gt;</a>&nbsp;&nbsp;&nbsp;DRV_SPI_TransferData
</UL>
<BR>[Called By]<UL><LI><a href="#[50]">&gt;&gt;</a>&nbsp;&nbsp;&nbsp;APP_CANFDSPI_Init
</UL>

<P><STRONG><a name="[5a]"></a>DRV_CANFDSPI_FilterObjectConfigure</STRONG> (Thumb, 80 bytes, Stack size 8 bytes, drv_canfdspi_api.o(.text.DRV_CANFDSPI_FilterObjectConfigure))
<BR><BR>[Stack]<UL><LI>Max Depth = 40<LI>Call Chain = DRV_CANFDSPI_FilterObjectConfigure &rArr; DRV_SPI_TransferData
</UL>
<BR>[Calls]<UL><LI><a href="#[79]">&gt;&gt;</a>&nbsp;&nbsp;&nbsp;DRV_SPI_TransferData
</UL>
<BR>[Called By]<UL><LI><a href="#[50]">&gt;&gt;</a>&nbsp;&nbsp;&nbsp;APP_CANFDSPI_Init
</UL>

<P><STRONG><a name="[5c]"></a>DRV_CANFDSPI_FilterToFifoLink</STRONG> (Thumb, 48 bytes, Stack size 0 bytes, drv_canfdspi_api.o(.text.DRV_CANFDSPI_FilterToFifoLink))
<BR><BR>[Stack]<UL><LI>Max Depth = 32<LI>Call Chain = DRV_CANFDSPI_FilterToFifoLink &rArr; DRV_SPI_TransferData
</UL>
<BR>[Calls]<UL><LI><a href="#[79]">&gt;&gt;</a>&nbsp;&nbsp;&nbsp;DRV_SPI_TransferData
</UL>
<BR>[Called By]<UL><LI><a href="#[50]">&gt;&gt;</a>&nbsp;&nbsp;&nbsp;APP_CANFDSPI_Init
</UL>

<P><STRONG><a name="[5e]"></a>DRV_CANFDSPI_GpioModeConfigure</STRONG> (Thumb, 108 bytes, Stack size 24 bytes, drv_canfdspi_api.o(.text.DRV_CANFDSPI_GpioModeConfigure))
<BR><BR>[Stack]<UL><LI>Max Depth = 56<LI>Call Chain = DRV_CANFDSPI_GpioModeConfigure &rArr; DRV_SPI_TransferData
</UL>
<BR>[Calls]<UL><LI><a href="#[79]">&gt;&gt;</a>&nbsp;&nbsp;&nbsp;DRV_SPI_TransferData
</UL>
<BR>[Called By]<UL><LI><a href="#[50]">&gt;&gt;</a>&nbsp;&nbsp;&nbsp;APP_CANFDSPI_Init
</UL>

<P><STRONG><a name="[60]"></a>DRV_CANFDSPI_ModuleEventEnable</STRONG> (Thumb, 148 bytes, Stack size 24 bytes, drv_canfdspi_api.o(.text.DRV_CANFDSPI_ModuleEventEnable))
<BR><BR>[Stack]<UL><LI>Max Depth = 56<LI>Call Chain = DRV_CANFDSPI_ModuleEventEnable &rArr; DRV_SPI_TransferData
</UL>
<BR>[Calls]<UL><LI><a href="#[79]">&gt;&gt;</a>&nbsp;&nbsp;&nbsp;DRV_SPI_TransferData
</UL>
<BR>[Called By]<UL><LI><a href="#[50]">&gt;&gt;</a>&nbsp;&nbsp;&nbsp;APP_CANFDSPI_Init
</UL>

<P><STRONG><a name="[61]"></a>DRV_CANFDSPI_OperationModeSelect</STRONG> (Thumb, 94 bytes, Stack size 24 bytes, drv_canfdspi_api.o(.text.DRV_CANFDSPI_OperationModeSelect))
<BR><BR>[Stack]<UL><LI>Max Depth = 56<LI>Call Chain = DRV_CANFDSPI_OperationModeSelect &rArr; DRV_SPI_TransferData
</UL>
<BR>[Calls]<UL><LI><a href="#[79]">&gt;&gt;</a>&nbsp;&nbsp;&nbsp;DRV_SPI_TransferData
</UL>
<BR>[Called By]<UL><LI><a href="#[50]">&gt;&gt;</a>&nbsp;&nbsp;&nbsp;APP_CANFDSPI_Init
</UL>

<P><STRONG><a name="[53]"></a>DRV_CANFDSPI_RamInit</STRONG> (Thumb, 96 bytes, Stack size 40 bytes, drv_canfdspi_api.o(.text.DRV_CANFDSPI_RamInit))
<BR><BR>[Stack]<UL><LI>Max Depth = 72<LI>Call Chain = DRV_CANFDSPI_RamInit &rArr; DRV_SPI_TransferData
</UL>
<BR>[Calls]<UL><LI><a href="#[4d]">&gt;&gt;</a>&nbsp;&nbsp;&nbsp;__aeabi_memset
<LI><a href="#[79]">&gt;&gt;</a>&nbsp;&nbsp;&nbsp;DRV_SPI_TransferData
</UL>
<BR>[Called By]<UL><LI><a href="#[50]">&gt;&gt;</a>&nbsp;&nbsp;&nbsp;APP_CANFDSPI_Init
</UL>

<P><STRONG><a name="[75]"></a>DRV_CANFDSPI_ReadByteArray</STRONG> (Thumb, 108 bytes, Stack size 24 bytes, drv_canfdspi_api.o(.text.DRV_CANFDSPI_ReadByteArray))
<BR><BR>[Stack]<UL><LI>Max Depth = 56<LI>Call Chain = DRV_CANFDSPI_ReadByteArray &rArr; DRV_SPI_TransferData
</UL>
<BR>[Calls]<UL><LI><a href="#[4c]">&gt;&gt;</a>&nbsp;&nbsp;&nbsp;__aeabi_memclr
<LI><a href="#[79]">&gt;&gt;</a>&nbsp;&nbsp;&nbsp;DRV_SPI_TransferData
</UL>
<BR>[Called By]<UL><LI><a href="#[73]">&gt;&gt;</a>&nbsp;&nbsp;&nbsp;APP_TestRegisterAccess
<LI><a href="#[72]">&gt;&gt;</a>&nbsp;&nbsp;&nbsp;APP_TestRamAccess
</UL>

<P><STRONG><a name="[59]"></a>DRV_CANFDSPI_ReceiveChannelConfigure</STRONG> (Thumb, 120 bytes, Stack size 8 bytes, drv_canfdspi_api.o(.text.DRV_CANFDSPI_ReceiveChannelConfigure))
<BR><BR>[Stack]<UL><LI>Max Depth = 40<LI>Call Chain = DRV_CANFDSPI_ReceiveChannelConfigure &rArr; DRV_SPI_TransferData
</UL>
<BR>[Calls]<UL><LI><a href="#[79]">&gt;&gt;</a>&nbsp;&nbsp;&nbsp;DRV_SPI_TransferData
</UL>
<BR>[Called By]<UL><LI><a href="#[50]">&gt;&gt;</a>&nbsp;&nbsp;&nbsp;APP_CANFDSPI_Init
</UL>

<P><STRONG><a name="[58]"></a>DRV_CANFDSPI_ReceiveChannelConfigureObjectReset</STRONG> (Thumb, 14 bytes, Stack size 0 bytes, drv_canfdspi_api.o(.text.DRV_CANFDSPI_ReceiveChannelConfigureObjectReset))
<BR><BR>[Called By]<UL><LI><a href="#[50]">&gt;&gt;</a>&nbsp;&nbsp;&nbsp;APP_CANFDSPI_Init
</UL>

<P><STRONG><a name="[5f]"></a>DRV_CANFDSPI_ReceiveChannelEventEnable</STRONG> (Thumb, 124 bytes, Stack size 32 bytes, drv_canfdspi_api.o(.text.DRV_CANFDSPI_ReceiveChannelEventEnable))
<BR><BR>[Stack]<UL><LI>Max Depth = 64<LI>Call Chain = DRV_CANFDSPI_ReceiveChannelEventEnable &rArr; DRV_SPI_TransferData
</UL>
<BR>[Calls]<UL><LI><a href="#[79]">&gt;&gt;</a>&nbsp;&nbsp;&nbsp;DRV_SPI_TransferData
</UL>
<BR>[Called By]<UL><LI><a href="#[50]">&gt;&gt;</a>&nbsp;&nbsp;&nbsp;APP_CANFDSPI_Init
</UL>

<P><STRONG><a name="[6e]"></a>DRV_CANFDSPI_ReceiveMessageGet</STRONG> (Thumb, 398 bytes, Stack size 136 bytes, drv_canfdspi_api.o(.text.DRV_CANFDSPI_ReceiveMessageGet))
<BR><BR>[Stack]<UL><LI>Max Depth = 168<LI>Call Chain = DRV_CANFDSPI_ReceiveMessageGet &rArr; DRV_SPI_TransferData
</UL>
<BR>[Calls]<UL><LI><a href="#[4c]">&gt;&gt;</a>&nbsp;&nbsp;&nbsp;__aeabi_memclr
<LI><a href="#[7d]">&gt;&gt;</a>&nbsp;&nbsp;&nbsp;__aeabi_memcpy
<LI><a href="#[79]">&gt;&gt;</a>&nbsp;&nbsp;&nbsp;DRV_SPI_TransferData
</UL>
<BR>[Called By]<UL><LI><a href="#[6c]">&gt;&gt;</a>&nbsp;&nbsp;&nbsp;APP_ReceiveMessage_Tasks
</UL>

<P><STRONG><a name="[51]"></a>DRV_CANFDSPI_Reset</STRONG> (Thumb, 30 bytes, Stack size 0 bytes, drv_canfdspi_api.o(.text.DRV_CANFDSPI_Reset))
<BR><BR>[Stack]<UL><LI>Max Depth = 32<LI>Call Chain = DRV_CANFDSPI_Reset &rArr; DRV_SPI_TransferData
</UL>
<BR>[Calls]<UL><LI><a href="#[79]">&gt;&gt;</a>&nbsp;&nbsp;&nbsp;DRV_SPI_TransferData
</UL>
<BR>[Called By]<UL><LI><a href="#[50]">&gt;&gt;</a>&nbsp;&nbsp;&nbsp;APP_CANFDSPI_Init
</UL>

<P><STRONG><a name="[57]"></a>DRV_CANFDSPI_TransmitChannelConfigure</STRONG> (Thumb, 112 bytes, Stack size 8 bytes, drv_canfdspi_api.o(.text.DRV_CANFDSPI_TransmitChannelConfigure))
<BR><BR>[Stack]<UL><LI>Max Depth = 40<LI>Call Chain = DRV_CANFDSPI_TransmitChannelConfigure &rArr; DRV_SPI_TransferData
</UL>
<BR>[Calls]<UL><LI><a href="#[79]">&gt;&gt;</a>&nbsp;&nbsp;&nbsp;DRV_SPI_TransferData
</UL>
<BR>[Called By]<UL><LI><a href="#[50]">&gt;&gt;</a>&nbsp;&nbsp;&nbsp;APP_CANFDSPI_Init
</UL>

<P><STRONG><a name="[56]"></a>DRV_CANFDSPI_TransmitChannelConfigureObjectReset</STRONG> (Thumb, 10 bytes, Stack size 0 bytes, drv_canfdspi_api.o(.text.DRV_CANFDSPI_TransmitChannelConfigureObjectReset))
<BR><BR>[Called By]<UL><LI><a href="#[50]">&gt;&gt;</a>&nbsp;&nbsp;&nbsp;APP_CANFDSPI_Init
</UL>

<P><STRONG><a name="[76]"></a>DRV_CANFDSPI_TransmitChannelEventGet</STRONG> (Thumb, 74 bytes, Stack size 16 bytes, drv_canfdspi_api.o(.text.DRV_CANFDSPI_TransmitChannelEventGet))
<BR><BR>[Stack]<UL><LI>Max Depth = 48<LI>Call Chain = DRV_CANFDSPI_TransmitChannelEventGet &rArr; DRV_SPI_TransferData
</UL>
<BR>[Calls]<UL><LI><a href="#[79]">&gt;&gt;</a>&nbsp;&nbsp;&nbsp;DRV_SPI_TransferData
</UL>
<BR>[Called By]<UL><LI><a href="#[6a]">&gt;&gt;</a>&nbsp;&nbsp;&nbsp;APP_TransmitMessageQueue
</UL>

<P><STRONG><a name="[77]"></a>DRV_CANFDSPI_TransmitChannelLoad</STRONG> (Thumb, 418 bytes, Stack size 128 bytes, drv_canfdspi_api.o(.text.DRV_CANFDSPI_TransmitChannelLoad))
<BR><BR>[Stack]<UL><LI>Max Depth = 160<LI>Call Chain = DRV_CANFDSPI_TransmitChannelLoad &rArr; DRV_SPI_TransferData
</UL>
<BR>[Calls]<UL><LI><a href="#[4c]">&gt;&gt;</a>&nbsp;&nbsp;&nbsp;__aeabi_memclr
<LI><a href="#[7d]">&gt;&gt;</a>&nbsp;&nbsp;&nbsp;__aeabi_memcpy
<LI><a href="#[79]">&gt;&gt;</a>&nbsp;&nbsp;&nbsp;DRV_SPI_TransferData
</UL>
<BR>[Called By]<UL><LI><a href="#[6a]">&gt;&gt;</a>&nbsp;&nbsp;&nbsp;APP_TransmitMessageQueue
</UL>

<P><STRONG><a name="[74]"></a>DRV_CANFDSPI_WriteByteArray</STRONG> (Thumb, 84 bytes, Stack size 8 bytes, drv_canfdspi_api.o(.text.DRV_CANFDSPI_WriteByteArray))
<BR><BR>[Stack]<UL><LI>Max Depth = 40<LI>Call Chain = DRV_CANFDSPI_WriteByteArray &rArr; DRV_SPI_TransferData
</UL>
<BR>[Calls]<UL><LI><a href="#[79]">&gt;&gt;</a>&nbsp;&nbsp;&nbsp;DRV_SPI_TransferData
</UL>
<BR>[Called By]<UL><LI><a href="#[73]">&gt;&gt;</a>&nbsp;&nbsp;&nbsp;APP_TestRegisterAccess
<LI><a href="#[72]">&gt;&gt;</a>&nbsp;&nbsp;&nbsp;APP_TestRamAccess
</UL>

<P><STRONG><a name="[63]"></a>DRV_SPI_Initialize</STRONG> (Thumb, 130 bytes, Stack size 40 bytes, drv_spi.o(.text.DRV_SPI_Initialize))
<BR><BR>[Stack]<UL><LI>Max Depth = 72<LI>Call Chain = DRV_SPI_Initialize &rArr; GPIO_Init
</UL>
<BR>[Calls]<UL><LI><a href="#[7f]">&gt;&gt;</a>&nbsp;&nbsp;&nbsp;SPI_Cmd
<LI><a href="#[7e]">&gt;&gt;</a>&nbsp;&nbsp;&nbsp;SPI_Init
<LI><a href="#[66]">&gt;&gt;</a>&nbsp;&nbsp;&nbsp;GPIO_Init
<LI><a href="#[64]">&gt;&gt;</a>&nbsp;&nbsp;&nbsp;RCC_APB2PeriphClockCmd
<LI><a href="#[70]">&gt;&gt;</a>&nbsp;&nbsp;&nbsp;GPIO_SetBits
</UL>
<BR>[Called By]<UL><LI><a href="#[62]">&gt;&gt;</a>&nbsp;&nbsp;&nbsp;APP_Initialize
</UL>

<P><STRONG><a name="[79]"></a>DRV_SPI_TransferData</STRONG> (Thumb, 100 bytes, Stack size 32 bytes, drv_spi.o(.text.DRV_SPI_TransferData))
<BR><BR>[Stack]<UL><LI>Max Depth = 32<LI>Call Chain = DRV_SPI_TransferData
</UL>
<BR>[Calls]<UL><LI><a href="#[82]">&gt;&gt;</a>&nbsp;&nbsp;&nbsp;SPI_I2S_ReceiveData
<LI><a href="#[81]">&gt;&gt;</a>&nbsp;&nbsp;&nbsp;SPI_I2S_SendData
<LI><a href="#[80]">&gt;&gt;</a>&nbsp;&nbsp;&nbsp;SPI_I2S_GetFlagStatus
<LI><a href="#[6f]">&gt;&gt;</a>&nbsp;&nbsp;&nbsp;GPIO_ResetBits
<LI><a href="#[70]">&gt;&gt;</a>&nbsp;&nbsp;&nbsp;GPIO_SetBits
</UL>
<BR>[Called By]<UL><LI><a href="#[7c]">&gt;&gt;</a>&nbsp;&nbsp;&nbsp;DRV_CANFDSPI_BitTimeConfigureData10MHz
<LI><a href="#[7b]">&gt;&gt;</a>&nbsp;&nbsp;&nbsp;DRV_CANFDSPI_BitTimeConfigureData20MHz
<LI><a href="#[7a]">&gt;&gt;</a>&nbsp;&nbsp;&nbsp;DRV_CANFDSPI_BitTimeConfigureData40MHz
<LI><a href="#[78]">&gt;&gt;</a>&nbsp;&nbsp;&nbsp;DRV_CANFDSPI_ErrorCountStateGet
<LI><a href="#[77]">&gt;&gt;</a>&nbsp;&nbsp;&nbsp;DRV_CANFDSPI_TransmitChannelLoad
<LI><a href="#[76]">&gt;&gt;</a>&nbsp;&nbsp;&nbsp;DRV_CANFDSPI_TransmitChannelEventGet
<LI><a href="#[75]">&gt;&gt;</a>&nbsp;&nbsp;&nbsp;DRV_CANFDSPI_ReadByteArray
<LI><a href="#[74]">&gt;&gt;</a>&nbsp;&nbsp;&nbsp;DRV_CANFDSPI_WriteByteArray
<LI><a href="#[6e]">&gt;&gt;</a>&nbsp;&nbsp;&nbsp;DRV_CANFDSPI_ReceiveMessageGet
<LI><a href="#[61]">&gt;&gt;</a>&nbsp;&nbsp;&nbsp;DRV_CANFDSPI_OperationModeSelect
<LI><a href="#[60]">&gt;&gt;</a>&nbsp;&nbsp;&nbsp;DRV_CANFDSPI_ModuleEventEnable
<LI><a href="#[5f]">&gt;&gt;</a>&nbsp;&nbsp;&nbsp;DRV_CANFDSPI_ReceiveChannelEventEnable
<LI><a href="#[5e]">&gt;&gt;</a>&nbsp;&nbsp;&nbsp;DRV_CANFDSPI_GpioModeConfigure
<LI><a href="#[5d]">&gt;&gt;</a>&nbsp;&nbsp;&nbsp;DRV_CANFDSPI_BitTimeConfigure
<LI><a href="#[5c]">&gt;&gt;</a>&nbsp;&nbsp;&nbsp;DRV_CANFDSPI_FilterToFifoLink
<LI><a href="#[5b]">&gt;&gt;</a>&nbsp;&nbsp;&nbsp;DRV_CANFDSPI_FilterMaskConfigure
<LI><a href="#[5a]">&gt;&gt;</a>&nbsp;&nbsp;&nbsp;DRV_CANFDSPI_FilterObjectConfigure
<LI><a href="#[59]">&gt;&gt;</a>&nbsp;&nbsp;&nbsp;DRV_CANFDSPI_ReceiveChannelConfigure
<LI><a href="#[57]">&gt;&gt;</a>&nbsp;&nbsp;&nbsp;DRV_CANFDSPI_TransmitChannelConfigure
<LI><a href="#[55]">&gt;&gt;</a>&nbsp;&nbsp;&nbsp;DRV_CANFDSPI_Configure
<LI><a href="#[53]">&gt;&gt;</a>&nbsp;&nbsp;&nbsp;DRV_CANFDSPI_RamInit
<LI><a href="#[52]">&gt;&gt;</a>&nbsp;&nbsp;&nbsp;DRV_CANFDSPI_EccEnable
<LI><a href="#[51]">&gt;&gt;</a>&nbsp;&nbsp;&nbsp;DRV_CANFDSPI_Reset
</UL>

<P><STRONG><a name="[66]"></a>GPIO_Init</STRONG> (Thumb, 192 bytes, Stack size 32 bytes, stm32f10x_gpio.o(.text.GPIO_Init))
<BR><BR>[Stack]<UL><LI>Max Depth = 32<LI>Call Chain = GPIO_Init
</UL>
<BR>[Called By]<UL><LI><a href="#[63]">&gt;&gt;</a>&nbsp;&nbsp;&nbsp;DRV_SPI_Initialize
<LI><a href="#[62]">&gt;&gt;</a>&nbsp;&nbsp;&nbsp;APP_Initialize
</UL>

<P><STRONG><a name="[65]"></a>GPIO_PinRemapConfig</STRONG> (Thumb, 122 bytes, Stack size 16 bytes, stm32f10x_gpio.o(.text.GPIO_PinRemapConfig))
<BR><BR>[Stack]<UL><LI>Max Depth = 16<LI>Call Chain = GPIO_PinRemapConfig
</UL>
<BR>[Called By]<UL><LI><a href="#[62]">&gt;&gt;</a>&nbsp;&nbsp;&nbsp;APP_Initialize
</UL>

<P><STRONG><a name="[6d]"></a>GPIO_ReadInputDataBit</STRONG> (Thumb, 10 bytes, Stack size 0 bytes, stm32f10x_gpio.o(.text.GPIO_ReadInputDataBit))
<BR><BR>[Called By]<UL><LI><a href="#[6c]">&gt;&gt;</a>&nbsp;&nbsp;&nbsp;APP_ReceiveMessage_Tasks
<LI><a href="#[71]">&gt;&gt;</a>&nbsp;&nbsp;&nbsp;APP_Tasks
</UL>

<P><STRONG><a name="[6f]"></a>GPIO_ResetBits</STRONG> (Thumb, 4 bytes, Stack size 0 bytes, stm32f10x_gpio.o(.text.GPIO_ResetBits))
<BR><BR>[Called By]<UL><LI><a href="#[79]">&gt;&gt;</a>&nbsp;&nbsp;&nbsp;DRV_SPI_TransferData
<LI><a href="#[6a]">&gt;&gt;</a>&nbsp;&nbsp;&nbsp;APP_TransmitMessageQueue
<LI><a href="#[6c]">&gt;&gt;</a>&nbsp;&nbsp;&nbsp;APP_ReceiveMessage_Tasks
<LI><a href="#[71]">&gt;&gt;</a>&nbsp;&nbsp;&nbsp;APP_Tasks
</UL>

<P><STRONG><a name="[70]"></a>GPIO_SetBits</STRONG> (Thumb, 4 bytes, Stack size 0 bytes, stm32f10x_gpio.o(.text.GPIO_SetBits))
<BR><BR>[Called By]<UL><LI><a href="#[79]">&gt;&gt;</a>&nbsp;&nbsp;&nbsp;DRV_SPI_TransferData
<LI><a href="#[6a]">&gt;&gt;</a>&nbsp;&nbsp;&nbsp;APP_TransmitMessageQueue
<LI><a href="#[6c]">&gt;&gt;</a>&nbsp;&nbsp;&nbsp;APP_ReceiveMessage_Tasks
<LI><a href="#[63]">&gt;&gt;</a>&nbsp;&nbsp;&nbsp;DRV_SPI_Initialize
<LI><a href="#[71]">&gt;&gt;</a>&nbsp;&nbsp;&nbsp;APP_Tasks
</UL>

<P><STRONG><a name="[64]"></a>RCC_APB2PeriphClockCmd</STRONG> (Thumb, 24 bytes, Stack size 0 bytes, stm32f10x_rcc.o(.text.RCC_APB2PeriphClockCmd))
<BR><BR>[Called By]<UL><LI><a href="#[63]">&gt;&gt;</a>&nbsp;&nbsp;&nbsp;DRV_SPI_Initialize
<LI><a href="#[62]">&gt;&gt;</a>&nbsp;&nbsp;&nbsp;APP_Initialize
</UL>

<P><STRONG><a name="[7f]"></a>SPI_Cmd</STRONG> (Thumb, 20 bytes, Stack size 0 bytes, stm32f10x_spi.o(.text.SPI_Cmd))
<BR><BR>[Called By]<UL><LI><a href="#[63]">&gt;&gt;</a>&nbsp;&nbsp;&nbsp;DRV_SPI_Initialize
</UL>

<P><STRONG><a name="[80]"></a>SPI_I2S_GetFlagStatus</STRONG> (Thumb, 10 bytes, Stack size 0 bytes, stm32f10x_spi.o(.text.SPI_I2S_GetFlagStatus))
<BR><BR>[Called By]<UL><LI><a href="#[79]">&gt;&gt;</a>&nbsp;&nbsp;&nbsp;DRV_SPI_TransferData
</UL>

<P><STRONG><a name="[82]"></a>SPI_I2S_ReceiveData</STRONG> (Thumb, 4 bytes, Stack size 0 bytes, stm32f10x_spi.o(.text.SPI_I2S_ReceiveData))
<BR><BR>[Called By]<UL><LI><a href="#[79]">&gt;&gt;</a>&nbsp;&nbsp;&nbsp;DRV_SPI_TransferData
</UL>

<P><STRONG><a name="[81]"></a>SPI_I2S_SendData</STRONG> (Thumb, 4 bytes, Stack size 0 bytes, stm32f10x_spi.o(.text.SPI_I2S_SendData))
<BR><BR>[Called By]<UL><LI><a href="#[79]">&gt;&gt;</a>&nbsp;&nbsp;&nbsp;DRV_SPI_TransferData
</UL>

<P><STRONG><a name="[7e]"></a>SPI_Init</STRONG> (Thumb, 70 bytes, Stack size 24 bytes, stm32f10x_spi.o(.text.SPI_Init))
<BR><BR>[Stack]<UL><LI>Max Depth = 24<LI>Call Chain = SPI_Init
</UL>
<BR>[Called By]<UL><LI><a href="#[63]">&gt;&gt;</a>&nbsp;&nbsp;&nbsp;DRV_SPI_Initialize
</UL>

<P><STRONG><a name="[48]"></a>SystemInit</STRONG> (Thumb, 336 bytes, Stack size 8 bytes, system_stm32f10x.o(.text.SystemInit))
<BR><BR>[Stack]<UL><LI>Max Depth = 8<LI>Call Chain = SystemInit
</UL>
<BR>[Address Reference Count : 1]<UL><LI> startup_stm32f10x_cl.o(.text)
</UL>
<P><STRONG><a name="[47]"></a>main</STRONG> (Thumb, 10 bytes, Stack size 0 bytes, main.o(.text.main))
<BR><BR>[Stack]<UL><LI>Max Depth = 256<LI>Call Chain = main &rArr; APP_Tasks &rArr; APP_ReceiveMessage_Tasks &rArr; APP_TransmitMessageQueue &rArr; DRV_CANFDSPI_TransmitChannelLoad &rArr; DRV_SPI_TransferData
</UL>
<BR>[Calls]<UL><LI><a href="#[71]">&gt;&gt;</a>&nbsp;&nbsp;&nbsp;APP_Tasks
<LI><a href="#[62]">&gt;&gt;</a>&nbsp;&nbsp;&nbsp;APP_Initialize
</UL>
<BR>[Address Reference Count : 1]<UL><LI> entry9a.o(.ARM.Collect$$$$0000000B)
</UL>
<P><STRONG><a name="[90]"></a>__scatterload_copy</STRONG> (Thumb, 14 bytes, Stack size unknown bytes, handlers.o(i.__scatterload_copy), UNUSED)

<P><STRONG><a name="[91]"></a>__scatterload_null</STRONG> (Thumb, 2 bytes, Stack size unknown bytes, handlers.o(i.__scatterload_null), UNUSED)

<P><STRONG><a name="[92]"></a>__scatterload_zeroinit</STRONG> (Thumb, 14 bytes, Stack size unknown bytes, handlers.o(i.__scatterload_zeroinit), UNUSED)
<P>
<H3>
Local Symbols
</H3><P>
<H3>
Undefined Global Symbols
</H3><HR></body></html>
