<html>
<body>
<pre>
<h1>µVision Build Log</h1>
<h2>Tool Versions:</h2>
IDE-Version: ¶ÃVision V5.27.1.0
Copyright (C) 2019 ARM Ltd and ARM Germany GmbH. All rights reserved.
License Information: l Administrator, l, LIC=D0DUH-WYZIX-5T23W-Q88HE-78GH2-6GFLJ
 
Tool Versions:
Toolchain:       MDK-ARM Plus  Version: 5.27.1.0
Toolchain Path:  C:\Keil_v5\ARM\ARMCC\Bin
C Compiler:      Armcc.exe V5.06 update 6 (build 750)
Assembler:       Armasm.exe V5.06 update 6 (build 750)
Linker/Locator:  ArmLink.exe V5.06 update 6 (build 750)
Library Manager: ArmAr.exe V5.06 update 6 (build 750)
Hex Converter:   FromElf.exe V5.06 update 6 (build 750)
CPU DLL:         SARMCM3.DLL V5.27.1.0
Dialog DLL:      DCM.DLL V1.17.2.0
Target DLL:      Segger\JL2CM3.dll V2.66.0.0
Dialog DLL:      TCM.DLL V1.36.1.0
 
<h2>Project:</h2>
D:\Canopen\CAN FD\CAN FD≤‚ ‘≥Ã–Ú - 103\CAN\CAN.uvproj
Project File Date:  07/18/2019

<h2>Output:</h2>
*** Using Compiler 'V5.06 update 6 (build 750)', folder: 'C:\Keil_v5\ARM\ARMCC\Bin'
Build target 'STM32F103'
compiling system_stm32f10x.c...
compiling main.c...
.\User\canfdspi\drv_canfdspi_defines.h(722): warning:  #66-D: enumeration value is out of "int" range
      CAN_TXREQ_CH31 = 0x80000000
User\app\main.c: 1 warning, 0 errors
compiling app.c...
.\User\canfdspi\drv_canfdspi_defines.h(722): warning:  #66-D: enumeration value is out of "int" range
      CAN_TXREQ_CH31 = 0x80000000
User\app\app.c(418): warning:  #188-D: enumerated type mixed with another type
      DRV_CANFDSPI_ModuleEventEnable(DRV_CANFDSPI_INDEX_0, CAN_TX_EVENT | CAN_RX_EVENT);
User\app\app.c(533): warning:  #188-D: enumerated type mixed with another type
      uint8_t n = DRV_CANFDSPI_DlcToDataBytes(txObj.bF.ctrl.DLC);
User\app\app.c: 3 warnings, 0 errors
compiling drv_spi.c...
compiling misc.c...
compiling drv_canfdspi_api.c...
User\canfdspi\drv_canfdspi_defines.h(722): warning:  #66-D: enumeration value is out of "int" range
      CAN_TXREQ_CH31 = 0x80000000
User\canfdspi\drv_canfdspi_api.c(652): warning:  #177-D: variable "d"  was declared but never referenced
      uint8_t d = 0;
User\canfdspi\drv_canfdspi_api.c(680): warning:  #177-D: variable "d"  was declared but never referenced
      uint8_t d = 0;
User\canfdspi\drv_canfdspi_api.c(790): warning:  #550-D: variable "ciFifoSta"  was set but never used
      REG_CiFIFOSTA ciFifoSta;
User\canfdspi\drv_canfdspi_api.c(1255): warning:  #550-D: variable "ciFifoSta"  was set but never used
      REG_CiFIFOSTA ciFifoSta;
User\canfdspi\drv_canfdspi_api.c(1435): warning:  #550-D: variable "ciTefSta"  was set but never used
      REG_CiTEFSTA ciTefSta;
User\canfdspi\drv_canfdspi_api.c(2905): warning:  #111-D: statement is unreachable
              break;
User\canfdspi\drv_canfdspi_api.c(3083): warning:  #111-D: statement is unreachable
              break;
User\canfdspi\drv_canfdspi_api.c(3161): warning:  #111-D: statement is unreachable
              break;
User\canfdspi\drv_canfdspi_api.c(3236): warning:  #111-D: statement is unreachable
              break;
User\canfdspi\drv_canfdspi_api.c(3289): warning:  #111-D: statement is unreachable
              break;
User\canfdspi\drv_canfdspi_api.c(3303): warning:  #111-D: statement is unreachable
              break;
User\canfdspi\drv_canfdspi_api.c(3381): warning:  #111-D: statement is unreachable
              break;
User\canfdspi\drv_canfdspi_api.c(3438): warning:  #111-D: statement is unreachable
              break;
User\canfdspi\drv_canfdspi_api.c(3473): warning:  #111-D: statement is unreachable
              break;
User\canfdspi\drv_canfdspi_api.c(3487): warning:  #111-D: statement is unreachable
              break;
User\canfdspi\drv_canfdspi_api.c(3491): warning:  #111-D: statement is unreachable
              break;
User\canfdspi\drv_canfdspi_api.c(3713): warning:  #111-D: statement is unreachable
              break;
User\canfdspi\drv_canfdspi_api.c(3751): warning:  #111-D: statement is unreachable
              break;
User\canfdspi\drv_canfdspi_api.c: 19 warnings, 0 errors
compiling stm32f10x_gpio.c...
compiling stm32f10x_rcc.c...
compiling stm32f10x_spi.c...
compiling stm32f10x_exti.c...
linking...
Program Size: Code=10100 RO-data=1224 RW-data=64 ZI-data=1384  
FromELF: creating hex file...
".\Flash\CanDemo_15.axf" - 0 Error(s), 23 Warning(s).
Build Time Elapsed:  00:00:05
</pre>
</body>
</html>
