Component: ARM Compiler 5.06 update 6 (build 750) Tool: armlink [4d35ed]

==============================================================================

Section Cross References

    system_stm32f10x.o(i.SetSysClock) refers to system_stm32f10x.o(i.SetSysClockTo72) for SetSysClockTo72
    system_stm32f10x.o(i.SystemCoreClockUpdate) refers to system_stm32f10x.o(.data) for SystemCoreClock
    system_stm32f10x.o(i.SystemInit) refers to system_stm32f10x.o(i.SetSysClock) for SetSysClock
    startup_stm32f10x_hd.o(RESET) refers to startup_stm32f10x_hd.o(STACK) for __initial_sp
    startup_stm32f10x_hd.o(RESET) refers to startup_stm32f10x_hd.o(.text) for Reset_Handler
    startup_stm32f10x_hd.o(.text) refers to system_stm32f10x.o(i.SystemInit) for SystemInit
    startup_stm32f10x_hd.o(.text) refers to entry.o(.ARM.Collect$$$$00000000) for __main
    main.o(i.main) refers to app.o(i.APP_Initialize) for APP_Initialize
    main.o(i.main) refers to app.o(i.APP_Tasks) for APP_Tasks
    app.o(i.APP_CANFDSPI_Init) refers to drv_canfdspi_api.o(i.DRV_CANFDSPI_Reset) for DRV_CANFDSPI_Reset
    app.o(i.APP_CANFDSPI_Init) refers to drv_canfdspi_api.o(i.DRV_CANFDSPI_EccEnable) for DRV_CANFDSPI_EccEnable
    app.o(i.APP_CANFDSPI_Init) refers to drv_canfdspi_api.o(i.DRV_CANFDSPI_RamInit) for DRV_CANFDSPI_RamInit
    app.o(i.APP_CANFDSPI_Init) refers to drv_canfdspi_api.o(i.DRV_CANFDSPI_ConfigureObjectReset) for DRV_CANFDSPI_ConfigureObjectReset
    app.o(i.APP_CANFDSPI_Init) refers to drv_canfdspi_api.o(i.DRV_CANFDSPI_Configure) for DRV_CANFDSPI_Configure
    app.o(i.APP_CANFDSPI_Init) refers to drv_canfdspi_api.o(i.DRV_CANFDSPI_TransmitChannelConfigureObjectReset) for DRV_CANFDSPI_TransmitChannelConfigureObjectReset
    app.o(i.APP_CANFDSPI_Init) refers to drv_canfdspi_api.o(i.DRV_CANFDSPI_TransmitChannelConfigure) for DRV_CANFDSPI_TransmitChannelConfigure
    app.o(i.APP_CANFDSPI_Init) refers to drv_canfdspi_api.o(i.DRV_CANFDSPI_ReceiveChannelConfigureObjectReset) for DRV_CANFDSPI_ReceiveChannelConfigureObjectReset
    app.o(i.APP_CANFDSPI_Init) refers to drv_canfdspi_api.o(i.DRV_CANFDSPI_ReceiveChannelConfigure) for DRV_CANFDSPI_ReceiveChannelConfigure
    app.o(i.APP_CANFDSPI_Init) refers to drv_canfdspi_api.o(i.DRV_CANFDSPI_FilterObjectConfigure) for DRV_CANFDSPI_FilterObjectConfigure
    app.o(i.APP_CANFDSPI_Init) refers to drv_canfdspi_api.o(i.DRV_CANFDSPI_FilterMaskConfigure) for DRV_CANFDSPI_FilterMaskConfigure
    app.o(i.APP_CANFDSPI_Init) refers to drv_canfdspi_api.o(i.DRV_CANFDSPI_FilterToFifoLink) for DRV_CANFDSPI_FilterToFifoLink
    app.o(i.APP_CANFDSPI_Init) refers to drv_canfdspi_api.o(i.DRV_CANFDSPI_BitTimeConfigure) for DRV_CANFDSPI_BitTimeConfigure
    app.o(i.APP_CANFDSPI_Init) refers to drv_canfdspi_api.o(i.DRV_CANFDSPI_GpioModeConfigure) for DRV_CANFDSPI_GpioModeConfigure
    app.o(i.APP_CANFDSPI_Init) refers to drv_canfdspi_api.o(i.DRV_CANFDSPI_ReceiveChannelEventEnable) for DRV_CANFDSPI_ReceiveChannelEventEnable
    app.o(i.APP_CANFDSPI_Init) refers to drv_canfdspi_api.o(i.DRV_CANFDSPI_ModuleEventEnable) for DRV_CANFDSPI_ModuleEventEnable
    app.o(i.APP_CANFDSPI_Init) refers to drv_canfdspi_api.o(i.DRV_CANFDSPI_OperationModeSelect) for DRV_CANFDSPI_OperationModeSelect
    app.o(i.APP_CANFDSPI_Init) refers to app.o(.data) for config
    app.o(i.APP_Initialize) refers to drv_spi.o(i.DRV_SPI_Initialize) for DRV_SPI_Initialize
    app.o(i.APP_Initialize) refers to stm32f10x_rcc.o(i.RCC_APB2PeriphClockCmd) for RCC_APB2PeriphClockCmd
    app.o(i.APP_Initialize) refers to stm32f10x_gpio.o(i.GPIO_Init) for GPIO_Init
    app.o(i.APP_Initialize) refers to app.o(.data) for lastSwitchState
    app.o(i.APP_LED_Clear) refers to stm32f10x_gpio.o(i.GPIO_SetBits) for GPIO_SetBits
    app.o(i.APP_LED_Set) refers to stm32f10x_gpio.o(i.GPIO_ResetBits) for GPIO_ResetBits
    app.o(i.APP_LED_Write) refers to app.o(i.APP_LED_Set) for APP_LED_Set
    app.o(i.APP_LED_Write) refers to app.o(i.APP_LED_Clear) for APP_LED_Clear
    app.o(i.APP_LED_Write) refers to app.o(.data) for i
    app.o(i.APP_PayLoad_Tasks) refers to drv_canfdspi_api.o(i.DRV_CANFDSPI_DlcToDataBytes) for DRV_CANFDSPI_DlcToDataBytes
    app.o(i.APP_PayLoad_Tasks) refers to rand.o(.text) for rand
    app.o(i.APP_PayLoad_Tasks) refers to app.o(i.APP_TransmitMessageQueue) for APP_TransmitMessageQueue
    app.o(i.APP_PayLoad_Tasks) refers to app.o(.data) for payload
    app.o(i.APP_PayLoad_Tasks) refers to app.o(.bss) for txObj
    app.o(i.APP_ReceiveMessage_Tasks) refers to stm32f10x_gpio.o(i.GPIO_ReadInputDataBit) for GPIO_ReadInputDataBit
    app.o(i.APP_ReceiveMessage_Tasks) refers to drv_canfdspi_api.o(i.DRV_CANFDSPI_ReceiveMessageGet) for DRV_CANFDSPI_ReceiveMessageGet
    app.o(i.APP_ReceiveMessage_Tasks) refers to app.o(i.APP_TransmitMessageQueue) for APP_TransmitMessageQueue
    app.o(i.APP_ReceiveMessage_Tasks) refers to app.o(i.APP_LED_Write) for APP_LED_Write
    app.o(i.APP_ReceiveMessage_Tasks) refers to app.o(i.APP_LED_Set) for APP_LED_Set
[...]
    drv_canfdspi_api.o(i.DRV_CANFDSPI_BitTimeConfigureNominal40MHz) refers to drv_canfdspi_api.o(.constdata) for canControlResetValues
    drv_canfdspi_api.o(i.DRV_CANFDSPI_BusDiagnosticsClear) refers to drv_canfdspi_api.o(i.DRV_CANFDSPI_WriteWordArray) for DRV_CANFDSPI_WriteWordArray
    drv_canfdspi_api.o(i.DRV_CANFDSPI_BusDiagnosticsGet) refers to drv_canfdspi_api.o(i.DRV_CANFDSPI_ReadWordArray) for DRV_CANFDSPI_ReadWordArray
    drv_canfdspi_api.o(i.DRV_CANFDSPI_CalculateCRC16) refers to drv_canfdspi_api.o(.constdata) for crc16_table
    drv_canfdspi_api.o(i.DRV_CANFDSPI_Configure) refers to drv_canfdspi_api.o(i.DRV_CANFDSPI_WriteWord) for DRV_CANFDSPI_WriteWord
    drv_canfdspi_api.o(i.DRV_CANFDSPI_Configure) refers to drv_canfdspi_api.o(.constdata) for canControlResetValues
    drv_canfdspi_api.o(i.DRV_CANFDSPI_ConfigureObjectReset) refers to drv_canfdspi_api.o(.constdata) for canControlResetValues
    drv_canfdspi_api.o(i.DRV_CANFDSPI_CrcEventClear) refers to drv_canfdspi_api.o(i.DRV_CANFDSPI_ReadByte) for DRV_CANFDSPI_ReadByte
    drv_canfdspi_api.o(i.DRV_CANFDSPI_CrcEventClear) refers to drv_canfdspi_api.o(i.DRV_CANFDSPI_WriteByte) for DRV_CANFDSPI_WriteByte
    drv_canfdspi_api.o(i.DRV_CANFDSPI_CrcEventDisable) refers to drv_canfdspi_api.o(i.DRV_CANFDSPI_ReadByte) for DRV_CANFDSPI_ReadByte
    drv_canfdspi_api.o(i.DRV_CANFDSPI_CrcEventDisable) refers to drv_canfdspi_api.o(i.DRV_CANFDSPI_WriteByte) for DRV_CANFDSPI_WriteByte
    drv_canfdspi_api.o(i.DRV_CANFDSPI_CrcEventEnable) refers to drv_canfdspi_api.o(i.DRV_CANFDSPI_ReadByte) for DRV_CANFDSPI_ReadByte
    drv_canfdspi_api.o(i.DRV_CANFDSPI_CrcEventEnable) refers to drv_canfdspi_api.o(i.DRV_CANFDSPI_WriteByte) for DRV_CANFDSPI_WriteByte
    drv_canfdspi_api.o(i.DRV_CANFDSPI_CrcEventGet) refers to drv_canfdspi_api.o(i.DRV_CANFDSPI_ReadByte) for DRV_CANFDSPI_ReadByte
    drv_canfdspi_api.o(i.DRV_CANFDSPI_CrcValueGet) refers to drv_canfdspi_api.o(i.DRV_CANFDSPI_ReadHalfWord) for DRV_CANFDSPI_ReadHalfWord
    drv_canfdspi_api.o(i.DRV_CANFDSPI_DeviceNetFilterCountSet) refers to drv_canfdspi_api.o(i.DRV_CANFDSPI_ReadByte) for DRV_CANFDSPI_ReadByte
    drv_canfdspi_api.o(i.DRV_CANFDSPI_DeviceNetFilterCountSet) refers to drv_canfdspi_api.o(i.DRV_CANFDSPI_WriteByte) for DRV_CANFDSPI_WriteByte
    drv_canfdspi_api.o(i.DRV_CANFDSPI_EccDisable) refers to drv_canfdspi_api.o(i.DRV_CANFDSPI_ReadByte) for DRV_CANFDSPI_ReadByte
    drv_canfdspi_api.o(i.DRV_CANFDSPI_EccDisable) refers to drv_canfdspi_api.o(i.DRV_CANFDSPI_WriteByte) for DRV_CANFDSPI_WriteByte
    drv_canfdspi_api.o(i.DRV_CANFDSPI_EccEnable) refers to drv_canfdspi_api.o(i.DRV_CANFDSPI_ReadByte) for DRV_CANFDSPI_ReadByte
    drv_canfdspi_api.o(i.DRV_CANFDSPI_EccEnable) refers to drv_canfdspi_api.o(i.DRV_CANFDSPI_WriteByte) for DRV_CANFDSPI_WriteByte
    drv_canfdspi_api.o(i.DRV_CANFDSPI_EccErrorAddressGet) refers to drv_canfdspi_api.o(i.DRV_CANFDSPI_ReadWord) for DRV_CANFDSPI_ReadWord
    drv_canfdspi_api.o(i.DRV_CANFDSPI_EccEventClear) refers to drv_canfdspi_api.o(i.DRV_CANFDSPI_ReadByte) for DRV_CANFDSPI_ReadByte
    drv_canfdspi_api.o(i.DRV_CANFDSPI_EccEventClear) refers to drv_canfdspi_api.o(i.DRV_CANFDSPI_WriteByte) for DRV_CANFDSPI_WriteByte
    drv_canfdspi_api.o(i.DRV_CANFDSPI_EccEventDisable) refers to drv_canfdspi_api.o(i.DRV_CANFDSPI_ReadByte) for DRV_CANFDSPI_ReadByte
    drv_canfdspi_api.o(i.DRV_CANFDSPI_EccEventDisable) refers to drv_canfdspi_api.o(i.DRV_CANFDSPI_WriteByte) for DRV_CANFDSPI_WriteByte
    drv_canfdspi_api.o(i.DRV_CANFDSPI_EccEventEnable) refers to drv_canfdspi_api.o(i.DRV_CANFDSPI_ReadByte) for DRV_CANFDSPI_ReadByte
    drv_canfdspi_api.o(i.DRV_CANFDSPI_EccEventEnable) refers to drv_canfdspi_api.o(i.DRV_CANFDSPI_WriteByte) for DRV_CANFDSPI_WriteByte
    drv_canfdspi_api.o(i.DRV_CANFDSPI_EccEventGet) refers to drv_canfdspi_api.o(i.DRV_CANFDSPI_ReadByte) for DRV_CANFDSPI_ReadByte
    drv_canfdspi_api.o(i.DRV_CANFDSPI_EccParityGet) refers to drv_canfdspi_api.o(i.DRV_CANFDSPI_ReadByte) for DRV_CANFDSPI_ReadByte
    drv_canfdspi_api.o(i.DRV_CANFDSPI_EccParitySet) refers to drv_canfdspi_api.o(i.DRV_CANFDSPI_WriteByte) for DRV_CANFDSPI_WriteByte
    drv_canfdspi_api.o(i.DRV_CANFDSPI_ErrorCountReceiveGet) refers to drv_canfdspi_api.o(i.DRV_CANFDSPI_ReadByte) for DRV_CANFDSPI_ReadByte
    drv_canfdspi_api.o(i.DRV_CANFDSPI_ErrorCountStateGet) refers to drv_canfdspi_api.o(i.DRV_CANFDSPI_ReadWord) for DRV_CANFDSPI_ReadWord
    drv_canfdspi_api.o(i.DRV_CANFDSPI_ErrorCountTransmitGet) refers to drv_canfdspi_api.o(i.DRV_CANFDSPI_ReadByte) for DRV_CANFDSPI_ReadByte
    drv_canfdspi_api.o(i.DRV_CANFDSPI_ErrorStateGet) refers to drv_canfdspi_api.o(i.DRV_CANFDSPI_ReadByte) for DRV_CANFDSPI_ReadByte
    drv_canfdspi_api.o(i.DRV_CANFDSPI_FifoIndexGet) refers to drv_canfdspi_api.o(i.DRV_CANFDSPI_ReadByte) for DRV_CANFDSPI_ReadByte
    drv_canfdspi_api.o(i.DRV_CANFDSPI_FilterDisable) refers to drv_canfdspi_api.o(i.DRV_CANFDSPI_ReadByte) for DRV_CANFDSPI_ReadByte
    drv_canfdspi_api.o(i.DRV_CANFDSPI_FilterDisable) refers to drv_canfdspi_api.o(i.DRV_CANFDSPI_WriteByte) for DRV_CANFDSPI_WriteByte
    drv_canfdspi_api.o(i.DRV_CANFDSPI_FilterEnable) refers to drv_canfdspi_api.o(i.DRV_CANFDSPI_ReadByte) for DRV_CANFDSPI_ReadByte
    drv_canfdspi_api.o(i.DRV_CANFDSPI_FilterEnable) refers to drv_canfdspi_api.o(i.DRV_CANFDSPI_WriteByte) for DRV_CANFDSPI_WriteByte
    drv_canfdspi_api.o(i.DRV_CANFDSPI_FilterMaskConfigure) refers to drv_canfdspi_api.o(i.DRV_CANFDSPI_WriteWord) for DRV_CANFDSPI_WriteWord
    drv_canfdspi_api.o(i.DRV_CANFDSPI_FilterObjectConfigure) refers to drv_canfdspi_api.o(i.DRV_CANFDSPI_WriteWord) for DRV_CANFDSPI_WriteWord
    drv_canfdspi_api.o(i.DRV_CANFDSPI_FilterToFifoLink) refers to drv_canfdspi_api.o(i.DRV_CANFDSPI_WriteByte) for DRV_CANFDSPI_WriteByte
    drv_canfdspi_api.o(i.DRV_CANFDSPI_GpioClockOutputConfigure) refers to drv_canfdspi_api.o(i.DRV_CANFDSPI_ReadByte) for DRV_CANFDSPI_ReadByte
    drv_canfdspi_api.o(i.DRV_CANFDSPI_GpioClockOutputConfigure) refers to drv_canfdspi_api.o(i.DRV_CANFDSPI_WriteByte) for DRV_CANFDSPI_WriteByte
    drv_canfdspi_api.o(i.DRV_CANFDSPI_GpioDirectionConfigure) refers to drv_canfdspi_api.o(i.DRV_CANFDSPI_ReadByte) for DRV_CANFDSPI_ReadByte
    drv_canfdspi_api.o(i.DRV_CANFDSPI_GpioDirectionConfigure) refers to drv_canfdspi_api.o(i.DRV_CANFDSPI_WriteByte) for DRV_CANFDSPI_WriteByte
    drv_canfdspi_api.o(i.DRV_CANFDSPI_GpioInterruptPinsOpenDrainConfigure) refers to drv_canfdspi_api.o(i.DRV_CANFDSPI_ReadByte) for DRV_CANFDSPI_ReadByte
    drv_canfdspi_api.o(i.DRV_CANFDSPI_GpioInterruptPinsOpenDrainConfigure) refers to drv_canfdspi_api.o(i.DRV_CANFDSPI_WriteByte) for DRV_CANFDSPI_WriteByte
    drv_canfdspi_api.o(i.DRV_CANFDSPI_GpioModeConfigure) refers to drv_canfdspi_api.o(i.DRV_CANFDSPI_ReadByte) for DRV_CANFDSPI_ReadByte
    drv_canfdspi_api.o(i.DRV_CANFDSPI_GpioModeConfigure) refers to drv_canfdspi_api.o(i.DRV_CANFDSPI_WriteByte) for DRV_CANFDSPI_WriteByte
    drv_canfdspi_api.o(i.DRV_CANFDSPI_GpioPinRead) refers to drv_canfdspi_api.o(i.DRV_CANFDSPI_ReadByte) for DRV_CANFDSPI_ReadByte
    drv_canfdspi_api.o(i.DRV_CANFDSPI_GpioPinSet) refers to drv_canfdspi_api.o(i.DRV_CANFDSPI_ReadByte) for DRV_CANFDSPI_ReadByte
    drv_canfdspi_api.o(i.DRV_CANFDSPI_GpioPinSet) refers to drv_canfdspi_api.o(i.DRV_CANFDSPI_WriteByte) for DRV_CANFDSPI_WriteByte
    drv_canfdspi_api.o(i.DRV_CANFDSPI_GpioStandbyControlDisable) refers to drv_canfdspi_api.o(i.DRV_CANFDSPI_ReadByte) for DRV_CANFDSPI_ReadByte
    drv_canfdspi_api.o(i.DRV_CANFDSPI_GpioStandbyControlDisable) refers to drv_canfdspi_api.o(i.DRV_CANFDSPI_WriteByte) for DRV_CANFDSPI_WriteByte
    drv_canfdspi_api.o(i.DRV_CANFDSPI_GpioStandbyControlEnable) refers to drv_canfdspi_api.o(i.DRV_CANFDSPI_ReadByte) for DRV_CANFDSPI_ReadByte
    drv_canfdspi_api.o(i.DRV_CANFDSPI_GpioStandbyControlEnable) refers to drv_canfdspi_api.o(i.DRV_CANFDSPI_WriteByte) for DRV_CANFDSPI_WriteByte
    drv_canfdspi_api.o(i.DRV_CANFDSPI_GpioTransmitPinOpenDrainConfigure) refers to drv_canfdspi_api.o(i.DRV_CANFDSPI_ReadByte) for DRV_CANFDSPI_ReadByte
    drv_canfdspi_api.o(i.DRV_CANFDSPI_GpioTransmitPinOpenDrainConfigure) refers to drv_canfdspi_api.o(i.DRV_CANFDSPI_WriteByte) for DRV_CANFDSPI_WriteByte
    drv_canfdspi_api.o(i.DRV_CANFDSPI_ModuleEventClear) refers to drv_canfdspi_api.o(i.DRV_CANFDSPI_WriteHalfWord) for DRV_CANFDSPI_WriteHalfWord
    drv_canfdspi_api.o(i.DRV_CANFDSPI_ModuleEventDisable) refers to drv_canfdspi_api.o(i.DRV_CANFDSPI_ReadHalfWord) for DRV_CANFDSPI_ReadHalfWord
    drv_canfdspi_api.o(i.DRV_CANFDSPI_ModuleEventDisable) refers to drv_canfdspi_api.o(i.DRV_CANFDSPI_WriteHalfWord) for DRV_CANFDSPI_WriteHalfWord
    drv_canfdspi_api.o(i.DRV_CANFDSPI_ModuleEventEnable) refers to drv_canfdspi_api.o(i.DRV_CANFDSPI_ReadHalfWord) for DRV_CANFDSPI_ReadHalfWord
    drv_canfdspi_api.o(i.DRV_CANFDSPI_ModuleEventEnable) refers to drv_canfdspi_api.o(i.DRV_CANFDSPI_WriteHalfWord) for DRV_CANFDSPI_WriteHalfWord
    drv_canfdspi_api.o(i.DRV_CANFDSPI_ModuleEventFilterHitGet) refers to drv_canfdspi_api.o(i.DRV_CANFDSPI_ReadByte) for DRV_CANFDSPI_ReadByte
    drv_canfdspi_api.o(i.DRV_CANFDSPI_ModuleEventGet) refers to drv_canfdspi_api.o(i.DRV_CANFDSPI_ReadHalfWord) for DRV_CANFDSPI_ReadHalfWord
    drv_canfdspi_api.o(i.DRV_CANFDSPI_ModuleEventIcodeGet) refers to drv_canfdspi_api.o(i.DRV_CANFDSPI_ReadByte) for DRV_CANFDSPI_ReadByte
    drv_canfdspi_api.o(i.DRV_CANFDSPI_ModuleEventRxCodeGet) refers to drv_canfdspi_api.o(i.DRV_CANFDSPI_ReadByte) for DRV_CANFDSPI_ReadByte
    drv_canfdspi_api.o(i.DRV_CANFDSPI_ModuleEventTxCodeGet) refers to drv_canfdspi_api.o(i.DRV_CANFDSPI_ReadByte) for DRV_CANFDSPI_ReadByte
    drv_canfdspi_api.o(i.DRV_CANFDSPI_OperationModeGet) refers to drv_canfdspi_api.o(i.DRV_CANFDSPI_ReadByte) for DRV_CANFDSPI_ReadByte
    drv_canfdspi_api.o(i.DRV_CANFDSPI_OperationModeSelect) refers to drv_canfdspi_api.o(i.DRV_CANFDSPI_ReadByte) for DRV_CANFDSPI_ReadByte
    drv_canfdspi_api.o(i.DRV_CANFDSPI_OperationModeSelect) refers to drv_canfdspi_api.o(i.DRV_CANFDSPI_WriteByte) for DRV_CANFDSPI_WriteByte
    drv_canfdspi_api.o(i.DRV_CANFDSPI_OscillatorControlObjectReset) refers to drv_canfdspi_api.o(.constdata) for mcp25xxfdControlResetValues
    drv_canfdspi_api.o(i.DRV_CANFDSPI_OscillatorControlSet) refers to drv_canfdspi_api.o(i.DRV_CANFDSPI_WriteByte) for DRV_CANFDSPI_WriteByte
    drv_canfdspi_api.o(i.DRV_CANFDSPI_OscillatorEnable) refers to drv_canfdspi_api.o(i.DRV_CANFDSPI_ReadByte) for DRV_CANFDSPI_ReadByte
    drv_canfdspi_api.o(i.DRV_CANFDSPI_OscillatorEnable) refers to drv_canfdspi_api.o(i.DRV_CANFDSPI_WriteByte) for DRV_CANFDSPI_WriteByte
    drv_canfdspi_api.o(i.DRV_CANFDSPI_OscillatorStatusGet) refers to drv_canfdspi_api.o(i.DRV_CANFDSPI_ReadByte) for DRV_CANFDSPI_ReadByte
    drv_canfdspi_api.o(i.DRV_CANFDSPI_RamInit) refers to drv_canfdspi_api.o(i.DRV_CANFDSPI_WriteByteArray) for DRV_CANFDSPI_WriteByteArray
    drv_canfdspi_api.o(i.DRV_CANFDSPI_ReadByte) refers to drv_spi.o(i.DRV_SPI_TransferData) for DRV_SPI_TransferData
    drv_canfdspi_api.o(i.DRV_CANFDSPI_ReadByte) refers to drv_canfdspi_api.o(.bss) for spiTransmitBuffer
    drv_canfdspi_api.o(i.DRV_CANFDSPI_ReadByteArray) refers to drv_spi.o(i.DRV_SPI_TransferData) for DRV_SPI_TransferData
    drv_canfdspi_api.o(i.DRV_CANFDSPI_ReadByteArray) refers to drv_canfdspi_api.o(.bss) for spiTransmitBuffer
    drv_canfdspi_api.o(i.DRV_CANFDSPI_ReadByteArrayWithCRC) refers to drv_spi.o(i.DRV_SPI_TransferData) for DRV_SPI_TransferData
    drv_canfdspi_api.o(i.DRV_CANFDSPI_ReadByteArrayWithCRC) refers to drv_canfdspi_api.o(i.DRV_CANFDSPI_CalculateCRC16) for DRV_CANFDSPI_CalculateCRC16
    drv_canfdspi_api.o(i.DRV_CANFDSPI_ReadByteArrayWithCRC) refers to drv_canfdspi_api.o(.bss) for spiTransmitBuffer
    drv_canfdspi_api.o(i.DRV_CANFDSPI_ReadHalfWord) refers to drv_spi.o(i.DRV_SPI_TransferData) for DRV_SPI_TransferData
    drv_canfdspi_api.o(i.DRV_CANFDSPI_ReadHalfWord) refers to drv_canfdspi_api.o(.bss) for spiTransmitBuffer
    drv_canfdspi_api.o(i.DRV_CANFDSPI_ReadWord) refers to drv_spi.o(i.DRV_SPI_TransferData) for DRV_SPI_TransferData
    drv_canfdspi_api.o(i.DRV_CANFDSPI_ReadWord) refers to drv_canfdspi_api.o(.bss) for spiTransmitBuffer
    drv_canfdspi_api.o(i.DRV_CANFDSPI_ReadWordArray) refers to drv_spi.o(i.DRV_SPI_TransferData) for DRV_SPI_TransferData
    drv_canfdspi_api.o(i.DRV_CANFDSPI_ReadWordArray) refers to drv_canfdspi_api.o(.bss) for spiTransmitBuffer
    drv_canfdspi_api.o(i.DRV_CANFDSPI_ReceiveChannelConfigure) refers to drv_canfdspi_api.o(i.DRV_CANFDSPI_WriteWord) for DRV_CANFDSPI_WriteWord
    drv_canfdspi_api.o(i.DRV_CANFDSPI_ReceiveChannelConfigure) refers to drv_canfdspi_api.o(.constdata) for canFifoResetValues
    drv_canfdspi_api.o(i.DRV_CANFDSPI_ReceiveChannelConfigureObjectReset) refers to drv_canfdspi_api.o(.constdata) for canFifoResetValues
    drv_canfdspi_api.o(i.DRV_CANFDSPI_ReceiveChannelEventDisable) refers to drv_canfdspi_api.o(i.DRV_CANFDSPI_ReadByte) for DRV_CANFDSPI_ReadByte
    drv_canfdspi_api.o(i.DRV_CANFDSPI_ReceiveChannelEventDisable) refers to drv_canfdspi_api.o(i.DRV_CANFDSPI_WriteByte) for DRV_CANFDSPI_WriteByte
    drv_canfdspi_api.o(i.DRV_CANFDSPI_ReceiveChannelEventEnable) refers to drv_canfdspi_api.o(i.DRV_CANFDSPI_ReadByte) for DRV_CANFDSPI_ReadByte
    drv_canfdspi_api.o(i.DRV_CANFDSPI_ReceiveChannelEventEnable) refers to drv_canfdspi_api.o(i.DRV_CANFDSPI_WriteByte) for DRV_CANFDSPI_WriteByte
    drv_canfdspi_api.o(i.DRV_CANFDSPI_ReceiveChannelEventGet) refers to drv_canfdspi_api.o(i.DRV_CANFDSPI_ReadByte) for DRV_CANFDSPI_ReadByte
    drv_canfdspi_api.o(i.DRV_CANFDSPI_ReceiveChannelEventOverflowClear) refers to drv_canfdspi_api.o(i.DRV_CANFDSPI_ReadByte) for DRV_CANFDSPI_ReadByte
    drv_canfdspi_api.o(i.DRV_CANFDSPI_ReceiveChannelEventOverflowClear) refers to drv_canfdspi_api.o(i.DRV_CANFDSPI_WriteByte) for DRV_CANFDSPI_WriteByte
    drv_canfdspi_api.o(i.DRV_CANFDSPI_ReceiveChannelIndexGet) refers to drv_canfdspi_api.o(i.DRV_CANFDSPI_TransmitChannelIndexGet) for DRV_CANFDSPI_TransmitChannelIndexGet
    drv_canfdspi_api.o(i.DRV_CANFDSPI_ReceiveChannelReset) refers to drv_canfdspi_api.o(i.DRV_CANFDSPI_WriteByte) for DRV_CANFDSPI_WriteByte
    drv_canfdspi_api.o(i.DRV_CANFDSPI_ReceiveChannelStatusGet) refers to drv_canfdspi_api.o(i.DRV_CANFDSPI_ReadByte) for DRV_CANFDSPI_ReadByte
    drv_canfdspi_api.o(i.DRV_CANFDSPI_ReceiveChannelUpdate) refers to drv_canfdspi_api.o(i.DRV_CANFDSPI_WriteByte) for DRV_CANFDSPI_WriteByte
    drv_canfdspi_api.o(i.DRV_CANFDSPI_ReceiveEventGet) refers to drv_canfdspi_api.o(i.DRV_CANFDSPI_ReadWord) for DRV_CANFDSPI_ReadWord
    drv_canfdspi_api.o(i.DRV_CANFDSPI_ReceiveEventOverflowGet) refers to drv_canfdspi_api.o(i.DRV_CANFDSPI_ReadWord) for DRV_CANFDSPI_ReadWord
    drv_canfdspi_api.o(i.DRV_CANFDSPI_ReceiveMessageGet) refers to drv_canfdspi_api.o(i.DRV_CANFDSPI_ReadWordArray) for DRV_CANFDSPI_ReadWordArray
    drv_canfdspi_api.o(i.DRV_CANFDSPI_ReceiveMessageGet) refers to drv_canfdspi_api.o(i.DRV_CANFDSPI_ReadByteArray) for DRV_CANFDSPI_ReadByteArray
    drv_canfdspi_api.o(i.DRV_CANFDSPI_ReceiveMessageGet) refers to drv_canfdspi_api.o(i.DRV_CANFDSPI_ReceiveChannelUpdate) for DRV_CANFDSPI_ReceiveChannelUpdate
    drv_canfdspi_api.o(i.DRV_CANFDSPI_Reset) refers to drv_spi.o(i.DRV_SPI_TransferData) for DRV_SPI_TransferData
    drv_canfdspi_api.o(i.DRV_CANFDSPI_Reset) refers to drv_canfdspi_api.o(.bss) for spiTransmitBuffer
    drv_canfdspi_api.o(i.DRV_CANFDSPI_TefConfigure) refers to drv_canfdspi_api.o(i.DRV_CANFDSPI_WriteWord) for DRV_CANFDSPI_WriteWord
    drv_canfdspi_api.o(i.DRV_CANFDSPI_TefConfigure) refers to drv_canfdspi_api.o(.constdata) for canControlResetValues
    drv_canfdspi_api.o(i.DRV_CANFDSPI_TefConfigureObjectReset) refers to drv_canfdspi_api.o(.constdata) for canFifoResetValues
    drv_canfdspi_api.o(i.DRV_CANFDSPI_TefEventDisable) refers to drv_canfdspi_api.o(i.DRV_CANFDSPI_ReadByte) for DRV_CANFDSPI_ReadByte
    drv_canfdspi_api.o(i.DRV_CANFDSPI_TefEventDisable) refers to drv_canfdspi_api.o(i.DRV_CANFDSPI_WriteByte) for DRV_CANFDSPI_WriteByte
    drv_canfdspi_api.o(i.DRV_CANFDSPI_TefEventEnable) refers to drv_canfdspi_api.o(i.DRV_CANFDSPI_ReadByte) for DRV_CANFDSPI_ReadByte
    drv_canfdspi_api.o(i.DRV_CANFDSPI_TefEventEnable) refers to drv_canfdspi_api.o(i.DRV_CANFDSPI_WriteByte) for DRV_CANFDSPI_WriteByte
    drv_canfdspi_api.o(i.DRV_CANFDSPI_TefEventGet) refers to drv_canfdspi_api.o(i.DRV_CANFDSPI_ReadByte) for DRV_CANFDSPI_ReadByte
    drv_canfdspi_api.o(i.DRV_CANFDSPI_TefEventOverflowClear) refers to drv_canfdspi_api.o(i.DRV_CANFDSPI_ReadByte) for DRV_CANFDSPI_ReadByte
    drv_canfdspi_api.o(i.DRV_CANFDSPI_TefEventOverflowClear) refers to drv_canfdspi_api.o(i.DRV_CANFDSPI_WriteByte) for DRV_CANFDSPI_WriteByte
    drv_canfdspi_api.o(i.DRV_CANFDSPI_TefMessageGet) refers to drv_canfdspi_api.o(i.DRV_CANFDSPI_ReadWordArray) for DRV_CANFDSPI_ReadWordArray
    drv_canfdspi_api.o(i.DRV_CANFDSPI_TefMessageGet) refers to drv_canfdspi_api.o(i.DRV_CANFDSPI_ReadByteArray) for DRV_CANFDSPI_ReadByteArray
    drv_canfdspi_api.o(i.DRV_CANFDSPI_TefMessageGet) refers to drv_canfdspi_api.o(i.DRV_CANFDSPI_TefUpdate) for DRV_CANFDSPI_TefUpdate
    drv_canfdspi_api.o(i.DRV_CANFDSPI_TefReset) refers to drv_canfdspi_api.o(i.DRV_CANFDSPI_WriteByte) for DRV_CANFDSPI_WriteByte
    drv_canfdspi_api.o(i.DRV_CANFDSPI_TefStatusGet) refers to drv_canfdspi_api.o(i.DRV_CANFDSPI_ReadByte) for DRV_CANFDSPI_ReadByte
    drv_canfdspi_api.o(i.DRV_CANFDSPI_TefUpdate) refers to drv_canfdspi_api.o(i.DRV_CANFDSPI_WriteByte) for DRV_CANFDSPI_WriteByte
    drv_canfdspi_api.o(i.DRV_CANFDSPI_TimeStampDisable) refers to drv_canfdspi_api.o(i.DRV_CANFDSPI_ReadByte) for DRV_CANFDSPI_ReadByte
    drv_canfdspi_api.o(i.DRV_CANFDSPI_TimeStampDisable) refers to drv_canfdspi_api.o(i.DRV_CANFDSPI_WriteByte) for DRV_CANFDSPI_WriteByte
    drv_canfdspi_api.o(i.DRV_CANFDSPI_TimeStampEnable) refers to drv_canfdspi_api.o(i.DRV_CANFDSPI_ReadByte) for DRV_CANFDSPI_ReadByte
    drv_canfdspi_api.o(i.DRV_CANFDSPI_TimeStampEnable) refers to drv_canfdspi_api.o(i.DRV_CANFDSPI_WriteByte) for DRV_CANFDSPI_WriteByte
    drv_canfdspi_api.o(i.DRV_CANFDSPI_TimeStampGet) refers to drv_canfdspi_api.o(i.DRV_CANFDSPI_ReadWord) for DRV_CANFDSPI_ReadWord
    drv_canfdspi_api.o(i.DRV_CANFDSPI_TimeStampModeConfigure) refers to drv_canfdspi_api.o(i.DRV_CANFDSPI_ReadByte) for DRV_CANFDSPI_ReadByte
    drv_canfdspi_api.o(i.DRV_CANFDSPI_TimeStampModeConfigure) refers to drv_canfdspi_api.o(i.DRV_CANFDSPI_WriteByte) for DRV_CANFDSPI_WriteByte
    drv_canfdspi_api.o(i.DRV_CANFDSPI_TimeStampPrescalerSet) refers to drv_canfdspi_api.o(i.DRV_CANFDSPI_WriteHalfWord) for DRV_CANFDSPI_WriteHalfWord
    drv_canfdspi_api.o(i.DRV_CANFDSPI_TimeStampSet) refers to drv_canfdspi_api.o(i.DRV_CANFDSPI_WriteWord) for DRV_CANFDSPI_WriteWord
    drv_canfdspi_api.o(i.DRV_CANFDSPI_TransmitAbortAll) refers to drv_canfdspi_api.o(i.DRV_CANFDSPI_ReadByte) for DRV_CANFDSPI_ReadByte
    drv_canfdspi_api.o(i.DRV_CANFDSPI_TransmitAbortAll) refers to drv_canfdspi_api.o(i.DRV_CANFDSPI_WriteByte) for DRV_CANFDSPI_WriteByte
    drv_canfdspi_api.o(i.DRV_CANFDSPI_TransmitBandWidthSharingSet) refers to drv_canfdspi_api.o(i.DRV_CANFDSPI_ReadByte) for DRV_CANFDSPI_ReadByte
    drv_canfdspi_api.o(i.DRV_CANFDSPI_TransmitBandWidthSharingSet) refers to drv_canfdspi_api.o(i.DRV_CANFDSPI_WriteByte) for DRV_CANFDSPI_WriteByte
    drv_canfdspi_api.o(i.DRV_CANFDSPI_TransmitChannelAbort) refers to drv_canfdspi_api.o(i.DRV_CANFDSPI_WriteByte) for DRV_CANFDSPI_WriteByte
    drv_canfdspi_api.o(i.DRV_CANFDSPI_TransmitChannelConfigure) refers to drv_canfdspi_api.o(i.DRV_CANFDSPI_WriteWord) for DRV_CANFDSPI_WriteWord
    drv_canfdspi_api.o(i.DRV_CANFDSPI_TransmitChannelConfigure) refers to drv_canfdspi_api.o(.constdata) for canFifoResetValues
    drv_canfdspi_api.o(i.DRV_CANFDSPI_TransmitChannelConfigureObjectReset) refers to drv_canfdspi_api.o(.constdata) for canFifoResetValues
    drv_canfdspi_api.o(i.DRV_CANFDSPI_TransmitChannelEventAttemptClear) refers to drv_canfdspi_api.o(i.DRV_CANFDSPI_ReadByte) for DRV_CANFDSPI_ReadByte
    drv_canfdspi_api.o(i.DRV_CANFDSPI_TransmitChannelEventAttemptClear) refers to drv_canfdspi_api.o(i.DRV_CANFDSPI_WriteByte) for DRV_CANFDSPI_WriteByte
    drv_canfdspi_api.o(i.DRV_CANFDSPI_TransmitChannelEventDisable) refers to drv_canfdspi_api.o(i.DRV_CANFDSPI_ReadByte) for DRV_CANFDSPI_ReadByte
    drv_canfdspi_api.o(i.DRV_CANFDSPI_TransmitChannelEventDisable) refers to drv_canfdspi_api.o(i.DRV_CANFDSPI_WriteByte) for DRV_CANFDSPI_WriteByte
    drv_canfdspi_api.o(i.DRV_CANFDSPI_TransmitChannelEventEnable) refers to drv_canfdspi_api.o(i.DRV_CANFDSPI_ReadByte) for DRV_CANFDSPI_ReadByte
    drv_canfdspi_api.o(i.DRV_CANFDSPI_TransmitChannelEventEnable) refers to drv_canfdspi_api.o(i.DRV_CANFDSPI_WriteByte) for DRV_CANFDSPI_WriteByte
    drv_canfdspi_api.o(i.DRV_CANFDSPI_TransmitChannelEventGet) refers to drv_canfdspi_api.o(i.DRV_CANFDSPI_ReadByte) for DRV_CANFDSPI_ReadByte
    drv_canfdspi_api.o(i.DRV_CANFDSPI_TransmitChannelFlush) refers to drv_canfdspi_api.o(i.DRV_CANFDSPI_WriteByte) for DRV_CANFDSPI_WriteByte
    drv_canfdspi_api.o(i.DRV_CANFDSPI_TransmitChannelIndexGet) refers to drv_canfdspi_api.o(i.DRV_CANFDSPI_ReadWord) for DRV_CANFDSPI_ReadWord
    drv_canfdspi_api.o(i.DRV_CANFDSPI_TransmitChannelLoad) refers to drv_canfdspi_api.o(i.DRV_CANFDSPI_ReadWordArray) for DRV_CANFDSPI_ReadWordArray
    drv_canfdspi_api.o(i.DRV_CANFDSPI_TransmitChannelLoad) refers to drv_canfdspi_api.o(i.DRV_CANFDSPI_DlcToDataBytes) for DRV_CANFDSPI_DlcToDataBytes
    drv_canfdspi_api.o(i.DRV_CANFDSPI_TransmitChannelLoad) refers to drv_canfdspi_api.o(i.DRV_CANFDSPI_WriteByteArray) for DRV_CANFDSPI_WriteByteArray
    drv_canfdspi_api.o(i.DRV_CANFDSPI_TransmitChannelLoad) refers to drv_canfdspi_api.o(i.DRV_CANFDSPI_TransmitChannelUpdate) for DRV_CANFDSPI_TransmitChannelUpdate
    drv_canfdspi_api.o(i.DRV_CANFDSPI_TransmitChannelReset) refers to drv_canfdspi_api.o(i.DRV_CANFDSPI_ReceiveChannelReset) for DRV_CANFDSPI_ReceiveChannelReset
    drv_canfdspi_api.o(i.DRV_CANFDSPI_TransmitChannelStatusGet) refers to drv_canfdspi_api.o(i.DRV_CANFDSPI_ReadWordArray) for DRV_CANFDSPI_ReadWordArray
    drv_canfdspi_api.o(i.DRV_CANFDSPI_TransmitChannelUpdate) refers to drv_canfdspi_api.o(i.DRV_CANFDSPI_WriteByte) for DRV_CANFDSPI_WriteByte
    drv_canfdspi_api.o(i.DRV_CANFDSPI_TransmitEventAttemptGet) refers to drv_canfdspi_api.o(i.DRV_CANFDSPI_ReadWord) for DRV_CANFDSPI_ReadWord
    drv_canfdspi_api.o(i.DRV_CANFDSPI_TransmitEventGet) refers to drv_canfdspi_api.o(i.DRV_CANFDSPI_ReadWord) for DRV_CANFDSPI_ReadWord
    drv_canfdspi_api.o(i.DRV_CANFDSPI_TransmitQueueConfigure) refers to drv_canfdspi_api.o(i.DRV_CANFDSPI_WriteWord) for DRV_CANFDSPI_WriteWord
    drv_canfdspi_api.o(i.DRV_CANFDSPI_TransmitQueueConfigure) refers to drv_canfdspi_api.o(.constdata) for canFifoResetValues
    drv_canfdspi_api.o(i.DRV_CANFDSPI_TransmitQueueConfigureObjectReset) refers to drv_canfdspi_api.o(.constdata) for canFifoResetValues
    drv_canfdspi_api.o(i.DRV_CANFDSPI_TransmitRequestGet) refers to drv_canfdspi_api.o(i.DRV_CANFDSPI_ReadWord) for DRV_CANFDSPI_ReadWord
    drv_canfdspi_api.o(i.DRV_CANFDSPI_TransmitRequestSet) refers to drv_canfdspi_api.o(i.DRV_CANFDSPI_WriteWord) for DRV_CANFDSPI_WriteWord
    drv_canfdspi_api.o(i.DRV_CANFDSPI_WriteByte) refers to drv_spi.o(i.DRV_SPI_TransferData) for DRV_SPI_TransferData
    drv_canfdspi_api.o(i.DRV_CANFDSPI_WriteByte) refers to drv_canfdspi_api.o(.bss) for spiTransmitBuffer
    drv_canfdspi_api.o(i.DRV_CANFDSPI_WriteByteArray) refers to drv_spi.o(i.DRV_SPI_TransferData) for DRV_SPI_TransferData
    drv_canfdspi_api.o(i.DRV_CANFDSPI_WriteByteArray) refers to drv_canfdspi_api.o(.bss) for spiTransmitBuffer
    drv_canfdspi_api.o(i.DRV_CANFDSPI_WriteByteArrayWithCRC) refers to drv_canfdspi_api.o(i.DRV_CANFDSPI_CalculateCRC16) for DRV_CANFDSPI_CalculateCRC16
    drv_canfdspi_api.o(i.DRV_CANFDSPI_WriteByteArrayWithCRC) refers to drv_spi.o(i.DRV_SPI_TransferData) for DRV_SPI_TransferData
    drv_canfdspi_api.o(i.DRV_CANFDSPI_WriteByteArrayWithCRC) refers to drv_canfdspi_api.o(.bss) for spiTransmitBuffer
    drv_canfdspi_api.o(i.DRV_CANFDSPI_WriteByteSafe) refers to drv_canfdspi_api.o(i.DRV_CANFDSPI_CalculateCRC16) for DRV_CANFDSPI_CalculateCRC16
    drv_canfdspi_api.o(i.DRV_CANFDSPI_WriteByteSafe) refers to drv_spi.o(i.DRV_SPI_TransferData) for DRV_SPI_TransferData
    drv_canfdspi_api.o(i.DRV_CANFDSPI_WriteByteSafe) refers to drv_canfdspi_api.o(.bss) for spiTransmitBuffer
    drv_canfdspi_api.o(i.DRV_CANFDSPI_WriteHalfWord) refers to drv_spi.o(i.DRV_SPI_TransferData) for DRV_SPI_TransferData
    drv_canfdspi_api.o(i.DRV_CANFDSPI_WriteHalfWord) refers to drv_canfdspi_api.o(.bss) for spiTransmitBuffer
    drv_canfdspi_api.o(i.DRV_CANFDSPI_WriteWord) refers to drv_spi.o(i.DRV_SPI_TransferData) for DRV_SPI_TransferData
    drv_canfdspi_api.o(i.DRV_CANFDSPI_WriteWord) refers to drv_canfdspi_api.o(.bss) for spiTransmitBuffer
    drv_canfdspi_api.o(i.DRV_CANFDSPI_WriteWordArray) refers to drv_spi.o(i.DRV_SPI_TransferData) for DRV_SPI_TransferData
    drv_canfdspi_api.o(i.DRV_CANFDSPI_WriteWordArray) refers to drv_canfdspi_api.o(.bss) for spiTransmitBuffer
    drv_canfdspi_api.o(i.DRV_CANFDSPI_WriteWordSafe) refers to drv_canfdspi_api.o(i.DRV_CANFDSPI_CalculateCRC16) for DRV_CANFDSPI_CalculateCRC16
    drv_canfdspi_api.o(i.DRV_CANFDSPI_WriteWordSafe) refers to drv_spi.o(i.DRV_SPI_TransferData) for DRV_SPI_TransferData
    drv_canfdspi_api.o(i.DRV_CANFDSPI_WriteWordSafe) refers to drv_canfdspi_api.o(.bss) for spiTransmitBuffer
    drv_spi.o(i.DRV_SPI_Initialize) refers to drv_spi.o(i.spi_master_init) for spi_master_init
    drv_spi.o(i.DRV_SPI_TransferData) refers to drv_spi.o(i.spi_master_transfer) for spi_master_transfer
    stm32f10x_gpio.o(i.GPIO_AFIODeInit) refers to stm32f10x_rcc.o(i.RCC_APB2PeriphResetCmd) for RCC_APB2PeriphResetCmd
    stm32f10x_gpio.o(i.GPIO_DeInit) refers to stm32f10x_rcc.o(i.RCC_APB2PeriphResetCmd) for RCC_APB2PeriphResetCmd
    stm32f10x_rcc.o(i.RCC_GetClocksFreq) refers to stm32f10x_rcc.o(.data) for APBAHBPrescTable
    stm32f10x_rcc.o(i.RCC_WaitForHSEStartUp) refers to stm32f10x_rcc.o(i.RCC_GetFlagStatus) for RCC_GetFlagStatus
    stm32f10x_spi.o(i.I2S_Init) refers to stm32f10x_rcc.o(i.RCC_GetClocksFreq) for RCC_GetClocksFreq
    stm32f10x_spi.o(i.SPI_I2S_DeInit) refers to stm32f10x_rcc.o(i.RCC_APB2PeriphResetCmd) for RCC_APB2PeriphResetCmd
    stm32f10x_spi.o(i.SPI_I2S_DeInit) refers to stm32f10x_rcc.o(i.RCC_APB1PeriphResetCmd) for RCC_APB1PeriphResetCmd
    entry.o(.ARM.Collect$$$$00000000) refers (Special) to entry10a.o(.ARM.Collect$$$$0000000D) for __rt_final_cpp
    entry.o(.ARM.Collect$$$$00000000) refers (Special) to entry11a.o(.ARM.Collect$$$$0000000F) for __rt_final_exit
    entry.o(.ARM.Collect$$$$00000000) refers (Special) to entry7b.o(.ARM.Collect$$$$00000008) for _main_clock
    entry.o(.ARM.Collect$$$$00000000) refers (Special) to entry8b.o(.ARM.Collect$$$$0000000A) for _main_cpp_init
    entry.o(.ARM.Collect$$$$00000000) refers (Special) to entry9a.o(.ARM.Collect$$$$0000000B) for _main_init
    entry.o(.ARM.Collect$$$$00000000) refers (Special) to entry5.o(.ARM.Collect$$$$00000004) for _main_scatterload
    entry.o(.ARM.Collect$$$$00000000) refers (Special) to entry2.o(.ARM.Collect$$$$00000001) for _main_stk
    rand.o(.text) refers to rand.o(.data) for .data
    entry2.o(.ARM.Collect$$$$00000001) refers to entry2.o(.ARM.Collect$$$$00002712) for __lit__00000000
    entry2.o(.ARM.Collect$$$$00002712) refers to startup_stm32f10x_hd.o(STACK) for __initial_sp
    entry2.o(__vectab_stack_and_reset_area) refers to startup_stm32f10x_hd.o(STACK) for __initial_sp
    entry2.o(__vectab_stack_and_reset_area) refers to entry.o(.ARM.Collect$$$$00000000) for __main
    entry5.o(.ARM.Collect$$$$00000004) refers to init.o(.text) for __scatterload
    entry9a.o(.ARM.Collect$$$$0000000B) refers to main.o(i.main) for main
    entry9b.o(.ARM.Collect$$$$0000000C) refers to main.o(i.main) for main
    init.o(.text) refers to entry5.o(.ARM.Collect$$$$00000004) for __main_after_scatterload
    drv_spi.o(i.spi_master_init) refers to stm32f10x_rcc.o(i.RCC_APB1PeriphClockCmd) for RCC_APB1PeriphClockCmd
    drv_spi.o(i.spi_master_init) refers to stm32f10x_rcc.o(i.RCC_APB2PeriphClockCmd) for RCC_APB2PeriphClockCmd
    drv_spi.o(i.spi_master_init) refers to stm32f10x_gpio.o(i.GPIO_Init) for GPIO_Init
    drv_spi.o(i.spi_master_init) refers to stm32f10x_gpio.o(i.GPIO_SetBits) for GPIO_SetBits
    drv_spi.o(i.spi_master_init) refers to stm32f10x_spi.o(i.SPI_Init) for SPI_Init
    drv_spi.o(i.spi_master_init) refers to stm32f10x_spi.o(i.SPI_Cmd) for SPI_Cmd
    drv_spi.o(i.spi_master_transfer) refers to stm32f10x_gpio.o(i.GPIO_ResetBits) for GPIO_ResetBits
    drv_spi.o(i.spi_master_transfer) refers to stm32f10x_spi.o(i.SPI_I2S_GetFlagStatus) for SPI_I2S_GetFlagStatus
    drv_spi.o(i.spi_master_transfer) refers to stm32f10x_spi.o(i.SPI_I2S_SendData) for SPI_I2S_SendData
    drv_spi.o(i.spi_master_transfer) refers to stm32f10x_spi.o(i.SPI_I2S_ReceiveData) for SPI_I2S_ReceiveData
    drv_spi.o(i.spi_master_transfer) refers to stm32f10x_gpio.o(i.GPIO_SetBits) for GPIO_SetBits


==============================================================================

Removing Unused input sections from the image.

    Removing system_stm32f10x.o(.rev16_text), (4 bytes).
    Removing system_stm32f10x.o(.revsh_text), (4 bytes).
    Removing system_stm32f10x.o(i.SystemCoreClockUpdate), (164 bytes).
    Removing system_stm32f10x.o(.data), (20 bytes).
    Removing startup_stm32f10x_hd.o(HEAP), (512 bytes).
    Removing main.o(.rev16_text), (4 bytes).
    Removing main.o(.revsh_text), (4 bytes).
    Removing main.o(.constdata), (120 bytes).
    Removing app.o(.rev16_text), (4 bytes).
    Removing app.o(.revsh_text), (4 bytes).
    Removing app.o(i.APP_TestRegisterAccess), (188 bytes).
    Removing app.o(.constdata), (120 bytes).
    Removing drv_canfdspi_api.o(.rev16_text), (4 bytes).
    Removing drv_canfdspi_api.o(.revsh_text), (4 bytes).
    Removing drv_canfdspi_api.o(i.DRV_CANFDSPI_BusDiagnosticsClear), (34 bytes).
    Removing drv_canfdspi_api.o(i.DRV_CANFDSPI_BusDiagnosticsGet), (72 bytes).
    Removing drv_canfdspi_api.o(i.DRV_CANFDSPI_CalculateCRC16), (64 bytes).
    Removing drv_canfdspi_api.o(i.DRV_CANFDSPI_CrcEventClear), (72 bytes).
    Removing drv_canfdspi_api.o(i.DRV_CANFDSPI_CrcEventDisable), (72 bytes).
    Removing drv_canfdspi_api.o(i.DRV_CANFDSPI_CrcEventEnable), (72 bytes).
    Removing drv_canfdspi_api.o(i.DRV_CANFDSPI_CrcEventGet), (48 bytes).
    Removing drv_canfdspi_api.o(i.DRV_CANFDSPI_CrcValueGet), (26 bytes).
    Removing drv_canfdspi_api.o(i.DRV_CANFDSPI_DataBytesToDlc), (76 bytes).
    Removing drv_canfdspi_api.o(i.DRV_CANFDSPI_DeviceNetFilterCountSet), (76 bytes).
    Removing drv_canfdspi_api.o(i.DRV_CANFDSPI_EccDisable), (70 bytes).
    Removing drv_canfdspi_api.o(i.DRV_CANFDSPI_EccErrorAddressGet), (42 bytes).
    Removing drv_canfdspi_api.o(i.DRV_CANFDSPI_EccEventClear), (76 bytes).
    Removing drv_canfdspi_api.o(i.DRV_CANFDSPI_EccEventDisable), (76 bytes).
    Removing drv_canfdspi_api.o(i.DRV_CANFDSPI_EccEventEnable), (76 bytes).
    Removing drv_canfdspi_api.o(i.DRV_CANFDSPI_EccEventGet), (52 bytes).
    Removing drv_canfdspi_api.o(i.DRV_CANFDSPI_EccParityGet), (26 bytes).
    Removing drv_canfdspi_api.o(i.DRV_CANFDSPI_EccParitySet), (26 bytes).
    Removing drv_canfdspi_api.o(i.DRV_CANFDSPI_ErrorCountReceiveGet), (32 bytes).
    Removing drv_canfdspi_api.o(i.DRV_CANFDSPI_ErrorCountTransmitGet), (32 bytes).
    Removing drv_canfdspi_api.o(i.DRV_CANFDSPI_ErrorStateGet), (50 bytes).
    Removing drv_canfdspi_api.o(i.DRV_CANFDSPI_FifoIndexGet), (68 bytes).
    Removing drv_canfdspi_api.o(i.DRV_CANFDSPI_FilterDisable), (66 bytes).
    Removing drv_canfdspi_api.o(i.DRV_CANFDSPI_FilterEnable), (68 bytes).
    Removing drv_canfdspi_api.o(i.DRV_CANFDSPI_GpioClockOutputConfigure), (74 bytes).
    Removing drv_canfdspi_api.o(i.DRV_CANFDSPI_GpioDirectionConfigure), (86 bytes).
    Removing drv_canfdspi_api.o(i.DRV_CANFDSPI_GpioInterruptPinsOpenDrainConfigure), (74 bytes).
    Removing drv_canfdspi_api.o(i.DRV_CANFDSPI_GpioPinRead), (86 bytes).
    Removing drv_canfdspi_api.o(i.DRV_CANFDSPI_GpioPinSet), (108 bytes).
    Removing drv_canfdspi_api.o(i.DRV_CANFDSPI_GpioStandbyControlDisable), (70 bytes).
    Removing drv_canfdspi_api.o(i.DRV_CANFDSPI_GpioStandbyControlEnable), (72 bytes).
    Removing drv_canfdspi_api.o(i.DRV_CANFDSPI_GpioTransmitPinOpenDrainConfigure), (74 bytes).
    Removing drv_canfdspi_api.o(i.DRV_CANFDSPI_LowPowerModeDisable), (12 bytes).
    Removing drv_canfdspi_api.o(i.DRV_CANFDSPI_LowPowerModeEnable), (12 bytes).
    Removing drv_canfdspi_api.o(i.DRV_CANFDSPI_ModuleEventClear), (62 bytes).
    Removing drv_canfdspi_api.o(i.DRV_CANFDSPI_ModuleEventDisable), (80 bytes).
    Removing drv_canfdspi_api.o(i.DRV_CANFDSPI_ModuleEventFilterHitGet), (46 bytes).
    Removing drv_canfdspi_api.o(i.DRV_CANFDSPI_ModuleEventGet), (50 bytes).
    Removing drv_canfdspi_api.o(i.DRV_CANFDSPI_ModuleEventIcodeGet), (76 bytes).
    Removing drv_canfdspi_api.o(i.DRV_CANFDSPI_ModuleEventRxCodeGet), (68 bytes).
    Removing drv_canfdspi_api.o(i.DRV_CANFDSPI_ModuleEventTxCodeGet), (68 bytes).
    Removing drv_canfdspi_api.o(i.DRV_CANFDSPI_OperationModeGet), (100 bytes).
    Removing drv_canfdspi_api.o(i.DRV_CANFDSPI_OscillatorControlObjectReset), (64 bytes).
    Removing drv_canfdspi_api.o(i.DRV_CANFDSPI_OscillatorControlSet), (78 bytes).
    Removing drv_canfdspi_api.o(i.DRV_CANFDSPI_OscillatorEnable), (70 bytes).
    Removing drv_canfdspi_api.o(i.DRV_CANFDSPI_OscillatorStatusGet), (80 bytes).
    Removing drv_canfdspi_api.o(i.DRV_CANFDSPI_ReadByteArrayWithCRC), (216 bytes).
    Removing drv_canfdspi_api.o(i.DRV_CANFDSPI_ReceiveChannelEventDisable), (98 bytes).
    Removing drv_canfdspi_api.o(i.DRV_CANFDSPI_ReceiveChannelEventGet), (72 bytes).
    Removing drv_canfdspi_api.o(i.DRV_CANFDSPI_ReceiveChannelEventOverflowClear), (90 bytes).
    Removing drv_canfdspi_api.o(i.DRV_CANFDSPI_ReceiveChannelIndexGet), (20 bytes).
    Removing drv_canfdspi_api.o(i.DRV_CANFDSPI_ReceiveChannelReset), (56 bytes).
    Removing drv_canfdspi_api.o(i.DRV_CANFDSPI_ReceiveChannelStatusGet), (62 bytes).
    Removing drv_canfdspi_api.o(i.DRV_CANFDSPI_ReceiveEventGet), (24 bytes).
    Removing drv_canfdspi_api.o(i.DRV_CANFDSPI_ReceiveEventOverflowGet), (24 bytes).
    Removing drv_canfdspi_api.o(i.DRV_CANFDSPI_TefConfigure), (56 bytes).
    Removing drv_canfdspi_api.o(i.DRV_CANFDSPI_TefConfigureObjectReset), (44 bytes).
    Removing drv_canfdspi_api.o(i.DRV_CANFDSPI_TefEventDisable), (76 bytes).
    Removing drv_canfdspi_api.o(i.DRV_CANFDSPI_TefEventEnable), (76 bytes).
    Removing drv_canfdspi_api.o(i.DRV_CANFDSPI_TefEventGet), (50 bytes).
    Removing drv_canfdspi_api.o(i.DRV_CANFDSPI_TefEventOverflowClear), (72 bytes).
    Removing drv_canfdspi_api.o(i.DRV_CANFDSPI_TefMessageGet), (242 bytes).
    Removing drv_canfdspi_api.o(i.DRV_CANFDSPI_TefReset), (44 bytes).
    Removing drv_canfdspi_api.o(i.DRV_CANFDSPI_TefStatusGet), (50 bytes).
    Removing drv_canfdspi_api.o(i.DRV_CANFDSPI_TefUpdate), (44 bytes).
    Removing drv_canfdspi_api.o(i.DRV_CANFDSPI_TimeStampDisable), (66 bytes).
    Removing drv_canfdspi_api.o(i.DRV_CANFDSPI_TimeStampEnable), (66 bytes).
    Removing drv_canfdspi_api.o(i.DRV_CANFDSPI_TimeStampGet), (24 bytes).
    Removing drv_canfdspi_api.o(i.DRV_CANFDSPI_TimeStampModeConfigure), (80 bytes).
    Removing drv_canfdspi_api.o(i.DRV_CANFDSPI_TimeStampPrescalerSet), (24 bytes).
    Removing drv_canfdspi_api.o(i.DRV_CANFDSPI_TimeStampSet), (24 bytes).
    Removing drv_canfdspi_api.o(i.DRV_CANFDSPI_TransmitAbortAll), (62 bytes).
    Removing drv_canfdspi_api.o(i.DRV_CANFDSPI_TransmitBandWidthSharingSet), (80 bytes).
    Removing drv_canfdspi_api.o(i.DRV_CANFDSPI_TransmitChannelAbort), (46 bytes).
    Removing drv_canfdspi_api.o(i.DRV_CANFDSPI_TransmitChannelEventAttemptClear), (82 bytes).
    Removing drv_canfdspi_api.o(i.DRV_CANFDSPI_TransmitChannelEventDisable), (90 bytes).
    Removing drv_canfdspi_api.o(i.DRV_CANFDSPI_TransmitChannelEventEnable), (90 bytes).
    Removing drv_canfdspi_api.o(i.DRV_CANFDSPI_TransmitChannelFlush), (48 bytes).
    Removing drv_canfdspi_api.o(i.DRV_CANFDSPI_TransmitChannelIndexGet), (62 bytes).
    Removing drv_canfdspi_api.o(i.DRV_CANFDSPI_TransmitChannelReset), (16 bytes).
    Removing drv_canfdspi_api.o(i.DRV_CANFDSPI_TransmitChannelStatusGet), (88 bytes).
    Removing drv_canfdspi_api.o(i.DRV_CANFDSPI_TransmitEventAttemptGet), (24 bytes).
    Removing drv_canfdspi_api.o(i.DRV_CANFDSPI_TransmitEventGet), (24 bytes).
    Removing drv_canfdspi_api.o(i.DRV_CANFDSPI_TransmitQueueConfigure), (96 bytes).
    Removing drv_canfdspi_api.o(i.DRV_CANFDSPI_TransmitQueueConfigureObjectReset), (68 bytes).
    Removing drv_canfdspi_api.o(i.DRV_CANFDSPI_TransmitRequestGet), (24 bytes).
    Removing drv_canfdspi_api.o(i.DRV_CANFDSPI_TransmitRequestSet), (30 bytes).
    Removing drv_canfdspi_api.o(i.DRV_CANFDSPI_WriteByteArrayWithCRC), (136 bytes).
    Removing drv_canfdspi_api.o(i.DRV_CANFDSPI_WriteByteSafe), (76 bytes).
    Removing drv_canfdspi_api.o(i.DRV_CANFDSPI_WriteWordArray), (120 bytes).
    Removing drv_canfdspi_api.o(i.DRV_CANFDSPI_WriteWordSafe), (100 bytes).
    Removing drv_spi.o(.rev16_text), (4 bytes).
    Removing drv_spi.o(.revsh_text), (4 bytes).
    Removing misc.o(.rev16_text), (4 bytes).
    Removing misc.o(.revsh_text), (4 bytes).
    Removing misc.o(i.NVIC_Init), (112 bytes).
    Removing misc.o(i.NVIC_PriorityGroupConfig), (20 bytes).
    Removing misc.o(i.NVIC_SetVectorTable), (20 bytes).
    Removing misc.o(i.NVIC_SystemLPConfig), (32 bytes).
    Removing misc.o(i.SysTick_CLKSourceConfig), (40 bytes).
    Removing stm32f10x_gpio.o(.rev16_text), (4 bytes).
    Removing stm32f10x_gpio.o(.revsh_text), (4 bytes).
    Removing stm32f10x_gpio.o(i.GPIO_AFIODeInit), (20 bytes).
    Removing stm32f10x_gpio.o(i.GPIO_DeInit), (200 bytes).
    Removing stm32f10x_gpio.o(i.GPIO_ETH_MediaInterfaceConfig), (12 bytes).
    Removing stm32f10x_gpio.o(i.GPIO_EXTILineConfig), (64 bytes).
    Removing stm32f10x_gpio.o(i.GPIO_EventOutputCmd), (12 bytes).
    Removing stm32f10x_gpio.o(i.GPIO_EventOutputConfig), (32 bytes).
    Removing stm32f10x_gpio.o(i.GPIO_PinLockConfig), (18 bytes).
    Removing stm32f10x_gpio.o(i.GPIO_PinRemapConfig), (144 bytes).
    Removing stm32f10x_gpio.o(i.GPIO_ReadInputData), (8 bytes).
    Removing stm32f10x_gpio.o(i.GPIO_ReadOutputData), (8 bytes).
    Removing stm32f10x_gpio.o(i.GPIO_ReadOutputDataBit), (18 bytes).
    Removing stm32f10x_gpio.o(i.GPIO_StructInit), (16 bytes).
    Removing stm32f10x_gpio.o(i.GPIO_Write), (4 bytes).
    Removing stm32f10x_gpio.o(i.GPIO_WriteBit), (10 bytes).
    Removing stm32f10x_rcc.o(.rev16_text), (4 bytes).
    Removing stm32f10x_rcc.o(.revsh_text), (4 bytes).
    Removing stm32f10x_rcc.o(i.RCC_ADCCLKConfig), (24 bytes).
    Removing stm32f10x_rcc.o(i.RCC_AHBPeriphClockCmd), (32 bytes).
    Removing stm32f10x_rcc.o(i.RCC_APB1PeriphResetCmd), (32 bytes).
    Removing stm32f10x_rcc.o(i.RCC_APB2PeriphResetCmd), (32 bytes).
    Removing stm32f10x_rcc.o(i.RCC_AdjustHSICalibrationValue), (24 bytes).
    Removing stm32f10x_rcc.o(i.RCC_BackupResetCmd), (12 bytes).
    Removing stm32f10x_rcc.o(i.RCC_ClearFlag), (20 bytes).
    Removing stm32f10x_rcc.o(i.RCC_ClearITPendingBit), (12 bytes).
    Removing stm32f10x_rcc.o(i.RCC_ClockSecuritySystemCmd), (12 bytes).
    Removing stm32f10x_rcc.o(i.RCC_DeInit), (76 bytes).
    Removing stm32f10x_rcc.o(i.RCC_GetClocksFreq), (212 bytes).
    Removing stm32f10x_rcc.o(i.RCC_GetFlagStatus), (60 bytes).
    Removing stm32f10x_rcc.o(i.RCC_GetITStatus), (24 bytes).
    Removing stm32f10x_rcc.o(i.RCC_GetSYSCLKSource), (16 bytes).
    Removing stm32f10x_rcc.o(i.RCC_HCLKConfig), (24 bytes).
    Removing stm32f10x_rcc.o(i.RCC_HSEConfig), (76 bytes).
    Removing stm32f10x_rcc.o(i.RCC_HSICmd), (12 bytes).
    Removing stm32f10x_rcc.o(i.RCC_ITConfig), (32 bytes).
    Removing stm32f10x_rcc.o(i.RCC_LSEConfig), (52 bytes).
    Removing stm32f10x_rcc.o(i.RCC_LSICmd), (12 bytes).
    Removing stm32f10x_rcc.o(i.RCC_MCOConfig), (12 bytes).
    Removing stm32f10x_rcc.o(i.RCC_PCLK1Config), (24 bytes).
    Removing stm32f10x_rcc.o(i.RCC_PCLK2Config), (24 bytes).
    Removing stm32f10x_rcc.o(i.RCC_PLLCmd), (12 bytes).
    Removing stm32f10x_rcc.o(i.RCC_PLLConfig), (28 bytes).
    Removing stm32f10x_rcc.o(i.RCC_RTCCLKCmd), (12 bytes).
    Removing stm32f10x_rcc.o(i.RCC_RTCCLKConfig), (16 bytes).
    Removing stm32f10x_rcc.o(i.RCC_SYSCLKConfig), (24 bytes).
    Removing stm32f10x_rcc.o(i.RCC_USBCLKConfig), (12 bytes).
    Removing stm32f10x_rcc.o(i.RCC_WaitForHSEStartUp), (56 bytes).
    Removing stm32f10x_rcc.o(.data), (20 bytes).
    Removing stm32f10x_spi.o(.rev16_text), (4 bytes).
    Removing stm32f10x_spi.o(.revsh_text), (4 bytes).
    Removing stm32f10x_spi.o(i.I2S_Cmd), (24 bytes).
    Removing stm32f10x_spi.o(i.I2S_Init), (232 bytes).
    Removing stm32f10x_spi.o(i.I2S_StructInit), (20 bytes).
    Removing stm32f10x_spi.o(i.SPI_BiDirectionalLineConfig), (28 bytes).
    Removing stm32f10x_spi.o(i.SPI_CalculateCRC), (24 bytes).
    Removing stm32f10x_spi.o(i.SPI_DataSizeConfig), (18 bytes).
    Removing stm32f10x_spi.o(i.SPI_GetCRC), (16 bytes).
    Removing stm32f10x_spi.o(i.SPI_GetCRCPolynomial), (6 bytes).
    Removing stm32f10x_spi.o(i.SPI_I2S_ClearFlag), (6 bytes).
    Removing stm32f10x_spi.o(i.SPI_I2S_ClearITPendingBit), (20 bytes).
    Removing stm32f10x_spi.o(i.SPI_I2S_DMACmd), (18 bytes).
    Removing stm32f10x_spi.o(i.SPI_I2S_DeInit), (88 bytes).
    Removing stm32f10x_spi.o(i.SPI_I2S_GetITStatus), (52 bytes).
    Removing stm32f10x_spi.o(i.SPI_I2S_ITConfig), (32 bytes).
    Removing stm32f10x_spi.o(i.SPI_NSSInternalSoftwareConfig), (30 bytes).
    Removing stm32f10x_spi.o(i.SPI_SSOutputCmd), (24 bytes).
    Removing stm32f10x_spi.o(i.SPI_StructInit), (24 bytes).
    Removing stm32f10x_spi.o(i.SPI_TransmitCRC), (10 bytes).
    Removing stm32f10x_exti.o(.rev16_text), (4 bytes).
    Removing stm32f10x_exti.o(.revsh_text), (4 bytes).
    Removing stm32f10x_exti.o(i.EXTI_ClearFlag), (12 bytes).
    Removing stm32f10x_exti.o(i.EXTI_ClearITPendingBit), (12 bytes).
    Removing stm32f10x_exti.o(i.EXTI_DeInit), (36 bytes).
    Removing stm32f10x_exti.o(i.EXTI_GenerateSWInterrupt), (16 bytes).
    Removing stm32f10x_exti.o(i.EXTI_GetFlagStatus), (24 bytes).
    Removing stm32f10x_exti.o(i.EXTI_GetITStatus), (40 bytes).
    Removing stm32f10x_exti.o(i.EXTI_Init), (148 bytes).
    Removing stm32f10x_exti.o(i.EXTI_StructInit), (16 bytes).

193 unused section(s) (total 9950 bytes) removed from the image.

==============================================================================

Image Symbol Table

    Local Symbols

    Symbol Name                              Value     Ov Type        Size  Object(Section)

    ../clib/microlib/init/entry.s            0x00000000   Number         0  entry8a.o ABSOLUTE
    ../clib/microlib/init/entry.s            0x00000000   Number         0  entry2.o ABSOLUTE
    ../clib/microlib/init/entry.s            0x00000000   Number         0  entry11a.o ABSOLUTE
    ../clib/microlib/init/entry.s            0x00000000   Number         0  entry.o ABSOLUTE
    ../clib/microlib/init/entry.s            0x00000000   Number         0  entry7a.o ABSOLUTE
    ../clib/microlib/init/entry.s            0x00000000   Number         0  entry7b.o ABSOLUTE
    ../clib/microlib/init/entry.s            0x00000000   Number         0  entry11b.o ABSOLUTE
    ../clib/microlib/init/entry.s            0x00000000   Number         0  entry8b.o ABSOLUTE
    ../clib/microlib/init/entry.s            0x00000000   Number         0  entry5.o ABSOLUTE
    ../clib/microlib/init/entry.s            0x00000000   Number         0  entry9a.o ABSOLUTE
    ../clib/microlib/init/entry.s            0x00000000   Number         0  entry9b.o ABSOLUTE
    ../clib/microlib/init/entry.s            0x00000000   Number         0  entry10a.o ABSOLUTE
    ../clib/microlib/init/entry.s            0x00000000   Number         0  entry10b.o ABSOLUTE
    ../clib/microlib/stdlib/rand.c           0x00000000   Number         0  rand.o ABSOLUTE
    ..\Libraries\CMSIS\CM3\DeviceSupport\ST\STM32F10x\startup\arm\startup_stm32f10x_hd.s 0x00000000   Number         0  startup_stm32f10x_hd.o ABSOLUTE
    ..\Libraries\CMSIS\CM3\DeviceSupport\ST\STM32F10x\system_stm32f10x.c 0x00000000   Number         0  system_stm32f10x.o ABSOLUTE
    ..\Libraries\STM32F10x_StdPeriph_Driver\src\misc.c 0x00000000   Number         0  misc.o ABSOLUTE
    ..\Libraries\STM32F10x_StdPeriph_Driver\src\stm32f10x_exti.c 0x00000000   Number         0  stm32f10x_exti.o ABSOLUTE
    ..\Libraries\STM32F10x_StdPeriph_Driver\src\stm32f10x_gpio.c 0x00000000   Number         0  stm32f10x_gpio.o ABSOLUTE
    ..\Libraries\STM32F10x_StdPeriph_Driver\src\stm32f10x_rcc.c 0x00000000   Number         0  stm32f10x_rcc.o ABSOLUTE
    ..\Libraries\STM32F10x_StdPeriph_Driver\src\stm32f10x_spi.c 0x00000000   Number         0  stm32f10x_spi.o ABSOLUTE
    ..\\Libraries\\CMSIS\\CM3\\DeviceSupport\\ST\\STM32F10x\\system_stm32f10x.c 0x00000000   Number         0  system_stm32f10x.o ABSOLUTE
    ..\\Libraries\\STM32F10x_StdPeriph_Driver\\src\\misc.c 0x00000000   Number         0  misc.o ABSOLUTE
    ..\\Libraries\\STM32F10x_StdPeriph_Driver\\src\\stm32f10x_exti.c 0x00000000   Number         0  stm32f10x_exti.o ABSOLUTE
    ..\\Libraries\\STM32F10x_StdPeriph_Driver\\src\\stm32f10x_gpio.c 0x00000000   Number         0  stm32f10x_gpio.o ABSOLUTE
    ..\\Libraries\\STM32F10x_StdPeriph_Driver\\src\\stm32f10x_rcc.c 0x00000000   Number         0  stm32f10x_rcc.o ABSOLUTE
    ..\\Libraries\\STM32F10x_StdPeriph_Driver\\src\\stm32f10x_spi.c 0x00000000   Number         0  stm32f10x_spi.o ABSOLUTE
    User\\app\\app.c                         0x00000000   Number         0  app.o ABSOLUTE
    User\\app\\main.c                        0x00000000   Number         0  main.o ABSOLUTE
    User\\canfdspi\\drv_canfdspi_api.c       0x00000000   Number         0  drv_canfdspi_api.o ABSOLUTE
    User\\spi\\drv_spi.c                     0x00000000   Number         0  drv_spi.o ABSOLUTE
    User\app\app.c                           0x00000000   Number         0  app.o ABSOLUTE
    User\app\main.c                          0x00000000   Number         0  main.o ABSOLUTE
    User\canfdspi\drv_canfdspi_api.c         0x00000000   Number         0  drv_canfdspi_api.o ABSOLUTE
    User\spi\drv_spi.c                       0x00000000   Number         0  drv_spi.o ABSOLUTE
    dc.s                                     0x00000000   Number         0  dc.o ABSOLUTE
    handlers.s                               0x00000000   Number         0  handlers.o ABSOLUTE
    init.s                                   0x00000000   Number         0  init.o ABSOLUTE
    RESET                                    0x08000000   Section      304  startup_stm32f10x_hd.o(RESET)
    .ARM.Collect$$$$00000000                 0x08000130   Section        0  entry.o(.ARM.Collect$$$$00000000)
    .ARM.Collect$$$$00000001                 0x08000130   Section        4  entry2.o(.ARM.Collect$$$$00000001)
    .ARM.Collect$$$$00000004                 0x08000134   Section        4  entry5.o(.ARM.Collect$$$$00000004)
    .ARM.Collect$$$$00000008                 0x08000138   Section        0  entry7b.o(.ARM.Collect$$$$00000008)
    .ARM.Collect$$$$0000000A                 0x08000138   Section        0  entry8b.o(.ARM.Collect$$$$0000000A)
    .ARM.Collect$$$$0000000B                 0x08000138   Section        8  entry9a.o(.ARM.Collect$$$$0000000B)
    .ARM.Collect$$$$0000000D                 0x08000140   Section        0  entry10a.o(.ARM.Collect$$$$0000000D)
    .ARM.Collect$$$$0000000F                 0x08000140   Section        0  entry11a.o(.ARM.Collect$$$$0000000F)
    .ARM.Collect$$$$00002712                 0x08000140   Section        4  entry2.o(.ARM.Collect$$$$00002712)
    __lit__00000000                          0x08000140   Data           4  entry2.o(.ARM.Collect$$$$00002712)
    .text                                    0x08000144   Section       36  startup_stm32f10x_hd.o(.text)
    .text                                    0x08000168   Section        0  rand.o(.text)
    .text                                    0x0800018c   Section       36  init.o(.text)
    i.APP_CANFDSPI_Init                      0x080001b0   Section        0  app.o(i.APP_CANFDSPI_Init)
    i.APP_Initialize                         0x0800030c   Section        0  app.o(i.APP_Initialize)
    i.APP_LED_Clear                          0x080003c0   Section        0  app.o(i.APP_LED_Clear)
    i.APP_LED_Set                            0x080003dc   Section        0  app.o(i.APP_LED_Set)
    i.APP_LED_Write                          0x080003f8   Section        0  app.o(i.APP_LED_Write)
    i.APP_PayLoad_Tasks                      0x08000440   Section        0  app.o(i.APP_PayLoad_Tasks)
    i.APP_ReceiveMessage_Tasks               0x0800053c   Section        0  app.o(i.APP_ReceiveMessage_Tasks)
    i.APP_Tasks                              0x080006a0   Section        0  app.o(i.APP_Tasks)
    i.APP_TestRamAccess                      0x08000844   Section        0  app.o(i.APP_TestRamAccess)
    i.APP_TransmitMessageQueue               0x080008f8   Section        0  app.o(i.APP_TransmitMessageQueue)
    i.APP_TransmitSwitchState                0x08000974   Section        0  app.o(i.APP_TransmitSwitchState)
    i.DRV_CANFDSPI_BitTimeConfigure          0x08000a10   Section        0  drv_canfdspi_api.o(i.DRV_CANFDSPI_BitTimeConfigure)
    i.DRV_CANFDSPI_BitTimeConfigureData10MHz 0x08000a94   Section        0  drv_canfdspi_api.o(i.DRV_CANFDSPI_BitTimeConfigureData10MHz)
    i.DRV_CANFDSPI_BitTimeConfigureData20MHz 0x08000cb4   Section        0  drv_canfdspi_api.o(i.DRV_CANFDSPI_BitTimeConfigureData20MHz)
    i.DRV_CANFDSPI_BitTimeConfigureData40MHz 0x08000fcc   Section        0  drv_canfdspi_api.o(i.DRV_CANFDSPI_BitTimeConfigureData40MHz)
    i.DRV_CANFDSPI_BitTimeConfigureNominal10MHz 0x0800142c   Section        0  drv_canfdspi_api.o(i.DRV_CANFDSPI_BitTimeConfigureNominal10MHz)
    i.DRV_CANFDSPI_BitTimeConfigureNominal20MHz 0x08001544   Section        0  drv_canfdspi_api.o(i.DRV_CANFDSPI_BitTimeConfigureNominal20MHz)
    i.DRV_CANFDSPI_BitTimeConfigureNominal40MHz 0x0800165c   Section        0  drv_canfdspi_api.o(i.DRV_CANFDSPI_BitTimeConfigureNominal40MHz)
    i.DRV_CANFDSPI_Configure                 0x08001770   Section        0  drv_canfdspi_api.o(i.DRV_CANFDSPI_Configure)
    i.DRV_CANFDSPI_ConfigureObjectReset      0x08001828   Section        0  drv_canfdspi_api.o(i.DRV_CANFDSPI_ConfigureObjectReset)
    i.DRV_CANFDSPI_DlcToDataBytes            0x080018c8   Section        0  drv_canfdspi_api.o(i.DRV_CANFDSPI_DlcToDataBytes)
    i.DRV_CANFDSPI_EccEnable                 0x0800190e   Section        0  drv_canfdspi_api.o(i.DRV_CANFDSPI_EccEnable)
    i.DRV_CANFDSPI_ErrorCountStateGet        0x08001954   Section        0  drv_canfdspi_api.o(i.DRV_CANFDSPI_ErrorCountStateGet)
    i.DRV_CANFDSPI_FilterMaskConfigure       0x0800199c   Section        0  drv_canfdspi_api.o(i.DRV_CANFDSPI_FilterMaskConfigure)
    i.DRV_CANFDSPI_FilterObjectConfigure     0x080019cc   Section        0  drv_canfdspi_api.o(i.DRV_CANFDSPI_FilterObjectConfigure)
    i.DRV_CANFDSPI_FilterToFifoLink          0x080019fc   Section        0  drv_canfdspi_api.o(i.DRV_CANFDSPI_FilterToFifoLink)
    i.DRV_CANFDSPI_GpioModeConfigure         0x08001a42   Section        0  drv_canfdspi_api.o(i.DRV_CANFDSPI_GpioModeConfigure)
    i.DRV_CANFDSPI_ModuleEventEnable         0x08001a9a   Section        0  drv_canfdspi_api.o(i.DRV_CANFDSPI_ModuleEventEnable)
    i.DRV_CANFDSPI_OperationModeSelect       0x08001aea   Section        0  drv_canfdspi_api.o(i.DRV_CANFDSPI_OperationModeSelect)
    i.DRV_CANFDSPI_RamInit                   0x08001b36   Section        0  drv_canfdspi_api.o(i.DRV_CANFDSPI_RamInit)
    i.DRV_CANFDSPI_ReadByte                  0x08001b84   Section        0  drv_canfdspi_api.o(i.DRV_CANFDSPI_ReadByte)
    i.DRV_CANFDSPI_ReadByteArray             0x08001bc4   Section        0  drv_canfdspi_api.o(i.DRV_CANFDSPI_ReadByteArray)
    i.DRV_CANFDSPI_ReadHalfWord              0x08001c28   Section        0  drv_canfdspi_api.o(i.DRV_CANFDSPI_ReadHalfWord)
    i.DRV_CANFDSPI_ReadWord                  0x08001c8c   Section        0  drv_canfdspi_api.o(i.DRV_CANFDSPI_ReadWord)
    i.DRV_CANFDSPI_ReadWordArray             0x08001cf0   Section        0  drv_canfdspi_api.o(i.DRV_CANFDSPI_ReadWordArray)
    i.DRV_CANFDSPI_ReceiveChannelConfigure   0x08001d88   Section        0  drv_canfdspi_api.o(i.DRV_CANFDSPI_ReceiveChannelConfigure)
    i.DRV_CANFDSPI_ReceiveChannelConfigureObjectReset 0x08001df0   Section        0  drv_canfdspi_api.o(i.DRV_CANFDSPI_ReceiveChannelConfigureObjectReset)
    i.DRV_CANFDSPI_ReceiveChannelEventEnable 0x08001e28   Section        0  drv_canfdspi_api.o(i.DRV_CANFDSPI_ReceiveChannelEventEnable)
    i.DRV_CANFDSPI_ReceiveChannelUpdate      0x08001e8a   Section        0  drv_canfdspi_api.o(i.DRV_CANFDSPI_ReceiveChannelUpdate)
    i.DRV_CANFDSPI_ReceiveMessageGet         0x08001ec2   Section        0  drv_canfdspi_api.o(i.DRV_CANFDSPI_ReceiveMessageGet)
    i.DRV_CANFDSPI_Reset                     0x08002030   Section        0  drv_canfdspi_api.o(i.DRV_CANFDSPI_Reset)
    i.DRV_CANFDSPI_TransmitChannelConfigure  0x08002058   Section        0  drv_canfdspi_api.o(i.DRV_CANFDSPI_TransmitChannelConfigure)
    i.DRV_CANFDSPI_TransmitChannelConfigureObjectReset 0x080020d0   Section        0  drv_canfdspi_api.o(i.DRV_CANFDSPI_TransmitChannelConfigureObjectReset)
    i.DRV_CANFDSPI_TransmitChannelEventGet   0x08002120   Section        0  drv_canfdspi_api.o(i.DRV_CANFDSPI_TransmitChannelEventGet)
    i.DRV_CANFDSPI_TransmitChannelLoad       0x08002160   Section        0  drv_canfdspi_api.o(i.DRV_CANFDSPI_TransmitChannelLoad)
    i.DRV_CANFDSPI_TransmitChannelUpdate     0x08002286   Section        0  drv_canfdspi_api.o(i.DRV_CANFDSPI_TransmitChannelUpdate)
    i.DRV_CANFDSPI_WriteByte                 0x080022dc   Section        0  drv_canfdspi_api.o(i.DRV_CANFDSPI_WriteByte)
    i.DRV_CANFDSPI_WriteByteArray            0x08002318   Section        0  drv_canfdspi_api.o(i.DRV_CANFDSPI_WriteByteArray)
    i.DRV_CANFDSPI_WriteHalfWord             0x0800236c   Section        0  drv_canfdspi_api.o(i.DRV_CANFDSPI_WriteHalfWord)
    i.DRV_CANFDSPI_WriteWord                 0x080023c0   Section        0  drv_canfdspi_api.o(i.DRV_CANFDSPI_WriteWord)
    i.DRV_SPI_Initialize                     0x08002414   Section        0  drv_spi.o(i.DRV_SPI_Initialize)
    i.DRV_SPI_TransferData                   0x0800241c   Section        0  drv_spi.o(i.DRV_SPI_TransferData)
    i.GPIO_Init                              0x08002436   Section        0  stm32f10x_gpio.o(i.GPIO_Init)
    i.GPIO_ReadInputDataBit                  0x0800254c   Section        0  stm32f10x_gpio.o(i.GPIO_ReadInputDataBit)
    i.GPIO_ResetBits                         0x0800255e   Section        0  stm32f10x_gpio.o(i.GPIO_ResetBits)
    i.GPIO_SetBits                           0x08002562   Section        0  stm32f10x_gpio.o(i.GPIO_SetBits)
    i.RCC_APB1PeriphClockCmd                 0x08002568   Section        0  stm32f10x_rcc.o(i.RCC_APB1PeriphClockCmd)
    i.RCC_APB2PeriphClockCmd                 0x08002588   Section        0  stm32f10x_rcc.o(i.RCC_APB2PeriphClockCmd)
    i.SPI_Cmd                                0x080025a8   Section        0  stm32f10x_spi.o(i.SPI_Cmd)
    i.SPI_I2S_GetFlagStatus                  0x080025c0   Section        0  stm32f10x_spi.o(i.SPI_I2S_GetFlagStatus)
    i.SPI_I2S_ReceiveData                    0x080025d2   Section        0  stm32f10x_spi.o(i.SPI_I2S_ReceiveData)
    i.SPI_I2S_SendData                       0x080025d8   Section        0  stm32f10x_spi.o(i.SPI_I2S_SendData)
    i.SPI_Init                               0x080025dc   Section        0  stm32f10x_spi.o(i.SPI_Init)
    i.SetSysClock                            0x08002618   Section        0  system_stm32f10x.o(i.SetSysClock)
    SetSysClock                              0x08002619   Thumb Code     8  system_stm32f10x.o(i.SetSysClock)
    i.SetSysClockTo72                        0x08002620   Section        0  system_stm32f10x.o(i.SetSysClockTo72)
    SetSysClockTo72                          0x08002621   Thumb Code   214  system_stm32f10x.o(i.SetSysClockTo72)
    i.SystemInit                             0x08002700   Section        0  system_stm32f10x.o(i.SystemInit)
    i.__scatterload_copy                     0x08002760   Section       14  handlers.o(i.__scatterload_copy)
    i.__scatterload_null                     0x0800276e   Section        2  handlers.o(i.__scatterload_null)
    i.__scatterload_zeroinit                 0x08002770   Section       14  handlers.o(i.__scatterload_zeroinit)
    i.main                                   0x0800277e   Section        0  main.o(i.main)
    i.spi_master_init                        0x0800278c   Section        0  drv_spi.o(i.spi_master_init)
    i.spi_master_transfer                    0x08002840   Section        0  drv_spi.o(i.spi_master_transfer)
    .constdata                               0x080028a4   Section      888  drv_canfdspi_api.o(.constdata)
    canControlResetValues                    0x080028a4   Data          80  drv_canfdspi_api.o(.constdata)
    canFifoResetValues                       0x080028f4   Data          12  drv_canfdspi_api.o(.constdata)
    canFilterObjectResetValues               0x08002900   Data           8  drv_canfdspi_api.o(.constdata)
    mcp25xxfdControlResetValues              0x08002908   Data          20  drv_canfdspi_api.o(.constdata)
    .data                                    0x20000000   Section       57  app.o(.data)
    .data                                    0x2000003c   Section        4  rand.o(.data)
    _rand_state                              0x2000003c   Data           4  rand.o(.data)
    .bss                                     0x20000040   Section      164  app.o(.bss)
    .bss                                     0x200000e4   Section      192  drv_canfdspi_api.o(.bss)
    STACK                                    0x200001a8   Section     1024  startup_stm32f10x_hd.o(STACK)

    Global Symbols

    Symbol Name                              Value     Ov Type        Size  Object(Section)

    BuildAttributes$$THM_ISAv4$P$D$K$B$S$PE$A:L22UL41UL21$X:L11$S22US41US21$IEEE1$IW$USESV6$~STKCKD$USESV7$~SHL$OSPACE$EBA8$MICROLIB$REQ8$PRES8$EABIv2 0x00000000   Number         0  anon$$obj.o ABSOLUTE
    __ARM_use_no_argv                        0x00000000   Number         0  main.o ABSOLUTE
    __cpp_initialize__aeabi_                  - Undefined Weak Reference
    __cxa_finalize                            - Undefined Weak Reference
    __decompress                              - Undefined Weak Reference
    _clock_init                               - Undefined Weak Reference
    _microlib_exit                            - Undefined Weak Reference
    __Vectors_Size                           0x00000130   Number         0  startup_stm32f10x_hd.o ABSOLUTE
    __Vectors                                0x08000000   Data           4  startup_stm32f10x_hd.o(RESET)
    __Vectors_End                            0x08000130   Data           0  startup_stm32f10x_hd.o(RESET)
    __main                                   0x08000131   Thumb Code     0  entry.o(.ARM.Collect$$$$00000000)
    _main_stk                                0x08000131   Thumb Code     0  entry2.o(.ARM.Collect$$$$00000001)
    _main_scatterload                        0x08000135   Thumb Code     0  entry5.o(.ARM.Collect$$$$00000004)
    __main_after_scatterload                 0x08000139   Thumb Code     0  entry5.o(.ARM.Collect$$$$00000004)
    _main_clock                              0x08000139   Thumb Code     0  entry7b.o(.ARM.Collect$$$$00000008)
    _main_cpp_init                           0x08000139   Thumb Code     0  entry8b.o(.ARM.Collect$$$$0000000A)
    _main_init                               0x08000139   Thumb Code     0  entry9a.o(.ARM.Collect$$$$0000000B)
    __rt_final_cpp                           0x08000141   Thumb Code     0  entry10a.o(.ARM.Collect$$$$0000000D)
    __rt_final_exit                          0x08000141   Thumb Code     0  entry11a.o(.ARM.Collect$$$$0000000F)
    Reset_Handler                            0x08000145   Thumb Code     8  startup_stm32f10x_hd.o(.text)
    NMI_Handler                              0x0800014d   Thumb Code     2  startup_stm32f10x_hd.o(.text)
    HardFault_Handler                        0x0800014f   Thumb Code     2  startup_stm32f10x_hd.o(.text)
    MemManage_Handler                        0x08000151   Thumb Code     2  startup_stm32f10x_hd.o(.text)
    BusFault_Handler                         0x08000153   Thumb Code     2  startup_stm32f10x_hd.o(.text)
    UsageFault_Handler                       0x08000155   Thumb Code     2  startup_stm32f10x_hd.o(.text)
    SVC_Handler                              0x08000157   Thumb Code     2  startup_stm32f10x_hd.o(.text)
    DebugMon_Handler                         0x08000159   Thumb Code     2  startup_stm32f10x_hd.o(.text)
    PendSV_Handler                           0x0800015b   Thumb Code     2  startup_stm32f10x_hd.o(.text)
    SysTick_Handler                          0x0800015d   Thumb Code     2  startup_stm32f10x_hd.o(.text)
    ADC1_2_IRQHandler                        0x0800015f   Thumb Code     0  startup_stm32f10x_hd.o(.text)
    ADC3_IRQHandler                          0x0800015f   Thumb Code     0  startup_stm32f10x_hd.o(.text)
    CAN1_RX1_IRQHandler                      0x0800015f   Thumb Code     0  startup_stm32f10x_hd.o(.text)
    CAN1_SCE_IRQHandler                      0x0800015f   Thumb Code     0  startup_stm32f10x_hd.o(.text)
    DMA1_Channel1_IRQHandler                 0x0800015f   Thumb Code     0  startup_stm32f10x_hd.o(.text)
    DMA1_Channel2_IRQHandler                 0x0800015f   Thumb Code     0  startup_stm32f10x_hd.o(.text)
    DMA1_Channel3_IRQHandler                 0x0800015f   Thumb Code     0  startup_stm32f10x_hd.o(.text)
    DMA1_Channel4_IRQHandler                 0x0800015f   Thumb Code     0  startup_stm32f10x_hd.o(.text)
    DMA1_Channel5_IRQHandler                 0x0800015f   Thumb Code     0  startup_stm32f10x_hd.o(.text)
    DMA1_Channel6_IRQHandler                 0x0800015f   Thumb Code     0  startup_stm32f10x_hd.o(.text)
    DMA1_Channel7_IRQHandler                 0x0800015f   Thumb Code     0  startup_stm32f10x_hd.o(.text)
    DMA2_Channel1_IRQHandler                 0x0800015f   Thumb Code     0  startup_stm32f10x_hd.o(.text)
    DMA2_Channel2_IRQHandler                 0x0800015f   Thumb Code     0  startup_stm32f10x_hd.o(.text)
    DMA2_Channel3_IRQHandler                 0x0800015f   Thumb Code     0  startup_stm32f10x_hd.o(.text)
    DMA2_Channel4_5_IRQHandler               0x0800015f   Thumb Code     0  startup_stm32f10x_hd.o(.text)
    EXTI0_IRQHandler                         0x0800015f   Thumb Code     0  startup_stm32f10x_hd.o(.text)
    EXTI15_10_IRQHandler                     0x0800015f   Thumb Code     0  startup_stm32f10x_hd.o(.text)
    EXTI1_IRQHandler                         0x0800015f   Thumb Code     0  startup_stm32f10x_hd.o(.text)
    EXTI2_IRQHandler                         0x0800015f   Thumb Code     0  startup_stm32f10x_hd.o(.text)
    EXTI3_IRQHandler                         0x0800015f   Thumb Code     0  startup_stm32f10x_hd.o(.text)
    EXTI4_IRQHandler                         0x0800015f   Thumb Code     0  startup_stm32f10x_hd.o(.text)
    EXTI9_5_IRQHandler                       0x0800015f   Thumb Code     0  startup_stm32f10x_hd.o(.text)
    FLASH_IRQHandler                         0x0800015f   Thumb Code     0  startup_stm32f10x_hd.o(.text)
    FSMC_IRQHandler                          0x0800015f   Thumb Code     0  startup_stm32f10x_hd.o(.text)
    I2C1_ER_IRQHandler                       0x0800015f   Thumb Code     0  startup_stm32f10x_hd.o(.text)
    I2C1_EV_IRQHandler                       0x0800015f   Thumb Code     0  startup_stm32f10x_hd.o(.text)
    I2C2_ER_IRQHandler                       0x0800015f   Thumb Code     0  startup_stm32f10x_hd.o(.text)
    I2C2_EV_IRQHandler                       0x0800015f   Thumb Code     0  startup_stm32f10x_hd.o(.text)
    PVD_IRQHandler                           0x0800015f   Thumb Code     0  startup_stm32f10x_hd.o(.text)
    RCC_IRQHandler                           0x0800015f   Thumb Code     0  startup_stm32f10x_hd.o(.text)
    RTCAlarm_IRQHandler                      0x0800015f   Thumb Code     0  startup_stm32f10x_hd.o(.text)
    RTC_IRQHandler                           0x0800015f   Thumb Code     0  startup_stm32f10x_hd.o(.text)
    SDIO_IRQHandler                          0x0800015f   Thumb Code     0  startup_stm32f10x_hd.o(.text)
    SPI1_IRQHandler                          0x0800015f   Thumb Code     0  startup_stm32f10x_hd.o(.text)
    SPI2_IRQHandler                          0x0800015f   Thumb Code     0  startup_stm32f10x_hd.o(.text)
    SPI3_IRQHandler                          0x0800015f   Thumb Code     0  startup_stm32f10x_hd.o(.text)
    TAMPER_IRQHandler                        0x0800015f   Thumb Code     0  startup_stm32f10x_hd.o(.text)
    TIM1_BRK_IRQHandler                      0x0800015f   Thumb Code     0  startup_stm32f10x_hd.o(.text)
    TIM1_CC_IRQHandler                       0x0800015f   Thumb Code     0  startup_stm32f10x_hd.o(.text)
    TIM1_TRG_COM_IRQHandler                  0x0800015f   Thumb Code     0  startup_stm32f10x_hd.o(.text)
    TIM1_UP_IRQHandler                       0x0800015f   Thumb Code     0  startup_stm32f10x_hd.o(.text)
    TIM2_IRQHandler                          0x0800015f   Thumb Code     0  startup_stm32f10x_hd.o(.text)
    TIM3_IRQHandler                          0x0800015f   Thumb Code     0  startup_stm32f10x_hd.o(.text)
    TIM4_IRQHandler                          0x0800015f   Thumb Code     0  startup_stm32f10x_hd.o(.text)
    TIM5_IRQHandler                          0x0800015f   Thumb Code     0  startup_stm32f10x_hd.o(.text)
    TIM6_IRQHandler                          0x0800015f   Thumb Code     0  startup_stm32f10x_hd.o(.text)
    TIM7_IRQHandler                          0x0800015f   Thumb Code     0  startup_stm32f10x_hd.o(.text)
    TIM8_BRK_IRQHandler                      0x0800015f   Thumb Code     0  startup_stm32f10x_hd.o(.text)
    TIM8_CC_IRQHandler                       0x0800015f   Thumb Code     0  startup_stm32f10x_hd.o(.text)
    TIM8_TRG_COM_IRQHandler                  0x0800015f   Thumb Code     0  startup_stm32f10x_hd.o(.text)
    TIM8_UP_IRQHandler                       0x0800015f   Thumb Code     0  startup_stm32f10x_hd.o(.text)
    UART4_IRQHandler                         0x0800015f   Thumb Code     0  startup_stm32f10x_hd.o(.text)
    UART5_IRQHandler                         0x0800015f   Thumb Code     0  startup_stm32f10x_hd.o(.text)
    USART1_IRQHandler                        0x0800015f   Thumb Code     0  startup_stm32f10x_hd.o(.text)
    USART2_IRQHandler                        0x0800015f   Thumb Code     0  startup_stm32f10x_hd.o(.text)
    USART3_IRQHandler                        0x0800015f   Thumb Code     0  startup_stm32f10x_hd.o(.text)
    USBWakeUp_IRQHandler                     0x0800015f   Thumb Code     0  startup_stm32f10x_hd.o(.text)
    USB_HP_CAN1_TX_IRQHandler                0x0800015f   Thumb Code     0  startup_stm32f10x_hd.o(.text)
    USB_LP_CAN1_RX0_IRQHandler               0x0800015f   Thumb Code     0  startup_stm32f10x_hd.o(.text)
    WWDG_IRQHandler                          0x0800015f   Thumb Code     0  startup_stm32f10x_hd.o(.text)
    rand                                     0x08000169   Thumb Code    20  rand.o(.text)
    srand                                    0x0800017d   Thumb Code     6  rand.o(.text)
    __scatterload                            0x0800018d   Thumb Code    28  init.o(.text)
    __scatterload_rt2                        0x0800018d   Thumb Code     0  init.o(.text)
    APP_CANFDSPI_Init                        0x080001b1   Thumb Code   328  app.o(i.APP_CANFDSPI_Init)
    APP_Initialize                           0x0800030d   Thumb Code   162  app.o(i.APP_Initialize)
    APP_LED_Clear                            0x080003c1   Thumb Code    22  app.o(i.APP_LED_Clear)
    APP_LED_Set                              0x080003dd   Thumb Code    22  app.o(i.APP_LED_Set)
    APP_LED_Write                            0x080003f9   Thumb Code    66  app.o(i.APP_LED_Write)
    APP_PayLoad_Tasks                        0x08000441   Thumb Code   230  app.o(i.APP_PayLoad_Tasks)
    APP_ReceiveMessage_Tasks                 0x0800053d   Thumb Code   326  app.o(i.APP_ReceiveMessage_Tasks)
    APP_Tasks                                0x080006a1   Thumb Code   392  app.o(i.APP_Tasks)
    APP_TestRamAccess                        0x08000845   Thumb Code   166  app.o(i.APP_TestRamAccess)
    APP_TransmitMessageQueue                 0x080008f9   Thumb Code   100  app.o(i.APP_TransmitMessageQueue)
    APP_TransmitSwitchState                  0x08000975   Thumb Code   140  app.o(i.APP_TransmitSwitchState)
    DRV_CANFDSPI_BitTimeConfigure            0x08000a11   Thumb Code   130  drv_canfdspi_api.o(i.DRV_CANFDSPI_BitTimeConfigure)
    DRV_CANFDSPI_BitTimeConfigureData10MHz   0x08000a95   Thumb Code   540  drv_canfdspi_api.o(i.DRV_CANFDSPI_BitTimeConfigureData10MHz)
    DRV_CANFDSPI_BitTimeConfigureData20MHz   0x08000cb5   Thumb Code   788  drv_canfdspi_api.o(i.DRV_CANFDSPI_BitTimeConfigureData20MHz)
    DRV_CANFDSPI_BitTimeConfigureData40MHz   0x08000fcd   Thumb Code  1120  drv_canfdspi_api.o(i.DRV_CANFDSPI_BitTimeConfigureData40MHz)
    DRV_CANFDSPI_BitTimeConfigureNominal10MHz 0x0800142d   Thumb Code   276  drv_canfdspi_api.o(i.DRV_CANFDSPI_BitTimeConfigureNominal10MHz)
    DRV_CANFDSPI_BitTimeConfigureNominal20MHz 0x08001545   Thumb Code   276  drv_canfdspi_api.o(i.DRV_CANFDSPI_BitTimeConfigureNominal20MHz)
    DRV_CANFDSPI_BitTimeConfigureNominal40MHz 0x0800165d   Thumb Code   270  drv_canfdspi_api.o(i.DRV_CANFDSPI_BitTimeConfigureNominal40MHz)
    DRV_CANFDSPI_Configure                   0x08001771   Thumb Code   180  drv_canfdspi_api.o(i.DRV_CANFDSPI_Configure)
    DRV_CANFDSPI_ConfigureObjectReset        0x08001829   Thumb Code   156  drv_canfdspi_api.o(i.DRV_CANFDSPI_ConfigureObjectReset)
    DRV_CANFDSPI_DlcToDataBytes              0x080018c9   Thumb Code    70  drv_canfdspi_api.o(i.DRV_CANFDSPI_DlcToDataBytes)
    DRV_CANFDSPI_EccEnable                   0x0800190f   Thumb Code    70  drv_canfdspi_api.o(i.DRV_CANFDSPI_EccEnable)
    DRV_CANFDSPI_ErrorCountStateGet          0x08001955   Thumb Code    72  drv_canfdspi_api.o(i.DRV_CANFDSPI_ErrorCountStateGet)
    DRV_CANFDSPI_FilterMaskConfigure         0x0800199d   Thumb Code    48  drv_canfdspi_api.o(i.DRV_CANFDSPI_FilterMaskConfigure)
    DRV_CANFDSPI_FilterObjectConfigure       0x080019cd   Thumb Code    48  drv_canfdspi_api.o(i.DRV_CANFDSPI_FilterObjectConfigure)
    DRV_CANFDSPI_FilterToFifoLink            0x080019fd   Thumb Code    70  drv_canfdspi_api.o(i.DRV_CANFDSPI_FilterToFifoLink)
    DRV_CANFDSPI_GpioModeConfigure           0x08001a43   Thumb Code    88  drv_canfdspi_api.o(i.DRV_CANFDSPI_GpioModeConfigure)
    DRV_CANFDSPI_ModuleEventEnable           0x08001a9b   Thumb Code    80  drv_canfdspi_api.o(i.DRV_CANFDSPI_ModuleEventEnable)
    DRV_CANFDSPI_OperationModeSelect         0x08001aeb   Thumb Code    76  drv_canfdspi_api.o(i.DRV_CANFDSPI_OperationModeSelect)
    DRV_CANFDSPI_RamInit                     0x08001b37   Thumb Code    76  drv_canfdspi_api.o(i.DRV_CANFDSPI_RamInit)
    DRV_CANFDSPI_ReadByte                    0x08001b85   Thumb Code    56  drv_canfdspi_api.o(i.DRV_CANFDSPI_ReadByte)
    DRV_CANFDSPI_ReadByteArray               0x08001bc5   Thumb Code    92  drv_canfdspi_api.o(i.DRV_CANFDSPI_ReadByteArray)
    DRV_CANFDSPI_ReadHalfWord                0x08001c29   Thumb Code    92  drv_canfdspi_api.o(i.DRV_CANFDSPI_ReadHalfWord)
    DRV_CANFDSPI_ReadWord                    0x08001c8d   Thumb Code    92  drv_canfdspi_api.o(i.DRV_CANFDSPI_ReadWord)
    DRV_CANFDSPI_ReadWordArray               0x08001cf1   Thumb Code   144  drv_canfdspi_api.o(i.DRV_CANFDSPI_ReadWordArray)
    DRV_CANFDSPI_ReceiveChannelConfigure     0x08001d89   Thumb Code    98  drv_canfdspi_api.o(i.DRV_CANFDSPI_ReceiveChannelConfigure)
    DRV_CANFDSPI_ReceiveChannelConfigureObjectReset 0x08001df1   Thumb Code    50  drv_canfdspi_api.o(i.DRV_CANFDSPI_ReceiveChannelConfigureObjectReset)
    DRV_CANFDSPI_ReceiveChannelEventEnable   0x08001e29   Thumb Code    98  drv_canfdspi_api.o(i.DRV_CANFDSPI_ReceiveChannelEventEnable)
    DRV_CANFDSPI_ReceiveChannelUpdate        0x08001e8b   Thumb Code    56  drv_canfdspi_api.o(i.DRV_CANFDSPI_ReceiveChannelUpdate)
    DRV_CANFDSPI_ReceiveMessageGet           0x08001ec3   Thumb Code   364  drv_canfdspi_api.o(i.DRV_CANFDSPI_ReceiveMessageGet)
    DRV_CANFDSPI_Reset                       0x08002031   Thumb Code    32  drv_canfdspi_api.o(i.DRV_CANFDSPI_Reset)
    DRV_CANFDSPI_TransmitChannelConfigure    0x08002059   Thumb Code   116  drv_canfdspi_api.o(i.DRV_CANFDSPI_TransmitChannelConfigure)
    DRV_CANFDSPI_TransmitChannelConfigureObjectReset 0x080020d1   Thumb Code    74  drv_canfdspi_api.o(i.DRV_CANFDSPI_TransmitChannelConfigureObjectReset)
    DRV_CANFDSPI_TransmitChannelEventGet     0x08002121   Thumb Code    64  drv_canfdspi_api.o(i.DRV_CANFDSPI_TransmitChannelEventGet)
    DRV_CANFDSPI_TransmitChannelLoad         0x08002161   Thumb Code   294  drv_canfdspi_api.o(i.DRV_CANFDSPI_TransmitChannelLoad)
    DRV_CANFDSPI_TransmitChannelUpdate       0x08002287   Thumb Code    84  drv_canfdspi_api.o(i.DRV_CANFDSPI_TransmitChannelUpdate)
    DRV_CANFDSPI_WriteByte                   0x080022dd   Thumb Code    50  drv_canfdspi_api.o(i.DRV_CANFDSPI_WriteByte)
    DRV_CANFDSPI_WriteByteArray              0x08002319   Thumb Code    74  drv_canfdspi_api.o(i.DRV_CANFDSPI_WriteByteArray)
    DRV_CANFDSPI_WriteHalfWord               0x0800236d   Thumb Code    76  drv_canfdspi_api.o(i.DRV_CANFDSPI_WriteHalfWord)
    DRV_CANFDSPI_WriteWord                   0x080023c1   Thumb Code    76  drv_canfdspi_api.o(i.DRV_CANFDSPI_WriteWord)
    DRV_SPI_Initialize                       0x08002415   Thumb Code     8  drv_spi.o(i.DRV_SPI_Initialize)
    DRV_SPI_TransferData                     0x0800241d   Thumb Code    26  drv_spi.o(i.DRV_SPI_TransferData)
    GPIO_Init                                0x08002437   Thumb Code   278  stm32f10x_gpio.o(i.GPIO_Init)
    GPIO_ReadInputDataBit                    0x0800254d   Thumb Code    18  stm32f10x_gpio.o(i.GPIO_ReadInputDataBit)
    GPIO_ResetBits                           0x0800255f   Thumb Code     4  stm32f10x_gpio.o(i.GPIO_ResetBits)
    GPIO_SetBits                             0x08002563   Thumb Code     4  stm32f10x_gpio.o(i.GPIO_SetBits)
    RCC_APB1PeriphClockCmd                   0x08002569   Thumb Code    26  stm32f10x_rcc.o(i.RCC_APB1PeriphClockCmd)
    RCC_APB2PeriphClockCmd                   0x08002589   Thumb Code    26  stm32f10x_rcc.o(i.RCC_APB2PeriphClockCmd)
    SPI_Cmd                                  0x080025a9   Thumb Code    24  stm32f10x_spi.o(i.SPI_Cmd)
    SPI_I2S_GetFlagStatus                    0x080025c1   Thumb Code    18  stm32f10x_spi.o(i.SPI_I2S_GetFlagStatus)
    SPI_I2S_ReceiveData                      0x080025d3   Thumb Code     6  stm32f10x_spi.o(i.SPI_I2S_ReceiveData)
    SPI_I2S_SendData                         0x080025d9   Thumb Code     4  stm32f10x_spi.o(i.SPI_I2S_SendData)
    SPI_Init                                 0x080025dd   Thumb Code    60  stm32f10x_spi.o(i.SPI_Init)
    SystemInit                               0x08002701   Thumb Code    78  system_stm32f10x.o(i.SystemInit)
    __scatterload_copy                       0x08002761   Thumb Code    14  handlers.o(i.__scatterload_copy)
    __scatterload_null                       0x0800276f   Thumb Code     2  handlers.o(i.__scatterload_null)
    __scatterload_zeroinit                   0x08002771   Thumb Code    14  handlers.o(i.__scatterload_zeroinit)
    main                                     0x0800277f   Thumb Code    12  main.o(i.main)
    spi_master_init                          0x0800278d   Thumb Code   168  drv_spi.o(i.spi_master_init)
    spi_master_transfer                      0x08002841   Thumb Code    92  drv_spi.o(i.spi_master_transfer)
    BitReverseTable256                       0x0800291c   Data         256  drv_canfdspi_api.o(.constdata)
    crc16_table                              0x08002a1c   Data         512  drv_canfdspi_api.o(.constdata)
    Region$$Table$$Base                      0x08002c1c   Number         0  anon$$obj.o(Region$$Table)
    Region$$Table$$Limit                     0x08002c3c   Number         0  anon$$obj.o(Region$$Table)
    appData                                  0x20000000   Data           1  app.o(.data)
    config                                   0x20000004   Data           4  app.o(.data)
    opMode                                   0x20000008   Data           1  app.o(.data)
    txConfig                                 0x2000000c   Data           4  app.o(.data)
    txFlags                                  0x20000010   Data           1  app.o(.data)
    rxConfig                                 0x20000014   Data           4  app.o(.data)
    fObj                                     0x20000018   Data           4  app.o(.data)
    mObj                                     0x2000001c   Data           4  app.o(.data)
    rxFlags                                  0x20000020   Data           1  app.o(.data)
    delayCount                               0x20000024   Data           4  app.o(.data)
    reg                                      0x20000028   Data           4  app.o(.data)
    lastSwitchState                          0x2000002c   Data           1  app.o(.data)
    payload                                  0x2000002d   Data           6  app.o(.data)
    ledCount                                 0x20000033   Data           1  app.o(.data)
    ledState                                 0x20000034   Data           1  app.o(.data)
    i                                        0x20000035   Data           1  app.o(.data)
    tec                                      0x20000036   Data           1  app.o(.data)
    rec                                      0x20000037   Data           1  app.o(.data)
    errorFlags                               0x20000038   Data           1  app.o(.data)
    txObj                                    0x20000040   Data          12  app.o(.bss)
    txd                                      0x2000004c   Data          64  app.o(.bss)
    rxObj                                    0x2000008c   Data          12  app.o(.bss)
    rxd                                      0x20000098   Data          64  app.o(.bss)
    busDiagnostics                           0x200000d8   Data          12  app.o(.bss)
    spiTransmitBuffer                        0x200000e4   Data          96  drv_canfdspi_api.o(.bss)
    spiReceiveBuffer                         0x20000144   Data          96  drv_canfdspi_api.o(.bss)
    __initial_sp                             0x200005a8   Data           0  startup_stm32f10x_hd.o(STACK)



==============================================================================

Memory Map of the image

  Image Entry point : 0x08000131

  Load Region LR_IROM1 (Base: 0x08000000, Size: 0x00002c7c, Max: 0x00040000, ABSOLUTE)

    Execution Region ER_IROM1 (Exec base: 0x08000000, Load base: 0x08000000, Size: 0x00002c3c, Max: 0x00040000, ABSOLUTE)

    Exec Addr    Load Addr    Size         Type   Attr      Idx    E Section Name        Object

    0x08000000   0x08000000   0x00000130   Data   RO           82    RESET               startup_stm32f10x_hd.o
    0x08000130   0x08000130   0x00000000   Code   RO         1683  * .ARM.Collect$$$$00000000  mc_w.l(entry.o)
    0x08000130   0x08000130   0x00000004   Code   RO         1689    .ARM.Collect$$$$00000001  mc_w.l(entry2.o)
    0x08000134   0x08000134   0x00000004   Code   RO         1692    .ARM.Collect$$$$00000004  mc_w.l(entry5.o)
    0x08000138   0x08000138   0x00000000   Code   RO         1694    .ARM.Collect$$$$00000008  mc_w.l(entry7b.o)
    0x08000138   0x08000138   0x00000000   Code   RO         1696    .ARM.Collect$$$$0000000A  mc_w.l(entry8b.o)
    0x08000138   0x08000138   0x00000008   Code   RO         1697    .ARM.Collect$$$$0000000B  mc_w.l(entry9a.o)
    0x08000140   0x08000140   0x00000000   Code   RO         1699    .ARM.Collect$$$$0000000D  mc_w.l(entry10a.o)
    0x08000140   0x08000140   0x00000000   Code   RO         1701    .ARM.Collect$$$$0000000F  mc_w.l(entry11a.o)
    0x08000140   0x08000140   0x00000004   Code   RO         1690    .ARM.Collect$$$$00002712  mc_w.l(entry2.o)
    0x08000144   0x08000144   0x00000024   Code   RO           83    .text               startup_stm32f10x_hd.o
    0x08000168   0x08000168   0x00000024   Code   RO         1686    .text               mc_w.l(rand.o)
    0x0800018c   0x0800018c   0x00000024   Code   RO         1703    .text               mc_w.l(init.o)
    0x080001b0   0x080001b0   0x0000015c   Code   RO          140    i.APP_CANFDSPI_Init  app.o
    0x0800030c   0x0800030c   0x000000b4   Code   RO          141    i.APP_Initialize    app.o
    0x080003c0   0x080003c0   0x0000001c   Code   RO          142    i.APP_LED_Clear     app.o
    0x080003dc   0x080003dc   0x0000001c   Code   RO          143    i.APP_LED_Set       app.o
    0x080003f8   0x080003f8   0x00000048   Code   RO          144    i.APP_LED_Write     app.o
    0x08000440   0x08000440   0x000000fc   Code   RO          145    i.APP_PayLoad_Tasks  app.o
    0x0800053c   0x0800053c   0x00000164   Code   RO          146    i.APP_ReceiveMessage_Tasks  app.o
    0x080006a0   0x080006a0   0x000001a4   Code   RO          147    i.APP_Tasks         app.o
    0x08000844   0x08000844   0x000000b4   Code   RO          148    i.APP_TestRamAccess  app.o
    0x080008f8   0x080008f8   0x0000007c   Code   RO          150    i.APP_TransmitMessageQueue  app.o
    0x08000974   0x08000974   0x0000009c   Code   RO          151    i.APP_TransmitSwitchState  app.o
    0x08000a10   0x08000a10   0x00000082   Code   RO          248    i.DRV_CANFDSPI_BitTimeConfigure  drv_canfdspi_api.o
    0x08000a92   0x08000a92   0x00000002   PAD
    0x08000a94   0x08000a94   0x00000220   Code   RO          249    i.DRV_CANFDSPI_BitTimeConfigureData10MHz  drv_canfdspi_api.o
    0x08000cb4   0x08000cb4   0x00000318   Code   RO          250    i.DRV_CANFDSPI_BitTimeConfigureData20MHz  drv_canfdspi_api.o
    0x08000fcc   0x08000fcc   0x00000460   Code   RO          251    i.DRV_CANFDSPI_BitTimeConfigureData40MHz  drv_canfdspi_api.o
    0x0800142c   0x0800142c   0x00000118   Code   RO          252    i.DRV_CANFDSPI_BitTimeConfigureNominal10MHz  drv_canfdspi_api.o
    0x08001544   0x08001544   0x00000118   Code   RO          253    i.DRV_CANFDSPI_BitTimeConfigureNominal20MHz  drv_canfdspi_api.o
    0x0800165c   0x0800165c   0x00000114   Code   RO          254    i.DRV_CANFDSPI_BitTimeConfigureNominal40MHz  drv_canfdspi_api.o
    0x08001770   0x08001770   0x000000b8   Code   RO          258    i.DRV_CANFDSPI_Configure  drv_canfdspi_api.o
    0x08001828   0x08001828   0x000000a0   Code   RO          259    i.DRV_CANFDSPI_ConfigureObjectReset  drv_canfdspi_api.o
    0x080018c8   0x080018c8   0x00000046   Code   RO          267    i.DRV_CANFDSPI_DlcToDataBytes  drv_canfdspi_api.o
    0x0800190e   0x0800190e   0x00000046   Code   RO          269    i.DRV_CANFDSPI_EccEnable  drv_canfdspi_api.o
    0x08001954   0x08001954   0x00000048   Code   RO          278    i.DRV_CANFDSPI_ErrorCountStateGet  drv_canfdspi_api.o
    0x0800199c   0x0800199c   0x00000030   Code   RO          284    i.DRV_CANFDSPI_FilterMaskConfigure  drv_canfdspi_api.o
    0x080019cc   0x080019cc   0x00000030   Code   RO          285    i.DRV_CANFDSPI_FilterObjectConfigure  drv_canfdspi_api.o
    0x080019fc   0x080019fc   0x00000046   Code   RO          286    i.DRV_CANFDSPI_FilterToFifoLink  drv_canfdspi_api.o
    0x08001a42   0x08001a42   0x00000058   Code   RO          290    i.DRV_CANFDSPI_GpioModeConfigure  drv_canfdspi_api.o
    0x08001a9a   0x08001a9a   0x00000050   Code   RO          300    i.DRV_CANFDSPI_ModuleEventEnable  drv_canfdspi_api.o
    0x08001aea   0x08001aea   0x0000004c   Code   RO          307    i.DRV_CANFDSPI_OperationModeSelect  drv_canfdspi_api.o
    0x08001b36   0x08001b36   0x0000004c   Code   RO          312    i.DRV_CANFDSPI_RamInit  drv_canfdspi_api.o
    0x08001b82   0x08001b82   0x00000002   PAD
    0x08001b84   0x08001b84   0x00000040   Code   RO          313    i.DRV_CANFDSPI_ReadByte  drv_canfdspi_api.o
    0x08001bc4   0x08001bc4   0x00000064   Code   RO          314    i.DRV_CANFDSPI_ReadByteArray  drv_canfdspi_api.o
    0x08001c28   0x08001c28   0x00000064   Code   RO          316    i.DRV_CANFDSPI_ReadHalfWord  drv_canfdspi_api.o
    0x08001c8c   0x08001c8c   0x00000064   Code   RO          317    i.DRV_CANFDSPI_ReadWord  drv_canfdspi_api.o
    0x08001cf0   0x08001cf0   0x00000098   Code   RO          318    i.DRV_CANFDSPI_ReadWordArray  drv_canfdspi_api.o
    0x08001d88   0x08001d88   0x00000068   Code   RO          319    i.DRV_CANFDSPI_ReceiveChannelConfigure  drv_canfdspi_api.o
    0x08001df0   0x08001df0   0x00000038   Code   RO          320    i.DRV_CANFDSPI_ReceiveChannelConfigureObjectReset  drv_canfdspi_api.o
    0x08001e28   0x08001e28   0x00000062   Code   RO          322    i.DRV_CANFDSPI_ReceiveChannelEventEnable  drv_canfdspi_api.o
    0x08001e8a   0x08001e8a   0x00000038   Code   RO          328    i.DRV_CANFDSPI_ReceiveChannelUpdate  drv_canfdspi_api.o
    0x08001ec2   0x08001ec2   0x0000016c   Code   RO          331    i.DRV_CANFDSPI_ReceiveMessageGet  drv_canfdspi_api.o
    0x0800202e   0x0800202e   0x00000002   PAD
    0x08002030   0x08002030   0x00000028   Code   RO          332    i.DRV_CANFDSPI_Reset  drv_canfdspi_api.o
    0x08002058   0x08002058   0x00000078   Code   RO          352    i.DRV_CANFDSPI_TransmitChannelConfigure  drv_canfdspi_api.o
    0x080020d0   0x080020d0   0x00000050   Code   RO          353    i.DRV_CANFDSPI_TransmitChannelConfigureObjectReset  drv_canfdspi_api.o
    0x08002120   0x08002120   0x00000040   Code   RO          357    i.DRV_CANFDSPI_TransmitChannelEventGet  drv_canfdspi_api.o
    0x08002160   0x08002160   0x00000126   Code   RO          360    i.DRV_CANFDSPI_TransmitChannelLoad  drv_canfdspi_api.o
    0x08002286   0x08002286   0x00000054   Code   RO          363    i.DRV_CANFDSPI_TransmitChannelUpdate  drv_canfdspi_api.o
    0x080022da   0x080022da   0x00000002   PAD
    0x080022dc   0x080022dc   0x0000003c   Code   RO          370    i.DRV_CANFDSPI_WriteByte  drv_canfdspi_api.o
    0x08002318   0x08002318   0x00000054   Code   RO          371    i.DRV_CANFDSPI_WriteByteArray  drv_canfdspi_api.o
    0x0800236c   0x0800236c   0x00000054   Code   RO          374    i.DRV_CANFDSPI_WriteHalfWord  drv_canfdspi_api.o
    0x080023c0   0x080023c0   0x00000054   Code   RO          375    i.DRV_CANFDSPI_WriteWord  drv_canfdspi_api.o
    0x08002414   0x08002414   0x00000008   Code   RO         1056    i.DRV_SPI_Initialize  drv_spi.o
    0x0800241c   0x0800241c   0x0000001a   Code   RO         1057    i.DRV_SPI_TransferData  drv_spi.o
    0x08002436   0x08002436   0x00000116   Code   RO         1147    i.GPIO_Init         stm32f10x_gpio.o
    0x0800254c   0x0800254c   0x00000012   Code   RO         1151    i.GPIO_ReadInputDataBit  stm32f10x_gpio.o
    0x0800255e   0x0800255e   0x00000004   Code   RO         1154    i.GPIO_ResetBits    stm32f10x_gpio.o
    0x08002562   0x08002562   0x00000004   Code   RO         1155    i.GPIO_SetBits      stm32f10x_gpio.o
    0x08002566   0x08002566   0x00000002   PAD
    0x08002568   0x08002568   0x00000020   Code   RO         1265    i.RCC_APB1PeriphClockCmd  stm32f10x_rcc.o
    0x08002588   0x08002588   0x00000020   Code   RO         1267    i.RCC_APB2PeriphClockCmd  stm32f10x_rcc.o
    0x080025a8   0x080025a8   0x00000018   Code   RO         1476    i.SPI_Cmd           stm32f10x_spi.o
    0x080025c0   0x080025c0   0x00000012   Code   RO         1484    i.SPI_I2S_GetFlagStatus  stm32f10x_spi.o
    0x080025d2   0x080025d2   0x00000006   Code   RO         1487    i.SPI_I2S_ReceiveData  stm32f10x_spi.o
    0x080025d8   0x080025d8   0x00000004   Code   RO         1488    i.SPI_I2S_SendData  stm32f10x_spi.o
    0x080025dc   0x080025dc   0x0000003c   Code   RO         1489    i.SPI_Init          stm32f10x_spi.o
    0x08002618   0x08002618   0x00000008   Code   RO            3    i.SetSysClock       system_stm32f10x.o
    0x08002620   0x08002620   0x000000e0   Code   RO            4    i.SetSysClockTo72   system_stm32f10x.o
    0x08002700   0x08002700   0x00000060   Code   RO            6    i.SystemInit        system_stm32f10x.o
    0x08002760   0x08002760   0x0000000e   Code   RO         1707    i.__scatterload_copy  mc_w.l(handlers.o)
    0x0800276e   0x0800276e   0x00000002   Code   RO         1708    i.__scatterload_null  mc_w.l(handlers.o)
    0x08002770   0x08002770   0x0000000e   Code   RO         1709    i.__scatterload_zeroinit  mc_w.l(handlers.o)
    0x0800277e   0x0800277e   0x0000000c   Code   RO           89    i.main              main.o
    0x0800278a   0x0800278a   0x00000002   PAD
    0x0800278c   0x0800278c   0x000000b4   Code   RO         1077    i.spi_master_init   drv_spi.o
    0x08002840   0x08002840   0x00000064   Code   RO         1083    i.spi_master_transfer  drv_spi.o
    0x080028a4   0x080028a4   0x00000378   Data   RO          379    .constdata          drv_canfdspi_api.o
    0x08002c1c   0x08002c1c   0x00000020   Data   RO         1705    Region$$Table       anon$$obj.o


    Execution Region RW_IRAM1 (Exec base: 0x20000000, Load base: 0x08002c3c, Size: 0x000005a8, Max: 0x0000c000, ABSOLUTE)

    Exec Addr    Load Addr    Size         Type   Attr      Idx    E Section Name        Object

    0x20000000   0x08002c3c   0x00000039   Data   RW          154    .data               app.o
    0x20000039   0x08002c75   0x00000003   PAD
    0x2000003c   0x08002c78   0x00000004   Data   RW         1687    .data               mc_w.l(rand.o)
    0x20000040        -       0x000000a4   Zero   RW          152    .bss                app.o
    0x200000e4        -       0x000000c0   Zero   RW          378    .bss                drv_canfdspi_api.o
    0x200001a4   0x08002c7c   0x00000004   PAD
    0x200001a8        -       0x00000400   Zero   RW           80    STACK               startup_stm32f10x_hd.o


==============================================================================

Image component sizes


      Code (inc. data)   RO Data    RW Data    ZI Data      Debug   Object Name

      2144        200          0         57        164      31236   app.o
      6652        258        888          0        192      59419   drv_canfdspi_api.o
       314         20          0          0          0       3068   drv_spi.o
        12          0          0          0          0       2371   main.o
        36          8        304          0       1024        880   startup_stm32f10x_hd.o
       304          0          0          0          0       3792   stm32f10x_gpio.o
        64         12          0          0          0       1186   stm32f10x_rcc.o
       112          0          0          0          0       3998   stm32f10x_spi.o
       328         28          0          0          0     225313   system_stm32f10x.o

    ----------------------------------------------------------------------
      9978        526       1224         60       1384     331263   Object Totals
         0          0         32          0          0          0   (incl. Generated)
        12          0          0          3          4          0   (incl. Padding)

    ----------------------------------------------------------------------

      Code (inc. data)   RO Data    RW Data    ZI Data      Debug   Library Member Name

         0          0          0          0          0          0   entry.o
         0          0          0          0          0          0   entry10a.o
         0          0          0          0          0          0   entry11a.o
         8          4          0          0          0          0   entry2.o
         4          0          0          0          0          0   entry5.o
         0          0          0          0          0          0   entry7b.o
         0          0          0          0          0          0   entry8b.o
         8          4          0          0          0          0   entry9a.o
        30          0          0          0          0          0   handlers.o
        36          8          0          0          0         68   init.o
        36         10          0          4          0        136   rand.o

    ----------------------------------------------------------------------
       122         26          0          4          0        204   Library Totals
         0          0          0          0          0          0   (incl. Padding)

    ----------------------------------------------------------------------

      Code (inc. data)   RO Data    RW Data    ZI Data      Debug   Library Name

       122         26          0          4          0        204   mc_w.l

    ----------------------------------------------------------------------
       122         26          0          4          0        204   Library Totals

    ----------------------------------------------------------------------

==============================================================================


      Code (inc. data)   RO Data    RW Data    ZI Data      Debug   

     10100        552       1224         64       1384     328135   Grand Totals
     10100        552       1224         64       1384     328135   ELF Image Totals
     10100        552       1224         64          0          0   ROM Totals

==============================================================================

    Total RO  Size (Code + RO Data)                11324 (  11.06kB)
    Total RW  Size (RW Data + ZI Data)              1448 (   1.41kB)
    Total ROM Size (Code + RO Data + RW Data)      11388 (  11.12kB)

==============================================================================

